2025-11-07T06:53:21.9086614Z Prepare all required actions
2025-11-07T06:53:21.9087354Z Getting action download info
2025-11-07T06:53:22.0637717Z Download action repository 'actions/setup-python@v5' (SHA:a26af69be951a213d495a4c3e4e4022e16d87065)
2025-11-07T06:53:22.1764779Z Download action repository 'actions/setup-node@v4' (SHA:49933ea5288caeca8642d1e84afbd3f7d6820020)
2025-11-07T06:53:22.3432658Z ##[group]Run ./.github/actions/ci-common
2025-11-07T06:53:22.3433846Z with:
2025-11-07T06:53:22.3434631Z   language: python
2025-11-07T06:53:22.3435691Z   python-version: 3.9
2025-11-07T06:53:22.3436961Z   dependency-paths: requirements.txt
requirements-dev.txt

2025-11-07T06:53:22.3439418Z   install: python -m pip install --upgrade pip && \
pip install -r requirements.txt && \
pip install -r requirements-dev.txt

2025-11-07T06:53:22.3443930Z   test: flake8 . --count --select=E9,F63,F7,F82 --show-source --statistics && \
flake8 . --count --statistics && \
black --check --diff . && \
isort --check-only --diff . && \
pylint src/ --fail-under=7.0 && \
pytest --cov=src --cov-report=xml --cov-report=term-missing -v

2025-11-07T06:53:22.3447582Z   working-directory: .
2025-11-07T06:53:22.3448473Z ##[endgroup]
2025-11-07T06:53:22.3692298Z ##[group]Run actions/setup-python@v5
2025-11-07T06:53:22.3693374Z with:
2025-11-07T06:53:22.3694117Z   python-version: 3.9
2025-11-07T06:53:22.3694956Z   cache: pip
2025-11-07T06:53:22.3696221Z   cache-dependency-path: requirements.txt
requirements-dev.txt

2025-11-07T06:53:22.3697609Z   check-latest: false
2025-11-07T06:53:22.3698734Z   token: ***
2025-11-07T06:53:22.3699538Z   update-environment: true
2025-11-07T06:53:22.3700478Z   allow-prereleases: false
2025-11-07T06:53:22.3701413Z   freethreaded: false
2025-11-07T06:53:22.3702229Z ##[endgroup]
2025-11-07T06:53:22.5495297Z ##[group]Installed versions
2025-11-07T06:53:22.5584071Z Successfully set up CPython (3.9.24)
2025-11-07T06:53:22.5586037Z ##[endgroup]
2025-11-07T06:53:22.5878881Z [command]/opt/hostedtoolcache/Python/3.9.24/x64/bin/pip cache dir
2025-11-07T06:53:24.5165921Z /home/runner/.cache/pip
2025-11-07T06:53:24.6162580Z pip cache is not found
2025-11-07T06:53:24.6314511Z ##[group]Run set -euo pipefail
2025-11-07T06:53:24.6314968Z [36;1mset -euo pipefail[0m
2025-11-07T06:53:24.6315344Z [36;1meval "python -m pip install --upgrade pip && \[0m
2025-11-07T06:53:24.6316014Z [36;1mpip install -r requirements.txt && \[0m
2025-11-07T06:53:24.6316351Z [36;1mpip install -r requirements-dev.txt[0m
2025-11-07T06:53:24.6316640Z [36;1m"[0m
2025-11-07T06:53:24.6357699Z shell: /usr/bin/bash --noprofile --norc -e -o pipefail {0}
2025-11-07T06:53:24.6358110Z env:
2025-11-07T06:53:24.6358394Z   pythonLocation: /opt/hostedtoolcache/Python/3.9.24/x64
2025-11-07T06:53:24.6358865Z   PKG_CONFIG_PATH: /opt/hostedtoolcache/Python/3.9.24/x64/lib/pkgconfig
2025-11-07T06:53:24.6359280Z   Python_ROOT_DIR: /opt/hostedtoolcache/Python/3.9.24/x64
2025-11-07T06:53:24.6359656Z   Python2_ROOT_DIR: /opt/hostedtoolcache/Python/3.9.24/x64
2025-11-07T06:53:24.6360042Z   Python3_ROOT_DIR: /opt/hostedtoolcache/Python/3.9.24/x64
2025-11-07T06:53:24.6360461Z   LD_LIBRARY_PATH: /opt/hostedtoolcache/Python/3.9.24/x64/lib
2025-11-07T06:53:24.6360786Z ##[endgroup]
2025-11-07T06:53:25.3842292Z Requirement already satisfied: pip in /opt/hostedtoolcache/Python/3.9.24/x64/lib/python3.9/site-packages (25.3)
2025-11-07T06:53:26.2100852Z Collecting gradio>=4.0.0 (from -r requirements.txt (line 1))
2025-11-07T06:53:26.2575854Z   Downloading gradio-4.44.1-py3-none-any.whl.metadata (15 kB)
2025-11-07T06:53:26.3117320Z Collecting plotly>=5.0.0 (from -r requirements.txt (line 2))
2025-11-07T06:53:26.3194818Z   Downloading plotly-6.4.0-py3-none-any.whl.metadata (8.5 kB)
2025-11-07T06:53:26.5640212Z Collecting numpy>=1.21.0 (from -r requirements.txt (line 3))
2025-11-07T06:53:26.5721196Z   Downloading numpy-2.0.2-cp39-cp39-manylinux_2_17_x86_64.manylinux2014_x86_64.whl.metadata (60 kB)
2025-11-07T06:53:26.6090843Z Collecting dataclasses-json>=0.5.7 (from -r requirements.txt (line 4))
2025-11-07T06:53:26.6168921Z   Downloading dataclasses_json-0.6.7-py3-none-any.whl.metadata (25 kB)
2025-11-07T06:53:26.6563788Z Collecting yfinance>=0.2.0 (from -r requirements.txt (line 5))
2025-11-07T06:53:26.6643678Z   Downloading yfinance-0.2.66-py2.py3-none-any.whl.metadata (6.0 kB)
2025-11-07T06:53:26.6998622Z Collecting requests>=2.28.0 (from -r requirements.txt (line 6))
2025-11-07T06:53:26.7076723Z   Downloading requests-2.32.5-py3-none-any.whl.metadata (4.9 kB)
2025-11-07T06:53:26.8741538Z Collecting pandas>=1.5.0 (from -r requirements.txt (line 7))
2025-11-07T06:53:26.8821450Z   Downloading pandas-2.3.3-cp39-cp39-manylinux_2_24_x86_64.manylinux_2_28_x86_64.whl.metadata (91 kB)
2025-11-07T06:53:26.9807509Z Collecting fastapi>=0.104.0 (from -r requirements.txt (line 8))
2025-11-07T06:53:26.9883929Z   Downloading fastapi-0.121.0-py3-none-any.whl.metadata (28 kB)
2025-11-07T06:53:27.0316404Z Collecting uvicorn>=0.24.0 (from uvicorn[standard]>=0.24.0->-r requirements.txt (line 9))
2025-11-07T06:53:27.0396311Z   Downloading uvicorn-0.38.0-py3-none-any.whl.metadata (6.8 kB)
2025-11-07T06:53:27.1921034Z Collecting pydantic>=2.4.0 (from -r requirements.txt (line 10))
2025-11-07T06:53:27.2011150Z   Downloading pydantic-2.12.4-py3-none-any.whl.metadata (89 kB)
2025-11-07T06:53:27.2270342Z Collecting PyJWT>=2.8.0 (from -r requirements.txt (line 12))
2025-11-07T06:53:27.2346300Z   Downloading PyJWT-2.10.1-py3-none-any.whl.metadata (4.0 kB)
2025-11-07T06:53:27.2533014Z Collecting passlib>=1.7.4 (from passlib[bcrypt]>=1.7.4->-r requirements.txt (line 13))
2025-11-07T06:53:27.2607880Z   Downloading passlib-1.7.4-py2.py3-none-any.whl.metadata (1.7 kB)
2025-11-07T06:53:27.2779107Z Collecting slowapi>=0.1.4 (from -r requirements.txt (line 14))
2025-11-07T06:53:27.2885137Z   Downloading slowapi-0.1.9-py3-none-any.whl.metadata (3.0 kB)
2025-11-07T06:53:27.3143967Z Collecting httpx>=0.24.0 (from -r requirements.txt (line 16))
2025-11-07T06:53:27.3220225Z   Downloading httpx-0.28.1-py3-none-any.whl.metadata (7.1 kB)
2025-11-07T06:53:27.3414021Z Collecting aiofiles<24.0,>=22.0 (from gradio>=4.0.0->-r requirements.txt (line 1))
2025-11-07T06:53:27.3499905Z   Downloading aiofiles-23.2.1-py3-none-any.whl.metadata (9.7 kB)
2025-11-07T06:53:27.3770003Z Collecting anyio<5.0,>=3.0 (from gradio>=4.0.0->-r requirements.txt (line 1))
2025-11-07T06:53:27.3874280Z   Downloading anyio-4.11.0-py3-none-any.whl.metadata (4.1 kB)
2025-11-07T06:53:27.4319119Z Collecting ffmpy (from gradio>=4.0.0->-r requirements.txt (line 1))
2025-11-07T06:53:27.4403711Z   Downloading ffmpy-0.6.4-py3-none-any.whl.metadata (2.9 kB)
2025-11-07T06:53:27.4707886Z Collecting gradio-client==1.3.0 (from gradio>=4.0.0->-r requirements.txt (line 1))
2025-11-07T06:53:27.4791850Z   Downloading gradio_client-1.3.0-py3-none-any.whl.metadata (7.1 kB)
2025-11-07T06:53:27.5409555Z Collecting huggingface-hub>=0.19.3 (from gradio>=4.0.0->-r requirements.txt (line 1))
2025-11-07T06:53:27.5491481Z   Downloading huggingface_hub-1.1.2-py3-none-any.whl.metadata (13 kB)
2025-11-07T06:53:27.6058410Z Collecting importlib-resources<7.0,>=1.3 (from gradio>=4.0.0->-r requirements.txt (line 1))
2025-11-07T06:53:27.6146553Z   Downloading importlib_resources-6.5.2-py3-none-any.whl.metadata (3.9 kB)
2025-11-07T06:53:27.6399078Z Collecting jinja2<4.0 (from gradio>=4.0.0->-r requirements.txt (line 1))
2025-11-07T06:53:27.6474221Z   Downloading jinja2-3.1.6-py3-none-any.whl.metadata (2.9 kB)
2025-11-07T06:53:27.7205453Z Collecting markupsafe~=2.0 (from gradio>=4.0.0->-r requirements.txt (line 1))
2025-11-07T06:53:27.7284676Z   Downloading MarkupSafe-2.1.5-cp39-cp39-manylinux_2_17_x86_64.manylinux2014_x86_64.whl.metadata (3.0 kB)
2025-11-07T06:53:27.9346848Z Collecting matplotlib~=3.0 (from gradio>=4.0.0->-r requirements.txt (line 1))
2025-11-07T06:53:27.9429011Z   Downloading matplotlib-3.9.4-cp39-cp39-manylinux_2_17_x86_64.manylinux2014_x86_64.whl.metadata (11 kB)
2025-11-07T06:53:28.2892470Z Collecting orjson~=3.0 (from gradio>=4.0.0->-r requirements.txt (line 1))
2025-11-07T06:53:28.2974125Z   Downloading orjson-3.11.4-cp39-cp39-manylinux_2_17_x86_64.manylinux2014_x86_64.whl.metadata (41 kB)
2025-11-07T06:53:28.3218045Z Collecting packaging (from gradio>=4.0.0->-r requirements.txt (line 1))
2025-11-07T06:53:28.3292488Z   Downloading packaging-25.0-py3-none-any.whl.metadata (3.3 kB)
2025-11-07T06:53:28.5937390Z Collecting pillow<11.0,>=8.0 (from gradio>=4.0.0->-r requirements.txt (line 1))
2025-11-07T06:53:28.6039646Z   Downloading pillow-10.4.0-cp39-cp39-manylinux_2_28_x86_64.whl.metadata (9.2 kB)
2025-11-07T06:53:28.6466040Z Collecting pydub (from gradio>=4.0.0->-r requirements.txt (line 1))
2025-11-07T06:53:28.6542442Z   Downloading pydub-0.25.1-py2.py3-none-any.whl.metadata (1.4 kB)
2025-11-07T06:53:28.6716026Z Collecting python-multipart>=0.0.9 (from gradio>=4.0.0->-r requirements.txt (line 1))
2025-11-07T06:53:28.6793104Z   Downloading python_multipart-0.0.20-py3-none-any.whl.metadata (1.8 kB)
2025-11-07T06:53:28.7283642Z Collecting pyyaml<7.0,>=5.0 (from gradio>=4.0.0->-r requirements.txt (line 1))
2025-11-07T06:53:28.7363359Z   Downloading pyyaml-6.0.3-cp39-cp39-manylinux2014_x86_64.manylinux_2_17_x86_64.manylinux_2_28_x86_64.whl.metadata (2.4 kB)
2025-11-07T06:53:29.2242370Z Collecting ruff>=0.2.2 (from gradio>=4.0.0->-r requirements.txt (line 1))
2025-11-07T06:53:29.2325102Z   Downloading ruff-0.14.4-py3-none-manylinux_2_17_x86_64.manylinux2014_x86_64.whl.metadata (25 kB)
2025-11-07T06:53:29.2533022Z Collecting semantic-version~=2.0 (from gradio>=4.0.0->-r requirements.txt (line 1))
2025-11-07T06:53:29.2609211Z   Downloading semantic_version-2.10.0-py2.py3-none-any.whl.metadata (9.7 kB)
2025-11-07T06:53:29.2873742Z Collecting tomlkit==0.12.0 (from gradio>=4.0.0->-r requirements.txt (line 1))
2025-11-07T06:53:29.2959542Z   Downloading tomlkit-0.12.0-py3-none-any.whl.metadata (2.7 kB)
2025-11-07T06:53:29.3239150Z Collecting typer<1.0,>=0.12 (from gradio>=4.0.0->-r requirements.txt (line 1))
2025-11-07T06:53:29.3317343Z   Downloading typer-0.20.0-py3-none-any.whl.metadata (16 kB)
2025-11-07T06:53:29.3596615Z Collecting typing-extensions~=4.0 (from gradio>=4.0.0->-r requirements.txt (line 1))
2025-11-07T06:53:29.3674144Z   Downloading typing_extensions-4.15.0-py3-none-any.whl.metadata (3.3 kB)
2025-11-07T06:53:29.3996192Z Collecting urllib3~=2.0 (from gradio>=4.0.0->-r requirements.txt (line 1))
2025-11-07T06:53:29.4076213Z   Downloading urllib3-2.5.0-py3-none-any.whl.metadata (6.5 kB)
2025-11-07T06:53:29.4516048Z Collecting fsspec (from gradio-client==1.3.0->gradio>=4.0.0->-r requirements.txt (line 1))
2025-11-07T06:53:29.4593278Z   Downloading fsspec-2025.10.0-py3-none-any.whl.metadata (10 kB)
2025-11-07T06:53:29.6054212Z Collecting websockets<13.0,>=10.0 (from gradio-client==1.3.0->gradio>=4.0.0->-r requirements.txt (line 1))
2025-11-07T06:53:29.6148415Z   Downloading websockets-12.0-cp39-cp39-manylinux_2_5_x86_64.manylinux1_x86_64.manylinux_2_17_x86_64.manylinux2014_x86_64.whl.metadata (6.6 kB)
2025-11-07T06:53:29.6479399Z Collecting python-dateutil>=2.8.2 (from pandas>=1.5.0->-r requirements.txt (line 7))
2025-11-07T06:53:29.6556893Z   Downloading python_dateutil-2.9.0.post0-py2.py3-none-any.whl.metadata (8.4 kB)
2025-11-07T06:53:29.7014956Z Collecting pytz>=2020.1 (from pandas>=1.5.0->-r requirements.txt (line 7))
2025-11-07T06:53:29.7090540Z   Downloading pytz-2025.2-py2.py3-none-any.whl.metadata (22 kB)
2025-11-07T06:53:29.7287643Z Collecting tzdata>=2022.7 (from pandas>=1.5.0->-r requirements.txt (line 7))
2025-11-07T06:53:29.7364431Z   Downloading tzdata-2025.2-py2.py3-none-any.whl.metadata (1.4 kB)
2025-11-07T06:53:29.7734652Z Collecting starlette<0.50.0,>=0.40.0 (from fastapi>=0.104.0->-r requirements.txt (line 8))
2025-11-07T06:53:29.7812559Z   Downloading starlette-0.49.3-py3-none-any.whl.metadata (6.4 kB)
2025-11-07T06:53:29.8482676Z Collecting annotated-doc>=0.0.2 (from fastapi>=0.104.0->-r requirements.txt (line 8))
2025-11-07T06:53:29.8557508Z   Downloading annotated_doc-0.0.3-py3-none-any.whl.metadata (6.6 kB)
2025-11-07T06:53:29.8713281Z Collecting annotated-types>=0.6.0 (from pydantic>=2.4.0->-r requirements.txt (line 10))
2025-11-07T06:53:29.8789545Z   Downloading annotated_types-0.7.0-py3-none-any.whl.metadata (15 kB)
2025-11-07T06:53:30.8565118Z Collecting pydantic-core==2.41.5 (from pydantic>=2.4.0->-r requirements.txt (line 10))
2025-11-07T06:53:30.8647690Z   Downloading pydantic_core-2.41.5-cp39-cp39-manylinux_2_17_x86_64.manylinux2014_x86_64.whl.metadata (7.3 kB)
2025-11-07T06:53:30.8870800Z Collecting typing-inspection>=0.4.2 (from pydantic>=2.4.0->-r requirements.txt (line 10))
2025-11-07T06:53:30.8947948Z   Downloading typing_inspection-0.4.2-py3-none-any.whl.metadata (2.6 kB)
2025-11-07T06:53:30.9169410Z Collecting exceptiongroup>=1.0.2 (from anyio<5.0,>=3.0->gradio>=4.0.0->-r requirements.txt (line 1))
2025-11-07T06:53:30.9243785Z   Downloading exceptiongroup-1.3.0-py3-none-any.whl.metadata (6.7 kB)
2025-11-07T06:53:30.9436071Z Collecting idna>=2.8 (from anyio<5.0,>=3.0->gradio>=4.0.0->-r requirements.txt (line 1))
2025-11-07T06:53:30.9510812Z   Downloading idna-3.11-py3-none-any.whl.metadata (8.4 kB)
2025-11-07T06:53:30.9661109Z Collecting sniffio>=1.1 (from anyio<5.0,>=3.0->gradio>=4.0.0->-r requirements.txt (line 1))
2025-11-07T06:53:30.9736890Z   Downloading sniffio-1.3.1-py3-none-any.whl.metadata (3.9 kB)
2025-11-07T06:53:31.0065831Z Collecting zipp>=3.1.0 (from importlib-resources<7.0,>=1.3->gradio>=4.0.0->-r requirements.txt (line 1))
2025-11-07T06:53:31.0140189Z   Downloading zipp-3.23.0-py3-none-any.whl.metadata (3.6 kB)
2025-11-07T06:53:31.1072422Z Collecting contourpy>=1.0.1 (from matplotlib~=3.0->gradio>=4.0.0->-r requirements.txt (line 1))
2025-11-07T06:53:31.1151925Z   Downloading contourpy-1.3.0-cp39-cp39-manylinux_2_17_x86_64.manylinux2014_x86_64.whl.metadata (5.4 kB)
2025-11-07T06:53:31.1332890Z Collecting cycler>=0.10 (from matplotlib~=3.0->gradio>=4.0.0->-r requirements.txt (line 1))
2025-11-07T06:53:31.1427224Z   Downloading cycler-0.12.1-py3-none-any.whl.metadata (3.8 kB)
2025-11-07T06:53:31.3265743Z Collecting fonttools>=4.22.0 (from matplotlib~=3.0->gradio>=4.0.0->-r requirements.txt (line 1))
2025-11-07T06:53:31.3347721Z   Downloading fonttools-4.60.1-cp39-cp39-manylinux2014_x86_64.manylinux_2_17_x86_64.whl.metadata (112 kB)
2025-11-07T06:53:31.4253957Z Collecting kiwisolver>=1.3.1 (from matplotlib~=3.0->gradio>=4.0.0->-r requirements.txt (line 1))
2025-11-07T06:53:31.4336558Z   Downloading kiwisolver-1.4.7-cp39-cp39-manylinux_2_12_x86_64.manylinux2010_x86_64.whl.metadata (6.3 kB)
2025-11-07T06:53:31.4826287Z Collecting pyparsing>=2.3.1 (from matplotlib~=3.0->gradio>=4.0.0->-r requirements.txt (line 1))
2025-11-07T06:53:31.4902813Z   Downloading pyparsing-3.2.5-py3-none-any.whl.metadata (5.0 kB)
2025-11-07T06:53:31.5484155Z Collecting click>=8.0.0 (from typer<1.0,>=0.12->gradio>=4.0.0->-r requirements.txt (line 1))
2025-11-07T06:53:31.5561420Z   Downloading click-8.1.8-py3-none-any.whl.metadata (2.3 kB)
2025-11-07T06:53:31.5788640Z Collecting shellingham>=1.3.0 (from typer<1.0,>=0.12->gradio>=4.0.0->-r requirements.txt (line 1))
2025-11-07T06:53:31.5868365Z   Downloading shellingham-1.5.4-py2.py3-none-any.whl.metadata (3.5 kB)
2025-11-07T06:53:31.6373198Z Collecting rich>=10.11.0 (from typer<1.0,>=0.12->gradio>=4.0.0->-r requirements.txt (line 1))
2025-11-07T06:53:31.6451734Z   Downloading rich-14.2.0-py3-none-any.whl.metadata (18 kB)
2025-11-07T06:53:31.7059495Z Collecting narwhals>=1.15.1 (from plotly>=5.0.0->-r requirements.txt (line 2))
2025-11-07T06:53:31.7137707Z   Downloading narwhals-2.10.2-py3-none-any.whl.metadata (11 kB)
2025-11-07T06:53:31.7681649Z Collecting marshmallow<4.0.0,>=3.18.0 (from dataclasses-json>=0.5.7->-r requirements.txt (line 4))
2025-11-07T06:53:31.7762246Z   Downloading marshmallow-3.26.1-py3-none-any.whl.metadata (7.3 kB)
2025-11-07T06:53:31.7947631Z Collecting typing-inspect<1,>=0.4.0 (from dataclasses-json>=0.5.7->-r requirements.txt (line 4))
2025-11-07T06:53:31.8022746Z   Downloading typing_inspect-0.9.0-py3-none-any.whl.metadata (1.5 kB)
2025-11-07T06:53:31.8244596Z Collecting mypy-extensions>=0.3.0 (from typing-inspect<1,>=0.4.0->dataclasses-json>=0.5.7->-r requirements.txt (line 4))
2025-11-07T06:53:31.8320123Z   Downloading mypy_extensions-1.1.0-py3-none-any.whl.metadata (1.1 kB)
2025-11-07T06:53:31.8824449Z Collecting multitasking>=0.0.7 (from yfinance>=0.2.0->-r requirements.txt (line 5))
2025-11-07T06:53:31.8899160Z   Downloading multitasking-0.0.12.tar.gz (19 kB)
2025-11-07T06:53:31.8994772Z   Installing build dependencies: started
2025-11-07T06:53:32.7906770Z   Installing build dependencies: finished with status 'done'
2025-11-07T06:53:32.7915859Z   Getting requirements to build wheel: started
2025-11-07T06:53:33.1641545Z   Getting requirements to build wheel: finished with status 'done'
2025-11-07T06:53:33.1654889Z   Preparing metadata (pyproject.toml): started
2025-11-07T06:53:33.3579152Z   Preparing metadata (pyproject.toml): finished with status 'done'
2025-11-07T06:53:33.3854154Z Collecting platformdirs>=2.0.0 (from yfinance>=0.2.0->-r requirements.txt (line 5))
2025-11-07T06:53:33.3932712Z   Downloading platformdirs-4.4.0-py3-none-any.whl.metadata (12 kB)
2025-11-07T06:53:33.4538527Z Collecting frozendict>=2.3.4 (from yfinance>=0.2.0->-r requirements.txt (line 5))
2025-11-07T06:53:33.4653478Z   Downloading frozendict-2.4.6-cp39-cp39-manylinux_2_17_x86_64.manylinux2014_x86_64.whl.metadata (23 kB)
2025-11-07T06:53:33.4927799Z Collecting peewee>=3.16.2 (from yfinance>=0.2.0->-r requirements.txt (line 5))
2025-11-07T06:53:33.5004371Z   Downloading peewee-3.18.3.tar.gz (3.0 MB)
2025-11-07T06:53:33.5316580Z      ━━━━━━━━━━━━━━━━━━━━━━━━━━━━━━━━━━━━━━━━ 3.0/3.0 MB 121.7 MB/s  0:00:00
2025-11-07T06:53:33.7128570Z   Installing build dependencies: started
2025-11-07T06:53:34.5623490Z   Installing build dependencies: finished with status 'done'
2025-11-07T06:53:34.5632931Z   Getting requirements to build wheel: started
2025-11-07T06:53:35.0144432Z   Getting requirements to build wheel: finished with status 'done'
2025-11-07T06:53:35.0157492Z   Preparing metadata (pyproject.toml): started
2025-11-07T06:53:35.2468225Z   Preparing metadata (pyproject.toml): finished with status 'done'
2025-11-07T06:53:35.2715231Z Collecting beautifulsoup4>=4.11.1 (from yfinance>=0.2.0->-r requirements.txt (line 5))
2025-11-07T06:53:35.2794724Z   Downloading beautifulsoup4-4.14.2-py3-none-any.whl.metadata (3.8 kB)
2025-11-07T06:53:35.3416234Z Collecting curl_cffi>=0.7 (from yfinance>=0.2.0->-r requirements.txt (line 5))
2025-11-07T06:53:35.3496095Z   Downloading curl_cffi-0.13.0-cp39-abi3-manylinux_2_17_x86_64.manylinux2014_x86_64.whl.metadata (13 kB)
2025-11-07T06:53:35.6839132Z Collecting protobuf>=3.19.0 (from yfinance>=0.2.0->-r requirements.txt (line 5))
2025-11-07T06:53:35.6924271Z   Downloading protobuf-6.33.0-cp39-abi3-manylinux2014_x86_64.whl.metadata (593 bytes)
2025-11-07T06:53:35.7002613Z INFO: pip is looking at multiple versions of yfinance to determine which version is compatible with other requirements. This could take a while.
2025-11-07T06:53:35.7008888Z Collecting yfinance>=0.2.0 (from -r requirements.txt (line 5))
2025-11-07T06:53:35.7089035Z   Downloading yfinance-0.2.65-py2.py3-none-any.whl.metadata (5.8 kB)
2025-11-07T06:53:35.7233803Z   Downloading yfinance-0.2.64-py2.py3-none-any.whl.metadata (5.8 kB)
2025-11-07T06:53:35.7379267Z   Downloading yfinance-0.2.63-py2.py3-none-any.whl.metadata (5.8 kB)
2025-11-07T06:53:35.7521144Z   Downloading yfinance-0.2.62-py2.py3-none-any.whl.metadata (5.8 kB)
2025-11-07T06:53:35.7665187Z   Downloading yfinance-0.2.61-py2.py3-none-any.whl.metadata (5.8 kB)
2025-11-07T06:53:35.7804099Z   Downloading yfinance-0.2.60-py2.py3-none-any.whl.metadata (5.8 kB)
2025-11-07T06:53:35.7947557Z   Downloading yfinance-0.2.59-py2.py3-none-any.whl.metadata (5.7 kB)
2025-11-07T06:53:35.8171022Z Collecting protobuf<6,>=5.29.0 (from yfinance>=0.2.0->-r requirements.txt (line 5))
2025-11-07T06:53:35.8248726Z   Downloading protobuf-5.29.5-cp38-abi3-manylinux2014_x86_64.whl.metadata (592 bytes)
2025-11-07T06:53:35.9383882Z Collecting charset_normalizer<4,>=2 (from requests>=2.28.0->-r requirements.txt (line 6))
2025-11-07T06:53:35.9466875Z   Downloading charset_normalizer-3.4.4-cp39-cp39-manylinux2014_x86_64.manylinux_2_17_x86_64.manylinux_2_28_x86_64.whl.metadata (37 kB)
2025-11-07T06:53:35.9929171Z Collecting certifi>=2017.4.17 (from requests>=2.28.0->-r requirements.txt (line 6))
2025-11-07T06:53:36.0007871Z   Downloading certifi-2025.10.5-py3-none-any.whl.metadata (2.5 kB)
2025-11-07T06:53:36.0263487Z Collecting h11>=0.8 (from uvicorn>=0.24.0->uvicorn[standard]>=0.24.0->-r requirements.txt (line 9))
2025-11-07T06:53:36.0340525Z   Downloading h11-0.16.0-py3-none-any.whl.metadata (8.3 kB)
2025-11-07T06:53:36.0768671Z Collecting limits>=2.3 (from slowapi>=0.1.4->-r requirements.txt (line 14))
2025-11-07T06:53:36.0858265Z   Downloading limits-4.2-py3-none-any.whl.metadata (10 kB)
2025-11-07T06:53:36.1224826Z Collecting httpcore==1.* (from httpx>=0.24.0->-r requirements.txt (line 16))
2025-11-07T06:53:36.1302544Z   Downloading httpcore-1.0.9-py3-none-any.whl.metadata (21 kB)
2025-11-07T06:53:36.1638095Z Collecting soupsieve>1.2 (from beautifulsoup4>=4.11.1->yfinance>=0.2.0->-r requirements.txt (line 5))
2025-11-07T06:53:36.1714038Z   Downloading soupsieve-2.8-py3-none-any.whl.metadata (4.6 kB)
2025-11-07T06:53:36.3096185Z Collecting cffi>=1.12.0 (from curl_cffi>=0.7->yfinance>=0.2.0->-r requirements.txt (line 5))
2025-11-07T06:53:36.3177769Z   Downloading cffi-2.0.0-cp39-cp39-manylinux2014_x86_64.manylinux_2_17_x86_64.whl.metadata (2.6 kB)
2025-11-07T06:53:36.3418430Z Collecting pycparser (from cffi>=1.12.0->curl_cffi>=0.7->yfinance>=0.2.0->-r requirements.txt (line 5))
2025-11-07T06:53:36.3492568Z   Downloading pycparser-2.23-py3-none-any.whl.metadata (993 bytes)
2025-11-07T06:53:36.3900925Z Collecting filelock (from huggingface-hub>=0.19.3->gradio>=4.0.0->-r requirements.txt (line 1))
2025-11-07T06:53:36.3979312Z   Downloading filelock-3.19.1-py3-none-any.whl.metadata (2.1 kB)
2025-11-07T06:53:36.4502017Z Collecting hf-xet<2.0.0,>=1.2.0 (from huggingface-hub>=0.19.3->gradio>=4.0.0->-r requirements.txt (line 1))
2025-11-07T06:53:36.4580121Z   Downloading hf_xet-1.2.0-cp37-abi3-manylinux_2_17_x86_64.manylinux2014_x86_64.whl.metadata (4.9 kB)
2025-11-07T06:53:36.5157837Z Collecting tqdm>=4.42.1 (from huggingface-hub>=0.19.3->gradio>=4.0.0->-r requirements.txt (line 1))
2025-11-07T06:53:36.5235356Z   Downloading tqdm-4.67.1-py3-none-any.whl.metadata (57 kB)
2025-11-07T06:53:36.5509798Z Collecting typer-slim (from huggingface-hub>=0.19.3->gradio>=4.0.0->-r requirements.txt (line 1))
2025-11-07T06:53:36.5583688Z   Downloading typer_slim-0.20.0-py3-none-any.whl.metadata (16 kB)
2025-11-07T06:53:36.5872824Z Collecting deprecated>=1.2 (from limits>=2.3->slowapi>=0.1.4->-r requirements.txt (line 14))
2025-11-07T06:53:36.5952562Z   Downloading deprecated-1.3.1-py2.py3-none-any.whl.metadata (5.9 kB)
2025-11-07T06:53:36.6060279Z Collecting packaging (from gradio>=4.0.0->-r requirements.txt (line 1))
2025-11-07T06:53:36.6149262Z   Downloading packaging-24.2-py3-none-any.whl.metadata (3.2 kB)
2025-11-07T06:53:36.7986371Z Collecting wrapt<3,>=1.10 (from deprecated>=1.2->limits>=2.3->slowapi>=0.1.4->-r requirements.txt (line 14))
2025-11-07T06:53:36.8071890Z   Downloading wrapt-2.0.1-cp39-cp39-manylinux1_x86_64.manylinux_2_28_x86_64.manylinux_2_5_x86_64.whl.metadata (9.0 kB)
2025-11-07T06:53:36.8723462Z Collecting bcrypt>=3.1.0 (from passlib[bcrypt]>=1.7.4->-r requirements.txt (line 13))
2025-11-07T06:53:36.8800498Z   Downloading bcrypt-5.0.0-cp39-abi3-manylinux_2_34_x86_64.whl.metadata (10 kB)
2025-11-07T06:53:36.9097767Z Collecting six>=1.5 (from python-dateutil>=2.8.2->pandas>=1.5.0->-r requirements.txt (line 7))
2025-11-07T06:53:36.9171914Z   Downloading six-1.17.0-py2.py3-none-any.whl.metadata (1.7 kB)
2025-11-07T06:53:36.9433884Z Collecting markdown-it-py>=2.2.0 (from rich>=10.11.0->typer<1.0,>=0.12->gradio>=4.0.0->-r requirements.txt (line 1))
2025-11-07T06:53:36.9509792Z   Downloading markdown_it_py-3.0.0-py3-none-any.whl.metadata (6.9 kB)
2025-11-07T06:53:36.9830163Z Collecting pygments<3.0.0,>=2.13.0 (from rich>=10.11.0->typer<1.0,>=0.12->gradio>=4.0.0->-r requirements.txt (line 1))
2025-11-07T06:53:36.9920880Z   Downloading pygments-2.19.2-py3-none-any.whl.metadata (2.5 kB)
2025-11-07T06:53:37.0351675Z Collecting mdurl~=0.1 (from markdown-it-py>=2.2.0->rich>=10.11.0->typer<1.0,>=0.12->gradio>=4.0.0->-r requirements.txt (line 1))
2025-11-07T06:53:37.0425315Z   Downloading mdurl-0.1.2-py3-none-any.whl.metadata (1.6 kB)
2025-11-07T06:53:37.1090619Z Collecting httptools>=0.6.3 (from uvicorn[standard]>=0.24.0->-r requirements.txt (line 9))
2025-11-07T06:53:37.1170715Z   Downloading httptools-0.7.1-cp39-cp39-manylinux1_x86_64.manylinux_2_28_x86_64.manylinux_2_5_x86_64.whl.metadata (3.5 kB)
2025-11-07T06:53:37.1413692Z Collecting python-dotenv>=0.13 (from uvicorn[standard]>=0.24.0->-r requirements.txt (line 9))
2025-11-07T06:53:37.1489617Z   Downloading python_dotenv-1.2.1-py3-none-any.whl.metadata (25 kB)
2025-11-07T06:53:37.2019196Z Collecting uvloop>=0.15.1 (from uvicorn[standard]>=0.24.0->-r requirements.txt (line 9))
2025-11-07T06:53:37.2100048Z   Downloading uvloop-0.22.1-cp39-cp39-manylinux2014_x86_64.manylinux_2_17_x86_64.manylinux_2_28_x86_64.whl.metadata (4.9 kB)
2025-11-07T06:53:37.3090508Z Collecting watchfiles>=0.13 (from uvicorn[standard]>=0.24.0->-r requirements.txt (line 9))
2025-11-07T06:53:37.3170686Z   Downloading watchfiles-1.1.1-cp39-cp39-manylinux_2_17_x86_64.manylinux2014_x86_64.whl.metadata (4.9 kB)
2025-11-07T06:53:37.3662847Z Downloading gradio-4.44.1-py3-none-any.whl (18.1 MB)
2025-11-07T06:53:37.4522498Z    ━━━━━━━━━━━━━━━━━━━━━━━━━━━━━━━━━━━━━━━━ 18.1/18.1 MB 214.3 MB/s  0:00:00
2025-11-07T06:53:37.4604317Z Downloading gradio_client-1.3.0-py3-none-any.whl (318 kB)
2025-11-07T06:53:37.4725048Z Downloading tomlkit-0.12.0-py3-none-any.whl (37 kB)
2025-11-07T06:53:37.4820246Z Downloading numpy-2.0.2-cp39-cp39-manylinux_2_17_x86_64.manylinux2014_x86_64.whl (19.5 MB)
2025-11-07T06:53:37.5638455Z    ━━━━━━━━━━━━━━━━━━━━━━━━━━━━━━━━━━━━━━━━ 19.5/19.5 MB 243.5 MB/s  0:00:00
2025-11-07T06:53:37.5715987Z Downloading pandas-2.3.3-cp39-cp39-manylinux_2_24_x86_64.manylinux_2_28_x86_64.whl (12.8 MB)
2025-11-07T06:53:37.6272685Z    ━━━━━━━━━━━━━━━━━━━━━━━━━━━━━━━━━━━━━━━━ 12.8/12.8 MB 237.0 MB/s  0:00:00
2025-11-07T06:53:37.6347598Z Downloading fastapi-0.121.0-py3-none-any.whl (109 kB)
2025-11-07T06:53:37.6454013Z Downloading pydantic-2.12.4-py3-none-any.whl (463 kB)
2025-11-07T06:53:37.6573270Z Downloading pydantic_core-2.41.5-cp39-cp39-manylinux_2_17_x86_64.manylinux2014_x86_64.whl (2.1 MB)
2025-11-07T06:53:37.6701111Z    ━━━━━━━━━━━━━━━━━━━━━━━━━━━━━━━━━━━━━━━━ 2.1/2.1 MB 176.5 MB/s  0:00:00
2025-11-07T06:53:37.6782483Z Downloading aiofiles-23.2.1-py3-none-any.whl (15 kB)
2025-11-07T06:53:37.6879241Z Downloading anyio-4.11.0-py3-none-any.whl (109 kB)
2025-11-07T06:53:37.6986482Z Downloading importlib_resources-6.5.2-py3-none-any.whl (37 kB)
2025-11-07T06:53:37.7082495Z Downloading jinja2-3.1.6-py3-none-any.whl (134 kB)
2025-11-07T06:53:37.7192328Z Downloading MarkupSafe-2.1.5-cp39-cp39-manylinux_2_17_x86_64.manylinux2014_x86_64.whl (25 kB)
2025-11-07T06:53:37.7296153Z Downloading matplotlib-3.9.4-cp39-cp39-manylinux_2_17_x86_64.manylinux2014_x86_64.whl (8.3 MB)
2025-11-07T06:53:37.7760920Z    ━━━━━━━━━━━━━━━━━━━━━━━━━━━━━━━━━━━━━━━━ 8.3/8.3 MB 183.6 MB/s  0:00:00
2025-11-07T06:53:37.7837409Z Downloading orjson-3.11.4-cp39-cp39-manylinux_2_17_x86_64.manylinux2014_x86_64.whl (136 kB)
2025-11-07T06:53:37.7978847Z Downloading pillow-10.4.0-cp39-cp39-manylinux_2_28_x86_64.whl (4.5 MB)
2025-11-07T06:53:37.8222414Z    ━━━━━━━━━━━━━━━━━━━━━━━━━━━━━━━━━━━━━━━━ 4.5/4.5 MB 194.6 MB/s  0:00:00
2025-11-07T06:53:37.8298883Z Downloading pyyaml-6.0.3-cp39-cp39-manylinux2014_x86_64.manylinux_2_17_x86_64.manylinux_2_28_x86_64.whl (750 kB)
2025-11-07T06:53:37.8366034Z    ━━━━━━━━━━━━━━━━━━━━━━━━━━━━━━━━━━━━━━━━ 750.8/750.8 kB 115.0 MB/s  0:00:00
2025-11-07T06:53:37.8439625Z Downloading semantic_version-2.10.0-py2.py3-none-any.whl (15 kB)
2025-11-07T06:53:37.8535229Z Downloading starlette-0.49.3-py3-none-any.whl (74 kB)
2025-11-07T06:53:37.8632065Z Downloading typer-0.20.0-py3-none-any.whl (47 kB)
2025-11-07T06:53:37.8727445Z Downloading typing_extensions-4.15.0-py3-none-any.whl (44 kB)
2025-11-07T06:53:37.8822200Z Downloading urllib3-2.5.0-py3-none-any.whl (129 kB)
2025-11-07T06:53:37.8927633Z Downloading websockets-12.0-cp39-cp39-manylinux_2_5_x86_64.manylinux1_x86_64.manylinux_2_17_x86_64.manylinux2014_x86_64.whl (130 kB)
2025-11-07T06:53:37.9029568Z Downloading plotly-6.4.0-py3-none-any.whl (9.9 MB)
2025-11-07T06:53:37.9481656Z    ━━━━━━━━━━━━━━━━━━━━━━━━━━━━━━━━━━━━━━━━ 9.9/9.9 MB 227.7 MB/s  0:00:00
2025-11-07T06:53:37.9560143Z Downloading dataclasses_json-0.6.7-py3-none-any.whl (28 kB)
2025-11-07T06:53:37.9658485Z Downloading marshmallow-3.26.1-py3-none-any.whl (50 kB)
2025-11-07T06:53:37.9754330Z Downloading typing_inspect-0.9.0-py3-none-any.whl (8.8 kB)
2025-11-07T06:53:37.9856471Z Downloading yfinance-0.2.59-py2.py3-none-any.whl (117 kB)
2025-11-07T06:53:37.9953434Z Downloading protobuf-5.29.5-cp38-abi3-manylinux2014_x86_64.whl (319 kB)
2025-11-07T06:53:38.0065417Z Downloading requests-2.32.5-py3-none-any.whl (64 kB)
2025-11-07T06:53:38.0162969Z Downloading charset_normalizer-3.4.4-cp39-cp39-manylinux2014_x86_64.manylinux_2_17_x86_64.manylinux_2_28_x86_64.whl (153 kB)
2025-11-07T06:53:38.0265286Z Downloading idna-3.11-py3-none-any.whl (71 kB)
2025-11-07T06:53:38.0366809Z Downloading uvicorn-0.38.0-py3-none-any.whl (68 kB)
2025-11-07T06:53:38.0468847Z Downloading PyJWT-2.10.1-py3-none-any.whl (22 kB)
2025-11-07T06:53:38.0568097Z Downloading passlib-1.7.4-py2.py3-none-any.whl (525 kB)
2025-11-07T06:53:38.0631567Z    ━━━━━━━━━━━━━━━━━━━━━━━━━━━━━━━━━━━━━━━━ 525.6/525.6 kB 70.7 MB/s  0:00:00
2025-11-07T06:53:38.0706619Z Downloading slowapi-0.1.9-py3-none-any.whl (14 kB)
2025-11-07T06:53:38.0810304Z Downloading httpx-0.28.1-py3-none-any.whl (73 kB)
2025-11-07T06:53:38.0909229Z Downloading httpcore-1.0.9-py3-none-any.whl (78 kB)
2025-11-07T06:53:38.1034913Z Downloading annotated_doc-0.0.3-py3-none-any.whl (5.5 kB)
2025-11-07T06:53:38.1133609Z Downloading annotated_types-0.7.0-py3-none-any.whl (13 kB)
2025-11-07T06:53:38.1231914Z Downloading beautifulsoup4-4.14.2-py3-none-any.whl (106 kB)
2025-11-07T06:53:38.1335321Z Downloading certifi-2025.10.5-py3-none-any.whl (163 kB)
2025-11-07T06:53:38.1433484Z Downloading click-8.1.8-py3-none-any.whl (98 kB)
2025-11-07T06:53:38.1545293Z Downloading contourpy-1.3.0-cp39-cp39-manylinux_2_17_x86_64.manylinux2014_x86_64.whl (321 kB)
2025-11-07T06:53:38.1692689Z Downloading curl_cffi-0.13.0-cp39-abi3-manylinux_2_17_x86_64.manylinux2014_x86_64.whl (8.3 MB)
2025-11-07T06:53:38.2145221Z    ━━━━━━━━━━━━━━━━━━━━━━━━━━━━━━━━━━━━━━━━ 8.3/8.3 MB 189.1 MB/s  0:00:00
2025-11-07T06:53:38.2222483Z Downloading cffi-2.0.0-cp39-cp39-manylinux2014_x86_64.manylinux_2_17_x86_64.whl (216 kB)
2025-11-07T06:53:38.2324430Z Downloading cycler-0.12.1-py3-none-any.whl (8.3 kB)
2025-11-07T06:53:38.2420142Z Downloading exceptiongroup-1.3.0-py3-none-any.whl (16 kB)
2025-11-07T06:53:38.2520069Z Downloading fonttools-4.60.1-cp39-cp39-manylinux2014_x86_64.manylinux_2_17_x86_64.whl (4.8 MB)
2025-11-07T06:53:38.2756174Z    ━━━━━━━━━━━━━━━━━━━━━━━━━━━━━━━━━━━━━━━━ 4.8/4.8 MB 213.9 MB/s  0:00:00
2025-11-07T06:53:38.2841435Z Downloading frozendict-2.4.6-cp39-cp39-manylinux_2_17_x86_64.manylinux2014_x86_64.whl (116 kB)
2025-11-07T06:53:38.2940850Z Downloading h11-0.16.0-py3-none-any.whl (37 kB)
2025-11-07T06:53:38.3041088Z Downloading huggingface_hub-1.1.2-py3-none-any.whl (514 kB)
2025-11-07T06:53:38.3163898Z Downloading hf_xet-1.2.0-cp37-abi3-manylinux_2_17_x86_64.manylinux2014_x86_64.whl (3.3 MB)
2025-11-07T06:53:38.3344826Z    ━━━━━━━━━━━━━━━━━━━━━━━━━━━━━━━━━━━━━━━━ 3.3/3.3 MB 196.4 MB/s  0:00:00
2025-11-07T06:53:38.3420750Z Downloading fsspec-2025.10.0-py3-none-any.whl (200 kB)
2025-11-07T06:53:38.3529374Z Downloading kiwisolver-1.4.7-cp39-cp39-manylinux_2_12_x86_64.manylinux2010_x86_64.whl (1.6 MB)
2025-11-07T06:53:38.3638367Z    ━━━━━━━━━━━━━━━━━━━━━━━━━━━━━━━━━━━━━━━━ 1.6/1.6 MB 162.8 MB/s  0:00:00
2025-11-07T06:53:38.3711644Z Downloading limits-4.2-py3-none-any.whl (60 kB)
2025-11-07T06:53:38.3808126Z Downloading packaging-24.2-py3-none-any.whl (65 kB)
2025-11-07T06:53:38.3905682Z Downloading deprecated-1.3.1-py2.py3-none-any.whl (11 kB)
2025-11-07T06:53:38.4002266Z Downloading wrapt-2.0.1-cp39-cp39-manylinux1_x86_64.manylinux_2_28_x86_64.manylinux_2_5_x86_64.whl (113 kB)
2025-11-07T06:53:38.4099888Z Downloading mypy_extensions-1.1.0-py3-none-any.whl (5.0 kB)
2025-11-07T06:53:38.4214624Z Downloading narwhals-2.10.2-py3-none-any.whl (419 kB)
2025-11-07T06:53:38.4330558Z Downloading bcrypt-5.0.0-cp39-abi3-manylinux_2_34_x86_64.whl (278 kB)
2025-11-07T06:53:38.4457319Z Downloading platformdirs-4.4.0-py3-none-any.whl (18 kB)
2025-11-07T06:53:38.4557842Z Downloading pyparsing-3.2.5-py3-none-any.whl (113 kB)
2025-11-07T06:53:38.4655090Z Downloading python_dateutil-2.9.0.post0-py2.py3-none-any.whl (229 kB)
2025-11-07T06:53:38.4761946Z Downloading python_multipart-0.0.20-py3-none-any.whl (24 kB)
2025-11-07T06:53:38.4878011Z Downloading pytz-2025.2-py2.py3-none-any.whl (509 kB)
2025-11-07T06:53:38.4998181Z Downloading rich-14.2.0-py3-none-any.whl (243 kB)
2025-11-07T06:53:38.5103886Z Downloading pygments-2.19.2-py3-none-any.whl (1.2 MB)
2025-11-07T06:53:38.5194405Z    ━━━━━━━━━━━━━━━━━━━━━━━━━━━━━━━━━━━━━━━━ 1.2/1.2 MB 150.1 MB/s  0:00:00
2025-11-07T06:53:38.5270852Z Downloading markdown_it_py-3.0.0-py3-none-any.whl (87 kB)
2025-11-07T06:53:38.5375715Z Downloading mdurl-0.1.2-py3-none-any.whl (10.0 kB)
2025-11-07T06:53:38.5472332Z Downloading ruff-0.14.4-py3-none-manylinux_2_17_x86_64.manylinux2014_x86_64.whl (13.4 MB)
2025-11-07T06:53:38.6042202Z    ━━━━━━━━━━━━━━━━━━━━━━━━━━━━━━━━━━━━━━━━ 13.4/13.4 MB 241.3 MB/s  0:00:00
2025-11-07T06:53:38.6118919Z Downloading shellingham-1.5.4-py2.py3-none-any.whl (9.8 kB)
2025-11-07T06:53:38.6218139Z Downloading six-1.17.0-py2.py3-none-any.whl (11 kB)
2025-11-07T06:53:38.6316043Z Downloading sniffio-1.3.1-py3-none-any.whl (10 kB)
2025-11-07T06:53:38.6412012Z Downloading soupsieve-2.8-py3-none-any.whl (36 kB)
2025-11-07T06:53:38.6509001Z Downloading tqdm-4.67.1-py3-none-any.whl (78 kB)
2025-11-07T06:53:38.6610468Z Downloading typing_inspection-0.4.2-py3-none-any.whl (14 kB)
2025-11-07T06:53:38.6707840Z Downloading tzdata-2025.2-py2.py3-none-any.whl (347 kB)
2025-11-07T06:53:38.6832250Z Downloading httptools-0.7.1-cp39-cp39-manylinux1_x86_64.manylinux_2_28_x86_64.manylinux_2_5_x86_64.whl (441 kB)
2025-11-07T06:53:38.6949782Z Downloading python_dotenv-1.2.1-py3-none-any.whl (21 kB)
2025-11-07T06:53:38.7081246Z Downloading uvloop-0.22.1-cp39-cp39-manylinux2014_x86_64.manylinux_2_17_x86_64.manylinux_2_28_x86_64.whl (3.7 MB)
2025-11-07T06:53:38.7297366Z    ━━━━━━━━━━━━━━━━━━━━━━━━━━━━━━━━━━━━━━━━ 3.7/3.7 MB 180.4 MB/s  0:00:00
2025-11-07T06:53:38.7381220Z Downloading watchfiles-1.1.1-cp39-cp39-manylinux_2_17_x86_64.manylinux2014_x86_64.whl (457 kB)
2025-11-07T06:53:38.7497495Z Downloading zipp-3.23.0-py3-none-any.whl (10 kB)
2025-11-07T06:53:38.7616381Z Downloading ffmpy-0.6.4-py3-none-any.whl (5.6 kB)
2025-11-07T06:53:38.7717244Z Downloading filelock-3.19.1-py3-none-any.whl (15 kB)
2025-11-07T06:53:38.7812456Z Downloading pycparser-2.23-py3-none-any.whl (118 kB)
2025-11-07T06:53:38.8251083Z Downloading pydub-0.25.1-py2.py3-none-any.whl (32 kB)
2025-11-07T06:53:38.8351603Z Downloading typer_slim-0.20.0-py3-none-any.whl (47 kB)
2025-11-07T06:53:39.0291582Z Building wheels for collected packages: multitasking, peewee
2025-11-07T06:53:39.0301296Z   Building wheel for multitasking (pyproject.toml): started
2025-11-07T06:53:39.2438204Z   Building wheel for multitasking (pyproject.toml): finished with status 'done'
2025-11-07T06:53:39.2448088Z   Created wheel for multitasking: filename=multitasking-0.0.12-py3-none-any.whl size=15636 sha256=be18b04407095d39f5bfcb767bc16cc4540f68ea2ab86a0e767309e94de35354
2025-11-07T06:53:39.2450095Z   Stored in directory: /home/runner/.cache/pip/wheels/98/75/bc/9eaa3cdeaaca347bab26c7e83a7e2f365d82584d65a2d48e7a
2025-11-07T06:53:39.2487091Z   Building wheel for peewee (pyproject.toml): started
2025-11-07T06:53:50.8827825Z   Building wheel for peewee (pyproject.toml): finished with status 'done'
2025-11-07T06:53:50.8846734Z   Created wheel for peewee: filename=peewee-3.18.3-cp39-cp39-linux_x86_64.whl size=994074 sha256=6114fcecaaabd07f1bf7e87002e1a5ed26b831606d9c231ad05965a7c8d75c95
2025-11-07T06:53:50.8848595Z   Stored in directory: /home/runner/.cache/pip/wheels/13/f4/97/0867d369d6c1f69e8cf99dfe564bb05796822eb6709ee1f903
2025-11-07T06:53:50.8873976Z Successfully built multitasking peewee
2025-11-07T06:53:51.2234081Z Installing collected packages: pytz, pydub, peewee, passlib, multitasking, zipp, wrapt, websockets, uvloop, urllib3, tzdata, typing-extensions, tqdm, tomlkit, soupsieve, sniffio, six, shellingham, semantic-version, ruff, pyyaml, python-multipart, python-dotenv, pyparsing, PyJWT, pygments, pycparser, protobuf, platformdirs, pillow, packaging, orjson, numpy, narwhals, mypy-extensions, mdurl, markupsafe, kiwisolver, idna, httptools, hf-xet, h11, fsspec, frozendict, fonttools, filelock, ffmpy, cycler, click, charset_normalizer, certifi, bcrypt, annotated-types, annotated-doc, aiofiles, uvicorn, typing-inspection, typing-inspect, typer-slim, requests, python-dateutil, pydantic-core, plotly, marshmallow, markdown-it-py, jinja2, importlib-resources, httpcore, exceptiongroup, deprecated, contourpy, cffi, beautifulsoup4, rich, pydantic, pandas, matplotlib, limits, dataclasses-json, curl_cffi, anyio, yfinance, watchfiles, typer, starlette, slowapi, httpx, huggingface-hub, fastapi, gradio-client, gradio
2025-11-07T06:54:06.7553619Z 
2025-11-07T06:54:06.7703422Z Successfully installed PyJWT-2.10.1 aiofiles-23.2.1 annotated-doc-0.0.3 annotated-types-0.7.0 anyio-4.11.0 bcrypt-5.0.0 beautifulsoup4-4.14.2 certifi-2025.10.5 cffi-2.0.0 charset_normalizer-3.4.4 click-8.1.8 contourpy-1.3.0 curl_cffi-0.13.0 cycler-0.12.1 dataclasses-json-0.6.7 deprecated-1.3.1 exceptiongroup-1.3.0 fastapi-0.121.0 ffmpy-0.6.4 filelock-3.19.1 fonttools-4.60.1 frozendict-2.4.6 fsspec-2025.10.0 gradio-4.44.1 gradio-client-1.3.0 h11-0.16.0 hf-xet-1.2.0 httpcore-1.0.9 httptools-0.7.1 httpx-0.28.1 huggingface-hub-1.1.2 idna-3.11 importlib-resources-6.5.2 jinja2-3.1.6 kiwisolver-1.4.7 limits-4.2 markdown-it-py-3.0.0 markupsafe-2.1.5 marshmallow-3.26.1 matplotlib-3.9.4 mdurl-0.1.2 multitasking-0.0.12 mypy-extensions-1.1.0 narwhals-2.10.2 numpy-2.0.2 orjson-3.11.4 packaging-24.2 pandas-2.3.3 passlib-1.7.4 peewee-3.18.3 pillow-10.4.0 platformdirs-4.4.0 plotly-6.4.0 protobuf-5.29.5 pycparser-2.23 pydantic-2.12.4 pydantic-core-2.41.5 pydub-0.25.1 pygments-2.19.2 pyparsing-3.2.5 python-dateutil-2.9.0.post0 python-dotenv-1.2.1 python-multipart-0.0.20 pytz-2025.2 pyyaml-6.0.3 requests-2.32.5 rich-14.2.0 ruff-0.14.4 semantic-version-2.10.0 shellingham-1.5.4 six-1.17.0 slowapi-0.1.9 sniffio-1.3.1 soupsieve-2.8 starlette-0.49.3 tomlkit-0.12.0 tqdm-4.67.1 typer-0.20.0 typer-slim-0.20.0 typing-extensions-4.15.0 typing-inspect-0.9.0 typing-inspection-0.4.2 tzdata-2025.2 urllib3-2.5.0 uvicorn-0.38.0 uvloop-0.22.1 watchfiles-1.1.1 websockets-12.0 wrapt-2.0.1 yfinance-0.2.59 zipp-3.23.0
2025-11-07T06:54:08.1051231Z Collecting pytest>=7.0.0 (from -r requirements-dev.txt (line 2))
2025-11-07T06:54:08.1682440Z   Downloading pytest-8.4.2-py3-none-any.whl.metadata (7.7 kB)
2025-11-07T06:54:08.1928247Z Collecting pytest-cov>=4.0.0 (from -r requirements-dev.txt (line 3))
2025-11-07T06:54:08.2002133Z   Downloading pytest_cov-7.0.0-py3-none-any.whl.metadata (31 kB)
2025-11-07T06:54:08.2421616Z Collecting pytest-asyncio>=0.21.0 (from -r requirements-dev.txt (line 4))
2025-11-07T06:54:08.2498441Z   Downloading pytest_asyncio-1.2.0-py3-none-any.whl.metadata (4.1 kB)
2025-11-07T06:54:08.2788589Z Collecting flake8>=6.0.0 (from -r requirements-dev.txt (line 5))
2025-11-07T06:54:08.2862514Z   Downloading flake8-7.3.0-py2.py3-none-any.whl.metadata (3.8 kB)
2025-11-07T06:54:08.3374568Z Collecting pylint>=2.17.0 (from -r requirements-dev.txt (line 6))
2025-11-07T06:54:08.3450178Z   Downloading pylint-3.3.9-py3-none-any.whl.metadata (12 kB)
2025-11-07T06:54:08.4845030Z Collecting mypy>=1.0.0 (from -r requirements-dev.txt (line 7))
2025-11-07T06:54:08.4938148Z   Downloading mypy-1.18.2-cp39-cp39-manylinux2014_x86_64.manylinux_2_17_x86_64.manylinux_2_28_x86_64.whl.metadata (2.2 kB)
2025-11-07T06:54:08.5583296Z Collecting black>=23.0.0 (from -r requirements-dev.txt (line 8))
2025-11-07T06:54:08.5666748Z   Downloading black-25.9.0-cp39-cp39-manylinux_2_17_x86_64.manylinux2014_x86_64.manylinux_2_28_x86_64.whl.metadata (83 kB)
2025-11-07T06:54:08.6160331Z Collecting isort>=5.12.0 (from -r requirements-dev.txt (line 9))
2025-11-07T06:54:08.6240616Z   Downloading isort-6.1.0-py3-none-any.whl.metadata (12 kB)
2025-11-07T06:54:08.6709228Z Collecting pre-commit>=3.0.0 (from -r requirements-dev.txt (line 10))
2025-11-07T06:54:08.6788114Z   Downloading pre_commit-4.3.0-py2.py3-none-any.whl.metadata (1.2 kB)
2025-11-07T06:54:08.6835727Z Requirement already satisfied: exceptiongroup>=1 in /opt/hostedtoolcache/Python/3.9.24/x64/lib/python3.9/site-packages (from pytest>=7.0.0->-r requirements-dev.txt (line 2)) (1.3.0)
2025-11-07T06:54:08.6954514Z Collecting iniconfig>=1 (from pytest>=7.0.0->-r requirements-dev.txt (line 2))
2025-11-07T06:54:08.7032821Z   Downloading iniconfig-2.1.0-py3-none-any.whl.metadata (2.7 kB)
2025-11-07T06:54:08.7073709Z Requirement already satisfied: packaging>=20 in /opt/hostedtoolcache/Python/3.9.24/x64/lib/python3.9/site-packages (from pytest>=7.0.0->-r requirements-dev.txt (line 2)) (24.2)
2025-11-07T06:54:08.7220783Z Collecting pluggy<2,>=1.5 (from pytest>=7.0.0->-r requirements-dev.txt (line 2))
2025-11-07T06:54:08.7297474Z   Downloading pluggy-1.6.0-py3-none-any.whl.metadata (4.8 kB)
2025-11-07T06:54:08.7335904Z Requirement already satisfied: pygments>=2.7.2 in /opt/hostedtoolcache/Python/3.9.24/x64/lib/python3.9/site-packages (from pytest>=7.0.0->-r requirements-dev.txt (line 2)) (2.19.2)
2025-11-07T06:54:08.7552820Z Collecting tomli>=1 (from pytest>=7.0.0->-r requirements-dev.txt (line 2))
2025-11-07T06:54:08.7632252Z   Downloading tomli-2.3.0-py3-none-any.whl.metadata (10 kB)
2025-11-07T06:54:09.2204720Z Collecting coverage>=7.10.6 (from coverage[toml]>=7.10.6->pytest-cov>=4.0.0->-r requirements-dev.txt (line 3))
2025-11-07T06:54:09.2286592Z   Downloading coverage-7.10.7-cp39-cp39-manylinux1_x86_64.manylinux_2_28_x86_64.manylinux_2_5_x86_64.whl.metadata (8.9 kB)
2025-11-07T06:54:09.2497342Z Collecting backports-asyncio-runner<2,>=1.1 (from pytest-asyncio>=0.21.0->-r requirements-dev.txt (line 4))
2025-11-07T06:54:09.2609987Z   Downloading backports_asyncio_runner-1.2.0-py3-none-any.whl.metadata (7.5 kB)
2025-11-07T06:54:09.2793152Z Requirement already satisfied: typing-extensions>=4.12 in /opt/hostedtoolcache/Python/3.9.24/x64/lib/python3.9/site-packages (from pytest-asyncio>=0.21.0->-r requirements-dev.txt (line 4)) (4.15.0)
2025-11-07T06:54:09.2932994Z Collecting mccabe<0.8.0,>=0.7.0 (from flake8>=6.0.0->-r requirements-dev.txt (line 5))
2025-11-07T06:54:09.3008801Z   Downloading mccabe-0.7.0-py2.py3-none-any.whl.metadata (5.0 kB)
2025-11-07T06:54:09.3176301Z Collecting pycodestyle<2.15.0,>=2.14.0 (from flake8>=6.0.0->-r requirements-dev.txt (line 5))
2025-11-07T06:54:09.3250199Z   Downloading pycodestyle-2.14.0-py2.py3-none-any.whl.metadata (4.5 kB)
2025-11-07T06:54:09.3436965Z Collecting pyflakes<3.5.0,>=3.4.0 (from flake8>=6.0.0->-r requirements-dev.txt (line 5))
2025-11-07T06:54:09.3509860Z   Downloading pyflakes-3.4.0-py2.py3-none-any.whl.metadata (3.5 kB)
2025-11-07T06:54:09.3957968Z Collecting astroid<=3.4.0.dev0,>=3.3.8 (from pylint>=2.17.0->-r requirements-dev.txt (line 6))
2025-11-07T06:54:09.4047755Z   Downloading astroid-3.3.11-py3-none-any.whl.metadata (4.4 kB)
2025-11-07T06:54:09.4228575Z Collecting dill>=0.2 (from pylint>=2.17.0->-r requirements-dev.txt (line 6))
2025-11-07T06:54:09.4303093Z   Downloading dill-0.4.0-py3-none-any.whl.metadata (10 kB)
2025-11-07T06:54:09.4560589Z Requirement already satisfied: platformdirs>=2.2 in /opt/hostedtoolcache/Python/3.9.24/x64/lib/python3.9/site-packages (from pylint>=2.17.0->-r requirements-dev.txt (line 6)) (4.4.0)
2025-11-07T06:54:09.4598052Z Requirement already satisfied: tomlkit>=0.10.1 in /opt/hostedtoolcache/Python/3.9.24/x64/lib/python3.9/site-packages (from pylint>=2.17.0->-r requirements-dev.txt (line 6)) (0.12.0)
2025-11-07T06:54:09.4972274Z Collecting importlib-metadata>=4.6.0 (from isort>=5.12.0->-r requirements-dev.txt (line 9))
2025-11-07T06:54:09.5050146Z   Downloading importlib_metadata-8.7.0-py3-none-any.whl.metadata (4.8 kB)
2025-11-07T06:54:09.5160066Z Requirement already satisfied: mypy_extensions>=1.0.0 in /opt/hostedtoolcache/Python/3.9.24/x64/lib/python3.9/site-packages (from mypy>=1.0.0->-r requirements-dev.txt (line 7)) (1.1.0)
2025-11-07T06:54:09.5301974Z Collecting pathspec>=0.9.0 (from mypy>=1.0.0->-r requirements-dev.txt (line 7))
2025-11-07T06:54:09.5375719Z   Downloading pathspec-0.12.1-py3-none-any.whl.metadata (21 kB)
2025-11-07T06:54:09.5422443Z Requirement already satisfied: click>=8.0.0 in /opt/hostedtoolcache/Python/3.9.24/x64/lib/python3.9/site-packages (from black>=23.0.0->-r requirements-dev.txt (line 8)) (8.1.8)
2025-11-07T06:54:09.5555998Z Collecting pytokens>=0.1.10 (from black>=23.0.0->-r requirements-dev.txt (line 8))
2025-11-07T06:54:09.5649929Z   Downloading pytokens-0.3.0-py3-none-any.whl.metadata (2.0 kB)
2025-11-07T06:54:09.5837400Z Collecting cfgv>=2.0.0 (from pre-commit>=3.0.0->-r requirements-dev.txt (line 10))
2025-11-07T06:54:09.5910939Z   Downloading cfgv-3.4.0-py2.py3-none-any.whl.metadata (8.5 kB)
2025-11-07T06:54:09.6458825Z Collecting identify>=1.0.0 (from pre-commit>=3.0.0->-r requirements-dev.txt (line 10))
2025-11-07T06:54:09.6538183Z   Downloading identify-2.6.15-py2.py3-none-any.whl.metadata (4.4 kB)
2025-11-07T06:54:09.6755707Z Collecting nodeenv>=0.11.1 (from pre-commit>=3.0.0->-r requirements-dev.txt (line 10))
2025-11-07T06:54:09.6850518Z   Downloading nodeenv-1.9.1-py2.py3-none-any.whl.metadata (21 kB)
2025-11-07T06:54:09.6889800Z Requirement already satisfied: pyyaml>=5.1 in /opt/hostedtoolcache/Python/3.9.24/x64/lib/python3.9/site-packages (from pre-commit>=3.0.0->-r requirements-dev.txt (line 10)) (6.0.3)
2025-11-07T06:54:09.7405424Z Collecting virtualenv>=20.10.0 (from pre-commit>=3.0.0->-r requirements-dev.txt (line 10))
2025-11-07T06:54:09.7483028Z   Downloading virtualenv-20.35.4-py3-none-any.whl.metadata (4.6 kB)
2025-11-07T06:54:09.7640539Z Requirement already satisfied: zipp>=3.20 in /opt/hostedtoolcache/Python/3.9.24/x64/lib/python3.9/site-packages (from importlib-metadata>=4.6.0->isort>=5.12.0->-r requirements-dev.txt (line 9)) (3.23.0)
2025-11-07T06:54:09.7920341Z Collecting distlib<1,>=0.3.7 (from virtualenv>=20.10.0->pre-commit>=3.0.0->-r requirements-dev.txt (line 10))
2025-11-07T06:54:09.7998269Z   Downloading distlib-0.4.0-py2.py3-none-any.whl.metadata (5.2 kB)
2025-11-07T06:54:09.8028308Z Requirement already satisfied: filelock<4,>=3.12.2 in /opt/hostedtoolcache/Python/3.9.24/x64/lib/python3.9/site-packages (from virtualenv>=20.10.0->pre-commit>=3.0.0->-r requirements-dev.txt (line 10)) (3.19.1)
2025-11-07T06:54:09.8168845Z Downloading pytest-8.4.2-py3-none-any.whl (365 kB)
2025-11-07T06:54:09.8345088Z Downloading pluggy-1.6.0-py3-none-any.whl (20 kB)
2025-11-07T06:54:09.8440025Z Downloading pytest_cov-7.0.0-py3-none-any.whl (22 kB)
2025-11-07T06:54:09.8530714Z Downloading pytest_asyncio-1.2.0-py3-none-any.whl (15 kB)
2025-11-07T06:54:09.8623129Z Downloading backports_asyncio_runner-1.2.0-py3-none-any.whl (12 kB)
2025-11-07T06:54:09.8713975Z Downloading flake8-7.3.0-py2.py3-none-any.whl (57 kB)
2025-11-07T06:54:09.8804459Z Downloading mccabe-0.7.0-py2.py3-none-any.whl (7.3 kB)
2025-11-07T06:54:09.8899126Z Downloading pycodestyle-2.14.0-py2.py3-none-any.whl (31 kB)
2025-11-07T06:54:09.8987902Z Downloading pyflakes-3.4.0-py2.py3-none-any.whl (63 kB)
2025-11-07T06:54:09.9077811Z Downloading pylint-3.3.9-py3-none-any.whl (523 kB)
2025-11-07T06:54:09.9243333Z Downloading isort-6.1.0-py3-none-any.whl (94 kB)
2025-11-07T06:54:09.9341300Z Downloading astroid-3.3.11-py3-none-any.whl (275 kB)
2025-11-07T06:54:09.9444176Z Downloading mypy-1.18.2-cp39-cp39-manylinux2014_x86_64.manylinux_2_17_x86_64.manylinux_2_28_x86_64.whl (13.2 MB)
2025-11-07T06:54:10.0132020Z    ━━━━━━━━━━━━━━━━━━━━━━━━━━━━━━━━━━━━━━━━ 13.2/13.2 MB 199.1 MB/s  0:00:00
2025-11-07T06:54:10.0280011Z Downloading black-25.9.0-cp39-cp39-manylinux_2_17_x86_64.manylinux2014_x86_64.manylinux_2_28_x86_64.whl (1.6 MB)
2025-11-07T06:54:10.0380181Z    ━━━━━━━━━━━━━━━━━━━━━━━━━━━━━━━━━━━━━━━━ 1.6/1.6 MB 182.1 MB/s  0:00:00
2025-11-07T06:54:10.0454158Z Downloading pre_commit-4.3.0-py2.py3-none-any.whl (220 kB)
2025-11-07T06:54:10.0554865Z Downloading cfgv-3.4.0-py2.py3-none-any.whl (7.2 kB)
2025-11-07T06:54:10.0649388Z Downloading coverage-7.10.7-cp39-cp39-manylinux1_x86_64.manylinux_2_28_x86_64.manylinux_2_5_x86_64.whl (246 kB)
2025-11-07T06:54:10.0751098Z Downloading dill-0.4.0-py3-none-any.whl (119 kB)
2025-11-07T06:54:10.0848306Z Downloading identify-2.6.15-py2.py3-none-any.whl (99 kB)
2025-11-07T06:54:10.0944180Z Downloading importlib_metadata-8.7.0-py3-none-any.whl (27 kB)
2025-11-07T06:54:10.1036110Z Downloading iniconfig-2.1.0-py3-none-any.whl (6.0 kB)
2025-11-07T06:54:10.1126731Z Downloading nodeenv-1.9.1-py2.py3-none-any.whl (22 kB)
2025-11-07T06:54:10.1223476Z Downloading pathspec-0.12.1-py3-none-any.whl (31 kB)
2025-11-07T06:54:10.1314420Z Downloading pytokens-0.3.0-py3-none-any.whl (12 kB)
2025-11-07T06:54:10.1413334Z Downloading tomli-2.3.0-py3-none-any.whl (14 kB)
2025-11-07T06:54:10.1504040Z Downloading virtualenv-20.35.4-py3-none-any.whl (6.0 MB)
2025-11-07T06:54:10.1794788Z    ━━━━━━━━━━━━━━━━━━━━━━━━━━━━━━━━━━━━━━━━ 6.0/6.0 MB 217.3 MB/s  0:00:00
2025-11-07T06:54:10.1871553Z Downloading distlib-0.4.0-py2.py3-none-any.whl (469 kB)
2025-11-07T06:54:10.5519295Z Installing collected packages: distlib, virtualenv, tomli, pytokens, pyflakes, pycodestyle, pluggy, pathspec, nodeenv, mccabe, iniconfig, importlib-metadata, identify, dill, coverage, cfgv, backports-asyncio-runner, astroid, pytest, pre-commit, mypy, isort, flake8, black, pytest-cov, pytest-asyncio, pylint
2025-11-07T06:54:13.2512207Z 
2025-11-07T06:54:13.2690422Z Successfully installed astroid-3.3.11 backports-asyncio-runner-1.2.0 black-25.9.0 cfgv-3.4.0 coverage-7.10.7 dill-0.4.0 distlib-0.4.0 flake8-7.3.0 identify-2.6.15 importlib-metadata-8.7.0 iniconfig-2.1.0 isort-6.1.0 mccabe-0.7.0 mypy-1.18.2 nodeenv-1.9.1 pathspec-0.12.1 pluggy-1.6.0 pre-commit-4.3.0 pycodestyle-2.14.0 pyflakes-3.4.0 pylint-3.3.9 pytest-8.4.2 pytest-asyncio-1.2.0 pytest-cov-7.0.0 pytokens-0.3.0 tomli-2.3.0 virtualenv-20.35.4
2025-11-07T06:54:13.3926690Z ##[group]Run set -euo pipefail
2025-11-07T06:54:13.3926959Z [36;1mset -euo pipefail[0m
2025-11-07T06:54:13.3927305Z [36;1meval "flake8 . --count --select=E9,F63,F7,F82 --show-source --statistics && \[0m
2025-11-07T06:54:13.3927679Z [36;1mflake8 . --count --statistics && \[0m
2025-11-07T06:54:13.3928122Z [36;1mblack --check --diff . && \[0m
2025-11-07T06:54:13.3928362Z [36;1misort --check-only --diff . && \[0m
2025-11-07T06:54:13.3928609Z [36;1mpylint src/ --fail-under=7.0 && \[0m
2025-11-07T06:54:13.3928936Z [36;1mpytest --cov=src --cov-report=xml --cov-report=term-missing -v[0m
2025-11-07T06:54:13.3929355Z [36;1m"[0m
2025-11-07T06:54:13.3963207Z shell: /usr/bin/bash --noprofile --norc -e -o pipefail {0}
2025-11-07T06:54:13.3963500Z env:
2025-11-07T06:54:13.3963720Z   pythonLocation: /opt/hostedtoolcache/Python/3.9.24/x64
2025-11-07T06:54:13.3964096Z   PKG_CONFIG_PATH: /opt/hostedtoolcache/Python/3.9.24/x64/lib/pkgconfig
2025-11-07T06:54:13.3964471Z   Python_ROOT_DIR: /opt/hostedtoolcache/Python/3.9.24/x64
2025-11-07T06:54:13.3964800Z   Python2_ROOT_DIR: /opt/hostedtoolcache/Python/3.9.24/x64
2025-11-07T06:54:13.3965128Z   Python3_ROOT_DIR: /opt/hostedtoolcache/Python/3.9.24/x64
2025-11-07T06:54:13.3965457Z   LD_LIBRARY_PATH: /opt/hostedtoolcache/Python/3.9.24/x64/lib
2025-11-07T06:54:13.3965869Z ##[endgroup]
2025-11-07T06:54:14.5593735Z 0
2025-11-07T06:54:15.1519120Z 0
2025-11-07T06:54:16.2514242Z All done! ✨ 🍰 ✨
2025-11-07T06:54:16.2514682Z 32 files would be left unchanged.
2025-11-07T06:54:16.4775012Z Skipped 1 files
2025-11-07T06:54:19.6676860Z ************* Module models.financial_models
2025-11-07T06:54:19.6678409Z src/models/financial_models.py:111:0: C0325: Unnecessary parens after 'not' keyword (superfluous-parens)
2025-11-07T06:54:19.6716467Z ************* Module logic.asset_graph
2025-11-07T06:54:19.6717127Z src/logic/asset_graph.py:109:0: C0301: Line too long (123/120) (line-too-long)
2025-11-07T06:54:19.6718040Z src/logic/asset_graph.py:5:0: E0401: Unable to import 'src.models.financial_models' (import-error)
2025-11-07T06:54:19.6719153Z src/logic/asset_graph.py:33:4: R0917: Too many positional arguments (6/5) (too-many-positional-arguments)
2025-11-07T06:54:19.6720323Z src/logic/asset_graph.py:91:46: W1114: Positional arguments appear to be out of order (arguments-out-of-order)
2025-11-07T06:54:19.6721392Z src/logic/asset_graph.py:231:27: W0612: Unused variable 'rel_type' (unused-variable)
2025-11-07T06:54:19.6722275Z src/logic/asset_graph.py:231:37: W0612: Unused variable 'strength' (unused-variable)
2025-11-07T06:54:19.6722946Z ************* Module reports.schema_report
2025-11-07T06:54:19.6723640Z src/reports/schema_report.py:89:0: C0301: Line too long (140/120) (line-too-long)
2025-11-07T06:54:19.6724590Z src/reports/schema_report.py:1:0: E0401: Unable to import 'src.logic.asset_graph' (import-error)
2025-11-07T06:54:19.6725388Z ************* Module visualizations.graph_2d_visuals
2025-11-07T06:54:19.6726519Z src/visualizations/graph_2d_visuals.py:11:0: E0401: Unable to import 'src.logic.asset_graph' (import-error)
2025-11-07T06:54:19.6727802Z src/visualizations/graph_2d_visuals.py:14:0: R0917: Too many positional arguments (10/5) (too-many-positional-arguments)
2025-11-07T06:54:19.6728954Z src/visualizations/graph_2d_visuals.py:14:0: R0914: Too many local variables (24/20) (too-many-locals)
2025-11-07T06:54:19.6730484Z src/visualizations/graph_2d_visuals.py:93:19: R1735: Consider using '{"size": node_sizes, "color": colors, "line": dict(width=2, color='black'), ... }' instead of a call to 'dict'. (use-dict-literal)
2025-11-07T06:54:19.6732201Z src/visualizations/graph_2d_visuals.py:93:60: R1735: Consider using '{"width": 2, "color": 'black'}' instead of a call to 'dict'. (use-dict-literal)
2025-11-07T06:54:19.6733738Z src/visualizations/graph_2d_visuals.py:96:21: R1735: Consider using '{"size": 10, "color": 'white'}' instead of a call to 'dict'. (use-dict-literal)
2025-11-07T06:54:19.6736258Z src/visualizations/graph_2d_visuals.py:106:14: R1735: Consider using '{"text": '📈 2D Asset Relationship Network', "x": 0.5, "font": dict(size=20, color='#2C3E50'), ... }' instead of a call to 'dict'. (use-dict-literal)
2025-11-07T06:54:19.6737996Z src/visualizations/graph_2d_visuals.py:106:74: R1735: Consider using '{"size": 20, "color": '#2C3E50'}' instead of a call to 'dict'. (use-dict-literal)
2025-11-07T06:54:19.6739986Z src/visualizations/graph_2d_visuals.py:109:15: R1735: Consider using '{"b": 40, "l": 40, "r": 40, "t": 80}' instead of a call to 'dict'. (use-dict-literal)
2025-11-07T06:54:19.6742115Z src/visualizations/graph_2d_visuals.py:111:12: R1735: Consider using '{"text": f'Network Layout: {layout_type.title()} | Assets: {len(asset_ids)} | Relationships: {sum((len(rels) for rels in graph.relationships.values()))}', ... }' instead of a call to 'dict'. (use-dict-literal)
2025-11-07T06:54:19.6744669Z src/visualizations/graph_2d_visuals.py:121:21: R1735: Consider using '{"size": 12, "color": '#7F8C8D'}' instead of a call to 'dict'. (use-dict-literal)
2025-11-07T06:54:19.6746624Z src/visualizations/graph_2d_visuals.py:124:14: R1735: Consider using '{"showgrid": False, "zeroline": False, "showticklabels": False, "title": '', ... }' instead of a call to 'dict'. (use-dict-literal)
2025-11-07T06:54:19.6748654Z src/visualizations/graph_2d_visuals.py:125:14: R1735: Consider using '{"showgrid": False, "zeroline": False, "showticklabels": False, "title": '', ... }' instead of a call to 'dict'. (use-dict-literal)
2025-11-07T06:54:19.6750486Z src/visualizations/graph_2d_visuals.py:128:13: R1735: Consider using '{"family": 'Arial, sans-serif', "size": 12}' instead of a call to 'dict'. (use-dict-literal)
2025-11-07T06:54:19.6752245Z src/visualizations/graph_2d_visuals.py:129:15: R1735: Consider using '{"orientation": 'h', "yanchor": 'bottom', "y": 1.02, "xanchor": 'right', ... }' instead of a call to 'dict'. (use-dict-literal)
2025-11-07T06:54:19.6753892Z src/visualizations/graph_2d_visuals.py:129:90: R1735: Consider using '{"size": 10}' instead of a call to 'dict'. (use-dict-literal)
2025-11-07T06:54:19.6755091Z src/visualizations/graph_2d_visuals.py:172:18: W0612: Unused variable 'z3d' (unused-variable)
2025-11-07T06:54:19.6756455Z src/visualizations/graph_2d_visuals.py:179:0: R0917: Too many positional arguments (11/5) (too-many-positional-arguments)
2025-11-07T06:54:19.6757706Z src/visualizations/graph_2d_visuals.py:179:0: R0914: Too many local variables (34/20) (too-many-locals)
2025-11-07T06:54:19.6759183Z src/visualizations/graph_2d_visuals.py:266:21: R1735: Consider using '{"color": color, "width": line_width, "dash": line_dash}' instead of a call to 'dict'. (use-dict-literal)
2025-11-07T06:54:19.6760631Z src/visualizations/graph_2d_visuals.py:182:4: W0613: Unused argument 'asset_ids' (unused-argument)
2025-11-07T06:54:19.6761435Z ************* Module visualizations.formulaic_visuals
2025-11-07T06:54:19.6762363Z src/visualizations/formulaic_visuals.py:7:0: E0401: Unable to import 'src.analysis.formulaic_analysis' (import-error)
2025-11-07T06:54:19.6763585Z src/visualizations/formulaic_visuals.py:25:4: R0914: Too many local variables (29/20) (too-many-locals)
2025-11-07T06:54:19.6765196Z src/visualizations/formulaic_visuals.py:59:27: R1735: Consider using '{"colors": [self.color_scheme.get(cat, '#CCCCCC') for cat in categories.keys()], ... }' instead of a call to 'dict'. (use-dict-literal)
2025-11-07T06:54:19.6767160Z src/visualizations/formulaic_visuals.py:77:27: R1735: Consider using '{"color": colors}' instead of a call to 'dict'. (use-dict-literal)
2025-11-07T06:54:19.6768668Z src/visualizations/formulaic_visuals.py:125:29: R1735: Consider using '{"title": 'Correlation'}' instead of a call to 'dict'. (use-dict-literal)
2025-11-07T06:54:19.6770237Z src/visualizations/formulaic_visuals.py:142:27: R1735: Consider using '{"color": 'lightblue'}' instead of a call to 'dict'. (use-dict-literal)
2025-11-07T06:54:19.6771801Z src/visualizations/formulaic_visuals.py:158:55: R1735: Consider using '{"color": 'lightgreen'}' instead of a call to 'dict'. (use-dict-literal)
2025-11-07T06:54:19.6773575Z src/visualizations/formulaic_visuals.py:177:27: R1735: Consider using '{"values": list(table_data.keys()), "fill_color": 'paleturquoise'}' instead of a call to 'dict'. (use-dict-literal)
2025-11-07T06:54:19.6775313Z src/visualizations/formulaic_visuals.py:178:103: R1735: Consider using '{"size": 10}' instead of a call to 'dict'. (use-dict-literal)
2025-11-07T06:54:19.6777487Z src/visualizations/formulaic_visuals.py:180:26: R1735: Consider using '{"values": list(table_data.values()), "fill_color": 'lavender', "align": 'left', ... }' instead of a call to 'dict'. (use-dict-literal)
2025-11-07T06:54:19.6779233Z src/visualizations/formulaic_visuals.py:184:29: R1735: Consider using '{"size": 9}' instead of a call to 'dict'. (use-dict-literal)
2025-11-07T06:54:19.6781653Z src/visualizations/formulaic_visuals.py:194:18: R1735: Consider using '{"text": '📊 Financial Formulaic Analysis Dashboard', "x": 0.5, "font": dict(size=20, color='#2C3E50'), ... }' instead of a call to 'dict'. (use-dict-literal)
2025-11-07T06:54:19.6783609Z src/visualizations/formulaic_visuals.py:194:87: R1735: Consider using '{"size": 20, "color": '#2C3E50'}' instead of a call to 'dict'. (use-dict-literal)
2025-11-07T06:54:19.6785239Z src/visualizations/formulaic_visuals.py:199:17: R1735: Consider using '{"family": 'Arial, sans-serif', "size": 10}' instead of a call to 'dict'. (use-dict-literal)
2025-11-07T06:54:19.6787201Z src/visualizations/formulaic_visuals.py:231:17: R1735: Consider using '{"size": 12, "family": 'Arial, sans-serif'}' instead of a call to 'dict'. (use-dict-literal)
2025-11-07T06:54:19.6788795Z src/visualizations/formulaic_visuals.py:240:18: R1735: Consider using '{"visible": False}' instead of a call to 'dict'. (use-dict-literal)
2025-11-07T06:54:19.6790308Z src/visualizations/formulaic_visuals.py:241:18: R1735: Consider using '{"visible": False}' instead of a call to 'dict'. (use-dict-literal)
2025-11-07T06:54:19.6791788Z src/visualizations/formulaic_visuals.py:245:19: R1735: Consider using '{"l": 50, "r": 50, "t": 80, "b": 50}' instead of a call to 'dict'. (use-dict-literal)
2025-11-07T06:54:19.6793102Z src/visualizations/formulaic_visuals.py:250:4: R0914: Too many local variables (21/20) (too-many-locals)
2025-11-07T06:54:19.6794401Z src/visualizations/formulaic_visuals.py:263:21: R1735: Consider using '{"size": 16}' instead of a call to 'dict'. (use-dict-literal)
2025-11-07T06:54:19.6796102Z src/visualizations/formulaic_visuals.py:303:25: R1735: Consider using '{"color": color, "width": width}' instead of a call to 'dict'. (use-dict-literal)
2025-11-07T06:54:19.6797883Z src/visualizations/formulaic_visuals.py:319:19: R1735: Consider using '{"size": 30, "color": 'lightblue', "line": dict(width=2, color='darkblue'), ... }' instead of a call to 'dict'. (use-dict-literal)
2025-11-07T06:54:19.6799534Z src/visualizations/formulaic_visuals.py:319:57: R1735: Consider using '{"width": 2, "color": 'darkblue'}' instead of a call to 'dict'. (use-dict-literal)
2025-11-07T06:54:19.6801021Z src/visualizations/formulaic_visuals.py:332:19: R1735: Consider using '{"b": 20, "l": 5, "r": 5, "t": 40}' instead of a call to 'dict'. (use-dict-literal)
2025-11-07T06:54:20.1282002Z src/visualizations/formulaic_visuals.py:334:16: R1735: Consider using '{"text": 'Node size represents asset importance<br>Line thickness represents correlation strength', ... }' instead of a call to 'dict'. (use-dict-literal)
2025-11-07T06:54:20.1284995Z src/visualizations/formulaic_visuals.py:342:25: R1735: Consider using '{"size": 10}' instead of a call to 'dict'. (use-dict-literal)
2025-11-07T06:54:20.1286947Z src/visualizations/formulaic_visuals.py:345:18: R1735: Consider using '{"showgrid": False, "zeroline": False, "showticklabels": False}' instead of a call to 'dict'. (use-dict-literal)
2025-11-07T06:54:20.1288975Z src/visualizations/formulaic_visuals.py:346:18: R1735: Consider using '{"showgrid": False, "zeroline": False, "showticklabels": False}' instead of a call to 'dict'. (use-dict-literal)
2025-11-07T06:54:20.1290759Z src/visualizations/formulaic_visuals.py:383:23: R1735: Consider using '{"color": 'lightcoral'}' instead of a call to 'dict'. (use-dict-literal)
2025-11-07T06:54:20.1292358Z src/visualizations/formulaic_visuals.py:395:23: R1735: Consider using '{"color": 'lightblue'}' instead of a call to 'dict'. (use-dict-literal)
2025-11-07T06:54:20.1294382Z src/visualizations/formulaic_visuals.py:403:18: R1735: Consider using '{"title": 'Category'}' instead of a call to 'dict'. (use-dict-literal)
2025-11-07T06:54:20.1297438Z src/visualizations/formulaic_visuals.py:404:18: R1735: Consider using '{"title": 'Average R-squared', "side": 'left'}' instead of a call to 'dict'. (use-dict-literal)
2025-11-07T06:54:20.1299637Z src/visualizations/formulaic_visuals.py:405:19: R1735: Consider using '{"title": 'Number of Formulas', "side": 'right', "overlaying": 'y', ... }' instead of a call to 'dict'. (use-dict-literal)
2025-11-07T06:54:20.1301307Z src/visualizations/formulaic_visuals.py:409:19: R1735: Consider using '{"x": 0.7, "y": 1}' instead of a call to 'dict'. (use-dict-literal)
2025-11-07T06:54:20.1302291Z ************* Module visualizations.metric_visuals
2025-11-07T06:54:20.1303123Z src/visualizations/metric_visuals.py:6:0: E0401: Unable to import 'src.logic.asset_graph' (import-error)
2025-11-07T06:54:20.1303977Z ************* Module visualizations.graph_visuals
2025-11-07T06:54:20.1304735Z src/visualizations/graph_visuals.py:167:0: C0301: Line too long (137/120) (line-too-long)
2025-11-07T06:54:20.1305921Z src/visualizations/graph_visuals.py:456:0: C0301: Line too long (137/120) (line-too-long)
2025-11-07T06:54:20.1306992Z src/visualizations/graph_visuals.py:6:0: E0401: Unable to import 'src.logic.asset_graph' (import-error)
2025-11-07T06:54:20.1308606Z src/visualizations/graph_visuals.py:34:19: R1735: Consider using '{"size": 15, "color": colors, "opacity": 0.9, "line": dict(color='rgba(0,0,0,0.8)', width=2), ... }' instead of a call to 'dict'. (use-dict-literal)
2025-11-07T06:54:20.1310361Z src/visualizations/graph_visuals.py:38:21: R1735: Consider using '{"color": 'rgba(0,0,0,0.8)', "width": 2}' instead of a call to 'dict'. (use-dict-literal)
2025-11-07T06:54:20.1311860Z src/visualizations/graph_visuals.py:45:21: R1735: Consider using '{"size": 12, "color": 'black'}' instead of a call to 'dict'. (use-dict-literal)
2025-11-07T06:54:20.1313684Z src/visualizations/graph_visuals.py:58:14: R1735: Consider using '{"xaxis": dict(title='Dimension 1', showgrid=True, gridcolor='rgba(200, 200, 200, 0.3)'), ... }' instead of a call to 'dict'. (use-dict-literal)
2025-11-07T06:54:20.1315899Z src/visualizations/graph_visuals.py:59:18: R1735: Consider using '{"title": 'Dimension 1', "showgrid": True, "gridcolor": 'rgba(200, 200, 200, 0.3)', ... }' instead of a call to 'dict'. (use-dict-literal)
2025-11-07T06:54:20.1317916Z src/visualizations/graph_visuals.py:60:18: R1735: Consider using '{"title": 'Dimension 2', "showgrid": True, "gridcolor": 'rgba(200, 200, 200, 0.3)', ... }' instead of a call to 'dict'. (use-dict-literal)
2025-11-07T06:54:20.1319876Z src/visualizations/graph_visuals.py:61:18: R1735: Consider using '{"title": 'Dimension 3', "showgrid": True, "gridcolor": 'rgba(200, 200, 200, 0.3)', ... }' instead of a call to 'dict'. (use-dict-literal)
2025-11-07T06:54:20.1321560Z src/visualizations/graph_visuals.py:63:19: R1735: Consider using '{"eye": dict(x=1.5, y=1.5, z=1.5)}' instead of a call to 'dict'. (use-dict-literal)
2025-11-07T06:54:20.1323024Z src/visualizations/graph_visuals.py:63:28: R1735: Consider using '{"x": 1.5, "y": 1.5, "z": 1.5}' instead of a call to 'dict'. (use-dict-literal)
2025-11-07T06:54:20.1324650Z src/visualizations/graph_visuals.py:69:15: R1735: Consider using '{"x": 0.02, "y": 0.98, "bgcolor": 'rgba(255, 255, 255, 0.8)', "bordercolor": 'rgba(0, 0, 0, 0.3)', ... }' instead of a call to 'dict'. (use-dict-literal)
2025-11-07T06:54:20.1326321Z src/visualizations/graph_visuals.py:77:0: R0914: Too many local variables (35/20) (too-many-locals)
2025-11-07T06:54:20.1327776Z src/visualizations/graph_visuals.py:186:21: R1735: Consider using '{"color": color, "width": line_width, "dash": line_dash}' instead of a call to 'dict'. (use-dict-literal)
2025-11-07T06:54:20.1329198Z src/visualizations/graph_visuals.py:77:0: R0912: Too many branches (17/15) (too-many-branches)
2025-11-07T06:54:20.1330296Z src/visualizations/graph_visuals.py:102:54: W0612: Unused variable 'reverse_strength' (unused-variable)
2025-11-07T06:54:20.1331763Z src/visualizations/graph_visuals.py:198:0: R0914: Too many local variables (21/20) (too-many-locals)
2025-11-07T06:54:20.1333355Z src/visualizations/graph_visuals.py:248:19: R1735: Consider using '{"symbol": 'diamond', "size": 8, "color": 'rgba(255, 0, 0, 0.8)', "line": dict(color='red', width=1), ... }' instead of a call to 'dict'. (use-dict-literal)
2025-11-07T06:54:20.1335328Z src/visualizations/graph_visuals.py:252:21: R1735: Consider using '{"color": 'red', "width": 1}' instead of a call to 'dict'. (use-dict-literal)
2025-11-07T06:54:20.1336795Z src/visualizations/graph_visuals.py:209:33: W0612: Unused variable 'strength' (unused-variable)
2025-11-07T06:54:20.1337908Z src/visualizations/graph_visuals.py:216:54: W0612: Unused variable 'reverse_strength' (unused-variable)
2025-11-07T06:54:20.1339164Z src/visualizations/graph_visuals.py:264:0: R0917: Too many positional arguments (10/5) (too-many-positional-arguments)
2025-11-07T06:54:20.1340854Z src/visualizations/graph_visuals.py:317:19: R1735: Consider using '{"size": 15, "color": colors, "opacity": 0.9, "line": dict(color='rgba(0,0,0,0.8)', width=2), ... }' instead of a call to 'dict'. (use-dict-literal)
2025-11-07T06:54:20.1342642Z src/visualizations/graph_visuals.py:318:57: R1735: Consider using '{"color": 'rgba(0,0,0,0.8)', "width": 2}' instead of a call to 'dict'. (use-dict-literal)
2025-11-07T06:54:20.1344171Z src/visualizations/graph_visuals.py:324:21: R1735: Consider using '{"size": 12, "color": 'black'}' instead of a call to 'dict'. (use-dict-literal)
2025-11-07T06:54:20.1346138Z src/visualizations/graph_visuals.py:340:14: R1735: Consider using '{"xaxis": dict(title='Dimension 1', showgrid=True, gridcolor='rgba(200, 200, 200, 0.3)'), ... }' instead of a call to 'dict'. (use-dict-literal)
2025-11-07T06:54:20.1348143Z src/visualizations/graph_visuals.py:341:18: R1735: Consider using '{"title": 'Dimension 1', "showgrid": True, "gridcolor": 'rgba(200, 200, 200, 0.3)', ... }' instead of a call to 'dict'. (use-dict-literal)
2025-11-07T06:54:20.1350140Z src/visualizations/graph_visuals.py:342:18: R1735: Consider using '{"title": 'Dimension 2', "showgrid": True, "gridcolor": 'rgba(200, 200, 200, 0.3)', ... }' instead of a call to 'dict'. (use-dict-literal)
2025-11-07T06:54:20.1352143Z src/visualizations/graph_visuals.py:343:18: R1735: Consider using '{"title": 'Dimension 3', "showgrid": True, "gridcolor": 'rgba(200, 200, 200, 0.3)', ... }' instead of a call to 'dict'. (use-dict-literal)
2025-11-07T06:54:20.1353900Z src/visualizations/graph_visuals.py:345:19: R1735: Consider using '{"eye": dict(x=1.5, y=1.5, z=1.5)}' instead of a call to 'dict'. (use-dict-literal)
2025-11-07T06:54:20.1355364Z src/visualizations/graph_visuals.py:345:28: R1735: Consider using '{"x": 1.5, "y": 1.5, "z": 1.5}' instead of a call to 'dict'. (use-dict-literal)
2025-11-07T06:54:20.1357202Z src/visualizations/graph_visuals.py:351:15: R1735: Consider using '{"x": 0.02, "y": 0.98, "bgcolor": 'rgba(255, 255, 255, 0.8)', "bordercolor": 'rgba(0, 0, 0, 0.3)', ... }' instead of a call to 'dict'. (use-dict-literal)
2025-11-07T06:54:20.1358739Z src/visualizations/graph_visuals.py:359:0: R0914: Too many local variables (36/20) (too-many-locals)
2025-11-07T06:54:20.1360195Z src/visualizations/graph_visuals.py:475:21: R1735: Consider using '{"color": color, "width": line_width, "dash": line_dash}' instead of a call to 'dict'. (use-dict-literal)
2025-11-07T06:54:20.1361640Z src/visualizations/graph_visuals.py:359:0: R0912: Too many branches (19/15) (too-many-branches)
2025-11-07T06:54:20.1362742Z src/visualizations/graph_visuals.py:359:0: R0915: Too many statements (53/50) (too-many-statements)
2025-11-07T06:54:20.1363887Z src/visualizations/graph_visuals.py:392:54: W0612: Unused variable 'reverse_strength' (unused-variable)
2025-11-07T06:54:20.1364682Z ************* Module data.database
2025-11-07T06:54:20.1365418Z src/data/database.py:51:15: W0718: Catching too general exception Exception (broad-exception-caught)
2025-11-07T06:54:20.1367161Z src/data/database.py:32:12: C0415: Import outside toplevel (supabase.Client, supabase.create_client) (import-outside-toplevel)
2025-11-07T06:54:20.1368281Z src/data/database.py:51:8: W0612: Unused variable 'e' (unused-variable)
2025-11-07T06:54:20.1369226Z src/data/database.py:74:15: W0718: Catching too general exception Exception (broad-exception-caught)
2025-11-07T06:54:24.0637699Z src/data/database.py:58:12: C0415: Import outside toplevel (psycopg2) (import-outside-toplevel)
2025-11-07T06:54:24.0638841Z src/data/database.py:111:15: W0718: Catching too general exception Exception (broad-exception-caught)
2025-11-07T06:54:24.0639888Z src/data/database.py:95:12: R1705: Unnecessary "elif" after "return", remove the leading "el" from "elif" (no-else-return)
2025-11-07T06:54:24.0640935Z src/data/database.py:112:12: W1203: Use lazy % formatting in logging functions (logging-fstring-interpolation)
2025-11-07T06:54:24.0642208Z src/data/database.py:88:4: R1710: Either all return statements in a function should return an expression, or none of them should. (inconsistent-return-statements)
2025-11-07T06:54:24.0643192Z ************* Module data.sample_data
2025-11-07T06:54:24.0643794Z src/data/sample_data.py:3:0: E0401: Unable to import 'src.logic.asset_graph' (import-error)
2025-11-07T06:54:24.0644658Z src/data/sample_data.py:4:0: E0401: Unable to import 'src.models.financial_models' (import-error)
2025-11-07T06:54:24.0645875Z src/data/sample_data.py:17:0: R0914: Too many local variables (29/20) (too-many-locals)
2025-11-07T06:54:24.0646784Z src/data/sample_data.py:346:8: W1203: Use lazy % formatting in logging functions (logging-fstring-interpolation)
2025-11-07T06:54:24.0647808Z src/data/sample_data.py:349:8: W1203: Use lazy % formatting in logging functions (logging-fstring-interpolation)
2025-11-07T06:54:24.0648837Z src/data/sample_data.py:358:8: W1203: Use lazy % formatting in logging functions (logging-fstring-interpolation)
2025-11-07T06:54:24.0649555Z ************* Module data.real_data_fetcher
2025-11-07T06:54:24.0650112Z src/data/real_data_fetcher.py:52:0: C0301: Line too long (148/120) (line-too-long)
2025-11-07T06:54:24.0650899Z src/data/real_data_fetcher.py:6:0: E0401: Unable to import 'src.logic.asset_graph' (import-error)
2025-11-07T06:54:24.0651776Z src/data/real_data_fetcher.py:7:0: E0401: Unable to import 'src.models.financial_models' (import-error)
2025-11-07T06:54:24.0652756Z src/data/real_data_fetcher.py:56:15: W0718: Catching too general exception Exception (broad-exception-caught)
2025-11-07T06:54:24.0653751Z src/data/real_data_fetcher.py:51:12: W1203: Use lazy % formatting in logging functions (logging-fstring-interpolation)
2025-11-07T06:54:24.0654779Z src/data/real_data_fetcher.py:57:12: W1203: Use lazy % formatting in logging functions (logging-fstring-interpolation)
2025-11-07T06:54:24.0655854Z src/data/real_data_fetcher.py:60:12: E0401: Unable to import 'src.data.sample_data' (import-error)
2025-11-07T06:54:24.0656919Z src/data/real_data_fetcher.py:60:12: C0415: Import outside toplevel (src.data.sample_data.create_sample_database) (import-outside-toplevel)
2025-11-07T06:54:24.0658062Z src/data/real_data_fetcher.py:102:19: W0718: Catching too general exception Exception (broad-exception-caught)
2025-11-07T06:54:24.0659071Z src/data/real_data_fetcher.py:81:20: W1203: Use lazy % formatting in logging functions (logging-fstring-interpolation)
2025-11-07T06:54:24.0660089Z src/data/real_data_fetcher.py:100:16: W1203: Use lazy % formatting in logging functions (logging-fstring-interpolation)
2025-11-07T06:54:24.0661130Z src/data/real_data_fetcher.py:103:16: W1203: Use lazy % formatting in logging functions (logging-fstring-interpolation)
2025-11-07T06:54:24.0662136Z src/data/real_data_fetcher.py:146:19: W0718: Catching too general exception Exception (broad-exception-caught)
2025-11-07T06:54:24.0663132Z src/data/real_data_fetcher.py:125:20: W1203: Use lazy % formatting in logging functions (logging-fstring-interpolation)
2025-11-07T06:54:24.0664226Z src/data/real_data_fetcher.py:144:16: W1203: Use lazy % formatting in logging functions (logging-fstring-interpolation)
2025-11-07T06:54:24.0665712Z src/data/real_data_fetcher.py:147:16: W1203: Use lazy % formatting in logging functions (logging-fstring-interpolation)
2025-11-07T06:54:24.0666738Z src/data/real_data_fetcher.py:190:19: W0718: Catching too general exception Exception (broad-exception-caught)
2025-11-07T06:54:24.0667972Z src/data/real_data_fetcher.py:167:20: W1203: Use lazy % formatting in logging functions (logging-fstring-interpolation)
2025-11-07T06:54:24.0668993Z src/data/real_data_fetcher.py:188:16: W1203: Use lazy % formatting in logging functions (logging-fstring-interpolation)
2025-11-07T06:54:24.0670022Z src/data/real_data_fetcher.py:191:16: W1203: Use lazy % formatting in logging functions (logging-fstring-interpolation)
2025-11-07T06:54:24.0671020Z src/data/real_data_fetcher.py:230:19: W0718: Catching too general exception Exception (broad-exception-caught)
2025-11-07T06:54:24.0672000Z src/data/real_data_fetcher.py:211:20: W1203: Use lazy % formatting in logging functions (logging-fstring-interpolation)
2025-11-07T06:54:24.0673033Z src/data/real_data_fetcher.py:228:16: W1203: Use lazy % formatting in logging functions (logging-fstring-interpolation)
2025-11-07T06:54:24.0674059Z src/data/real_data_fetcher.py:231:16: W1203: Use lazy % formatting in logging functions (logging-fstring-interpolation)
2025-11-07T06:54:24.0674780Z ************* Module analysis.formulaic_analysis
2025-11-07T06:54:24.0675375Z src/analysis/formulaic_analysis.py:442:0: C0301: Line too long (124/120) (line-too-long)
2025-11-07T06:54:24.0676312Z src/analysis/formulaic_analysis.py:452:0: C0301: Line too long (130/120) (line-too-long)
2025-11-07T06:54:24.0677092Z src/analysis/formulaic_analysis.py:581:0: C0301: Line too long (128/120) (line-too-long)
2025-11-07T06:54:24.0677870Z src/analysis/formulaic_analysis.py:630:0: C0301: Line too long (136/120) (line-too-long)
2025-11-07T06:54:24.0678791Z src/analysis/formulaic_analysis.py:5:0: E0401: Unable to import 'src.logic.asset_graph' (import-error)
2025-11-07T06:54:24.0679845Z src/analysis/formulaic_analysis.py:6:0: E0401: Unable to import 'src.models.financial_models' (import-error)
2025-11-07T06:54:24.0680806Z src/analysis/formulaic_analysis.py:471:39: W0613: Unused argument 'graph' (unused-argument)
2025-11-07T06:54:24.0681933Z src/analysis/formulaic_analysis.py:478:8: C0200: Consider using enumerate instead of iterating with range and len (consider-using-enumerate)
2025-11-07T06:54:24.0683053Z src/analysis/formulaic_analysis.py:494:41: W0613: Unused argument 'graph' (unused-argument)
2025-11-07T06:54:24.0683923Z src/analysis/formulaic_analysis.py:513:53: W0613: Unused argument 'graph' (unused-argument)
2025-11-07T06:54:24.0684784Z src/analysis/formulaic_analysis.py:525:53: W0613: Unused argument 'graph' (unused-argument)
2025-11-07T06:54:24.0685827Z src/analysis/formulaic_analysis.py:548:69: W0613: Unused argument 'assets_data' (unused-argument)
2025-11-07T06:54:24.0686507Z ************* Module analysis.__init__
2025-11-07T06:54:24.0686990Z src/analysis/__init__.py:1:0: R0801: Similar lines in 2 files
2025-11-07T06:54:24.0687504Z ==visualizations.graph_2d_visuals:[264:271]
2025-11-07T06:54:24.0687914Z ==visualizations.graph_visuals:[184:191]
2025-11-07T06:54:24.0688303Z                 mode="lines",
2025-11-07T06:54:24.0688715Z                 line=dict(color=color, width=line_width, dash=line_dash),
2025-11-07T06:54:24.0689195Z                 hovertext=hover_texts,
2025-11-07T06:54:24.0689570Z                 hoverinfo="text",
2025-11-07T06:54:24.0689911Z                 name=trace_name,
2025-11-07T06:54:24.0690248Z                 visible=True,
2025-11-07T06:54:24.0690635Z                 legendgroup=rel_type, (duplicate-code)
2025-11-07T06:54:24.0691182Z src/analysis/__init__.py:1:0: R0801: Similar lines in 2 files
2025-11-07T06:54:24.0691704Z ==visualizations.graph_2d_visuals:[208:215]
2025-11-07T06:54:24.0692127Z ==visualizations.graph_visuals:[141:148]
2025-11-07T06:54:24.0692587Z         "same_sector": "#FF6B6B",  # Red for sector relationships
2025-11-07T06:54:24.0693355Z         "market_cap_similar": "#4ECDC4",  # Teal for market cap
2025-11-07T06:54:24.0693991Z         "correlation": "#45B7D1",  # Blue for correlations
2025-11-07T06:54:24.0694558Z         "corporate_bond_to_equity": "#96CEB4",  # Green for corporate bonds
2025-11-07T06:54:24.0695213Z         "commodity_currency": "#FFEAA7",  # Yellow for commodity-currency
2025-11-07T06:54:24.0696167Z         "income_comparison": "#DDA0DD",  # Plum for income comparisons
2025-11-07T06:54:24.0696854Z         "regulatory_impact": "#FFA07A",  # Light salmon for regulatory (duplicate-code)
2025-11-07T06:54:24.0697554Z src/analysis/__init__.py:1:0: R0801: Similar lines in 2 files
2025-11-07T06:54:24.0698090Z ==visualizations.formulaic_visuals:[335:341]
2025-11-07T06:54:24.0698538Z ==visualizations.graph_2d_visuals:[113:119]
2025-11-07T06:54:24.0698959Z                     showarrow=False,
2025-11-07T06:54:24.0699335Z                     xref="paper",
2025-11-07T06:54:24.0699698Z                     yref="paper",
2025-11-07T06:54:24.0700025Z                     x=0.005,
2025-11-07T06:54:24.0700370Z                     y=-0.002,
2025-11-07T06:54:24.0700719Z                     xanchor="left", (duplicate-code)
2025-11-07T06:54:24.0701180Z 
2025-11-07T06:54:24.0701304Z -----------------------------------
2025-11-07T06:54:24.0701685Z Your code has been rated at 8.20/10
2025-11-07T06:54:24.0701943Z 
2025-11-07T06:54:24.8665126Z ============================= test session starts ==============================
2025-11-07T06:54:24.8670609Z platform linux -- Python 3.9.24, pytest-8.4.2, pluggy-1.6.0 -- /opt/hostedtoolcache/Python/3.9.24/x64/bin/python
2025-11-07T06:54:24.8671098Z cachedir: .pytest_cache
2025-11-07T06:54:24.8671489Z rootdir: /home/runner/work/financial-asset-relationship-db/financial-asset-relationship-db
2025-11-07T06:54:24.8671922Z configfile: pyproject.toml
2025-11-07T06:54:24.8672123Z testpaths: tests
2025-11-07T06:54:24.8672331Z plugins: anyio-4.11.0, asyncio-1.2.0, cov-7.0.0
2025-11-07T06:54:24.8672847Z asyncio: mode=strict, debug=False, asyncio_default_fixture_loop_scope=None, asyncio_default_test_loop_scope=function
2025-11-07T06:54:27.5566551Z collecting ... collected 95 items / 3 errors
2025-11-07T06:54:27.5567035Z 
2025-11-07T06:54:27.5567249Z ==================================== ERRORS ====================================
2025-11-07T06:54:27.5568135Z __________ ERROR collecting tests/integration/test_api_integration.py __________
2025-11-07T06:54:27.5569855Z ImportError while importing test module '/home/runner/work/financial-asset-relationship-db/financial-asset-relationship-db/tests/integration/test_api_integration.py'.
2025-11-07T06:54:27.5571294Z Hint: make sure your test modules/packages have valid Python names.
2025-11-07T06:54:27.5571803Z Traceback:
2025-11-07T06:54:27.5572462Z /opt/hostedtoolcache/Python/3.9.24/x64/lib/python3.9/site-packages/_pytest/python.py:498: in importtestmodule
2025-11-07T06:54:27.5573234Z     mod = import_path(
2025-11-07T06:54:27.5573902Z /opt/hostedtoolcache/Python/3.9.24/x64/lib/python3.9/site-packages/_pytest/pathlib.py:587: in import_path
2025-11-07T06:54:27.5574727Z     importlib.import_module(module_name)
2025-11-07T06:54:27.5575417Z /opt/hostedtoolcache/Python/3.9.24/x64/lib/python3.9/importlib/__init__.py:127: in import_module
2025-11-07T06:54:27.5576624Z     return _bootstrap._gcd_import(name[level:], package, level)
2025-11-07T06:54:27.5577161Z <frozen importlib._bootstrap>:1030: in _gcd_import
2025-11-07T06:54:27.5577547Z     ???
2025-11-07T06:54:27.5577841Z <frozen importlib._bootstrap>:1007: in _find_and_load
2025-11-07T06:54:27.5578246Z     ???
2025-11-07T06:54:27.5578591Z <frozen importlib._bootstrap>:986: in _find_and_load_unlocked
2025-11-07T06:54:27.5579026Z     ???
2025-11-07T06:54:27.5579324Z <frozen importlib._bootstrap>:680: in _load_unlocked
2025-11-07T06:54:27.5579713Z     ???
2025-11-07T06:54:27.5580376Z /opt/hostedtoolcache/Python/3.9.24/x64/lib/python3.9/site-packages/_pytest/assertion/rewrite.py:186: in exec_module
2025-11-07T06:54:27.5581601Z     exec(co, module.__dict__)
2025-11-07T06:54:27.5582050Z tests/integration/test_api_integration.py:13: in <module>
2025-11-07T06:54:27.5582527Z     from api.main import app
2025-11-07T06:54:27.5582850Z api/main.py:20: in <module>
2025-11-07T06:54:27.5583249Z     from src.data.real_data_fetcher import RealDataFetcher
2025-11-07T06:54:27.5583977Z src/data/real_data_fetcher.py:4: in <module>
2025-11-07T06:54:27.5584367Z     import yfinance as yf
2025-11-07T06:54:27.5585056Z /opt/hostedtoolcache/Python/3.9.24/x64/lib/python3.9/site-packages/yfinance/__init__.py:25: in <module>
2025-11-07T06:54:27.5585908Z     from .ticker import Ticker
2025-11-07T06:54:27.5586588Z /opt/hostedtoolcache/Python/3.9.24/x64/lib/python3.9/site-packages/yfinance/ticker.py:29: in <module>
2025-11-07T06:54:27.5587298Z     from .base import TickerBase
2025-11-07T06:54:27.5587949Z /opt/hostedtoolcache/Python/3.9.24/x64/lib/python3.9/site-packages/yfinance/base.py:37: in <module>
2025-11-07T06:54:27.5588653Z     from .live import WebSocket
2025-11-07T06:54:27.5589294Z /opt/hostedtoolcache/Python/3.9.24/x64/lib/python3.9/site-packages/yfinance/live.py:7: in <module>
2025-11-07T06:54:27.5590095Z     from websockets.asyncio.client import connect as async_connect
2025-11-07T06:54:27.5590683Z E   ModuleNotFoundError: No module named 'websockets.asyncio'
2025-11-07T06:54:27.5591299Z ___________________ ERROR collecting tests/unit/test_api.py ____________________
2025-11-07T06:54:27.5592407Z ImportError while importing test module '/home/runner/work/financial-asset-relationship-db/financial-asset-relationship-db/tests/unit/test_api.py'.
2025-11-07T06:54:27.5593488Z Hint: make sure your test modules/packages have valid Python names.
2025-11-07T06:54:27.5593956Z Traceback:
2025-11-07T06:54:27.5594577Z /opt/hostedtoolcache/Python/3.9.24/x64/lib/python3.9/site-packages/_pytest/python.py:498: in importtestmodule
2025-11-07T06:54:27.5595323Z     mod = import_path(
2025-11-07T06:54:27.5596110Z /opt/hostedtoolcache/Python/3.9.24/x64/lib/python3.9/site-packages/_pytest/pathlib.py:587: in import_path
2025-11-07T06:54:27.5596873Z     importlib.import_module(module_name)
2025-11-07T06:54:27.5597543Z /opt/hostedtoolcache/Python/3.9.24/x64/lib/python3.9/importlib/__init__.py:127: in import_module
2025-11-07T06:54:27.5598285Z     return _bootstrap._gcd_import(name[level:], package, level)
2025-11-07T06:54:27.5598801Z <frozen importlib._bootstrap>:1030: in _gcd_import
2025-11-07T06:54:27.5599178Z     ???
2025-11-07T06:54:27.5599480Z <frozen importlib._bootstrap>:1007: in _find_and_load
2025-11-07T06:54:27.5599860Z     ???
2025-11-07T06:54:27.5600193Z <frozen importlib._bootstrap>:986: in _find_and_load_unlocked
2025-11-07T06:54:27.5600609Z     ???
2025-11-07T06:54:27.5600904Z <frozen importlib._bootstrap>:680: in _load_unlocked
2025-11-07T06:54:27.5601290Z     ???
2025-11-07T06:54:27.5601911Z /opt/hostedtoolcache/Python/3.9.24/x64/lib/python3.9/site-packages/_pytest/assertion/rewrite.py:186: in exec_module
2025-11-07T06:54:27.5602689Z     exec(co, module.__dict__)
2025-11-07T06:54:27.5603028Z tests/unit/test_api.py:18: in <module>
2025-11-07T06:54:27.5603423Z     from api.main import app, validate_origin
2025-11-07T06:54:27.5603792Z api/main.py:20: in <module>
2025-11-07T06:54:27.5604189Z     from src.data.real_data_fetcher import RealDataFetcher
2025-11-07T06:54:27.5604663Z src/data/real_data_fetcher.py:4: in <module>
2025-11-07T06:54:27.5605062Z     import yfinance as yf
2025-11-07T06:54:27.5605837Z /opt/hostedtoolcache/Python/3.9.24/x64/lib/python3.9/site-packages/yfinance/__init__.py:25: in <module>
2025-11-07T06:54:27.5606571Z     from .ticker import Ticker
2025-11-07T06:54:27.5607204Z /opt/hostedtoolcache/Python/3.9.24/x64/lib/python3.9/site-packages/yfinance/ticker.py:29: in <module>
2025-11-07T06:54:27.5607866Z     from .base import TickerBase
2025-11-07T06:54:27.5608484Z /opt/hostedtoolcache/Python/3.9.24/x64/lib/python3.9/site-packages/yfinance/base.py:37: in <module>
2025-11-07T06:54:27.5609145Z     from .live import WebSocket
2025-11-07T06:54:27.5609971Z /opt/hostedtoolcache/Python/3.9.24/x64/lib/python3.9/site-packages/yfinance/live.py:7: in <module>
2025-11-07T06:54:27.5610757Z     from websockets.asyncio.client import connect as async_connect
2025-11-07T06:54:27.5611336Z E   ModuleNotFoundError: No module named 'websockets.asyncio'
2025-11-07T06:54:27.5611937Z _________________ ERROR collecting tests/unit/test_api_main.py _________________
2025-11-07T06:54:27.5613232Z ImportError while importing test module '/home/runner/work/financial-asset-relationship-db/financial-asset-relationship-db/tests/unit/test_api_main.py'.
2025-11-07T06:54:27.5614317Z Hint: make sure your test modules/packages have valid Python names.
2025-11-07T06:54:27.5614789Z Traceback:
2025-11-07T06:54:27.5615384Z /opt/hostedtoolcache/Python/3.9.24/x64/lib/python3.9/site-packages/_pytest/python.py:498: in importtestmodule
2025-11-07T06:54:27.5616264Z     mod = import_path(
2025-11-07T06:54:27.5616891Z /opt/hostedtoolcache/Python/3.9.24/x64/lib/python3.9/site-packages/_pytest/pathlib.py:587: in import_path
2025-11-07T06:54:27.5617635Z     importlib.import_module(module_name)
2025-11-07T06:54:27.5618270Z /opt/hostedtoolcache/Python/3.9.24/x64/lib/python3.9/importlib/__init__.py:127: in import_module
2025-11-07T06:54:27.5619019Z     return _bootstrap._gcd_import(name[level:], package, level)
2025-11-07T06:54:27.5619536Z <frozen importlib._bootstrap>:1030: in _gcd_import
2025-11-07T06:54:27.5619927Z     ???
2025-11-07T06:54:27.5620243Z <frozen importlib._bootstrap>:1007: in _find_and_load
2025-11-07T06:54:27.5620625Z     ???
2025-11-07T06:54:27.5620961Z <frozen importlib._bootstrap>:986: in _find_and_load_unlocked
2025-11-07T06:54:27.5621374Z     ???
2025-11-07T06:54:27.5621664Z <frozen importlib._bootstrap>:680: in _load_unlocked
2025-11-07T06:54:27.5622040Z     ???
2025-11-07T06:54:27.5622667Z /opt/hostedtoolcache/Python/3.9.24/x64/lib/python3.9/site-packages/_pytest/assertion/rewrite.py:186: in exec_module
2025-11-07T06:54:27.5623425Z     exec(co, module.__dict__)
2025-11-07T06:54:27.5623771Z tests/unit/test_api_main.py:13: in <module>
2025-11-07T06:54:27.5624149Z     from api.main import (
2025-11-07T06:54:27.5624452Z api/main.py:20: in <module>
2025-11-07T06:54:27.5624839Z     from src.data.real_data_fetcher import RealDataFetcher
2025-11-07T06:54:27.5625304Z src/data/real_data_fetcher.py:4: in <module>
2025-11-07T06:54:27.5625850Z     import yfinance as yf
2025-11-07T06:54:27.5626480Z /opt/hostedtoolcache/Python/3.9.24/x64/lib/python3.9/site-packages/yfinance/__init__.py:25: in <module>
2025-11-07T06:54:27.5627186Z     from .ticker import Ticker
2025-11-07T06:54:27.5627831Z /opt/hostedtoolcache/Python/3.9.24/x64/lib/python3.9/site-packages/yfinance/ticker.py:29: in <module>
2025-11-07T06:54:27.5628506Z     from .base import TickerBase
2025-11-07T06:54:27.5629152Z /opt/hostedtoolcache/Python/3.9.24/x64/lib/python3.9/site-packages/yfinance/base.py:37: in <module>
2025-11-07T06:54:27.5629833Z     from .live import WebSocket
2025-11-07T06:54:27.5630440Z /opt/hostedtoolcache/Python/3.9.24/x64/lib/python3.9/site-packages/yfinance/live.py:7: in <module>
2025-11-07T06:54:27.5631184Z     from websockets.asyncio.client import connect as async_connect
2025-11-07T06:54:27.5631736Z E   ModuleNotFoundError: No module named 'websockets.asyncio'
2025-11-07T06:54:27.5632244Z =========================== short test summary info ============================
2025-11-07T06:54:27.5632711Z ERROR tests/integration/test_api_integration.py
2025-11-07T06:54:27.5633087Z ERROR tests/unit/test_api.py
2025-11-07T06:54:27.5633397Z ERROR tests/unit/test_api_main.py
2025-11-07T06:54:27.5633812Z !!!!!!!!!!!!!!!!!!! Interrupted: 3 errors during collection !!!!!!!!!!!!!!!!!!!!
2025-11-07T06:54:27.5634282Z ============================== 3 errors in 2.58s ===============================
2025-11-07T06:54:27.6590239Z ##[error]Process completed with exit code 2.
