2025-11-07T06:53:23.3065178Z Prepare all required actions
2025-11-07T06:53:23.3066522Z Getting action download info
2025-11-07T06:53:23.4478039Z Download action repository 'actions/setup-python@v5' (SHA:a26af69be951a213d495a4c3e4e4022e16d87065)
2025-11-07T06:53:23.5625589Z Download action repository 'actions/setup-node@v4' (SHA:49933ea5288caeca8642d1e84afbd3f7d6820020)
2025-11-07T06:53:23.6930907Z ##[group]Run ./.github/actions/ci-common
2025-11-07T06:53:23.6932131Z with:
2025-11-07T06:53:23.6932854Z   language: python
2025-11-07T06:53:23.6933654Z   python-version: 3.10
2025-11-07T06:53:23.6997639Z   dependency-paths: requirements.txt
requirements-dev.txt

2025-11-07T06:53:23.7000112Z   install: python -m pip install --upgrade pip && \
pip install -r requirements.txt && \
pip install -r requirements-dev.txt

2025-11-07T06:53:23.7004385Z   test: flake8 . --count --select=E9,F63,F7,F82 --show-source --statistics && \
flake8 . --count --statistics && \
black --check --diff . && \
isort --check-only --diff . && \
pylint src/ --fail-under=7.0 && \
pytest --cov=src --cov-report=xml --cov-report=term-missing -v

2025-11-07T06:53:23.7007648Z   working-directory: .
2025-11-07T06:53:23.7008477Z ##[endgroup]
2025-11-07T06:53:23.7240864Z ##[group]Run actions/setup-python@v5
2025-11-07T06:53:23.7242030Z with:
2025-11-07T06:53:23.7242731Z   python-version: 3.10
2025-11-07T06:53:23.7243509Z   cache: pip
2025-11-07T06:53:23.7244554Z   cache-dependency-path: requirements.txt
requirements-dev.txt

2025-11-07T06:53:23.7245839Z   check-latest: false
2025-11-07T06:53:23.7246847Z   token: ***
2025-11-07T06:53:23.7247584Z   update-environment: true
2025-11-07T06:53:23.7248468Z   allow-prereleases: false
2025-11-07T06:53:23.7249351Z   freethreaded: false
2025-11-07T06:53:23.7250125Z ##[endgroup]
2025-11-07T06:53:23.8920317Z ##[group]Installed versions
2025-11-07T06:53:23.9030916Z Successfully set up CPython (3.10.19)
2025-11-07T06:53:23.9032872Z ##[endgroup]
2025-11-07T06:53:23.9339040Z [command]/opt/hostedtoolcache/Python/3.10.19/x64/bin/pip cache dir
2025-11-07T06:53:25.5723064Z /home/runner/.cache/pip
2025-11-07T06:53:25.7139262Z pip cache is not found
2025-11-07T06:53:25.7285958Z ##[group]Run set -euo pipefail
2025-11-07T06:53:25.7286349Z [36;1mset -euo pipefail[0m
2025-11-07T06:53:25.7286706Z [36;1meval "python -m pip install --upgrade pip && \[0m
2025-11-07T06:53:25.7287095Z [36;1mpip install -r requirements.txt && \[0m
2025-11-07T06:53:25.7287439Z [36;1mpip install -r requirements-dev.txt[0m
2025-11-07T06:53:25.7287727Z [36;1m"[0m
2025-11-07T06:53:25.7327639Z shell: /usr/bin/bash --noprofile --norc -e -o pipefail {0}
2025-11-07T06:53:25.7328054Z env:
2025-11-07T06:53:25.7328354Z   pythonLocation: /opt/hostedtoolcache/Python/3.10.19/x64
2025-11-07T06:53:25.7328826Z   PKG_CONFIG_PATH: /opt/hostedtoolcache/Python/3.10.19/x64/lib/pkgconfig
2025-11-07T06:53:25.7329264Z   Python_ROOT_DIR: /opt/hostedtoolcache/Python/3.10.19/x64
2025-11-07T06:53:25.7329652Z   Python2_ROOT_DIR: /opt/hostedtoolcache/Python/3.10.19/x64
2025-11-07T06:53:25.7330059Z   Python3_ROOT_DIR: /opt/hostedtoolcache/Python/3.10.19/x64
2025-11-07T06:53:25.7330503Z   LD_LIBRARY_PATH: /opt/hostedtoolcache/Python/3.10.19/x64/lib
2025-11-07T06:53:25.7330834Z ##[endgroup]
2025-11-07T06:53:27.3292691Z Requirement already satisfied: pip in /opt/hostedtoolcache/Python/3.10.19/x64/lib/python3.10/site-packages (25.3)
2025-11-07T06:53:28.1512631Z Collecting gradio>=4.0.0 (from -r requirements.txt (line 1))
2025-11-07T06:53:28.2581649Z   Downloading gradio-5.49.1-py3-none-any.whl.metadata (16 kB)
2025-11-07T06:53:28.3160407Z Collecting plotly>=5.0.0 (from -r requirements.txt (line 2))
2025-11-07T06:53:28.3358189Z   Downloading plotly-6.4.0-py3-none-any.whl.metadata (8.5 kB)
2025-11-07T06:53:28.5761550Z Collecting numpy>=1.21.0 (from -r requirements.txt (line 3))
2025-11-07T06:53:28.5960325Z   Downloading numpy-2.2.6-cp310-cp310-manylinux_2_17_x86_64.manylinux2014_x86_64.whl.metadata (62 kB)
2025-11-07T06:53:28.6520761Z Collecting dataclasses-json>=0.5.7 (from -r requirements.txt (line 4))
2025-11-07T06:53:28.6732834Z   Downloading dataclasses_json-0.6.7-py3-none-any.whl.metadata (25 kB)
2025-11-07T06:53:28.7091241Z Collecting yfinance>=0.2.0 (from -r requirements.txt (line 5))
2025-11-07T06:53:28.7288583Z   Downloading yfinance-0.2.66-py2.py3-none-any.whl.metadata (6.0 kB)
2025-11-07T06:53:28.7610298Z Collecting requests>=2.28.0 (from -r requirements.txt (line 6))
2025-11-07T06:53:28.7810887Z   Downloading requests-2.32.5-py3-none-any.whl.metadata (4.9 kB)
2025-11-07T06:53:28.9384537Z Collecting pandas>=1.5.0 (from -r requirements.txt (line 7))
2025-11-07T06:53:28.9584810Z   Downloading pandas-2.3.3-cp310-cp310-manylinux_2_24_x86_64.manylinux_2_28_x86_64.whl.metadata (91 kB)
2025-11-07T06:53:29.0516420Z Collecting fastapi>=0.104.0 (from -r requirements.txt (line 8))
2025-11-07T06:53:29.0715830Z   Downloading fastapi-0.121.0-py3-none-any.whl.metadata (28 kB)
2025-11-07T06:53:29.1096982Z Collecting uvicorn>=0.24.0 (from uvicorn[standard]>=0.24.0->-r requirements.txt (line 9))
2025-11-07T06:53:29.1294089Z   Downloading uvicorn-0.38.0-py3-none-any.whl.metadata (6.8 kB)
2025-11-07T06:53:29.2698823Z Collecting pydantic>=2.4.0 (from -r requirements.txt (line 10))
2025-11-07T06:53:29.2896171Z   Downloading pydantic-2.12.4-py3-none-any.whl.metadata (89 kB)
2025-11-07T06:53:29.3169973Z Collecting PyJWT>=2.8.0 (from -r requirements.txt (line 12))
2025-11-07T06:53:29.3363601Z   Downloading PyJWT-2.10.1-py3-none-any.whl.metadata (4.0 kB)
2025-11-07T06:53:29.3508559Z Collecting passlib>=1.7.4 (from passlib[bcrypt]>=1.7.4->-r requirements.txt (line 13))
2025-11-07T06:53:29.3704836Z   Downloading passlib-1.7.4-py2.py3-none-any.whl.metadata (1.7 kB)
2025-11-07T06:53:29.3855497Z Collecting slowapi>=0.1.4 (from -r requirements.txt (line 14))
2025-11-07T06:53:29.4050590Z   Downloading slowapi-0.1.9-py3-none-any.whl.metadata (3.0 kB)
2025-11-07T06:53:29.4263229Z Collecting httpx>=0.24.0 (from -r requirements.txt (line 16))
2025-11-07T06:53:29.4457398Z   Downloading httpx-0.28.1-py3-none-any.whl.metadata (7.1 kB)
2025-11-07T06:53:29.4615534Z Collecting aiofiles<25.0,>=22.0 (from gradio>=4.0.0->-r requirements.txt (line 1))
2025-11-07T06:53:29.4808910Z   Downloading aiofiles-24.1.0-py3-none-any.whl.metadata (10 kB)
2025-11-07T06:53:29.5052231Z Collecting anyio<5.0,>=3.0 (from gradio>=4.0.0->-r requirements.txt (line 1))
2025-11-07T06:53:29.5247059Z   Downloading anyio-4.11.0-py3-none-any.whl.metadata (4.1 kB)
2025-11-07T06:53:29.5648219Z Collecting brotli>=1.1.0 (from gradio>=4.0.0->-r requirements.txt (line 1))
2025-11-07T06:53:29.5846978Z   Downloading brotli-1.2.0-cp310-cp310-manylinux2014_x86_64.manylinux_2_17_x86_64.whl.metadata (6.1 kB)
2025-11-07T06:53:29.6221860Z Collecting ffmpy (from gradio>=4.0.0->-r requirements.txt (line 1))
2025-11-07T06:53:29.6417011Z   Downloading ffmpy-0.6.4-py3-none-any.whl.metadata (2.9 kB)
2025-11-07T06:53:29.6695844Z Collecting gradio-client==1.13.3 (from gradio>=4.0.0->-r requirements.txt (line 1))
2025-11-07T06:53:29.6891307Z   Downloading gradio_client-1.13.3-py3-none-any.whl.metadata (7.1 kB)
2025-11-07T06:53:29.7043884Z Collecting groovy~=0.1 (from gradio>=4.0.0->-r requirements.txt (line 1))
2025-11-07T06:53:29.7239096Z   Downloading groovy-0.1.2-py3-none-any.whl.metadata (6.1 kB)
2025-11-07T06:53:29.7801789Z Collecting huggingface-hub<2.0,>=0.33.5 (from gradio>=4.0.0->-r requirements.txt (line 1))
2025-11-07T06:53:29.7998933Z   Downloading huggingface_hub-1.1.2-py3-none-any.whl.metadata (13 kB)
2025-11-07T06:53:29.8413139Z Collecting jinja2<4.0 (from gradio>=4.0.0->-r requirements.txt (line 1))
2025-11-07T06:53:29.8607722Z   Downloading jinja2-3.1.6-py3-none-any.whl.metadata (2.9 kB)
2025-11-07T06:53:29.9279307Z Collecting markupsafe<4.0,>=2.0 (from gradio>=4.0.0->-r requirements.txt (line 1))
2025-11-07T06:53:29.9480284Z   Downloading markupsafe-3.0.3-cp310-cp310-manylinux2014_x86_64.manylinux_2_17_x86_64.manylinux_2_28_x86_64.whl.metadata (2.7 kB)
2025-11-07T06:53:30.3051591Z Collecting orjson~=3.0 (from gradio>=4.0.0->-r requirements.txt (line 1))
2025-11-07T06:53:30.3252462Z   Downloading orjson-3.11.4-cp310-cp310-manylinux_2_17_x86_64.manylinux2014_x86_64.whl.metadata (41 kB)
2025-11-07T06:53:30.3495845Z Collecting packaging (from gradio>=4.0.0->-r requirements.txt (line 1))
2025-11-07T06:53:30.3690443Z   Downloading packaging-25.0-py3-none-any.whl.metadata (3.3 kB)
2025-11-07T06:53:30.6152567Z Collecting pillow<12.0,>=8.0 (from gradio>=4.0.0->-r requirements.txt (line 1))
2025-11-07T06:53:30.6350176Z   Downloading pillow-11.3.0-cp310-cp310-manylinux_2_27_x86_64.manylinux_2_28_x86_64.whl.metadata (9.0 kB)
2025-11-07T06:53:30.6631522Z Collecting pydantic>=2.4.0 (from -r requirements.txt (line 10))
2025-11-07T06:53:30.6828429Z   Downloading pydantic-2.11.10-py3-none-any.whl.metadata (68 kB)
2025-11-07T06:53:30.7062830Z Collecting pydub (from gradio>=4.0.0->-r requirements.txt (line 1))
2025-11-07T06:53:30.7258334Z   Downloading pydub-0.25.1-py2.py3-none-any.whl.metadata (1.4 kB)
2025-11-07T06:53:30.7391352Z Collecting python-multipart>=0.0.18 (from gradio>=4.0.0->-r requirements.txt (line 1))
2025-11-07T06:53:30.7586426Z   Downloading python_multipart-0.0.20-py3-none-any.whl.metadata (1.8 kB)
2025-11-07T06:53:30.8033209Z Collecting pyyaml<7.0,>=5.0 (from gradio>=4.0.0->-r requirements.txt (line 1))
2025-11-07T06:53:30.8231493Z   Downloading pyyaml-6.0.3-cp310-cp310-manylinux2014_x86_64.manylinux_2_17_x86_64.manylinux_2_28_x86_64.whl.metadata (2.4 kB)
2025-11-07T06:53:31.2849416Z Collecting ruff>=0.9.3 (from gradio>=4.0.0->-r requirements.txt (line 1))
2025-11-07T06:53:31.3047635Z   Downloading ruff-0.14.4-py3-none-manylinux_2_17_x86_64.manylinux2014_x86_64.whl.metadata (25 kB)
2025-11-07T06:53:31.3184198Z Collecting safehttpx<0.2.0,>=0.1.6 (from gradio>=4.0.0->-r requirements.txt (line 1))
2025-11-07T06:53:31.3377888Z   Downloading safehttpx-0.1.7-py3-none-any.whl.metadata (4.2 kB)
2025-11-07T06:53:31.3542204Z Collecting semantic-version~=2.0 (from gradio>=4.0.0->-r requirements.txt (line 1))
2025-11-07T06:53:31.3740106Z   Downloading semantic_version-2.10.0-py2.py3-none-any.whl.metadata (9.7 kB)
2025-11-07T06:53:31.4119572Z Collecting starlette<1.0,>=0.40.0 (from gradio>=4.0.0->-r requirements.txt (line 1))
2025-11-07T06:53:31.4313106Z   Downloading starlette-0.50.0-py3-none-any.whl.metadata (6.3 kB)
2025-11-07T06:53:31.4525376Z Collecting tomlkit<0.14.0,>=0.12.0 (from gradio>=4.0.0->-r requirements.txt (line 1))
2025-11-07T06:53:31.4719067Z   Downloading tomlkit-0.13.3-py3-none-any.whl.metadata (2.8 kB)
2025-11-07T06:53:31.4950003Z Collecting typer<1.0,>=0.12 (from gradio>=4.0.0->-r requirements.txt (line 1))
2025-11-07T06:53:31.5169931Z   Downloading typer-0.20.0-py3-none-any.whl.metadata (16 kB)
2025-11-07T06:53:31.5402487Z Collecting typing-extensions~=4.0 (from gradio>=4.0.0->-r requirements.txt (line 1))
2025-11-07T06:53:31.5596987Z   Downloading typing_extensions-4.15.0-py3-none-any.whl.metadata (3.3 kB)
2025-11-07T06:53:31.5960492Z Collecting fsspec (from gradio-client==1.13.3->gradio>=4.0.0->-r requirements.txt (line 1))
2025-11-07T06:53:31.6155460Z   Downloading fsspec-2025.10.0-py3-none-any.whl.metadata (10 kB)
2025-11-07T06:53:31.7745980Z Collecting websockets<16.0,>=13.0 (from gradio-client==1.13.3->gradio>=4.0.0->-r requirements.txt (line 1))
2025-11-07T06:53:31.7942493Z   Downloading websockets-15.0.1-cp310-cp310-manylinux_2_5_x86_64.manylinux1_x86_64.manylinux_2_17_x86_64.manylinux2014_x86_64.whl.metadata (6.8 kB)
2025-11-07T06:53:31.8239460Z Collecting python-dateutil>=2.8.2 (from pandas>=1.5.0->-r requirements.txt (line 7))
2025-11-07T06:53:31.8433417Z   Downloading python_dateutil-2.9.0.post0-py2.py3-none-any.whl.metadata (8.4 kB)
2025-11-07T06:53:31.8884815Z Collecting pytz>=2020.1 (from pandas>=1.5.0->-r requirements.txt (line 7))
2025-11-07T06:53:31.9079543Z   Downloading pytz-2025.2-py2.py3-none-any.whl.metadata (22 kB)
2025-11-07T06:53:31.9235334Z Collecting tzdata>=2022.7 (from pandas>=1.5.0->-r requirements.txt (line 7))
2025-11-07T06:53:31.9429341Z   Downloading tzdata-2025.2-py2.py3-none-any.whl.metadata (1.4 kB)
2025-11-07T06:53:31.9636928Z Collecting starlette<1.0,>=0.40.0 (from gradio>=4.0.0->-r requirements.txt (line 1))
2025-11-07T06:53:31.9831423Z   Downloading starlette-0.49.3-py3-none-any.whl.metadata (6.4 kB)
2025-11-07T06:53:32.0537324Z Collecting annotated-doc>=0.0.2 (from fastapi>=0.104.0->-r requirements.txt (line 8))
2025-11-07T06:53:32.0733893Z   Downloading annotated_doc-0.0.3-py3-none-any.whl.metadata (6.6 kB)
2025-11-07T06:53:32.0880790Z Collecting annotated-types>=0.6.0 (from pydantic>=2.4.0->-r requirements.txt (line 10))
2025-11-07T06:53:32.1075522Z   Downloading annotated_types-0.7.0-py3-none-any.whl.metadata (15 kB)
2025-11-07T06:53:32.9711640Z Collecting pydantic-core==2.33.2 (from pydantic>=2.4.0->-r requirements.txt (line 10))
2025-11-07T06:53:32.9910832Z   Downloading pydantic_core-2.33.2-cp310-cp310-manylinux_2_17_x86_64.manylinux2014_x86_64.whl.metadata (6.8 kB)
2025-11-07T06:53:33.0104240Z Collecting typing-inspection>=0.4.0 (from pydantic>=2.4.0->-r requirements.txt (line 10))
2025-11-07T06:53:33.0298806Z   Downloading typing_inspection-0.4.2-py3-none-any.whl.metadata (2.6 kB)
2025-11-07T06:53:33.0637039Z Collecting certifi (from httpx>=0.24.0->-r requirements.txt (line 16))
2025-11-07T06:53:33.0832602Z   Downloading certifi-2025.10.5-py3-none-any.whl.metadata (2.5 kB)
2025-11-07T06:53:33.1061372Z Collecting httpcore==1.* (from httpx>=0.24.0->-r requirements.txt (line 16))
2025-11-07T06:53:33.1254419Z   Downloading httpcore-1.0.9-py3-none-any.whl.metadata (21 kB)
2025-11-07T06:53:33.1422201Z Collecting idna (from httpx>=0.24.0->-r requirements.txt (line 16))
2025-11-07T06:53:33.1616514Z   Downloading idna-3.11-py3-none-any.whl.metadata (8.4 kB)
2025-11-07T06:53:33.1785564Z Collecting exceptiongroup>=1.0.2 (from anyio<5.0,>=3.0->gradio>=4.0.0->-r requirements.txt (line 1))
2025-11-07T06:53:33.1980039Z   Downloading exceptiongroup-1.3.0-py3-none-any.whl.metadata (6.7 kB)
2025-11-07T06:53:33.2115579Z Collecting sniffio>=1.1 (from anyio<5.0,>=3.0->gradio>=4.0.0->-r requirements.txt (line 1))
2025-11-07T06:53:33.2309061Z   Downloading sniffio-1.3.1-py3-none-any.whl.metadata (3.9 kB)
2025-11-07T06:53:33.2552795Z Collecting h11>=0.16 (from httpcore==1.*->httpx>=0.24.0->-r requirements.txt (line 16))
2025-11-07T06:53:33.2746270Z   Downloading h11-0.16.0-py3-none-any.whl.metadata (8.3 kB)
2025-11-07T06:53:33.2974187Z Collecting filelock (from huggingface-hub<2.0,>=0.33.5->gradio>=4.0.0->-r requirements.txt (line 1))
2025-11-07T06:53:33.3167220Z   Downloading filelock-3.20.0-py3-none-any.whl.metadata (2.1 kB)
2025-11-07T06:53:33.3672388Z Collecting hf-xet<2.0.0,>=1.2.0 (from huggingface-hub<2.0,>=0.33.5->gradio>=4.0.0->-r requirements.txt (line 1))
2025-11-07T06:53:33.3867653Z   Downloading hf_xet-1.2.0-cp37-abi3-manylinux_2_17_x86_64.manylinux2014_x86_64.whl.metadata (4.9 kB)
2025-11-07T06:53:33.4141131Z Collecting shellingham (from huggingface-hub<2.0,>=0.33.5->gradio>=4.0.0->-r requirements.txt (line 1))
2025-11-07T06:53:33.4335952Z   Downloading shellingham-1.5.4-py2.py3-none-any.whl.metadata (3.5 kB)
2025-11-07T06:53:33.4722871Z Collecting tqdm>=4.42.1 (from huggingface-hub<2.0,>=0.33.5->gradio>=4.0.0->-r requirements.txt (line 1))
2025-11-07T06:53:33.4985934Z   Downloading tqdm-4.67.1-py3-none-any.whl.metadata (57 kB)
2025-11-07T06:53:33.5200179Z Collecting typer-slim (from huggingface-hub<2.0,>=0.33.5->gradio>=4.0.0->-r requirements.txt (line 1))
2025-11-07T06:53:33.5394959Z   Downloading typer_slim-0.20.0-py3-none-any.whl.metadata (16 kB)
2025-11-07T06:53:33.5995370Z Collecting click>=8.0.0 (from typer<1.0,>=0.12->gradio>=4.0.0->-r requirements.txt (line 1))
2025-11-07T06:53:33.6188313Z   Downloading click-8.3.0-py3-none-any.whl.metadata (2.6 kB)
2025-11-07T06:53:33.7420149Z Collecting rich>=10.11.0 (from typer<1.0,>=0.12->gradio>=4.0.0->-r requirements.txt (line 1))
2025-11-07T06:53:33.7618468Z   Downloading rich-14.2.0-py3-none-any.whl.metadata (18 kB)
2025-11-07T06:53:33.8362428Z Collecting narwhals>=1.15.1 (from plotly>=5.0.0->-r requirements.txt (line 2))
2025-11-07T06:53:33.8600547Z   Downloading narwhals-2.10.2-py3-none-any.whl.metadata (11 kB)
2025-11-07T06:53:33.9105017Z Collecting marshmallow<4.0.0,>=3.18.0 (from dataclasses-json>=0.5.7->-r requirements.txt (line 4))
2025-11-07T06:53:33.9301303Z   Downloading marshmallow-3.26.1-py3-none-any.whl.metadata (7.3 kB)
2025-11-07T06:53:33.9446493Z Collecting typing-inspect<1,>=0.4.0 (from dataclasses-json>=0.5.7->-r requirements.txt (line 4))
2025-11-07T06:53:33.9643726Z   Downloading typing_inspect-0.9.0-py3-none-any.whl.metadata (1.5 kB)
2025-11-07T06:53:33.9828087Z Collecting mypy-extensions>=0.3.0 (from typing-inspect<1,>=0.4.0->dataclasses-json>=0.5.7->-r requirements.txt (line 4))
2025-11-07T06:53:34.0023386Z   Downloading mypy_extensions-1.1.0-py3-none-any.whl.metadata (1.1 kB)
2025-11-07T06:53:34.0539986Z Collecting multitasking>=0.0.7 (from yfinance>=0.2.0->-r requirements.txt (line 5))
2025-11-07T06:53:34.0737147Z   Downloading multitasking-0.0.12.tar.gz (19 kB)
2025-11-07T06:53:34.0827414Z   Installing build dependencies: started
2025-11-07T06:53:35.0810361Z   Installing build dependencies: finished with status 'done'
2025-11-07T06:53:35.0817911Z   Getting requirements to build wheel: started
2025-11-07T06:53:35.4312668Z   Getting requirements to build wheel: finished with status 'done'
2025-11-07T06:53:35.4321619Z   Preparing metadata (pyproject.toml): started
2025-11-07T06:53:35.6090664Z   Preparing metadata (pyproject.toml): finished with status 'done'
2025-11-07T06:53:35.6308991Z Collecting platformdirs>=2.0.0 (from yfinance>=0.2.0->-r requirements.txt (line 5))
2025-11-07T06:53:35.6503549Z   Downloading platformdirs-4.5.0-py3-none-any.whl.metadata (12 kB)
2025-11-07T06:53:35.7043402Z Collecting frozendict>=2.3.4 (from yfinance>=0.2.0->-r requirements.txt (line 5))
2025-11-07T06:53:35.7257438Z   Downloading frozendict-2.4.6-cp310-cp310-manylinux_2_17_x86_64.manylinux2014_x86_64.whl.metadata (23 kB)
2025-11-07T06:53:35.7492422Z Collecting peewee>=3.16.2 (from yfinance>=0.2.0->-r requirements.txt (line 5))
2025-11-07T06:53:35.7686259Z   Downloading peewee-3.18.3.tar.gz (3.0 MB)
2025-11-07T06:53:35.8508182Z      ━━━━━━━━━━━━━━━━━━━━━━━━━━━━━━━━━━━━━━━━ 3.0/3.0 MB 47.0 MB/s  0:00:00
2025-11-07T06:53:36.0295378Z   Installing build dependencies: started
2025-11-07T06:53:36.9419294Z   Installing build dependencies: finished with status 'done'
2025-11-07T06:53:36.9425988Z   Getting requirements to build wheel: started
2025-11-07T06:53:37.3786184Z   Getting requirements to build wheel: finished with status 'done'
2025-11-07T06:53:37.3795787Z   Preparing metadata (pyproject.toml): started
2025-11-07T06:53:37.5924545Z   Preparing metadata (pyproject.toml): finished with status 'done'
2025-11-07T06:53:37.6111378Z Collecting beautifulsoup4>=4.11.1 (from yfinance>=0.2.0->-r requirements.txt (line 5))
2025-11-07T06:53:37.6305443Z   Downloading beautifulsoup4-4.14.2-py3-none-any.whl.metadata (3.8 kB)
2025-11-07T06:53:37.6850043Z Collecting curl_cffi>=0.7 (from yfinance>=0.2.0->-r requirements.txt (line 5))
2025-11-07T06:53:37.7045026Z   Downloading curl_cffi-0.13.0-cp39-abi3-manylinux_2_17_x86_64.manylinux2014_x86_64.whl.metadata (13 kB)
2025-11-07T06:53:37.9023617Z Collecting protobuf>=3.19.0 (from yfinance>=0.2.0->-r requirements.txt (line 5))
2025-11-07T06:53:37.9221968Z   Downloading protobuf-6.33.0-cp39-abi3-manylinux2014_x86_64.whl.metadata (593 bytes)
2025-11-07T06:53:38.0227017Z Collecting charset_normalizer<4,>=2 (from requests>=2.28.0->-r requirements.txt (line 6))
2025-11-07T06:53:38.0424738Z   Downloading charset_normalizer-3.4.4-cp310-cp310-manylinux2014_x86_64.manylinux_2_17_x86_64.manylinux_2_28_x86_64.whl.metadata (37 kB)
2025-11-07T06:53:38.0793951Z Collecting urllib3<3,>=1.21.1 (from requests>=2.28.0->-r requirements.txt (line 6))
2025-11-07T06:53:38.0987846Z   Downloading urllib3-2.5.0-py3-none-any.whl.metadata (6.5 kB)
2025-11-07T06:53:38.1629029Z Collecting limits>=2.3 (from slowapi>=0.1.4->-r requirements.txt (line 14))
2025-11-07T06:53:38.1824672Z   Downloading limits-5.6.0-py3-none-any.whl.metadata (10 kB)
2025-11-07T06:53:38.2085212Z Collecting soupsieve>1.2 (from beautifulsoup4>=4.11.1->yfinance>=0.2.0->-r requirements.txt (line 5))
2025-11-07T06:53:38.2277410Z   Downloading soupsieve-2.8-py3-none-any.whl.metadata (4.6 kB)
2025-11-07T06:53:38.3613751Z Collecting cffi>=1.12.0 (from curl_cffi>=0.7->yfinance>=0.2.0->-r requirements.txt (line 5))
2025-11-07T06:53:38.3811553Z   Downloading cffi-2.0.0-cp310-cp310-manylinux2014_x86_64.manylinux_2_17_x86_64.whl.metadata (2.6 kB)
2025-11-07T06:53:38.4002253Z Collecting pycparser (from cffi>=1.12.0->curl_cffi>=0.7->yfinance>=0.2.0->-r requirements.txt (line 5))
2025-11-07T06:53:38.4195372Z   Downloading pycparser-2.23-py3-none-any.whl.metadata (993 bytes)
2025-11-07T06:53:38.4434831Z Collecting deprecated>=1.2 (from limits>=2.3->slowapi>=0.1.4->-r requirements.txt (line 14))
2025-11-07T06:53:38.4630520Z   Downloading deprecated-1.3.1-py2.py3-none-any.whl.metadata (5.9 kB)
2025-11-07T06:53:38.6379084Z Collecting wrapt<3,>=1.10 (from deprecated>=1.2->limits>=2.3->slowapi>=0.1.4->-r requirements.txt (line 14))
2025-11-07T06:53:38.7508625Z   Downloading wrapt-2.0.1-cp310-cp310-manylinux1_x86_64.manylinux_2_28_x86_64.manylinux_2_5_x86_64.whl.metadata (9.0 kB)
2025-11-07T06:53:38.8132837Z Collecting bcrypt>=3.1.0 (from passlib[bcrypt]>=1.7.4->-r requirements.txt (line 13))
2025-11-07T06:53:38.8328910Z   Downloading bcrypt-5.0.0-cp39-abi3-manylinux_2_34_x86_64.whl.metadata (10 kB)
2025-11-07T06:53:38.8573768Z Collecting six>=1.5 (from python-dateutil>=2.8.2->pandas>=1.5.0->-r requirements.txt (line 7))
2025-11-07T06:53:38.8768115Z   Downloading six-1.17.0-py2.py3-none-any.whl.metadata (1.7 kB)
2025-11-07T06:53:38.8974518Z Collecting markdown-it-py>=2.2.0 (from rich>=10.11.0->typer<1.0,>=0.12->gradio>=4.0.0->-r requirements.txt (line 1))
2025-11-07T06:53:38.9170535Z   Downloading markdown_it_py-4.0.0-py3-none-any.whl.metadata (7.3 kB)
2025-11-07T06:53:38.9479118Z Collecting pygments<3.0.0,>=2.13.0 (from rich>=10.11.0->typer<1.0,>=0.12->gradio>=4.0.0->-r requirements.txt (line 1))
2025-11-07T06:53:38.9673640Z   Downloading pygments-2.19.2-py3-none-any.whl.metadata (2.5 kB)
2025-11-07T06:53:38.9827021Z Collecting mdurl~=0.1 (from markdown-it-py>=2.2.0->rich>=10.11.0->typer<1.0,>=0.12->gradio>=4.0.0->-r requirements.txt (line 1))
2025-11-07T06:53:39.0019585Z   Downloading mdurl-0.1.2-py3-none-any.whl.metadata (1.6 kB)
2025-11-07T06:53:39.0709701Z Collecting httptools>=0.6.3 (from uvicorn[standard]>=0.24.0->-r requirements.txt (line 9))
2025-11-07T06:53:39.0904071Z   Downloading httptools-0.7.1-cp310-cp310-manylinux1_x86_64.manylinux_2_28_x86_64.manylinux_2_5_x86_64.whl.metadata (3.5 kB)
2025-11-07T06:53:39.1093367Z Collecting python-dotenv>=0.13 (from uvicorn[standard]>=0.24.0->-r requirements.txt (line 9))
2025-11-07T06:53:39.1286217Z   Downloading python_dotenv-1.2.1-py3-none-any.whl.metadata (25 kB)
2025-11-07T06:53:39.1776255Z Collecting uvloop>=0.15.1 (from uvicorn[standard]>=0.24.0->-r requirements.txt (line 9))
2025-11-07T06:53:39.1971653Z   Downloading uvloop-0.22.1-cp310-cp310-manylinux2014_x86_64.manylinux_2_17_x86_64.manylinux_2_28_x86_64.whl.metadata (4.9 kB)
2025-11-07T06:53:39.2911542Z Collecting watchfiles>=0.13 (from uvicorn[standard]>=0.24.0->-r requirements.txt (line 9))
2025-11-07T06:53:39.3107726Z   Downloading watchfiles-1.1.1-cp310-cp310-manylinux_2_17_x86_64.manylinux2014_x86_64.whl.metadata (4.9 kB)
2025-11-07T06:53:39.3632292Z Downloading gradio-5.49.1-py3-none-any.whl (63.5 MB)
2025-11-07T06:53:39.7753284Z    ━━━━━━━━━━━━━━━━━━━━━━━━━━━━━━━━━━━━━━━━ 63.5/63.5 MB 154.8 MB/s  0:00:00
2025-11-07T06:53:39.7951563Z Downloading gradio_client-1.13.3-py3-none-any.whl (325 kB)
2025-11-07T06:53:39.8180260Z Downloading numpy-2.2.6-cp310-cp310-manylinux_2_17_x86_64.manylinux2014_x86_64.whl (16.8 MB)
2025-11-07T06:53:39.9194082Z    ━━━━━━━━━━━━━━━━━━━━━━━━━━━━━━━━━━━━━━━━ 16.8/16.8 MB 169.2 MB/s  0:00:00
2025-11-07T06:53:39.9390037Z Downloading pandas-2.3.3-cp310-cp310-manylinux_2_24_x86_64.manylinux_2_28_x86_64.whl (12.8 MB)
2025-11-07T06:53:40.0135718Z    ━━━━━━━━━━━━━━━━━━━━━━━━━━━━━━━━━━━━━━━━ 12.8/12.8 MB 174.1 MB/s  0:00:00
2025-11-07T06:53:40.0331330Z Downloading fastapi-0.121.0-py3-none-any.whl (109 kB)
2025-11-07T06:53:40.0551375Z Downloading pydantic-2.11.10-py3-none-any.whl (444 kB)
2025-11-07T06:53:40.0785147Z Downloading pydantic_core-2.33.2-cp310-cp310-manylinux_2_17_x86_64.manylinux2014_x86_64.whl (2.0 MB)
2025-11-07T06:53:40.0900035Z    ━━━━━━━━━━━━━━━━━━━━━━━━━━━━━━━━━━━━━━━━ 2.0/2.0 MB 196.5 MB/s  0:00:00
2025-11-07T06:53:40.1094185Z Downloading httpx-0.28.1-py3-none-any.whl (73 kB)
2025-11-07T06:53:40.1312877Z Downloading aiofiles-24.1.0-py3-none-any.whl (15 kB)
2025-11-07T06:53:40.1529458Z Downloading anyio-4.11.0-py3-none-any.whl (109 kB)
2025-11-07T06:53:40.1750084Z Downloading groovy-0.1.2-py3-none-any.whl (14 kB)
2025-11-07T06:53:40.1964112Z Downloading httpcore-1.0.9-py3-none-any.whl (78 kB)
2025-11-07T06:53:40.2202650Z Downloading huggingface_hub-1.1.2-py3-none-any.whl (514 kB)
2025-11-07T06:53:40.2436883Z Downloading hf_xet-1.2.0-cp37-abi3-manylinux_2_17_x86_64.manylinux2014_x86_64.whl (3.3 MB)
2025-11-07T06:53:40.2603123Z    ━━━━━━━━━━━━━━━━━━━━━━━━━━━━━━━━━━━━━━━━ 3.3/3.3 MB 218.2 MB/s  0:00:00
2025-11-07T06:53:40.2797227Z Downloading jinja2-3.1.6-py3-none-any.whl (134 kB)
2025-11-07T06:53:40.3027984Z Downloading markupsafe-3.0.3-cp310-cp310-manylinux2014_x86_64.manylinux_2_17_x86_64.manylinux_2_28_x86_64.whl (20 kB)
2025-11-07T06:53:40.3244375Z Downloading orjson-3.11.4-cp310-cp310-manylinux_2_17_x86_64.manylinux2014_x86_64.whl (136 kB)
2025-11-07T06:53:40.3465835Z Downloading pillow-11.3.0-cp310-cp310-manylinux_2_27_x86_64.manylinux_2_28_x86_64.whl (6.6 MB)
2025-11-07T06:53:40.3834842Z    ━━━━━━━━━━━━━━━━━━━━━━━━━━━━━━━━━━━━━━━━ 6.6/6.6 MB 187.6 MB/s  0:00:00
2025-11-07T06:53:40.4033068Z Downloading pyyaml-6.0.3-cp310-cp310-manylinux2014_x86_64.manylinux_2_17_x86_64.manylinux_2_28_x86_64.whl (770 kB)
2025-11-07T06:53:40.4099814Z    ━━━━━━━━━━━━━━━━━━━━━━━━━━━━━━━━━━━━━━━━ 770.3/770.3 kB 122.7 MB/s  0:00:00
2025-11-07T06:53:40.4295712Z Downloading safehttpx-0.1.7-py3-none-any.whl (9.0 kB)
2025-11-07T06:53:40.4508875Z Downloading semantic_version-2.10.0-py2.py3-none-any.whl (15 kB)
2025-11-07T06:53:40.4733308Z Downloading starlette-0.49.3-py3-none-any.whl (74 kB)
2025-11-07T06:53:40.4953088Z Downloading tomlkit-0.13.3-py3-none-any.whl (38 kB)
2025-11-07T06:53:40.5168258Z Downloading typer-0.20.0-py3-none-any.whl (47 kB)
2025-11-07T06:53:40.5384427Z Downloading typing_extensions-4.15.0-py3-none-any.whl (44 kB)
2025-11-07T06:53:40.5605003Z Downloading websockets-15.0.1-cp310-cp310-manylinux_2_5_x86_64.manylinux1_x86_64.manylinux_2_17_x86_64.manylinux2014_x86_64.whl (181 kB)
2025-11-07T06:53:40.5827518Z Downloading plotly-6.4.0-py3-none-any.whl (9.9 MB)
2025-11-07T06:53:40.6381931Z    ━━━━━━━━━━━━━━━━━━━━━━━━━━━━━━━━━━━━━━━━ 9.9/9.9 MB 182.6 MB/s  0:00:00
2025-11-07T06:53:40.6580258Z Downloading dataclasses_json-0.6.7-py3-none-any.whl (28 kB)
2025-11-07T06:53:40.6794674Z Downloading marshmallow-3.26.1-py3-none-any.whl (50 kB)
2025-11-07T06:53:40.7013909Z Downloading typing_inspect-0.9.0-py3-none-any.whl (8.8 kB)
2025-11-07T06:53:40.7226542Z Downloading yfinance-0.2.66-py2.py3-none-any.whl (123 kB)
2025-11-07T06:53:40.7445907Z Downloading requests-2.32.5-py3-none-any.whl (64 kB)
2025-11-07T06:53:40.7663438Z Downloading charset_normalizer-3.4.4-cp310-cp310-manylinux2014_x86_64.manylinux_2_17_x86_64.manylinux_2_28_x86_64.whl (153 kB)
2025-11-07T06:53:40.7882501Z Downloading idna-3.11-py3-none-any.whl (71 kB)
2025-11-07T06:53:40.8100841Z Downloading urllib3-2.5.0-py3-none-any.whl (129 kB)
2025-11-07T06:53:40.8323416Z Downloading uvicorn-0.38.0-py3-none-any.whl (68 kB)
2025-11-07T06:53:40.8542715Z Downloading PyJWT-2.10.1-py3-none-any.whl (22 kB)
2025-11-07T06:53:40.8779882Z Downloading passlib-1.7.4-py2.py3-none-any.whl (525 kB)
2025-11-07T06:53:40.8843305Z    ━━━━━━━━━━━━━━━━━━━━━━━━━━━━━━━━━━━━━━━━ 525.6/525.6 kB 72.5 MB/s  0:00:00
2025-11-07T06:53:40.9036845Z Downloading slowapi-0.1.9-py3-none-any.whl (14 kB)
2025-11-07T06:53:40.9254840Z Downloading annotated_doc-0.0.3-py3-none-any.whl (5.5 kB)
2025-11-07T06:53:40.9467484Z Downloading annotated_types-0.7.0-py3-none-any.whl (13 kB)
2025-11-07T06:53:40.9682238Z Downloading beautifulsoup4-4.14.2-py3-none-any.whl (106 kB)
2025-11-07T06:53:40.9906955Z Downloading brotli-1.2.0-cp310-cp310-manylinux2014_x86_64.manylinux_2_17_x86_64.whl (1.4 MB)
2025-11-07T06:53:41.0001883Z    ━━━━━━━━━━━━━━━━━━━━━━━━━━━━━━━━━━━━━━━━ 1.4/1.4 MB 170.1 MB/s  0:00:00
2025-11-07T06:53:41.0201476Z Downloading certifi-2025.10.5-py3-none-any.whl (163 kB)
2025-11-07T06:53:41.0420240Z Downloading click-8.3.0-py3-none-any.whl (107 kB)
2025-11-07T06:53:41.0641859Z Downloading curl_cffi-0.13.0-cp39-abi3-manylinux_2_17_x86_64.manylinux2014_x86_64.whl (8.3 MB)
2025-11-07T06:53:41.1127077Z    ━━━━━━━━━━━━━━━━━━━━━━━━━━━━━━━━━━━━━━━━ 8.3/8.3 MB 177.3 MB/s  0:00:00
2025-11-07T06:53:41.1323069Z Downloading cffi-2.0.0-cp310-cp310-manylinux2014_x86_64.manylinux_2_17_x86_64.whl (216 kB)
2025-11-07T06:53:41.1548784Z Downloading exceptiongroup-1.3.0-py3-none-any.whl (16 kB)
2025-11-07T06:53:41.1762883Z Downloading frozendict-2.4.6-cp310-cp310-manylinux_2_17_x86_64.manylinux2014_x86_64.whl (117 kB)
2025-11-07T06:53:41.1983260Z Downloading fsspec-2025.10.0-py3-none-any.whl (200 kB)
2025-11-07T06:53:41.2204372Z Downloading h11-0.16.0-py3-none-any.whl (37 kB)
2025-11-07T06:53:41.2421407Z Downloading limits-5.6.0-py3-none-any.whl (60 kB)
2025-11-07T06:53:41.2638964Z Downloading deprecated-1.3.1-py2.py3-none-any.whl (11 kB)
2025-11-07T06:53:41.2856210Z Downloading wrapt-2.0.1-cp310-cp310-manylinux1_x86_64.manylinux_2_28_x86_64.manylinux_2_5_x86_64.whl (113 kB)
2025-11-07T06:53:41.3074218Z Downloading mypy_extensions-1.1.0-py3-none-any.whl (5.0 kB)
2025-11-07T06:53:41.3290013Z Downloading narwhals-2.10.2-py3-none-any.whl (419 kB)
2025-11-07T06:53:41.3587746Z Downloading packaging-25.0-py3-none-any.whl (66 kB)
2025-11-07T06:53:41.3805866Z Downloading bcrypt-5.0.0-cp39-abi3-manylinux_2_34_x86_64.whl (278 kB)
2025-11-07T06:53:41.4029609Z Downloading platformdirs-4.5.0-py3-none-any.whl (18 kB)
2025-11-07T06:53:41.4245593Z Downloading protobuf-6.33.0-cp39-abi3-manylinux2014_x86_64.whl (323 kB)
2025-11-07T06:53:41.4480905Z Downloading python_dateutil-2.9.0.post0-py2.py3-none-any.whl (229 kB)
2025-11-07T06:53:41.4703689Z Downloading python_multipart-0.0.20-py3-none-any.whl (24 kB)
2025-11-07T06:53:41.4918229Z Downloading pytz-2025.2-py2.py3-none-any.whl (509 kB)
2025-11-07T06:53:41.5146740Z Downloading rich-14.2.0-py3-none-any.whl (243 kB)
2025-11-07T06:53:41.5368533Z Downloading pygments-2.19.2-py3-none-any.whl (1.2 MB)
2025-11-07T06:53:41.5456806Z    ━━━━━━━━━━━━━━━━━━━━━━━━━━━━━━━━━━━━━━━━ 1.2/1.2 MB 155.9 MB/s  0:00:00
2025-11-07T06:53:41.5649560Z Downloading markdown_it_py-4.0.0-py3-none-any.whl (87 kB)
2025-11-07T06:53:41.5868225Z Downloading mdurl-0.1.2-py3-none-any.whl (10.0 kB)
2025-11-07T06:53:41.6084536Z Downloading ruff-0.14.4-py3-none-manylinux_2_17_x86_64.manylinux2014_x86_64.whl (13.4 MB)
2025-11-07T06:53:41.6862649Z    ━━━━━━━━━━━━━━━━━━━━━━━━━━━━━━━━━━━━━━━━ 13.4/13.4 MB 174.5 MB/s  0:00:00
2025-11-07T06:53:41.7057946Z Downloading shellingham-1.5.4-py2.py3-none-any.whl (9.8 kB)
2025-11-07T06:53:41.7272569Z Downloading six-1.17.0-py2.py3-none-any.whl (11 kB)
2025-11-07T06:53:41.7488965Z Downloading sniffio-1.3.1-py3-none-any.whl (10 kB)
2025-11-07T06:53:41.7703725Z Downloading soupsieve-2.8-py3-none-any.whl (36 kB)
2025-11-07T06:53:41.7918418Z Downloading tqdm-4.67.1-py3-none-any.whl (78 kB)
2025-11-07T06:53:41.8133889Z Downloading typing_inspection-0.4.2-py3-none-any.whl (14 kB)
2025-11-07T06:53:41.8346664Z Downloading tzdata-2025.2-py2.py3-none-any.whl (347 kB)
2025-11-07T06:53:41.8575818Z Downloading httptools-0.7.1-cp310-cp310-manylinux1_x86_64.manylinux_2_28_x86_64.manylinux_2_5_x86_64.whl (440 kB)
2025-11-07T06:53:41.8809713Z Downloading python_dotenv-1.2.1-py3-none-any.whl (21 kB)
2025-11-07T06:53:41.9029954Z Downloading uvloop-0.22.1-cp310-cp310-manylinux2014_x86_64.manylinux_2_17_x86_64.manylinux_2_28_x86_64.whl (3.7 MB)
2025-11-07T06:53:41.9205327Z    ━━━━━━━━━━━━━━━━━━━━━━━━━━━━━━━━━━━━━━━━ 3.7/3.7 MB 230.3 MB/s  0:00:00
2025-11-07T06:53:41.9401661Z Downloading watchfiles-1.1.1-cp310-cp310-manylinux_2_17_x86_64.manylinux2014_x86_64.whl (455 kB)
2025-11-07T06:53:41.9631998Z Downloading ffmpy-0.6.4-py3-none-any.whl (5.6 kB)
2025-11-07T06:53:41.9844978Z Downloading filelock-3.20.0-py3-none-any.whl (16 kB)
2025-11-07T06:53:42.0056945Z Downloading pycparser-2.23-py3-none-any.whl (118 kB)
2025-11-07T06:53:42.0276202Z Downloading pydub-0.25.1-py2.py3-none-any.whl (32 kB)
2025-11-07T06:53:42.0492489Z Downloading typer_slim-0.20.0-py3-none-any.whl (47 kB)
2025-11-07T06:53:42.2721375Z Building wheels for collected packages: multitasking, peewee
2025-11-07T06:53:42.2731264Z   Building wheel for multitasking (pyproject.toml): started
2025-11-07T06:53:42.4740820Z   Building wheel for multitasking (pyproject.toml): finished with status 'done'
2025-11-07T06:53:42.4746621Z   Created wheel for multitasking: filename=multitasking-0.0.12-py3-none-any.whl size=15636 sha256=d707f7174cac017fe4992dbfc24ffe3c9704bba8d8d2403179ab14779659642b
2025-11-07T06:53:42.4748652Z   Stored in directory: /home/runner/.cache/pip/wheels/e9/25/85/25d2e1cfc0ece64b930b16972f7e4cc3599c43b531f1eba06d
2025-11-07T06:53:42.4776627Z   Building wheel for peewee (pyproject.toml): started
2025-11-07T06:53:54.4827470Z   Building wheel for peewee (pyproject.toml): finished with status 'done'
2025-11-07T06:53:54.4840665Z   Created wheel for peewee: filename=peewee-3.18.3-cp310-cp310-linux_x86_64.whl size=988834 sha256=10dab7e7586e715e0a5b5cb5d964ed102881d2d5419db1db716b24d23bcef2a9
2025-11-07T06:53:54.4842565Z   Stored in directory: /home/runner/.cache/pip/wheels/3d/96/39/80c50cbf6bd446cdca9dac7d78a1a0d3a1f313859500529f8d
2025-11-07T06:53:54.4860826Z Successfully built multitasking peewee
2025-11-07T06:53:54.7969404Z Installing collected packages: pytz, pydub, peewee, passlib, multitasking, brotli, wrapt, websockets, uvloop, urllib3, tzdata, typing-extensions, tqdm, tomlkit, soupsieve, sniffio, six, shellingham, semantic-version, ruff, pyyaml, python-multipart, python-dotenv, PyJWT, pygments, pycparser, protobuf, platformdirs, pillow, packaging, orjson, numpy, narwhals, mypy-extensions, mdurl, markupsafe, idna, httptools, hf-xet, h11, groovy, fsspec, frozendict, filelock, ffmpy, click, charset_normalizer, certifi, bcrypt, annotated-types, annotated-doc, aiofiles, uvicorn, typing-inspection, typing-inspect, typer-slim, requests, python-dateutil, pydantic-core, plotly, marshmallow, markdown-it-py, jinja2, httpcore, exceptiongroup, deprecated, cffi, beautifulsoup4, rich, pydantic, pandas, limits, dataclasses-json, curl_cffi, anyio, yfinance, watchfiles, typer, starlette, slowapi, httpx, safehttpx, huggingface-hub, fastapi, gradio-client, gradio
2025-11-07T06:54:09.0830489Z 
2025-11-07T06:54:09.0965589Z Successfully installed PyJWT-2.10.1 aiofiles-24.1.0 annotated-doc-0.0.3 annotated-types-0.7.0 anyio-4.11.0 bcrypt-5.0.0 beautifulsoup4-4.14.2 brotli-1.2.0 certifi-2025.10.5 cffi-2.0.0 charset_normalizer-3.4.4 click-8.3.0 curl_cffi-0.13.0 dataclasses-json-0.6.7 deprecated-1.3.1 exceptiongroup-1.3.0 fastapi-0.121.0 ffmpy-0.6.4 filelock-3.20.0 frozendict-2.4.6 fsspec-2025.10.0 gradio-5.49.1 gradio-client-1.13.3 groovy-0.1.2 h11-0.16.0 hf-xet-1.2.0 httpcore-1.0.9 httptools-0.7.1 httpx-0.28.1 huggingface-hub-1.1.2 idna-3.11 jinja2-3.1.6 limits-5.6.0 markdown-it-py-4.0.0 markupsafe-3.0.3 marshmallow-3.26.1 mdurl-0.1.2 multitasking-0.0.12 mypy-extensions-1.1.0 narwhals-2.10.2 numpy-2.2.6 orjson-3.11.4 packaging-25.0 pandas-2.3.3 passlib-1.7.4 peewee-3.18.3 pillow-11.3.0 platformdirs-4.5.0 plotly-6.4.0 protobuf-6.33.0 pycparser-2.23 pydantic-2.11.10 pydantic-core-2.33.2 pydub-0.25.1 pygments-2.19.2 python-dateutil-2.9.0.post0 python-dotenv-1.2.1 python-multipart-0.0.20 pytz-2025.2 pyyaml-6.0.3 requests-2.32.5 rich-14.2.0 ruff-0.14.4 safehttpx-0.1.7 semantic-version-2.10.0 shellingham-1.5.4 six-1.17.0 slowapi-0.1.9 sniffio-1.3.1 soupsieve-2.8 starlette-0.49.3 tomlkit-0.13.3 tqdm-4.67.1 typer-0.20.0 typer-slim-0.20.0 typing-extensions-4.15.0 typing-inspect-0.9.0 typing-inspection-0.4.2 tzdata-2025.2 urllib3-2.5.0 uvicorn-0.38.0 uvloop-0.22.1 watchfiles-1.1.1 websockets-15.0.1 wrapt-2.0.1 yfinance-0.2.66
2025-11-07T06:54:10.2900414Z Collecting pytest>=7.0.0 (from -r requirements-dev.txt (line 2))
2025-11-07T06:54:10.3930083Z   Downloading pytest-8.4.2-py3-none-any.whl.metadata (7.7 kB)
2025-11-07T06:54:10.4129589Z Collecting pytest-cov>=4.0.0 (from -r requirements-dev.txt (line 3))
2025-11-07T06:54:10.4324706Z   Downloading pytest_cov-7.0.0-py3-none-any.whl.metadata (31 kB)
2025-11-07T06:54:10.4799918Z Collecting pytest-asyncio>=0.21.0 (from -r requirements-dev.txt (line 4))
2025-11-07T06:54:10.4997751Z   Downloading pytest_asyncio-1.2.0-py3-none-any.whl.metadata (4.1 kB)
2025-11-07T06:54:10.5246647Z Collecting flake8>=6.0.0 (from -r requirements-dev.txt (line 5))
2025-11-07T06:54:10.5441428Z   Downloading flake8-7.3.0-py2.py3-none-any.whl.metadata (3.8 kB)
2025-11-07T06:54:10.5882213Z Collecting pylint>=2.17.0 (from -r requirements-dev.txt (line 6))
2025-11-07T06:54:10.6075284Z   Downloading pylint-4.0.2-py3-none-any.whl.metadata (12 kB)
2025-11-07T06:54:10.7330017Z Collecting mypy>=1.0.0 (from -r requirements-dev.txt (line 7))
2025-11-07T06:54:10.7527879Z   Downloading mypy-1.18.2-cp310-cp310-manylinux2014_x86_64.manylinux_2_17_x86_64.manylinux_2_28_x86_64.whl.metadata (2.2 kB)
2025-11-07T06:54:10.8116851Z Collecting black>=23.0.0 (from -r requirements-dev.txt (line 8))
2025-11-07T06:54:10.8328842Z   Downloading black-25.9.0-cp310-cp310-manylinux_2_17_x86_64.manylinux2014_x86_64.manylinux_2_28_x86_64.whl.metadata (83 kB)
2025-11-07T06:54:10.9020130Z Collecting isort>=5.12.0 (from -r requirements-dev.txt (line 9))
2025-11-07T06:54:10.9220283Z   Downloading isort-7.0.0-py3-none-any.whl.metadata (11 kB)
2025-11-07T06:54:11.0864808Z Collecting pre-commit>=3.0.0 (from -r requirements-dev.txt (line 10))
2025-11-07T06:54:11.1061786Z   Downloading pre_commit-4.3.0-py2.py3-none-any.whl.metadata (1.2 kB)
2025-11-07T06:54:11.1106153Z Requirement already satisfied: exceptiongroup>=1 in /opt/hostedtoolcache/Python/3.10.19/x64/lib/python3.10/site-packages (from pytest>=7.0.0->-r requirements-dev.txt (line 2)) (1.3.0)
2025-11-07T06:54:11.1185782Z Collecting iniconfig>=1 (from pytest>=7.0.0->-r requirements-dev.txt (line 2))
2025-11-07T06:54:11.1380223Z   Downloading iniconfig-2.3.0-py3-none-any.whl.metadata (2.5 kB)
2025-11-07T06:54:11.1410563Z Requirement already satisfied: packaging>=20 in /opt/hostedtoolcache/Python/3.10.19/x64/lib/python3.10/site-packages (from pytest>=7.0.0->-r requirements-dev.txt (line 2)) (25.0)
2025-11-07T06:54:11.1517010Z Collecting pluggy<2,>=1.5 (from pytest>=7.0.0->-r requirements-dev.txt (line 2))
2025-11-07T06:54:11.1713593Z   Downloading pluggy-1.6.0-py3-none-any.whl.metadata (4.8 kB)
2025-11-07T06:54:11.1753304Z Requirement already satisfied: pygments>=2.7.2 in /opt/hostedtoolcache/Python/3.10.19/x64/lib/python3.10/site-packages (from pytest>=7.0.0->-r requirements-dev.txt (line 2)) (2.19.2)
2025-11-07T06:54:11.1913331Z Collecting tomli>=1 (from pytest>=7.0.0->-r requirements-dev.txt (line 2))
2025-11-07T06:54:11.2109162Z   Downloading tomli-2.3.0-py3-none-any.whl.metadata (10 kB)
2025-11-07T06:54:11.6174645Z Collecting coverage>=7.10.6 (from coverage[toml]>=7.10.6->pytest-cov>=4.0.0->-r requirements-dev.txt (line 3))
2025-11-07T06:54:11.6373908Z   Downloading coverage-7.11.0-cp310-cp310-manylinux1_x86_64.manylinux_2_28_x86_64.manylinux_2_5_x86_64.whl.metadata (9.0 kB)
2025-11-07T06:54:11.6532492Z Collecting backports-asyncio-runner<2,>=1.1 (from pytest-asyncio>=0.21.0->-r requirements-dev.txt (line 4))
2025-11-07T06:54:11.6728823Z   Downloading backports_asyncio_runner-1.2.0-py3-none-any.whl.metadata (7.5 kB)
2025-11-07T06:54:11.6868320Z Requirement already satisfied: typing-extensions>=4.12 in /opt/hostedtoolcache/Python/3.10.19/x64/lib/python3.10/site-packages (from pytest-asyncio>=0.21.0->-r requirements-dev.txt (line 4)) (4.15.0)
2025-11-07T06:54:11.6962578Z Collecting mccabe<0.8.0,>=0.7.0 (from flake8>=6.0.0->-r requirements-dev.txt (line 5))
2025-11-07T06:54:11.7160572Z   Downloading mccabe-0.7.0-py2.py3-none-any.whl.metadata (5.0 kB)
2025-11-07T06:54:11.7288215Z Collecting pycodestyle<2.15.0,>=2.14.0 (from flake8>=6.0.0->-r requirements-dev.txt (line 5))
2025-11-07T06:54:11.7483746Z   Downloading pycodestyle-2.14.0-py2.py3-none-any.whl.metadata (4.5 kB)
2025-11-07T06:54:11.7628492Z Collecting pyflakes<3.5.0,>=3.4.0 (from flake8>=6.0.0->-r requirements-dev.txt (line 5))
2025-11-07T06:54:11.7822126Z   Downloading pyflakes-3.4.0-py2.py3-none-any.whl.metadata (3.5 kB)
2025-11-07T06:54:11.8220032Z Collecting astroid<=4.1.dev0,>=4.0.1 (from pylint>=2.17.0->-r requirements-dev.txt (line 6))
2025-11-07T06:54:11.8413130Z   Downloading astroid-4.0.1-py3-none-any.whl.metadata (4.4 kB)
2025-11-07T06:54:11.8576914Z Collecting dill>=0.2 (from pylint>=2.17.0->-r requirements-dev.txt (line 6))
2025-11-07T06:54:11.8796966Z   Downloading dill-0.4.0-py3-none-any.whl.metadata (10 kB)
2025-11-07T06:54:11.8987119Z Requirement already satisfied: platformdirs>=2.2 in /opt/hostedtoolcache/Python/3.10.19/x64/lib/python3.10/site-packages (from pylint>=2.17.0->-r requirements-dev.txt (line 6)) (4.5.0)
2025-11-07T06:54:11.9023810Z Requirement already satisfied: tomlkit>=0.10.1 in /opt/hostedtoolcache/Python/3.10.19/x64/lib/python3.10/site-packages (from pylint>=2.17.0->-r requirements-dev.txt (line 6)) (0.13.3)
2025-11-07T06:54:11.9057513Z Requirement already satisfied: mypy_extensions>=1.0.0 in /opt/hostedtoolcache/Python/3.10.19/x64/lib/python3.10/site-packages (from mypy>=1.0.0->-r requirements-dev.txt (line 7)) (1.1.0)
2025-11-07T06:54:11.9158895Z Collecting pathspec>=0.9.0 (from mypy>=1.0.0->-r requirements-dev.txt (line 7))
2025-11-07T06:54:11.9352741Z   Downloading pathspec-0.12.1-py3-none-any.whl.metadata (21 kB)
2025-11-07T06:54:11.9401468Z Requirement already satisfied: click>=8.0.0 in /opt/hostedtoolcache/Python/3.10.19/x64/lib/python3.10/site-packages (from black>=23.0.0->-r requirements-dev.txt (line 8)) (8.3.0)
2025-11-07T06:54:11.9508769Z Collecting pytokens>=0.1.10 (from black>=23.0.0->-r requirements-dev.txt (line 8))
2025-11-07T06:54:11.9726485Z   Downloading pytokens-0.3.0-py3-none-any.whl.metadata (2.0 kB)
2025-11-07T06:54:11.9925818Z Collecting cfgv>=2.0.0 (from pre-commit>=3.0.0->-r requirements-dev.txt (line 10))
2025-11-07T06:54:12.0120365Z   Downloading cfgv-3.4.0-py2.py3-none-any.whl.metadata (8.5 kB)
2025-11-07T06:54:12.0640168Z Collecting identify>=1.0.0 (from pre-commit>=3.0.0->-r requirements-dev.txt (line 10))
2025-11-07T06:54:12.0867465Z   Downloading identify-2.6.15-py2.py3-none-any.whl.metadata (4.4 kB)
2025-11-07T06:54:12.1035605Z Collecting nodeenv>=0.11.1 (from pre-commit>=3.0.0->-r requirements-dev.txt (line 10))
2025-11-07T06:54:12.1230597Z   Downloading nodeenv-1.9.1-py2.py3-none-any.whl.metadata (21 kB)
2025-11-07T06:54:12.1268638Z Requirement already satisfied: pyyaml>=5.1 in /opt/hostedtoolcache/Python/3.10.19/x64/lib/python3.10/site-packages (from pre-commit>=3.0.0->-r requirements-dev.txt (line 10)) (6.0.3)
2025-11-07T06:54:12.1766435Z Collecting virtualenv>=20.10.0 (from pre-commit>=3.0.0->-r requirements-dev.txt (line 10))
2025-11-07T06:54:12.1962081Z   Downloading virtualenv-20.35.4-py3-none-any.whl.metadata (4.6 kB)
2025-11-07T06:54:12.2338556Z Collecting distlib<1,>=0.3.7 (from virtualenv>=20.10.0->pre-commit>=3.0.0->-r requirements-dev.txt (line 10))
2025-11-07T06:54:12.2533173Z   Downloading distlib-0.4.0-py2.py3-none-any.whl.metadata (5.2 kB)
2025-11-07T06:54:12.2563756Z Requirement already satisfied: filelock<4,>=3.12.2 in /opt/hostedtoolcache/Python/3.10.19/x64/lib/python3.10/site-packages (from virtualenv>=20.10.0->pre-commit>=3.0.0->-r requirements-dev.txt (line 10)) (3.20.0)
2025-11-07T06:54:12.2785280Z Downloading pytest-8.4.2-py3-none-any.whl (365 kB)
2025-11-07T06:54:12.3250485Z Downloading pluggy-1.6.0-py3-none-any.whl (20 kB)
2025-11-07T06:54:12.3481953Z Downloading pytest_cov-7.0.0-py3-none-any.whl (22 kB)
2025-11-07T06:54:12.3696221Z Downloading pytest_asyncio-1.2.0-py3-none-any.whl (15 kB)
2025-11-07T06:54:12.3906568Z Downloading backports_asyncio_runner-1.2.0-py3-none-any.whl (12 kB)
2025-11-07T06:54:12.4119638Z Downloading flake8-7.3.0-py2.py3-none-any.whl (57 kB)
2025-11-07T06:54:12.4386228Z Downloading mccabe-0.7.0-py2.py3-none-any.whl (7.3 kB)
2025-11-07T06:54:12.4602750Z Downloading pycodestyle-2.14.0-py2.py3-none-any.whl (31 kB)
2025-11-07T06:54:12.4815700Z Downloading pyflakes-3.4.0-py2.py3-none-any.whl (63 kB)
2025-11-07T06:54:12.5045205Z Downloading pylint-4.0.2-py3-none-any.whl (536 kB)
2025-11-07T06:54:12.5256853Z    ━━━━━━━━━━━━━━━━━━━━━━━━━━━━━━━━━━━━━━━━ 536.0/536.0 kB 15.7 MB/s  0:00:00
2025-11-07T06:54:12.5451191Z Downloading isort-7.0.0-py3-none-any.whl (94 kB)
2025-11-07T06:54:12.5673392Z Downloading astroid-4.0.1-py3-none-any.whl (276 kB)
2025-11-07T06:54:12.5904742Z Downloading mypy-1.18.2-cp310-cp310-manylinux2014_x86_64.manylinux_2_17_x86_64.manylinux_2_28_x86_64.whl (13.2 MB)
2025-11-07T06:54:12.6922208Z    ━━━━━━━━━━━━━━━━━━━━━━━━━━━━━━━━━━━━━━━━ 13.2/13.2 MB 132.2 MB/s  0:00:00
2025-11-07T06:54:12.7121107Z Downloading black-25.9.0-cp310-cp310-manylinux_2_17_x86_64.manylinux2014_x86_64.manylinux_2_28_x86_64.whl (1.6 MB)
2025-11-07T06:54:12.7214528Z    ━━━━━━━━━━━━━━━━━━━━━━━━━━━━━━━━━━━━━━━━ 1.6/1.6 MB 200.2 MB/s  0:00:00
2025-11-07T06:54:12.7414344Z Downloading pre_commit-4.3.0-py2.py3-none-any.whl (220 kB)
2025-11-07T06:54:12.7633012Z Downloading cfgv-3.4.0-py2.py3-none-any.whl (7.2 kB)
2025-11-07T06:54:12.7879477Z Downloading coverage-7.11.0-cp310-cp310-manylinux1_x86_64.manylinux_2_28_x86_64.manylinux_2_5_x86_64.whl (244 kB)
2025-11-07T06:54:12.8099740Z Downloading dill-0.4.0-py3-none-any.whl (119 kB)
2025-11-07T06:54:12.8315936Z Downloading identify-2.6.15-py2.py3-none-any.whl (99 kB)
2025-11-07T06:54:12.8529312Z Downloading iniconfig-2.3.0-py3-none-any.whl (7.5 kB)
2025-11-07T06:54:12.8739995Z Downloading nodeenv-1.9.1-py2.py3-none-any.whl (22 kB)
2025-11-07T06:54:12.9048271Z Downloading pathspec-0.12.1-py3-none-any.whl (31 kB)
2025-11-07T06:54:12.9265754Z Downloading pytokens-0.3.0-py3-none-any.whl (12 kB)
2025-11-07T06:54:12.9477824Z Downloading tomli-2.3.0-py3-none-any.whl (14 kB)
2025-11-07T06:54:12.9696099Z Downloading virtualenv-20.35.4-py3-none-any.whl (6.0 MB)
2025-11-07T06:54:13.0094201Z    ━━━━━━━━━━━━━━━━━━━━━━━━━━━━━━━━━━━━━━━━ 6.0/6.0 MB 154.5 MB/s  0:00:00
2025-11-07T06:54:13.0293238Z Downloading distlib-0.4.0-py2.py3-none-any.whl (469 kB)
2025-11-07T06:54:13.3541810Z Installing collected packages: distlib, virtualenv, tomli, pytokens, pyflakes, pycodestyle, pluggy, pathspec, nodeenv, mccabe, isort, iniconfig, identify, dill, coverage, cfgv, backports-asyncio-runner, astroid, pytest, pylint, pre-commit, mypy, flake8, black, pytest-cov, pytest-asyncio
2025-11-07T06:54:16.0369511Z 
2025-11-07T06:54:16.0531932Z Successfully installed astroid-4.0.1 backports-asyncio-runner-1.2.0 black-25.9.0 cfgv-3.4.0 coverage-7.11.0 dill-0.4.0 distlib-0.4.0 flake8-7.3.0 identify-2.6.15 iniconfig-2.3.0 isort-7.0.0 mccabe-0.7.0 mypy-1.18.2 nodeenv-1.9.1 pathspec-0.12.1 pluggy-1.6.0 pre-commit-4.3.0 pycodestyle-2.14.0 pyflakes-3.4.0 pylint-4.0.2 pytest-8.4.2 pytest-asyncio-1.2.0 pytest-cov-7.0.0 pytokens-0.3.0 tomli-2.3.0 virtualenv-20.35.4
2025-11-07T06:54:16.1790009Z ##[group]Run set -euo pipefail
2025-11-07T06:54:16.1790302Z [36;1mset -euo pipefail[0m
2025-11-07T06:54:16.1790661Z [36;1meval "flake8 . --count --select=E9,F63,F7,F82 --show-source --statistics && \[0m
2025-11-07T06:54:16.1791305Z [36;1mflake8 . --count --statistics && \[0m
2025-11-07T06:54:16.1791578Z [36;1mblack --check --diff . && \[0m
2025-11-07T06:54:16.1791839Z [36;1misort --check-only --diff . && \[0m
2025-11-07T06:54:16.1792099Z [36;1mpylint src/ --fail-under=7.0 && \[0m
2025-11-07T06:54:16.1792445Z [36;1mpytest --cov=src --cov-report=xml --cov-report=term-missing -v[0m
2025-11-07T06:54:16.1792778Z [36;1m"[0m
2025-11-07T06:54:16.1826994Z shell: /usr/bin/bash --noprofile --norc -e -o pipefail {0}
2025-11-07T06:54:16.1827315Z env:
2025-11-07T06:54:16.1827552Z   pythonLocation: /opt/hostedtoolcache/Python/3.10.19/x64
2025-11-07T06:54:16.1827973Z   PKG_CONFIG_PATH: /opt/hostedtoolcache/Python/3.10.19/x64/lib/pkgconfig
2025-11-07T06:54:16.1828387Z   Python_ROOT_DIR: /opt/hostedtoolcache/Python/3.10.19/x64
2025-11-07T06:54:16.1828735Z   Python2_ROOT_DIR: /opt/hostedtoolcache/Python/3.10.19/x64
2025-11-07T06:54:16.1829088Z   Python3_ROOT_DIR: /opt/hostedtoolcache/Python/3.10.19/x64
2025-11-07T06:54:16.1829433Z   LD_LIBRARY_PATH: /opt/hostedtoolcache/Python/3.10.19/x64/lib
2025-11-07T06:54:16.1829727Z ##[endgroup]
2025-11-07T06:54:17.1387593Z 0
2025-11-07T06:54:17.7360372Z 0
2025-11-07T06:54:18.9198717Z All done! ✨ 🍰 ✨
2025-11-07T06:54:18.9199377Z 32 files would be left unchanged.
2025-11-07T06:54:19.1364262Z Skipped 1 files
2025-11-07T06:54:19.4296018Z ************* Module /home/runner/work/financial-asset-relationship-db/financial-asset-relationship-db/pyproject.toml
2025-11-07T06:54:19.4297216Z pyproject.toml:1:0: E0015: Unrecognized option found: suggestion-mode (unrecognized-option)
2025-11-07T06:54:21.9907708Z ************* Module models.financial_models
2025-11-07T06:54:21.9932190Z src/models/financial_models.py:111:0: C0325: Unnecessary parens after 'not' keyword (superfluous-parens)
2025-11-07T06:54:21.9933087Z ************* Module logic.asset_graph
2025-11-07T06:54:21.9933720Z src/logic/asset_graph.py:109:0: C0301: Line too long (123/120) (line-too-long)
2025-11-07T06:54:21.9934664Z src/logic/asset_graph.py:5:0: E0401: Unable to import 'src.models.financial_models' (import-error)
2025-11-07T06:54:21.9935729Z src/logic/asset_graph.py:33:4: R0917: Too many positional arguments (6/5) (too-many-positional-arguments)
2025-11-07T06:54:21.9936888Z src/logic/asset_graph.py:91:46: W1114: Positional arguments appear to be out of order (arguments-out-of-order)
2025-11-07T06:54:21.9937947Z src/logic/asset_graph.py:231:27: W0612: Unused variable 'rel_type' (unused-variable)
2025-11-07T06:54:21.9938799Z src/logic/asset_graph.py:231:37: W0612: Unused variable 'strength' (unused-variable)
2025-11-07T06:54:21.9939449Z ************* Module reports.schema_report
2025-11-07T06:54:21.9940098Z src/reports/schema_report.py:89:0: C0301: Line too long (140/120) (line-too-long)
2025-11-07T06:54:21.9941237Z src/reports/schema_report.py:1:0: E0401: Unable to import 'src.logic.asset_graph' (import-error)
2025-11-07T06:54:21.9942008Z ************* Module visualizations.graph_2d_visuals
2025-11-07T06:54:21.9942797Z src/visualizations/graph_2d_visuals.py:11:0: E0401: Unable to import 'src.logic.asset_graph' (import-error)
2025-11-07T06:54:21.9944012Z src/visualizations/graph_2d_visuals.py:14:0: R0917: Too many positional arguments (10/5) (too-many-positional-arguments)
2025-11-07T06:54:21.9945194Z src/visualizations/graph_2d_visuals.py:14:0: R0914: Too many local variables (24/20) (too-many-locals)
2025-11-07T06:54:21.9947133Z src/visualizations/graph_2d_visuals.py:93:19: R1735: Consider using '{"size": node_sizes, "color": colors, "line": dict(width=2, color='black'), ... }' instead of a call to 'dict'. (use-dict-literal)
2025-11-07T06:54:21.9948797Z src/visualizations/graph_2d_visuals.py:93:60: R1735: Consider using '{"width": 2, "color": 'black'}' instead of a call to 'dict'. (use-dict-literal)
2025-11-07T06:54:21.9950477Z src/visualizations/graph_2d_visuals.py:96:21: R1735: Consider using '{"size": 10, "color": 'white'}' instead of a call to 'dict'. (use-dict-literal)
2025-11-07T06:54:21.9952934Z src/visualizations/graph_2d_visuals.py:106:14: R1735: Consider using '{"text": '📈 2D Asset Relationship Network', "x": 0.5, "font": dict(size=20, color='#2C3E50'), ... }' instead of a call to 'dict'. (use-dict-literal)
2025-11-07T06:54:21.9954697Z src/visualizations/graph_2d_visuals.py:106:74: R1735: Consider using '{"size": 20, "color": '#2C3E50'}' instead of a call to 'dict'. (use-dict-literal)
2025-11-07T06:54:21.9956183Z src/visualizations/graph_2d_visuals.py:109:15: R1735: Consider using '{"b": 40, "l": 40, "r": 40, "t": 80}' instead of a call to 'dict'. (use-dict-literal)
2025-11-07T06:54:21.9958230Z src/visualizations/graph_2d_visuals.py:111:12: R1735: Consider using '{"text": f'Network Layout: {layout_type.title()} | Assets: {len(asset_ids)} | Relationships: {sum((len(rels) for rels in graph.relationships.values()))}', ... }' instead of a call to 'dict'. (use-dict-literal)
2025-11-07T06:54:21.9960295Z src/visualizations/graph_2d_visuals.py:121:21: R1735: Consider using '{"size": 12, "color": '#7F8C8D'}' instead of a call to 'dict'. (use-dict-literal)
2025-11-07T06:54:21.9992316Z src/visualizations/graph_2d_visuals.py:124:14: R1735: Consider using '{"showgrid": False, "zeroline": False, "showticklabels": False, "title": '', ... }' instead of a call to 'dict'. (use-dict-literal)
2025-11-07T06:54:21.9994465Z src/visualizations/graph_2d_visuals.py:125:14: R1735: Consider using '{"showgrid": False, "zeroline": False, "showticklabels": False, "title": '', ... }' instead of a call to 'dict'. (use-dict-literal)
2025-11-07T06:54:21.9996363Z src/visualizations/graph_2d_visuals.py:128:13: R1735: Consider using '{"family": 'Arial, sans-serif', "size": 12}' instead of a call to 'dict'. (use-dict-literal)
2025-11-07T06:54:21.9998108Z src/visualizations/graph_2d_visuals.py:129:15: R1735: Consider using '{"orientation": 'h', "yanchor": 'bottom', "y": 1.02, "xanchor": 'right', ... }' instead of a call to 'dict'. (use-dict-literal)
2025-11-07T06:54:21.9999650Z src/visualizations/graph_2d_visuals.py:129:90: R1735: Consider using '{"size": 10}' instead of a call to 'dict'. (use-dict-literal)
2025-11-07T06:54:22.0000863Z src/visualizations/graph_2d_visuals.py:172:18: W0612: Unused variable 'z3d' (unused-variable)
2025-11-07T06:54:22.0002271Z src/visualizations/graph_2d_visuals.py:179:0: R0917: Too many positional arguments (11/5) (too-many-positional-arguments)
2025-11-07T06:54:22.0003531Z src/visualizations/graph_2d_visuals.py:179:0: R0914: Too many local variables (34/20) (too-many-locals)
2025-11-07T06:54:22.0004997Z src/visualizations/graph_2d_visuals.py:266:21: R1735: Consider using '{"color": color, "width": line_width, "dash": line_dash}' instead of a call to 'dict'. (use-dict-literal)
2025-11-07T06:54:22.0006436Z src/visualizations/graph_2d_visuals.py:182:4: W0613: Unused argument 'asset_ids' (unused-argument)
2025-11-07T06:54:22.0007266Z ************* Module visualizations.formulaic_visuals
2025-11-07T06:54:22.0008200Z src/visualizations/formulaic_visuals.py:7:0: E0401: Unable to import 'src.analysis.formulaic_analysis' (import-error)
2025-11-07T06:54:22.0009449Z src/visualizations/formulaic_visuals.py:25:4: R0914: Too many local variables (29/20) (too-many-locals)
2025-11-07T06:54:22.0011904Z src/visualizations/formulaic_visuals.py:59:27: R1735: Consider using '{"colors": [self.color_scheme.get(cat, '#CCCCCC') for cat in categories.keys()], ... }' instead of a call to 'dict'. (use-dict-literal)
2025-11-07T06:54:22.0013783Z src/visualizations/formulaic_visuals.py:77:27: R1735: Consider using '{"color": colors}' instead of a call to 'dict'. (use-dict-literal)
2025-11-07T06:54:22.0015585Z src/visualizations/formulaic_visuals.py:125:29: R1735: Consider using '{"title": 'Correlation'}' instead of a call to 'dict'. (use-dict-literal)
2025-11-07T06:54:22.0017152Z src/visualizations/formulaic_visuals.py:142:27: R1735: Consider using '{"color": 'lightblue'}' instead of a call to 'dict'. (use-dict-literal)
2025-11-07T06:54:22.0018840Z src/visualizations/formulaic_visuals.py:158:55: R1735: Consider using '{"color": 'lightgreen'}' instead of a call to 'dict'. (use-dict-literal)
2025-11-07T06:54:22.0020657Z src/visualizations/formulaic_visuals.py:177:27: R1735: Consider using '{"values": list(table_data.keys()), "fill_color": 'paleturquoise'}' instead of a call to 'dict'. (use-dict-literal)
2025-11-07T06:54:22.0052662Z src/visualizations/formulaic_visuals.py:178:103: R1735: Consider using '{"size": 10}' instead of a call to 'dict'. (use-dict-literal)
2025-11-07T06:54:22.0054492Z src/visualizations/formulaic_visuals.py:180:26: R1735: Consider using '{"values": list(table_data.values()), "fill_color": 'lavender', "align": 'left', ... }' instead of a call to 'dict'. (use-dict-literal)
2025-11-07T06:54:22.0056256Z src/visualizations/formulaic_visuals.py:184:29: R1735: Consider using '{"size": 9}' instead of a call to 'dict'. (use-dict-literal)
2025-11-07T06:54:22.0058550Z src/visualizations/formulaic_visuals.py:194:18: R1735: Consider using '{"text": '📊 Financial Formulaic Analysis Dashboard', "x": 0.5, "font": dict(size=20, color='#2C3E50'), ... }' instead of a call to 'dict'. (use-dict-literal)
2025-11-07T06:54:22.0060511Z src/visualizations/formulaic_visuals.py:194:87: R1735: Consider using '{"size": 20, "color": '#2C3E50'}' instead of a call to 'dict'. (use-dict-literal)
2025-11-07T06:54:22.0062361Z src/visualizations/formulaic_visuals.py:199:17: R1735: Consider using '{"family": 'Arial, sans-serif', "size": 10}' instead of a call to 'dict'. (use-dict-literal)
2025-11-07T06:54:22.0064088Z src/visualizations/formulaic_visuals.py:231:17: R1735: Consider using '{"size": 12, "family": 'Arial, sans-serif'}' instead of a call to 'dict'. (use-dict-literal)
2025-11-07T06:54:22.0065713Z src/visualizations/formulaic_visuals.py:240:18: R1735: Consider using '{"visible": False}' instead of a call to 'dict'. (use-dict-literal)
2025-11-07T06:54:22.0067231Z src/visualizations/formulaic_visuals.py:241:18: R1735: Consider using '{"visible": False}' instead of a call to 'dict'. (use-dict-literal)
2025-11-07T06:54:22.0068713Z src/visualizations/formulaic_visuals.py:245:19: R1735: Consider using '{"l": 50, "r": 50, "t": 80, "b": 50}' instead of a call to 'dict'. (use-dict-literal)
2025-11-07T06:54:22.0070029Z src/visualizations/formulaic_visuals.py:250:4: R0914: Too many local variables (21/20) (too-many-locals)
2025-11-07T06:54:22.0071463Z src/visualizations/formulaic_visuals.py:263:21: R1735: Consider using '{"size": 16}' instead of a call to 'dict'. (use-dict-literal)
2025-11-07T06:54:22.0072990Z src/visualizations/formulaic_visuals.py:303:25: R1735: Consider using '{"color": color, "width": width}' instead of a call to 'dict'. (use-dict-literal)
2025-11-07T06:54:22.0074804Z src/visualizations/formulaic_visuals.py:319:19: R1735: Consider using '{"size": 30, "color": 'lightblue', "line": dict(width=2, color='darkblue'), ... }' instead of a call to 'dict'. (use-dict-literal)
2025-11-07T06:54:22.0076609Z src/visualizations/formulaic_visuals.py:319:57: R1735: Consider using '{"width": 2, "color": 'darkblue'}' instead of a call to 'dict'. (use-dict-literal)
2025-11-07T06:54:22.0078138Z src/visualizations/formulaic_visuals.py:332:19: R1735: Consider using '{"b": 20, "l": 5, "r": 5, "t": 40}' instead of a call to 'dict'. (use-dict-literal)
2025-11-07T06:54:22.6708809Z src/visualizations/formulaic_visuals.py:334:16: R1735: Consider using '{"text": 'Node size represents asset importance<br>Line thickness represents correlation strength', ... }' instead of a call to 'dict'. (use-dict-literal)
2025-11-07T06:54:22.6711645Z src/visualizations/formulaic_visuals.py:342:25: R1735: Consider using '{"size": 10}' instead of a call to 'dict'. (use-dict-literal)
2025-11-07T06:54:22.6713321Z src/visualizations/formulaic_visuals.py:345:18: R1735: Consider using '{"showgrid": False, "zeroline": False, "showticklabels": False}' instead of a call to 'dict'. (use-dict-literal)
2025-11-07T06:54:22.6715542Z src/visualizations/formulaic_visuals.py:346:18: R1735: Consider using '{"showgrid": False, "zeroline": False, "showticklabels": False}' instead of a call to 'dict'. (use-dict-literal)
2025-11-07T06:54:22.6717287Z src/visualizations/formulaic_visuals.py:383:23: R1735: Consider using '{"color": 'lightcoral'}' instead of a call to 'dict'. (use-dict-literal)
2025-11-07T06:54:22.6718810Z src/visualizations/formulaic_visuals.py:395:23: R1735: Consider using '{"color": 'lightblue'}' instead of a call to 'dict'. (use-dict-literal)
2025-11-07T06:54:22.6720310Z src/visualizations/formulaic_visuals.py:403:18: R1735: Consider using '{"title": 'Category'}' instead of a call to 'dict'. (use-dict-literal)
2025-11-07T06:54:22.6722123Z src/visualizations/formulaic_visuals.py:404:18: R1735: Consider using '{"title": 'Average R-squared', "side": 'left'}' instead of a call to 'dict'. (use-dict-literal)
2025-11-07T06:54:22.6723935Z src/visualizations/formulaic_visuals.py:405:19: R1735: Consider using '{"title": 'Number of Formulas', "side": 'right', "overlaying": 'y', ... }' instead of a call to 'dict'. (use-dict-literal)
2025-11-07T06:54:22.6725558Z src/visualizations/formulaic_visuals.py:409:19: R1735: Consider using '{"x": 0.7, "y": 1}' instead of a call to 'dict'. (use-dict-literal)
2025-11-07T06:54:22.6726514Z ************* Module visualizations.metric_visuals
2025-11-07T06:54:22.6727339Z src/visualizations/metric_visuals.py:6:0: E0401: Unable to import 'src.logic.asset_graph' (import-error)
2025-11-07T06:54:22.6728178Z ************* Module visualizations.graph_visuals
2025-11-07T06:54:22.6728901Z src/visualizations/graph_visuals.py:167:0: C0301: Line too long (137/120) (line-too-long)
2025-11-07T06:54:22.6729883Z src/visualizations/graph_visuals.py:456:0: C0301: Line too long (137/120) (line-too-long)
2025-11-07T06:54:22.6730930Z src/visualizations/graph_visuals.py:6:0: E0401: Unable to import 'src.logic.asset_graph' (import-error)
2025-11-07T06:54:22.6732695Z src/visualizations/graph_visuals.py:34:19: R1735: Consider using '{"size": 15, "color": colors, "opacity": 0.9, "line": dict(color='rgba(0,0,0,0.8)', width=2), ... }' instead of a call to 'dict'. (use-dict-literal)
2025-11-07T06:54:22.6734436Z src/visualizations/graph_visuals.py:38:21: R1735: Consider using '{"color": 'rgba(0,0,0,0.8)', "width": 2}' instead of a call to 'dict'. (use-dict-literal)
2025-11-07T06:54:22.6735910Z src/visualizations/graph_visuals.py:45:21: R1735: Consider using '{"size": 12, "color": 'black'}' instead of a call to 'dict'. (use-dict-literal)
2025-11-07T06:54:22.6737668Z src/visualizations/graph_visuals.py:58:14: R1735: Consider using '{"xaxis": dict(title='Dimension 1', showgrid=True, gridcolor='rgba(200, 200, 200, 0.3)'), ... }' instead of a call to 'dict'. (use-dict-literal)
2025-11-07T06:54:22.6739672Z src/visualizations/graph_visuals.py:59:18: R1735: Consider using '{"title": 'Dimension 1', "showgrid": True, "gridcolor": 'rgba(200, 200, 200, 0.3)', ... }' instead of a call to 'dict'. (use-dict-literal)
2025-11-07T06:54:22.6741839Z src/visualizations/graph_visuals.py:60:18: R1735: Consider using '{"title": 'Dimension 2', "showgrid": True, "gridcolor": 'rgba(200, 200, 200, 0.3)', ... }' instead of a call to 'dict'. (use-dict-literal)
2025-11-07T06:54:22.6743813Z src/visualizations/graph_visuals.py:61:18: R1735: Consider using '{"title": 'Dimension 3', "showgrid": True, "gridcolor": 'rgba(200, 200, 200, 0.3)', ... }' instead of a call to 'dict'. (use-dict-literal)
2025-11-07T06:54:22.6745513Z src/visualizations/graph_visuals.py:63:19: R1735: Consider using '{"eye": dict(x=1.5, y=1.5, z=1.5)}' instead of a call to 'dict'. (use-dict-literal)
2025-11-07T06:54:22.6747216Z src/visualizations/graph_visuals.py:63:28: R1735: Consider using '{"x": 1.5, "y": 1.5, "z": 1.5}' instead of a call to 'dict'. (use-dict-literal)
2025-11-07T06:54:22.6748828Z src/visualizations/graph_visuals.py:69:15: R1735: Consider using '{"x": 0.02, "y": 0.98, "bgcolor": 'rgba(255, 255, 255, 0.8)', "bordercolor": 'rgba(0, 0, 0, 0.3)', ... }' instead of a call to 'dict'. (use-dict-literal)
2025-11-07T06:54:22.6750486Z src/visualizations/graph_visuals.py:77:0: R0914: Too many local variables (35/20) (too-many-locals)
2025-11-07T06:54:22.6752061Z src/visualizations/graph_visuals.py:186:21: R1735: Consider using '{"color": color, "width": line_width, "dash": line_dash}' instead of a call to 'dict'. (use-dict-literal)
2025-11-07T06:54:22.6753449Z src/visualizations/graph_visuals.py:77:0: R0912: Too many branches (17/15) (too-many-branches)
2025-11-07T06:54:22.6754534Z src/visualizations/graph_visuals.py:102:54: W0612: Unused variable 'reverse_strength' (unused-variable)
2025-11-07T06:54:22.6755648Z src/visualizations/graph_visuals.py:198:0: R0914: Too many local variables (21/20) (too-many-locals)
2025-11-07T06:54:22.6757206Z src/visualizations/graph_visuals.py:248:19: R1735: Consider using '{"symbol": 'diamond', "size": 8, "color": 'rgba(255, 0, 0, 0.8)', "line": dict(color='red', width=1), ... }' instead of a call to 'dict'. (use-dict-literal)
2025-11-07T06:54:22.6758953Z src/visualizations/graph_visuals.py:252:21: R1735: Consider using '{"color": 'red', "width": 1}' instead of a call to 'dict'. (use-dict-literal)
2025-11-07T06:54:22.6760213Z src/visualizations/graph_visuals.py:209:33: W0612: Unused variable 'strength' (unused-variable)
2025-11-07T06:54:22.6761486Z src/visualizations/graph_visuals.py:216:54: W0612: Unused variable 'reverse_strength' (unused-variable)
2025-11-07T06:54:22.6762727Z src/visualizations/graph_visuals.py:264:0: R0917: Too many positional arguments (10/5) (too-many-positional-arguments)
2025-11-07T06:54:22.6764412Z src/visualizations/graph_visuals.py:317:19: R1735: Consider using '{"size": 15, "color": colors, "opacity": 0.9, "line": dict(color='rgba(0,0,0,0.8)', width=2), ... }' instead of a call to 'dict'. (use-dict-literal)
2025-11-07T06:54:22.6766141Z src/visualizations/graph_visuals.py:318:57: R1735: Consider using '{"color": 'rgba(0,0,0,0.8)', "width": 2}' instead of a call to 'dict'. (use-dict-literal)
2025-11-07T06:54:22.6767633Z src/visualizations/graph_visuals.py:324:21: R1735: Consider using '{"size": 12, "color": 'black'}' instead of a call to 'dict'. (use-dict-literal)
2025-11-07T06:54:22.6769392Z src/visualizations/graph_visuals.py:340:14: R1735: Consider using '{"xaxis": dict(title='Dimension 1', showgrid=True, gridcolor='rgba(200, 200, 200, 0.3)'), ... }' instead of a call to 'dict'. (use-dict-literal)
2025-11-07T06:54:22.6771558Z src/visualizations/graph_visuals.py:341:18: R1735: Consider using '{"title": 'Dimension 1', "showgrid": True, "gridcolor": 'rgba(200, 200, 200, 0.3)', ... }' instead of a call to 'dict'. (use-dict-literal)
2025-11-07T06:54:22.6773530Z src/visualizations/graph_visuals.py:342:18: R1735: Consider using '{"title": 'Dimension 2', "showgrid": True, "gridcolor": 'rgba(200, 200, 200, 0.3)', ... }' instead of a call to 'dict'. (use-dict-literal)
2025-11-07T06:54:22.6775462Z src/visualizations/graph_visuals.py:343:18: R1735: Consider using '{"title": 'Dimension 3', "showgrid": True, "gridcolor": 'rgba(200, 200, 200, 0.3)', ... }' instead of a call to 'dict'. (use-dict-literal)
2025-11-07T06:54:22.6777157Z src/visualizations/graph_visuals.py:345:19: R1735: Consider using '{"eye": dict(x=1.5, y=1.5, z=1.5)}' instead of a call to 'dict'. (use-dict-literal)
2025-11-07T06:54:22.6778549Z src/visualizations/graph_visuals.py:345:28: R1735: Consider using '{"x": 1.5, "y": 1.5, "z": 1.5}' instead of a call to 'dict'. (use-dict-literal)
2025-11-07T06:54:22.6780161Z src/visualizations/graph_visuals.py:351:15: R1735: Consider using '{"x": 0.02, "y": 0.98, "bgcolor": 'rgba(255, 255, 255, 0.8)', "bordercolor": 'rgba(0, 0, 0, 0.3)', ... }' instead of a call to 'dict'. (use-dict-literal)
2025-11-07T06:54:22.6782010Z src/visualizations/graph_visuals.py:359:0: R0914: Too many local variables (36/20) (too-many-locals)
2025-11-07T06:54:22.6783431Z src/visualizations/graph_visuals.py:475:21: R1735: Consider using '{"color": color, "width": line_width, "dash": line_dash}' instead of a call to 'dict'. (use-dict-literal)
2025-11-07T06:54:22.6785004Z src/visualizations/graph_visuals.py:359:0: R0912: Too many branches (19/15) (too-many-branches)
2025-11-07T06:54:22.6786056Z src/visualizations/graph_visuals.py:359:0: R0915: Too many statements (53/50) (too-many-statements)
2025-11-07T06:54:22.6787173Z src/visualizations/graph_visuals.py:392:54: W0612: Unused variable 'reverse_strength' (unused-variable)
2025-11-07T06:54:22.6787959Z ************* Module data.database
2025-11-07T06:54:22.6788647Z src/data/database.py:51:15: W0718: Catching too general exception Exception (broad-exception-caught)
2025-11-07T06:54:22.6789854Z src/data/database.py:32:12: C0415: Import outside toplevel (supabase.Client, supabase.create_client) (import-outside-toplevel)
2025-11-07T06:54:22.6791145Z src/data/database.py:51:8: W0612: Unused variable 'e' (unused-variable)
2025-11-07T06:54:22.6792065Z src/data/database.py:74:15: W0718: Catching too general exception Exception (broad-exception-caught)
2025-11-07T06:54:26.2370812Z src/data/database.py:58:12: C0415: Import outside toplevel (psycopg2) (import-outside-toplevel)
2025-11-07T06:54:26.2372441Z src/data/database.py:111:15: W0718: Catching too general exception Exception (broad-exception-caught)
2025-11-07T06:54:26.2373965Z src/data/database.py:95:12: R1705: Unnecessary "elif" after "return", remove the leading "el" from "elif" (no-else-return)
2025-11-07T06:54:26.2375306Z src/data/database.py:112:12: W1203: Use lazy % formatting in logging functions (logging-fstring-interpolation)
2025-11-07T06:54:26.2376851Z src/data/database.py:88:4: R1710: Either all return statements in a function should return an expression, or none of them should. (inconsistent-return-statements)
2025-11-07T06:54:26.2378016Z ************* Module data.sample_data
2025-11-07T06:54:26.2378485Z src/data/sample_data.py:3:0: E0401: Unable to import 'src.logic.asset_graph' (import-error)
2025-11-07T06:54:26.2379154Z src/data/sample_data.py:4:0: E0401: Unable to import 'src.models.financial_models' (import-error)
2025-11-07T06:54:26.2379791Z src/data/sample_data.py:17:0: R0914: Too many local variables (29/20) (too-many-locals)
2025-11-07T06:54:26.2380485Z src/data/sample_data.py:346:8: W1203: Use lazy % formatting in logging functions (logging-fstring-interpolation)
2025-11-07T06:54:26.2381494Z src/data/sample_data.py:349:8: W1203: Use lazy % formatting in logging functions (logging-fstring-interpolation)
2025-11-07T06:54:26.2382275Z src/data/sample_data.py:358:8: W1203: Use lazy % formatting in logging functions (logging-fstring-interpolation)
2025-11-07T06:54:26.2382827Z ************* Module data.real_data_fetcher
2025-11-07T06:54:26.2383265Z src/data/real_data_fetcher.py:52:0: C0301: Line too long (148/120) (line-too-long)
2025-11-07T06:54:26.2383890Z src/data/real_data_fetcher.py:6:0: E0401: Unable to import 'src.logic.asset_graph' (import-error)
2025-11-07T06:54:26.2384597Z src/data/real_data_fetcher.py:7:0: E0401: Unable to import 'src.models.financial_models' (import-error)
2025-11-07T06:54:26.2385295Z src/data/real_data_fetcher.py:56:15: W0718: Catching too general exception Exception (broad-exception-caught)
2025-11-07T06:54:26.2385963Z src/data/real_data_fetcher.py:51:12: W1203: Use lazy % formatting in logging functions (logging-fstring-interpolation)
2025-11-07T06:54:26.2386636Z src/data/real_data_fetcher.py:57:12: W1203: Use lazy % formatting in logging functions (logging-fstring-interpolation)
2025-11-07T06:54:26.2387253Z src/data/real_data_fetcher.py:60:12: E0401: Unable to import 'src.data.sample_data' (import-error)
2025-11-07T06:54:26.2387932Z src/data/real_data_fetcher.py:60:12: C0415: Import outside toplevel (src.data.sample_data.create_sample_database) (import-outside-toplevel)
2025-11-07T06:54:26.2388916Z src/data/real_data_fetcher.py:102:19: W0718: Catching too general exception Exception (broad-exception-caught)
2025-11-07T06:54:26.2389587Z src/data/real_data_fetcher.py:81:20: W1203: Use lazy % formatting in logging functions (logging-fstring-interpolation)
2025-11-07T06:54:26.2390268Z src/data/real_data_fetcher.py:100:16: W1203: Use lazy % formatting in logging functions (logging-fstring-interpolation)
2025-11-07T06:54:26.2391284Z src/data/real_data_fetcher.py:103:16: W1203: Use lazy % formatting in logging functions (logging-fstring-interpolation)
2025-11-07T06:54:26.2391950Z src/data/real_data_fetcher.py:146:19: W0718: Catching too general exception Exception (broad-exception-caught)
2025-11-07T06:54:26.2392603Z src/data/real_data_fetcher.py:125:20: W1203: Use lazy % formatting in logging functions (logging-fstring-interpolation)
2025-11-07T06:54:26.2393258Z src/data/real_data_fetcher.py:144:16: W1203: Use lazy % formatting in logging functions (logging-fstring-interpolation)
2025-11-07T06:54:26.2393918Z src/data/real_data_fetcher.py:147:16: W1203: Use lazy % formatting in logging functions (logging-fstring-interpolation)
2025-11-07T06:54:26.2394561Z src/data/real_data_fetcher.py:190:19: W0718: Catching too general exception Exception (broad-exception-caught)
2025-11-07T06:54:26.2395205Z src/data/real_data_fetcher.py:167:20: W1203: Use lazy % formatting in logging functions (logging-fstring-interpolation)
2025-11-07T06:54:26.2395865Z src/data/real_data_fetcher.py:188:16: W1203: Use lazy % formatting in logging functions (logging-fstring-interpolation)
2025-11-07T06:54:26.2396516Z src/data/real_data_fetcher.py:191:16: W1203: Use lazy % formatting in logging functions (logging-fstring-interpolation)
2025-11-07T06:54:26.2397160Z src/data/real_data_fetcher.py:230:19: W0718: Catching too general exception Exception (broad-exception-caught)
2025-11-07T06:54:26.2397795Z src/data/real_data_fetcher.py:211:20: W1203: Use lazy % formatting in logging functions (logging-fstring-interpolation)
2025-11-07T06:54:26.2398458Z src/data/real_data_fetcher.py:228:16: W1203: Use lazy % formatting in logging functions (logging-fstring-interpolation)
2025-11-07T06:54:26.2399127Z src/data/real_data_fetcher.py:231:16: W1203: Use lazy % formatting in logging functions (logging-fstring-interpolation)
2025-11-07T06:54:26.2399614Z ************* Module analysis.formulaic_analysis
2025-11-07T06:54:26.2400022Z src/analysis/formulaic_analysis.py:442:0: C0301: Line too long (124/120) (line-too-long)
2025-11-07T06:54:26.2400532Z src/analysis/formulaic_analysis.py:452:0: C0301: Line too long (130/120) (line-too-long)
2025-11-07T06:54:26.2401211Z src/analysis/formulaic_analysis.py:581:0: C0301: Line too long (128/120) (line-too-long)
2025-11-07T06:54:26.2401723Z src/analysis/formulaic_analysis.py:630:0: C0301: Line too long (136/120) (line-too-long)
2025-11-07T06:54:26.2402278Z src/analysis/formulaic_analysis.py:5:0: E0401: Unable to import 'src.logic.asset_graph' (import-error)
2025-11-07T06:54:26.2402919Z src/analysis/formulaic_analysis.py:6:0: E0401: Unable to import 'src.models.financial_models' (import-error)
2025-11-07T06:54:26.2403508Z src/analysis/formulaic_analysis.py:471:39: W0613: Unused argument 'graph' (unused-argument)
2025-11-07T06:54:26.2404206Z src/analysis/formulaic_analysis.py:478:8: C0200: Consider using enumerate instead of iterating with range and len (consider-using-enumerate)
2025-11-07T06:54:26.2404914Z src/analysis/formulaic_analysis.py:494:41: W0613: Unused argument 'graph' (unused-argument)
2025-11-07T06:54:26.2405441Z src/analysis/formulaic_analysis.py:513:53: W0613: Unused argument 'graph' (unused-argument)
2025-11-07T06:54:26.2405967Z src/analysis/formulaic_analysis.py:525:53: W0613: Unused argument 'graph' (unused-argument)
2025-11-07T06:54:26.2406511Z src/analysis/formulaic_analysis.py:548:69: W0613: Unused argument 'assets_data' (unused-argument)
2025-11-07T06:54:26.2406925Z ************* Module analysis.__init__
2025-11-07T06:54:26.2407233Z src/analysis/__init__.py:1:0: R0801: Similar lines in 2 files
2025-11-07T06:54:26.2407698Z ==visualizations.graph_2d_visuals:[208:215]
2025-11-07T06:54:26.2407974Z ==visualizations.graph_visuals:[141:148]
2025-11-07T06:54:26.2408222Z         "same_sector": "#FF6B6B",
2025-11-07T06:54:26.2408457Z         "market_cap_similar": "#4ECDC4",
2025-11-07T06:54:26.2408689Z         "correlation": "#45B7D1",
2025-11-07T06:54:26.2409036Z         "corporate_bond_to_equity": "#96CEB4",
2025-11-07T06:54:26.2409283Z         "commodity_currency": "#FFEAA7",
2025-11-07T06:54:26.2409525Z         "income_comparison": "#DDA0DD",
2025-11-07T06:54:26.2409798Z         "regulatory_impact": "#98D8C8", (duplicate-code)
2025-11-07T06:54:26.2410134Z src/analysis/__init__.py:1:0: R0801: Similar lines in 2 files
2025-11-07T06:54:26.2410455Z ==visualizations.graph_2d_visuals:[264:271]
2025-11-07T06:54:26.2410715Z ==visualizations.graph_visuals:[184:191]
2025-11-07T06:54:26.2411109Z                 mode="lines",
2025-11-07T06:54:26.2411503Z                 line=dict(color=color, width=line_width, dash=line_dash),
2025-11-07T06:54:26.2411858Z                 hovertext=hover_texts,
2025-11-07T06:54:26.2412093Z                 hoverinfo="text",
2025-11-07T06:54:26.2412307Z                 name=trace_name,
2025-11-07T06:54:26.2412521Z                 visible=True,
2025-11-07T06:54:26.2412752Z                 legendgroup=rel_type, (duplicate-code)
2025-11-07T06:54:26.2413090Z src/analysis/__init__.py:1:0: R0801: Similar lines in 2 files
2025-11-07T06:54:26.2413423Z ==visualizations.formulaic_visuals:[335:341]
2025-11-07T06:54:26.2413695Z ==visualizations.graph_2d_visuals:[113:119]
2025-11-07T06:54:26.2413961Z                 showarrow=False,
2025-11-07T06:54:26.2414174Z                 xref="paper",
2025-11-07T06:54:26.2414385Z                 yref="paper",
2025-11-07T06:54:26.2414584Z                 x=0.005,
2025-11-07T06:54:26.2414800Z                 y=-0.002,
2025-11-07T06:54:26.2415010Z                 xanchor="left", (duplicate-code)
2025-11-07T06:54:26.2415292Z 
2025-11-07T06:54:26.2415379Z -----------------------------------
2025-11-07T06:54:26.2415616Z Your code has been rated at 8.20/10
2025-11-07T06:54:26.2415767Z 
2025-11-07T06:54:26.9273146Z ============================= test session starts ==============================
2025-11-07T06:54:26.9274069Z platform linux -- Python 3.10.19, pytest-8.4.2, pluggy-1.6.0 -- /opt/hostedtoolcache/Python/3.10.19/x64/bin/python
2025-11-07T06:54:26.9274669Z cachedir: .pytest_cache
2025-11-07T06:54:26.9275178Z rootdir: /home/runner/work/financial-asset-relationship-db/financial-asset-relationship-db
2025-11-07T06:54:26.9275725Z configfile: pyproject.toml
2025-11-07T06:54:26.9276005Z testpaths: tests
2025-11-07T06:54:26.9276283Z plugins: anyio-4.11.0, asyncio-1.2.0, cov-7.0.0
2025-11-07T06:54:26.9277015Z asyncio: mode=strict, debug=False, asyncio_default_fixture_loop_scope=None, asyncio_default_test_loop_scope=function
2025-11-07T06:54:28.7607826Z collecting ... collected 186 items
2025-11-07T06:54:28.7608243Z 
2025-11-07T06:54:32.6424858Z tests/integration/test_api_integration.py::TestCompleteAPIFlow::test_full_data_retrieval_flow PASSED [  0%]
2025-11-07T06:54:32.6488554Z tests/integration/test_api_integration.py::TestCompleteAPIFlow::test_metrics_consistency PASSED [  1%]
2025-11-07T06:54:32.6557511Z tests/integration/test_api_integration.py::TestCompleteAPIFlow::test_visualization_data_consistency PASSED [  1%]
2025-11-07T06:54:32.6860687Z tests/integration/test_api_integration.py::TestCompleteAPIFlow::test_filter_combinations PASSED [  2%]
2025-11-07T06:54:32.6968729Z tests/integration/test_api_integration.py::TestDataIntegrity::test_asset_detail_matches_list PASSED [  2%]
2025-11-07T06:54:32.7278627Z tests/integration/test_api_integration.py::TestDataIntegrity::test_relationship_bidirectionality PASSED [  3%]
2025-11-07T06:54:32.7382166Z tests/integration/test_api_integration.py::TestPerformance::test_response_times PASSED [  3%]
2025-11-07T06:54:32.7680401Z tests/integration/test_api_integration.py::TestPerformance::test_concurrent_requests PASSED [  4%]
2025-11-07T06:54:32.7716361Z tests/integration/test_api_integration.py::TestErrorRecovery::test_invalid_endpoints_return_404 PASSED [  4%]
2025-11-07T06:54:32.7752931Z tests/integration/test_api_integration.py::TestErrorRecovery::test_invalid_asset_id_returns_404 PASSED [  5%]
2025-11-07T06:54:32.7791559Z tests/integration/test_api_integration.py::TestErrorRecovery::test_malformed_requests PASSED [  5%]
2025-11-07T06:54:32.7830209Z tests/unit/test_api.py::TestRootAndHealth::test_root_endpoint PASSED     [  6%]
2025-11-07T06:54:32.7866871Z tests/unit/test_api.py::TestRootAndHealth::test_health_check_endpoint PASSED [  6%]
2025-11-07T06:54:32.7887434Z tests/unit/test_api.py::TestCORSValidation::test_validate_origin_localhost_http_dev PASSED [  7%]
2025-11-07T06:54:32.7903540Z tests/unit/test_api.py::TestCORSValidation::test_validate_origin_localhost_https_always PASSED [  8%]
2025-11-07T06:54:32.7918466Z tests/unit/test_api.py::TestCORSValidation::test_validate_origin_vercel_urls PASSED [  8%]
2025-11-07T06:54:32.7944908Z tests/unit/test_api.py::TestCORSValidation::test_validate_origin_https_domains PASSED [  9%]
2025-11-07T06:54:32.7965827Z tests/unit/test_api.py::TestCORSValidation::test_validate_origin_invalid PASSED [  9%]
2025-11-07T06:54:32.8025342Z tests/unit/test_api.py::TestAssetsEndpoint::test_get_all_assets PASSED   [ 10%]
2025-11-07T06:54:32.8069662Z tests/unit/test_api.py::TestAssetsEndpoint::test_filter_by_asset_class PASSED [ 10%]
2025-11-07T06:54:32.8114836Z tests/unit/test_api.py::TestAssetsEndpoint::test_filter_by_sector PASSED [ 11%]
2025-11-07T06:54:32.8159303Z tests/unit/test_api.py::TestAssetsEndpoint::test_filter_combined PASSED  [ 11%]
2025-11-07T06:54:32.8213256Z tests/unit/test_api.py::TestAssetsEndpoint::test_assets_additional_fields PASSED [ 12%]
2025-11-07T06:54:32.8265046Z tests/unit/test_api.py::TestAssetsEndpoint::test_assets_error_handling PASSED [ 12%]
2025-11-07T06:54:32.8309756Z tests/unit/test_api.py::TestAssetDetailEndpoint::test_get_asset_detail_success PASSED [ 13%]
2025-11-07T06:54:32.8351928Z tests/unit/test_api.py::TestAssetDetailEndpoint::test_get_asset_detail_not_found PASSED [ 13%]
2025-11-07T06:54:32.8399284Z tests/unit/test_api.py::TestAssetDetailEndpoint::test_get_bond_detail_with_issuer PASSED [ 14%]
2025-11-07T06:54:32.8441756Z tests/unit/test_api.py::TestRelationshipsEndpoint::test_get_asset_relationships PASSED [ 15%]
2025-11-07T06:54:32.8485339Z tests/unit/test_api.py::TestRelationshipsEndpoint::test_get_asset_relationships_not_found PASSED [ 15%]
2025-11-07T06:54:32.8528065Z tests/unit/test_api.py::TestRelationshipsEndpoint::test_get_all_relationships PASSED [ 16%]
2025-11-07T06:54:32.8572719Z tests/unit/test_api.py::TestMetricsEndpoint::test_get_metrics PASSED     [ 16%]
2025-11-07T06:54:32.8615358Z tests/unit/test_api.py::TestMetricsEndpoint::test_metrics_asset_class_distribution PASSED [ 17%]
2025-11-07T06:54:32.8660085Z tests/unit/test_api.py::TestVisualizationEndpoint::test_get_visualization_data PASSED [ 17%]
2025-11-07T06:54:32.8702824Z tests/unit/test_api.py::TestVisualizationEndpoint::test_visualization_node_structure PASSED [ 18%]
2025-11-07T06:54:32.8747107Z tests/unit/test_api.py::TestVisualizationEndpoint::test_visualization_edge_structure PASSED [ 18%]
2025-11-07T06:54:32.8783432Z tests/unit/test_api.py::TestMetadataEndpoints::test_get_asset_classes PASSED [ 19%]
2025-11-07T06:54:32.8825369Z tests/unit/test_api.py::TestMetadataEndpoints::test_get_sectors PASSED   [ 19%]
2025-11-07T06:54:32.8887407Z tests/unit/test_api.py::TestEdgeCases::test_empty_graph PASSED           [ 20%]
2025-11-07T06:54:32.8930159Z tests/unit/test_api.py::TestEdgeCases::test_special_characters_in_asset_id PASSED [ 20%]
2025-11-07T06:54:32.8974953Z tests/unit/test_api.py::TestEdgeCases::test_filter_no_matches PASSED     [ 21%]
2025-11-07T06:54:32.9107741Z tests/unit/test_api.py::TestConcurrency::test_multiple_concurrent_requests PASSED [ 22%]
2025-11-07T06:54:32.9152868Z tests/unit/test_api.py::TestResponseValidation::test_asset_response_schema PASSED [ 22%]
2025-11-07T06:54:32.9194838Z tests/unit/test_api.py::TestResponseValidation::test_relationship_response_schema PASSED [ 23%]
2025-11-07T06:54:32.9250478Z tests/unit/test_api.py::TestRealDataFetcherFallback::test_real_data_fetcher_complete_failure_fallback PASSED [ 23%]
2025-11-07T06:54:32.9277964Z tests/unit/test_api.py::TestRealDataFetcherFallback::test_real_data_fetcher_partial_fetch_success PASSED [ 24%]
2025-11-07T06:54:32.9311743Z tests/unit/test_api.py::TestRealDataFetcherFallback::test_fetcher_falls_back_on_unhandled_exception PASSED [ 24%]
2025-11-07T06:54:32.9354116Z tests/unit/test_api.py::TestRealDataFetcherFallback::test_real_data_fetcher_empty_history_graceful_handling PASSED [ 25%]
2025-11-07T06:54:32.9410170Z tests/unit/test_api.py::TestRealDataFetcherFallback::test_real_data_fetcher_logs_fallback_on_exception PASSED [ 25%]
2025-11-07T06:54:32.9446541Z tests/unit/test_api.py::TestRealDataFetcherFallback::test_individual_asset_class_fetch_failures_logged PASSED [ 26%]
2025-11-07T06:54:32.9471202Z tests/unit/test_api_main.py::TestValidateOrigin::test_validate_origin_http_localhost_development PASSED [ 26%]
2025-11-07T06:54:32.9495076Z tests/unit/test_api_main.py::TestValidateOrigin::test_validate_origin_http_localhost_production PASSED [ 27%]
2025-11-07T06:54:32.9507254Z tests/unit/test_api_main.py::TestValidateOrigin::test_validate_origin_https_localhost PASSED [ 27%]
2025-11-07T06:54:32.9519486Z tests/unit/test_api_main.py::TestValidateOrigin::test_validate_origin_vercel_urls PASSED [ 28%]
2025-11-07T06:54:32.9532012Z tests/unit/test_api_main.py::TestValidateOrigin::test_validate_origin_https_valid_domains PASSED [ 29%]
2025-11-07T06:54:32.9544270Z tests/unit/test_api_main.py::TestValidateOrigin::test_validate_origin_invalid_schemes PASSED [ 29%]
2025-11-07T06:54:32.9556459Z tests/unit/test_api_main.py::TestValidateOrigin::test_validate_origin_malformed_urls PASSED [ 30%]
2025-11-07T06:54:32.9568026Z tests/unit/test_api_main.py::TestGraphInitialization::test_graph_initialization PASSED [ 30%]
2025-11-07T06:54:32.9579665Z tests/unit/test_api_main.py::TestGraphInitialization::test_graph_singleton PASSED [ 31%]
2025-11-07T06:54:32.9591461Z tests/unit/test_api_main.py::TestPydanticModels::test_asset_response_model_valid PASSED [ 31%]
2025-11-07T06:54:32.9603684Z tests/unit/test_api_main.py::TestPydanticModels::test_asset_response_model_optional_fields PASSED [ 32%]
2025-11-07T06:54:32.9615948Z tests/unit/test_api_main.py::TestPydanticModels::test_relationship_response_model PASSED [ 32%]
2025-11-07T06:54:32.9627716Z tests/unit/test_api_main.py::TestPydanticModels::test_metrics_response_model PASSED [ 33%]
2025-11-07T06:54:32.9639663Z tests/unit/test_api_main.py::TestPydanticModels::test_visualization_data_response_model PASSED [ 33%]
2025-11-07T06:54:32.9678193Z tests/unit/test_api_main.py::TestAPIEndpoints::test_root_endpoint PASSED [ 34%]
2025-11-07T06:54:32.9714200Z tests/unit/test_api_main.py::TestAPIEndpoints::test_health_check_endpoint PASSED [ 34%]
2025-11-07T06:54:32.9753872Z tests/unit/test_api_main.py::TestAPIEndpoints::test_get_assets_all PASSED [ 35%]
2025-11-07T06:54:32.9791745Z tests/unit/test_api_main.py::TestAPIEndpoints::test_get_assets_filter_by_class PASSED [ 36%]
2025-11-07T06:54:32.9832626Z tests/unit/test_api_main.py::TestAPIEndpoints::test_get_assets_filter_by_sector PASSED [ 36%]
2025-11-07T06:54:32.9871487Z tests/unit/test_api_main.py::TestAPIEndpoints::test_get_assets_filter_by_class_and_sector PASSED [ 37%]
2025-11-07T06:54:32.9933520Z tests/unit/test_api_main.py::TestAPIEndpoints::test_get_asset_detail_valid PASSED [ 37%]
2025-11-07T06:54:32.9969685Z tests/unit/test_api_main.py::TestAPIEndpoints::test_get_asset_detail_not_found PASSED [ 38%]
2025-11-07T06:54:33.0030903Z tests/unit/test_api_main.py::TestAPIEndpoints::test_get_asset_relationships_valid PASSED [ 38%]
2025-11-07T06:54:33.0066943Z tests/unit/test_api_main.py::TestAPIEndpoints::test_get_asset_relationships_not_found PASSED [ 39%]
2025-11-07T06:54:33.0106669Z tests/unit/test_api_main.py::TestAPIEndpoints::test_get_all_relationships PASSED [ 39%]
2025-11-07T06:54:33.0144424Z tests/unit/test_api_main.py::TestAPIEndpoints::test_get_metrics PASSED   [ 40%]
2025-11-07T06:54:33.0186538Z tests/unit/test_api_main.py::TestAPIEndpoints::test_get_visualization_data PASSED [ 40%]
2025-11-07T06:54:33.0222610Z tests/unit/test_api_main.py::TestAPIEndpoints::test_get_asset_classes PASSED [ 41%]
2025-11-07T06:54:33.0258592Z tests/unit/test_api_main.py::TestAPIEndpoints::test_get_sectors PASSED   [ 41%]
2025-11-07T06:54:33.0304118Z tests/unit/test_api_main.py::TestErrorHandling::test_get_assets_server_error PASSED [ 42%]
2025-11-07T06:54:33.0356193Z tests/unit/test_api_main.py::TestErrorHandling::test_get_metrics_server_error PASSED [ 43%]
2025-11-07T06:54:33.0428512Z tests/unit/test_api_main.py::TestErrorHandling::test_invalid_http_methods PASSED [ 43%]
2025-11-07T06:54:33.0466725Z tests/unit/test_api_main.py::TestCORSConfiguration::test_cors_headers_present PASSED [ 44%]
2025-11-07T06:54:33.0515182Z tests/unit/test_api_main.py::TestCORSConfiguration::test_cors_allows_development_origins PASSED [ 44%]
2025-11-07T06:54:33.0552633Z tests/unit/test_api_main.py::TestAdditionalFields::test_equity_additional_fields PASSED [ 45%]
2025-11-07T06:54:33.0590013Z tests/unit/test_api_main.py::TestAdditionalFields::test_bond_additional_fields PASSED [ 45%]
2025-11-07T06:54:33.0631611Z tests/unit/test_api_main.py::TestVisualizationDataProcessing::test_visualization_coordinate_types PASSED [ 46%]
2025-11-07T06:54:33.0674615Z tests/unit/test_api_main.py::TestVisualizationDataProcessing::test_visualization_node_defaults PASSED [ 46%]
2025-11-07T06:54:33.0716650Z tests/unit/test_api_main.py::TestVisualizationDataProcessing::test_visualization_edge_defaults PASSED [ 47%]
2025-11-07T06:54:33.0798688Z tests/unit/test_api_main.py::TestIntegrationScenarios::test_full_workflow_asset_exploration PASSED [ 47%]
2025-11-07T06:54:33.0861147Z tests/unit/test_api_main.py::TestIntegrationScenarios::test_full_workflow_visualization_and_metrics PASSED [ 48%]
2025-11-07T06:54:33.0948194Z tests/unit/test_api_main.py::TestIntegrationScenarios::test_filter_refinement_workflow PASSED [ 48%]
2025-11-07T06:54:33.0961914Z tests/unit/test_asset_graph.py::TestAssetRelationshipGraph::test_empty_graph_initialization PASSED [ 49%]
2025-11-07T06:54:33.0976267Z tests/unit/test_asset_graph.py::TestAssetRelationshipGraph::test_add_single_asset PASSED [ 50%]
2025-11-07T06:54:33.0994544Z tests/unit/test_asset_graph.py::TestAssetRelationshipGraph::test_add_multiple_assets PASSED [ 50%]
2025-11-07T06:54:33.1012562Z tests/unit/test_asset_graph.py::TestAssetRelationshipGraph::test_add_relationship PASSED [ 51%]
2025-11-07T06:54:33.1030650Z tests/unit/test_asset_graph.py::TestAssetRelationshipGraph::test_add_bidirectional_relationship PASSED [ 51%]
2025-11-07T06:54:33.1046069Z tests/unit/test_asset_graph.py::TestAssetRelationshipGraph::test_relationship_strength_clamping PASSED [ 52%]
2025-11-07T06:54:33.1065147Z tests/unit/test_asset_graph.py::TestAssetRelationshipGraph::test_add_regulatory_event PASSED [ 52%]
2025-11-07T06:54:33.1084174Z tests/unit/test_asset_graph.py::TestAssetRelationshipGraph::test_build_relationships PASSED [ 53%]
2025-11-07T06:54:33.1103483Z tests/unit/test_asset_graph.py::TestAssetRelationshipGraph::test_calculate_metrics PASSED [ 53%]
2025-11-07T06:54:33.1115836Z tests/unit/test_asset_graph.py::TestAssetRelationshipGraph::test_same_sector_relationship PASSED [ 54%]
2025-11-07T06:54:33.1128240Z tests/unit/test_asset_graph.py::TestAssetRelationshipGraph::test_corporate_bond_relationship PASSED [ 54%]
2025-11-07T06:54:33.1146991Z tests/unit/test_asset_graph.py::TestAssetRelationshipGraph::test_get_3d_visualization_data PASSED [ 55%]
2025-11-07T06:54:33.1202784Z tests/unit/test_asset_graph.py::TestAssetRelationshipGraph::test_positions_persistence PASSED [ 55%]
2025-11-07T06:54:33.1218890Z tests/unit/test_asset_graph.py::TestAssetRelationshipGraph::test_deduplication PASSED [ 56%]
2025-11-07T06:54:33.1231883Z tests/unit/test_config_validation.py::TestVercelConfig::test_vercel_config_valid_json PASSED [ 56%]
2025-11-07T06:54:33.1245914Z tests/unit/test_config_validation.py::TestVercelConfig::test_vercel_config_has_builds PASSED [ 57%]
2025-11-07T06:54:33.1259941Z tests/unit/test_config_validation.py::TestVercelConfig::test_vercel_config_has_routes PASSED [ 58%]
2025-11-07T06:54:33.1274111Z tests/unit/test_config_validation.py::TestVercelConfig::test_vercel_build_python_backend PASSED [ 58%]
2025-11-07T06:54:33.1287848Z tests/unit/test_config_validation.py::TestVercelConfig::test_vercel_build_nextjs_frontend PASSED [ 59%]
2025-11-07T06:54:33.1301606Z tests/unit/test_config_validation.py::TestVercelConfig::test_vercel_routes_api_routing PASSED [ 59%]
2025-11-07T06:54:33.1315481Z tests/unit/test_config_validation.py::TestVercelConfig::test_vercel_routes_frontend_routing PASSED [ 60%]
2025-11-07T06:54:33.1329206Z tests/unit/test_config_validation.py::TestVercelConfig::test_vercel_lambda_size_reasonable PASSED [ 60%]
2025-11-07T06:54:33.1341203Z tests/unit/test_config_validation.py::TestNextConfig::test_next_config_exists PASSED [ 61%]
2025-11-07T06:54:33.1356663Z tests/unit/test_config_validation.py::TestNextConfig::test_next_config_has_module_exports PASSED [ 61%]
2025-11-07T06:54:33.1370152Z tests/unit/test_config_validation.py::TestNextConfig::test_next_config_has_react_strict_mode PASSED [ 62%]
2025-11-07T06:54:33.1383875Z tests/unit/test_config_validation.py::TestNextConfig::test_next_config_has_env_configuration PASSED [ 62%]
2025-11-07T06:54:33.1396534Z tests/unit/test_config_validation.py::TestPackageJson::test_package_json_valid_json PASSED [ 63%]
2025-11-07T06:54:33.1410561Z tests/unit/test_config_validation.py::TestPackageJson::test_package_json_has_required_fields PASSED [ 63%]
2025-11-07T06:54:33.1424672Z tests/unit/test_config_validation.py::TestPackageJson::test_package_json_has_build_scripts PASSED [ 64%]
2025-11-07T06:54:33.1439025Z tests/unit/test_config_validation.py::TestPackageJson::test_package_json_has_react_dependencies PASSED [ 65%]
2025-11-07T06:54:33.1452940Z tests/unit/test_config_validation.py::TestPackageJson::test_package_json_has_visualization_deps PASSED [ 65%]
2025-11-07T06:54:33.1466481Z tests/unit/test_config_validation.py::TestPackageJson::test_package_json_has_axios PASSED [ 66%]
2025-11-07T06:54:33.1480343Z tests/unit/test_config_validation.py::TestPackageJson::test_package_json_has_typescript_deps PASSED [ 66%]
2025-11-07T06:54:33.1497434Z tests/unit/test_config_validation.py::TestPackageJson::test_package_json_version_format PASSED [ 67%]
2025-11-07T06:54:33.1510042Z tests/unit/test_config_validation.py::TestTSConfig::test_tsconfig_valid_json PASSED [ 67%]
2025-11-07T06:54:33.1524202Z tests/unit/test_config_validation.py::TestTSConfig::test_tsconfig_has_compiler_options PASSED [ 68%]
2025-11-07T06:54:33.1537884Z tests/unit/test_config_validation.py::TestTSConfig::test_tsconfig_strict_mode_enabled PASSED [ 68%]
2025-11-07T06:54:33.1551670Z tests/unit/test_config_validation.py::TestTSConfig::test_tsconfig_has_jsx_configuration PASSED [ 69%]
2025-11-07T06:54:33.1565673Z tests/unit/test_config_validation.py::TestTSConfig::test_tsconfig_module_resolution PASSED [ 69%]
2025-11-07T06:54:33.1579693Z tests/unit/test_config_validation.py::TestTSConfig::test_tsconfig_has_path_mapping PASSED [ 70%]
2025-11-07T06:54:33.1591978Z tests/unit/test_config_validation.py::TestTailwindConfig::test_tailwind_config_exists PASSED [ 70%]
2025-11-07T06:54:33.1605674Z tests/unit/test_config_validation.py::TestTailwindConfig::test_tailwind_config_has_module_exports PASSED [ 71%]
2025-11-07T06:54:33.1619210Z tests/unit/test_config_validation.py::TestTailwindConfig::test_tailwind_config_has_content_paths PASSED [ 72%]
2025-11-07T06:54:33.1634056Z tests/unit/test_config_validation.py::TestTailwindConfig::test_tailwind_config_includes_app_directory PASSED [ 72%]
2025-11-07T06:54:33.1646002Z tests/unit/test_config_validation.py::TestEnvExample::test_env_example_exists PASSED [ 73%]
2025-11-07T06:54:33.1659509Z tests/unit/test_config_validation.py::TestEnvExample::test_env_example_has_api_url PASSED [ 73%]
2025-11-07T06:54:33.1673149Z tests/unit/test_config_validation.py::TestEnvExample::test_env_example_has_cors_config PASSED [ 74%]
2025-11-07T06:54:33.1686570Z tests/unit/test_config_validation.py::TestEnvExample::test_env_example_has_comments PASSED [ 74%]
2025-11-07T06:54:33.1700086Z tests/unit/test_config_validation.py::TestEnvExample::test_env_example_no_real_secrets PASSED [ 75%]
2025-11-07T06:54:33.1712174Z tests/unit/test_config_validation.py::TestGitignore::test_gitignore_exists PASSED [ 75%]
2025-11-07T06:54:33.1725734Z tests/unit/test_config_validation.py::TestGitignore::test_gitignore_excludes_node_modules PASSED [ 76%]
2025-11-07T06:54:33.1739371Z tests/unit/test_config_validation.py::TestGitignore::test_gitignore_excludes_next_artifacts PASSED [ 76%]
2025-11-07T06:54:33.1752904Z tests/unit/test_config_validation.py::TestGitignore::test_gitignore_excludes_env_files PASSED [ 77%]
2025-11-07T06:54:33.1766317Z tests/unit/test_config_validation.py::TestGitignore::test_gitignore_excludes_vercel PASSED [ 77%]
2025-11-07T06:54:33.1779793Z tests/unit/test_config_validation.py::TestGitignore::test_gitignore_excludes_python_artifacts PASSED [ 78%]
2025-11-07T06:54:33.1791961Z tests/unit/test_config_validation.py::TestRequirementsTxt::test_requirements_exists PASSED [ 79%]
2025-11-07T06:54:33.1805755Z tests/unit/test_config_validation.py::TestRequirementsTxt::test_requirements_has_fastapi PASSED [ 79%]
2025-11-07T06:54:33.1819413Z tests/unit/test_config_validation.py::TestRequirementsTxt::test_requirements_has_uvicorn PASSED [ 80%]
2025-11-07T06:54:33.1833203Z tests/unit/test_config_validation.py::TestRequirementsTxt::test_requirements_has_pydantic PASSED [ 80%]
2025-11-07T06:54:33.1848020Z tests/unit/test_config_validation.py::TestRequirementsTxt::test_requirements_has_version_constraints PASSED [ 81%]
2025-11-07T06:54:33.1861730Z tests/unit/test_config_validation.py::TestPostCSSConfig::test_postcss_config_has_tailwindcss PASSED [ 81%]
2025-11-07T06:54:33.1875417Z tests/unit/test_config_validation.py::TestPostCSSConfig::test_postcss_config_has_autoprefixer PASSED [ 82%]
2025-11-07T06:54:33.1887815Z tests/unit/test_config_validation.py::TestConfigurationConsistency::test_api_url_consistency PASSED [ 82%]
2025-11-07T06:54:33.1900865Z tests/unit/test_config_validation.py::TestConfigurationConsistency::test_package_json_and_tsconfig_consistency PASSED [ 83%]
2025-11-07T06:54:33.1914454Z tests/unit/test_config_validation.py::TestConfigurationConsistency::test_frontend_build_configuration_matches PASSED [ 83%]
2025-11-07T06:54:33.1926061Z tests/unit/test_dev_scripts.py::TestVercelConfiguration::test_vercel_json_exists PASSED [ 84%]
2025-11-07T06:54:33.1938282Z tests/unit/test_dev_scripts.py::TestVercelConfiguration::test_vercel_json_valid PASSED [ 84%]
2025-11-07T06:54:33.1950688Z tests/unit/test_dev_scripts.py::TestVercelConfiguration::test_vercel_builds_configuration PASSED [ 85%]
2025-11-07T06:54:33.1963249Z tests/unit/test_dev_scripts.py::TestVercelConfiguration::test_vercel_routes_configuration PASSED [ 86%]
2025-11-07T06:54:33.1975047Z tests/unit/test_dev_scripts.py::TestEnvironmentConfiguration::test_env_example_exists PASSED [ 86%]
2025-11-07T06:54:33.1987210Z tests/unit/test_dev_scripts.py::TestEnvironmentConfiguration::test_env_example_has_required_vars PASSED [ 87%]
2025-11-07T06:54:33.1999156Z tests/unit/test_dev_scripts.py::TestGitIgnore::test_gitignore_excludes_build_artifacts PASSED [ 87%]
2025-11-07T06:54:33.2012827Z tests/unit/test_dev_scripts.py::TestDocumentationFiles::test_documentation_exists[README.md] PASSED [ 88%]
2025-11-07T06:54:33.2026070Z tests/unit/test_dev_scripts.py::TestDocumentationFiles::test_documentation_exists[DEPLOYMENT.md] PASSED [ 88%]
2025-11-07T06:54:33.2039383Z tests/unit/test_dev_scripts.py::TestDocumentationFiles::test_documentation_exists[INTEGRATION_SUMMARY.md] PASSED [ 89%]
2025-11-07T06:54:33.2052518Z tests/unit/test_dev_scripts.py::TestDocumentationFiles::test_documentation_exists[ARCHITECTURE.md] PASSED [ 89%]
2025-11-07T06:54:33.2065353Z tests/unit/test_dev_scripts.py::TestDocumentationFiles::test_documentation_exists[QUICK_START.md] PASSED [ 90%]
2025-11-07T06:54:33.2078586Z tests/unit/test_dev_scripts.py::TestDocumentationFiles::test_documentation_exists[UI_COMPARISON.md] PASSED [ 90%]
2025-11-07T06:54:33.2091728Z tests/unit/test_dev_scripts.py::TestDocumentationFiles::test_documentation_exists[VERCEL_DEPLOYMENT_CHECKLIST.md] PASSED [ 91%]
2025-11-07T06:54:33.2104469Z tests/unit/test_dev_scripts.py::TestDocumentationFiles::test_readme_has_quick_start PASSED [ 91%]
2025-11-07T06:54:33.2117124Z tests/unit/test_financial_models.py::TestAsset::test_asset_creation PASSED [ 92%]
2025-11-07T06:54:33.2132940Z tests/unit/test_financial_models.py::TestAsset::test_asset_invalid_id PASSED [ 93%]
2025-11-07T06:54:33.2147580Z tests/unit/test_financial_models.py::TestAsset::test_asset_invalid_price PASSED [ 93%]
2025-11-07T06:54:33.2162671Z tests/unit/test_financial_models.py::TestAsset::test_asset_invalid_currency PASSED [ 94%]
2025-11-07T06:54:33.2177986Z tests/unit/test_financial_models.py::TestAsset::test_asset_invalid_market_cap PASSED [ 94%]
2025-11-07T06:54:33.2191301Z tests/unit/test_financial_models.py::TestEquity::test_equity_creation PASSED [ 95%]
2025-11-07T06:54:33.2203539Z tests/unit/test_financial_models.py::TestEquity::test_equity_optional_fields PASSED [ 95%]
2025-11-07T06:54:33.2216347Z tests/unit/test_financial_models.py::TestBond::test_bond_creation PASSED [ 96%]
2025-11-07T06:54:33.2228115Z tests/unit/test_financial_models.py::TestBond::test_bond_optional_fields PASSED [ 96%]
2025-11-07T06:54:33.2241172Z tests/unit/test_financial_models.py::TestCommodity::test_commodity_creation PASSED [ 97%]
2025-11-07T06:54:33.2254290Z tests/unit/test_financial_models.py::TestCurrency::test_currency_creation PASSED [ 97%]
2025-11-07T06:54:33.2267169Z tests/unit/test_financial_models.py::TestRegulatoryEvent::test_event_creation PASSED [ 98%]
2025-11-07T06:54:33.2282418Z tests/unit/test_financial_models.py::TestRegulatoryEvent::test_event_invalid_impact_score PASSED [ 98%]
2025-11-07T06:54:33.2296788Z tests/unit/test_financial_models.py::TestRegulatoryEvent::test_event_invalid_date PASSED [ 99%]
2025-11-07T06:54:33.8450703Z tests/unit/test_financial_models.py::TestRegulatoryEvent::test_event_empty_description PASSED [100%]
2025-11-07T06:54:33.8451595Z 
2025-11-07T06:54:33.8451768Z ================================ tests coverage ================================
2025-11-07T06:54:33.8452280Z _______________ coverage: platform linux, python 3.10.19-final-0 _______________
2025-11-07T06:54:33.8452611Z 
2025-11-07T06:54:33.8452756Z Name                                 Stmts   Miss  Cover   Missing
2025-11-07T06:54:33.8453133Z ------------------------------------------------------------------
2025-11-07T06:54:33.8453539Z src/analysis/__init__.py                 0      0   100%
2025-11-07T06:54:33.8453985Z src/analysis/formulaic_analysis.py     254    254     0%   1-643
2025-11-07T06:54:33.8454455Z src/data/real_data_fetcher.py          119      2    98%   282-283
2025-11-07T06:54:33.8454912Z src/data/sample_data.py                 47      3    94%   357-359
2025-11-07T06:54:33.8455395Z src/logic/asset_graph.py               153     23    85%   55, 57, 111, 229, 242-286
2025-11-07T06:54:33.8455919Z src/models/financial_models.py          83      4    95%   43, 45, 108, 110
2025-11-07T06:54:33.8456397Z ------------------------------------------------------------------
2025-11-07T06:54:33.8456814Z TOTAL                                  656    286    56%
2025-11-07T06:54:33.8457161Z Coverage HTML written to dir htmlcov
2025-11-07T06:54:33.8457447Z Coverage XML written to file coverage.xml
2025-11-07T06:54:33.8457768Z ============================= 186 passed in 6.77s ==============================
