2025-11-07T06:53:20.6797010Z Current runner version: '2.329.0'
2025-11-07T06:53:20.6822349Z ##[group]Runner Image Provisioner
2025-11-07T06:53:20.6823185Z Hosted Compute Agent
2025-11-07T06:53:20.6823773Z Version: 20251016.436
2025-11-07T06:53:20.6824415Z Commit: 8ab8ac8bfd662a3739dab9fe09456aba92132568
2025-11-07T06:53:20.6825065Z Build Date: 2025-10-15T20:44:12Z
2025-11-07T06:53:20.6825879Z ##[endgroup]
2025-11-07T06:53:20.6826476Z ##[group]Operating System
2025-11-07T06:53:20.6827014Z Ubuntu
2025-11-07T06:53:20.6827533Z 24.04.3
2025-11-07T06:53:20.6827985Z LTS
2025-11-07T06:53:20.6828442Z ##[endgroup]
2025-11-07T06:53:20.6828873Z ##[group]Runner Image
2025-11-07T06:53:20.6829515Z Image: ubuntu-24.04
2025-11-07T06:53:20.6829979Z Version: 20251102.99.1
2025-11-07T06:53:20.6830964Z Included Software: https://github.com/actions/runner-images/blob/ubuntu24/20251102.99/images/ubuntu/Ubuntu2404-Readme.md
2025-11-07T06:53:20.6832538Z Image Release: https://github.com/actions/runner-images/releases/tag/ubuntu24%2F20251102.99
2025-11-07T06:53:20.6833558Z ##[endgroup]
2025-11-07T06:53:20.6834561Z ##[group]GITHUB_TOKEN Permissions
2025-11-07T06:53:20.6836890Z Contents: read
2025-11-07T06:53:20.6837552Z Metadata: read
2025-11-07T06:53:20.6838133Z ##[endgroup]
2025-11-07T06:53:20.6840824Z Secret source: Actions
2025-11-07T06:53:20.6842275Z Prepare workflow directory
2025-11-07T06:53:20.7160361Z Prepare all required actions
2025-11-07T06:53:20.7198371Z Getting action download info
2025-11-07T06:53:21.0109832Z Download action repository 'actions/checkout@v4' (SHA:08eba0b27e820071cde6df949e0beb9ba4906955)
2025-11-07T06:53:21.0824875Z Download action repository 'codecov/codecov-action@v4' (SHA:b9fd7d16f6d7d1b5d2bec1a2887e65ceed900238)
2025-11-07T06:53:21.3888723Z Complete job name: Test Python 3.9
2025-11-07T06:53:21.4489289Z ##[group]Run actions/checkout@v4
2025-11-07T06:53:21.4490091Z with:
2025-11-07T06:53:21.4490573Z   repository: mohavro/financial-asset-relationship-db
2025-11-07T06:53:21.4491307Z   token: ***
2025-11-07T06:53:21.4491677Z   ssh-strict: true
2025-11-07T06:53:21.4492073Z   ssh-user: git
2025-11-07T06:53:21.4492458Z   persist-credentials: true
2025-11-07T06:53:21.4492884Z   clean: true
2025-11-07T06:53:21.4493278Z   sparse-checkout-cone-mode: true
2025-11-07T06:53:21.4493801Z   fetch-depth: 1
2025-11-07T06:53:21.4494165Z   fetch-tags: false
2025-11-07T06:53:21.4494554Z   show-progress: true
2025-11-07T06:53:21.4494946Z   lfs: false
2025-11-07T06:53:21.4495319Z   submodules: false
2025-11-07T06:53:21.4495876Z   set-safe-directory: true
2025-11-07T06:53:21.4496559Z ##[endgroup]
2025-11-07T06:53:21.5595177Z Syncing repository: mohavro/financial-asset-relationship-db
2025-11-07T06:53:21.5597208Z ##[group]Getting Git version info
2025-11-07T06:53:21.5598265Z Working directory is '/home/runner/work/financial-asset-relationship-db/financial-asset-relationship-db'
2025-11-07T06:53:21.5600462Z [command]/usr/bin/git version
2025-11-07T06:53:21.5632070Z git version 2.51.2
2025-11-07T06:53:21.5658698Z ##[endgroup]
2025-11-07T06:53:21.5673703Z Temporarily overriding HOME='/home/runner/work/_temp/9bb95188-52da-469b-8e40-2975f829a097' before making global git config changes
2025-11-07T06:53:21.5676303Z Adding repository directory to the temporary git global config as a safe directory
2025-11-07T06:53:21.5680742Z [command]/usr/bin/git config --global --add safe.directory /home/runner/work/financial-asset-relationship-db/financial-asset-relationship-db
2025-11-07T06:53:21.5714603Z Deleting the contents of '/home/runner/work/financial-asset-relationship-db/financial-asset-relationship-db'
2025-11-07T06:53:21.5717763Z ##[group]Initializing the repository
2025-11-07T06:53:21.5722990Z [command]/usr/bin/git init /home/runner/work/financial-asset-relationship-db/financial-asset-relationship-db
2025-11-07T06:53:21.5784828Z hint: Using 'master' as the name for the initial branch. This default branch name
2025-11-07T06:53:21.5786536Z hint: is subject to change. To configure the initial branch name to use in all
2025-11-07T06:53:21.5787868Z hint: of your new repositories, which will suppress this warning, call:
2025-11-07T06:53:21.5788878Z hint:
2025-11-07T06:53:21.5789356Z hint: 	git config --global init.defaultBranch <name>
2025-11-07T06:53:21.5790105Z hint:
2025-11-07T06:53:21.5790665Z hint: Names commonly chosen instead of 'master' are 'main', 'trunk' and
2025-11-07T06:53:21.5791535Z hint: 'development'. The just-created branch can be renamed via this command:
2025-11-07T06:53:21.5792386Z hint:
2025-11-07T06:53:21.5792776Z hint: 	git branch -m <name>
2025-11-07T06:53:21.5793208Z hint:
2025-11-07T06:53:21.5793782Z hint: Disable this message with "git config set advice.defaultBranchName false"
2025-11-07T06:53:21.5795053Z Initialized empty Git repository in /home/runner/work/financial-asset-relationship-db/financial-asset-relationship-db/.git/
2025-11-07T06:53:21.5798316Z [command]/usr/bin/git remote add origin https://github.com/mohavro/financial-asset-relationship-db
2025-11-07T06:53:21.5828738Z ##[endgroup]
2025-11-07T06:53:21.5829425Z ##[group]Disabling automatic garbage collection
2025-11-07T06:53:21.5832733Z [command]/usr/bin/git config --local gc.auto 0
2025-11-07T06:53:21.5860536Z ##[endgroup]
2025-11-07T06:53:21.5861461Z ##[group]Setting up auth
2025-11-07T06:53:21.5867591Z [command]/usr/bin/git config --local --name-only --get-regexp core\.sshCommand
2025-11-07T06:53:21.5896699Z [command]/usr/bin/git submodule foreach --recursive sh -c "git config --local --name-only --get-regexp 'core\.sshCommand' && git config --local --unset-all 'core.sshCommand' || :"
2025-11-07T06:53:21.6161251Z [command]/usr/bin/git config --local --name-only --get-regexp http\.https\:\/\/github\.com\/\.extraheader
2025-11-07T06:53:21.6194684Z [command]/usr/bin/git submodule foreach --recursive sh -c "git config --local --name-only --get-regexp 'http\.https\:\/\/github\.com\/\.extraheader' && git config --local --unset-all 'http.https://github.com/.extraheader' || :"
2025-11-07T06:53:21.6412235Z [command]/usr/bin/git config --local http.https://github.com/.extraheader AUTHORIZATION: basic ***
2025-11-07T06:53:21.6445211Z ##[endgroup]
2025-11-07T06:53:21.6446744Z ##[group]Fetching the repository
2025-11-07T06:53:21.6455350Z [command]/usr/bin/git -c protocol.version=2 fetch --no-tags --prune --no-recurse-submodules --depth=1 origin +f6c5dd2318074fd903c3ad6ca3549b24b31ef2ea:refs/remotes/pull/96/merge
2025-11-07T06:53:21.8469460Z From https://github.com/mohavro/financial-asset-relationship-db
2025-11-07T06:53:21.8470942Z  * [new ref]         f6c5dd2318074fd903c3ad6ca3549b24b31ef2ea -> pull/96/merge
2025-11-07T06:53:21.8500762Z ##[endgroup]
2025-11-07T06:53:21.8501594Z ##[group]Determining the checkout info
2025-11-07T06:53:21.8503122Z ##[endgroup]
2025-11-07T06:53:21.8508639Z [command]/usr/bin/git sparse-checkout disable
2025-11-07T06:53:21.8546706Z [command]/usr/bin/git config --local --unset-all extensions.worktreeConfig
2025-11-07T06:53:21.8573792Z ##[group]Checking out the ref
2025-11-07T06:53:21.8578916Z [command]/usr/bin/git checkout --progress --force refs/remotes/pull/96/merge
2025-11-07T06:53:21.8724571Z Note: switching to 'refs/remotes/pull/96/merge'.
2025-11-07T06:53:21.8725052Z 
2025-11-07T06:53:21.8725411Z You are in 'detached HEAD' state. You can look around, make experimental
2025-11-07T06:53:21.8726545Z changes and commit them, and you can discard any commits you make in this
2025-11-07T06:53:21.8727422Z state without impacting any branches by switching back to a branch.
2025-11-07T06:53:21.8727927Z 
2025-11-07T06:53:21.8728259Z If you want to create a new branch to retain commits you create, you may
2025-11-07T06:53:21.8729389Z do so (now or later) by using -c with the switch command. Example:
2025-11-07T06:53:21.8730257Z 
2025-11-07T06:53:21.8730635Z   git switch -c <new-branch-name>
2025-11-07T06:53:21.8731256Z 
2025-11-07T06:53:21.8731641Z Or undo this operation with:
2025-11-07T06:53:21.8732209Z 
2025-11-07T06:53:21.8732538Z   git switch -
2025-11-07T06:53:21.8732967Z 
2025-11-07T06:53:21.8733629Z Turn off this advice by setting config variable advice.detachedHead to false
2025-11-07T06:53:21.8734927Z 
2025-11-07T06:53:21.8736226Z HEAD is now at f6c5dd2 Merge a3fac3fb060a1e01138d9d2f7cf5a974ea3df945 into a6b17adc9ab64a141f684f2d53022b9512cd3167
2025-11-07T06:53:21.8739382Z ##[endgroup]
2025-11-07T06:53:21.8769204Z [command]/usr/bin/git log -1 --format=%H
2025-11-07T06:53:21.8792112Z f6c5dd2318074fd903c3ad6ca3549b24b31ef2ea
2025-11-07T06:53:21.9086637Z Prepare all required actions
2025-11-07T06:53:21.9087359Z Getting action download info
2025-11-07T06:53:22.0637758Z Download action repository 'actions/setup-python@v5' (SHA:a26af69be951a213d495a4c3e4e4022e16d87065)
2025-11-07T06:53:22.1764816Z Download action repository 'actions/setup-node@v4' (SHA:49933ea5288caeca8642d1e84afbd3f7d6820020)
2025-11-07T06:53:22.3432691Z ##[group]Run ./.github/actions/ci-common
2025-11-07T06:53:22.3433850Z with:
2025-11-07T06:53:22.3434635Z   language: python
2025-11-07T06:53:22.3435700Z   python-version: 3.9
2025-11-07T06:53:22.3436972Z   dependency-paths: requirements.txt
requirements-dev.txt

2025-11-07T06:53:22.3439429Z   install: python -m pip install --upgrade pip && \
pip install -r requirements.txt && \
pip install -r requirements-dev.txt

2025-11-07T06:53:22.3443991Z   test: flake8 . --count --select=E9,F63,F7,F82 --show-source --statistics && \
flake8 . --count --statistics && \
black --check --diff . && \
isort --check-only --diff . && \
pylint src/ --fail-under=7.0 && \
pytest --cov=src --cov-report=xml --cov-report=term-missing -v

2025-11-07T06:53:22.3447588Z   working-directory: .
2025-11-07T06:53:22.3448477Z ##[endgroup]
2025-11-07T06:53:22.3692321Z ##[group]Run actions/setup-python@v5
2025-11-07T06:53:22.3693378Z with:
2025-11-07T06:53:22.3694121Z   python-version: 3.9
2025-11-07T06:53:22.3694964Z   cache: pip
2025-11-07T06:53:22.3696233Z   cache-dependency-path: requirements.txt
requirements-dev.txt

2025-11-07T06:53:22.3697612Z   check-latest: false
2025-11-07T06:53:22.3698739Z   token: ***
2025-11-07T06:53:22.3699541Z   update-environment: true
2025-11-07T06:53:22.3700481Z   allow-prereleases: false
2025-11-07T06:53:22.3701417Z   freethreaded: false
2025-11-07T06:53:22.3702232Z ##[endgroup]
2025-11-07T06:53:22.5495363Z ##[group]Installed versions
2025-11-07T06:53:22.5584205Z Successfully set up CPython (3.9.24)
2025-11-07T06:53:22.5586064Z ##[endgroup]
2025-11-07T06:53:22.5878984Z [command]/opt/hostedtoolcache/Python/3.9.24/x64/bin/pip cache dir
2025-11-07T06:53:24.5165998Z /home/runner/.cache/pip
2025-11-07T06:53:24.6162650Z pip cache is not found
2025-11-07T06:53:24.6314539Z ##[group]Run set -euo pipefail
2025-11-07T06:53:24.6314973Z [36;1mset -euo pipefail[0m
2025-11-07T06:53:24.6315349Z [36;1meval "python -m pip install --upgrade pip && \[0m
2025-11-07T06:53:24.6316020Z [36;1mpip install -r requirements.txt && \[0m
2025-11-07T06:53:24.6316354Z [36;1mpip install -r requirements-dev.txt[0m
2025-11-07T06:53:24.6316644Z [36;1m"[0m
2025-11-07T06:53:24.6357733Z shell: /usr/bin/bash --noprofile --norc -e -o pipefail {0}
2025-11-07T06:53:24.6358115Z env:
2025-11-07T06:53:24.6358401Z   pythonLocation: /opt/hostedtoolcache/Python/3.9.24/x64
2025-11-07T06:53:24.6358871Z   PKG_CONFIG_PATH: /opt/hostedtoolcache/Python/3.9.24/x64/lib/pkgconfig
2025-11-07T06:53:24.6359283Z   Python_ROOT_DIR: /opt/hostedtoolcache/Python/3.9.24/x64
2025-11-07T06:53:24.6359659Z   Python2_ROOT_DIR: /opt/hostedtoolcache/Python/3.9.24/x64
2025-11-07T06:53:24.6360064Z   Python3_ROOT_DIR: /opt/hostedtoolcache/Python/3.9.24/x64
2025-11-07T06:53:24.6360465Z   LD_LIBRARY_PATH: /opt/hostedtoolcache/Python/3.9.24/x64/lib
2025-11-07T06:53:24.6360790Z ##[endgroup]
2025-11-07T06:53:25.3842352Z Requirement already satisfied: pip in /opt/hostedtoolcache/Python/3.9.24/x64/lib/python3.9/site-packages (25.3)
2025-11-07T06:53:26.2100893Z Collecting gradio>=4.0.0 (from -r requirements.txt (line 1))
2025-11-07T06:53:26.2575875Z   Downloading gradio-4.44.1-py3-none-any.whl.metadata (15 kB)
2025-11-07T06:53:26.3117347Z Collecting plotly>=5.0.0 (from -r requirements.txt (line 2))
2025-11-07T06:53:26.3194836Z   Downloading plotly-6.4.0-py3-none-any.whl.metadata (8.5 kB)
2025-11-07T06:53:26.5640251Z Collecting numpy>=1.21.0 (from -r requirements.txt (line 3))
2025-11-07T06:53:26.5721212Z   Downloading numpy-2.0.2-cp39-cp39-manylinux_2_17_x86_64.manylinux2014_x86_64.whl.metadata (60 kB)
2025-11-07T06:53:26.6090861Z Collecting dataclasses-json>=0.5.7 (from -r requirements.txt (line 4))
2025-11-07T06:53:26.6169217Z   Downloading dataclasses_json-0.6.7-py3-none-any.whl.metadata (25 kB)
2025-11-07T06:53:26.6563807Z Collecting yfinance>=0.2.0 (from -r requirements.txt (line 5))
2025-11-07T06:53:26.6643711Z   Downloading yfinance-0.2.66-py2.py3-none-any.whl.metadata (6.0 kB)
2025-11-07T06:53:26.6998641Z Collecting requests>=2.28.0 (from -r requirements.txt (line 6))
2025-11-07T06:53:26.7076743Z   Downloading requests-2.32.5-py3-none-any.whl.metadata (4.9 kB)
2025-11-07T06:53:26.8741584Z Collecting pandas>=1.5.0 (from -r requirements.txt (line 7))
2025-11-07T06:53:26.8821475Z   Downloading pandas-2.3.3-cp39-cp39-manylinux_2_24_x86_64.manylinux_2_28_x86_64.whl.metadata (91 kB)
2025-11-07T06:53:26.9807549Z Collecting fastapi>=0.104.0 (from -r requirements.txt (line 8))
2025-11-07T06:53:26.9883940Z   Downloading fastapi-0.121.0-py3-none-any.whl.metadata (28 kB)
2025-11-07T06:53:27.0316432Z Collecting uvicorn>=0.24.0 (from uvicorn[standard]>=0.24.0->-r requirements.txt (line 9))
2025-11-07T06:53:27.0396364Z   Downloading uvicorn-0.38.0-py3-none-any.whl.metadata (6.8 kB)
2025-11-07T06:53:27.1921065Z Collecting pydantic>=2.4.0 (from -r requirements.txt (line 10))
2025-11-07T06:53:27.2011171Z   Downloading pydantic-2.12.4-py3-none-any.whl.metadata (89 kB)
2025-11-07T06:53:27.2270362Z Collecting PyJWT>=2.8.0 (from -r requirements.txt (line 12))
2025-11-07T06:53:27.2346320Z   Downloading PyJWT-2.10.1-py3-none-any.whl.metadata (4.0 kB)
2025-11-07T06:53:27.2533030Z Collecting passlib>=1.7.4 (from passlib[bcrypt]>=1.7.4->-r requirements.txt (line 13))
2025-11-07T06:53:27.2607890Z   Downloading passlib-1.7.4-py2.py3-none-any.whl.metadata (1.7 kB)
2025-11-07T06:53:27.2779121Z Collecting slowapi>=0.1.4 (from -r requirements.txt (line 14))
2025-11-07T06:53:27.2885148Z   Downloading slowapi-0.1.9-py3-none-any.whl.metadata (3.0 kB)
2025-11-07T06:53:27.3143982Z Collecting httpx>=0.24.0 (from -r requirements.txt (line 16))
2025-11-07T06:53:27.3220237Z   Downloading httpx-0.28.1-py3-none-any.whl.metadata (7.1 kB)
2025-11-07T06:53:27.3414067Z Collecting aiofiles<24.0,>=22.0 (from gradio>=4.0.0->-r requirements.txt (line 1))
2025-11-07T06:53:27.3499919Z   Downloading aiofiles-23.2.1-py3-none-any.whl.metadata (9.7 kB)
2025-11-07T06:53:27.3770018Z Collecting anyio<5.0,>=3.0 (from gradio>=4.0.0->-r requirements.txt (line 1))
2025-11-07T06:53:27.3874291Z   Downloading anyio-4.11.0-py3-none-any.whl.metadata (4.1 kB)
2025-11-07T06:53:27.4319138Z Collecting ffmpy (from gradio>=4.0.0->-r requirements.txt (line 1))
2025-11-07T06:53:27.4403723Z   Downloading ffmpy-0.6.4-py3-none-any.whl.metadata (2.9 kB)
2025-11-07T06:53:27.4707901Z Collecting gradio-client==1.3.0 (from gradio>=4.0.0->-r requirements.txt (line 1))
2025-11-07T06:53:27.4791859Z   Downloading gradio_client-1.3.0-py3-none-any.whl.metadata (7.1 kB)
2025-11-07T06:53:27.5409576Z Collecting huggingface-hub>=0.19.3 (from gradio>=4.0.0->-r requirements.txt (line 1))
2025-11-07T06:53:27.5491496Z   Downloading huggingface_hub-1.1.2-py3-none-any.whl.metadata (13 kB)
2025-11-07T06:53:27.6058464Z Collecting importlib-resources<7.0,>=1.3 (from gradio>=4.0.0->-r requirements.txt (line 1))
2025-11-07T06:53:27.6146569Z   Downloading importlib_resources-6.5.2-py3-none-any.whl.metadata (3.9 kB)
2025-11-07T06:53:27.6399093Z Collecting jinja2<4.0 (from gradio>=4.0.0->-r requirements.txt (line 1))
2025-11-07T06:53:27.6474230Z   Downloading jinja2-3.1.6-py3-none-any.whl.metadata (2.9 kB)
2025-11-07T06:53:27.7205700Z Collecting markupsafe~=2.0 (from gradio>=4.0.0->-r requirements.txt (line 1))
2025-11-07T06:53:27.7284691Z   Downloading MarkupSafe-2.1.5-cp39-cp39-manylinux_2_17_x86_64.manylinux2014_x86_64.whl.metadata (3.0 kB)
2025-11-07T06:53:27.9346878Z Collecting matplotlib~=3.0 (from gradio>=4.0.0->-r requirements.txt (line 1))
2025-11-07T06:53:27.9429039Z   Downloading matplotlib-3.9.4-cp39-cp39-manylinux_2_17_x86_64.manylinux2014_x86_64.whl.metadata (11 kB)
2025-11-07T06:53:28.2892503Z Collecting orjson~=3.0 (from gradio>=4.0.0->-r requirements.txt (line 1))
2025-11-07T06:53:28.2974479Z   Downloading orjson-3.11.4-cp39-cp39-manylinux_2_17_x86_64.manylinux2014_x86_64.whl.metadata (41 kB)
2025-11-07T06:53:28.3218063Z Collecting packaging (from gradio>=4.0.0->-r requirements.txt (line 1))
2025-11-07T06:53:28.3292499Z   Downloading packaging-25.0-py3-none-any.whl.metadata (3.3 kB)
2025-11-07T06:53:28.5937434Z Collecting pillow<11.0,>=8.0 (from gradio>=4.0.0->-r requirements.txt (line 1))
2025-11-07T06:53:28.6039661Z   Downloading pillow-10.4.0-cp39-cp39-manylinux_2_28_x86_64.whl.metadata (9.2 kB)
2025-11-07T06:53:28.6466058Z Collecting pydub (from gradio>=4.0.0->-r requirements.txt (line 1))
2025-11-07T06:53:28.6542453Z   Downloading pydub-0.25.1-py2.py3-none-any.whl.metadata (1.4 kB)
2025-11-07T06:53:28.6716040Z Collecting python-multipart>=0.0.9 (from gradio>=4.0.0->-r requirements.txt (line 1))
2025-11-07T06:53:28.6793117Z   Downloading python_multipart-0.0.20-py3-none-any.whl.metadata (1.8 kB)
2025-11-07T06:53:28.7283662Z Collecting pyyaml<7.0,>=5.0 (from gradio>=4.0.0->-r requirements.txt (line 1))
2025-11-07T06:53:28.7363407Z   Downloading pyyaml-6.0.3-cp39-cp39-manylinux2014_x86_64.manylinux_2_17_x86_64.manylinux_2_28_x86_64.whl.metadata (2.4 kB)
2025-11-07T06:53:29.2242424Z Collecting ruff>=0.2.2 (from gradio>=4.0.0->-r requirements.txt (line 1))
2025-11-07T06:53:29.2325137Z   Downloading ruff-0.14.4-py3-none-manylinux_2_17_x86_64.manylinux2014_x86_64.whl.metadata (25 kB)
2025-11-07T06:53:29.2533036Z Collecting semantic-version~=2.0 (from gradio>=4.0.0->-r requirements.txt (line 1))
2025-11-07T06:53:29.2609221Z   Downloading semantic_version-2.10.0-py2.py3-none-any.whl.metadata (9.7 kB)
2025-11-07T06:53:29.2873760Z Collecting tomlkit==0.12.0 (from gradio>=4.0.0->-r requirements.txt (line 1))
2025-11-07T06:53:29.2959562Z   Downloading tomlkit-0.12.0-py3-none-any.whl.metadata (2.7 kB)
2025-11-07T06:53:29.3239171Z Collecting typer<1.0,>=0.12 (from gradio>=4.0.0->-r requirements.txt (line 1))
2025-11-07T06:53:29.3317361Z   Downloading typer-0.20.0-py3-none-any.whl.metadata (16 kB)
2025-11-07T06:53:29.3596667Z Collecting typing-extensions~=4.0 (from gradio>=4.0.0->-r requirements.txt (line 1))
2025-11-07T06:53:29.3674161Z   Downloading typing_extensions-4.15.0-py3-none-any.whl.metadata (3.3 kB)
2025-11-07T06:53:29.3996211Z Collecting urllib3~=2.0 (from gradio>=4.0.0->-r requirements.txt (line 1))
2025-11-07T06:53:29.4076245Z   Downloading urllib3-2.5.0-py3-none-any.whl.metadata (6.5 kB)
2025-11-07T06:53:29.4516069Z Collecting fsspec (from gradio-client==1.3.0->gradio>=4.0.0->-r requirements.txt (line 1))
2025-11-07T06:53:29.4593300Z   Downloading fsspec-2025.10.0-py3-none-any.whl.metadata (10 kB)
2025-11-07T06:53:29.6054257Z Collecting websockets<13.0,>=10.0 (from gradio-client==1.3.0->gradio>=4.0.0->-r requirements.txt (line 1))
2025-11-07T06:53:29.6148445Z   Downloading websockets-12.0-cp39-cp39-manylinux_2_5_x86_64.manylinux1_x86_64.manylinux_2_17_x86_64.manylinux2014_x86_64.whl.metadata (6.6 kB)
2025-11-07T06:53:29.6479449Z Collecting python-dateutil>=2.8.2 (from pandas>=1.5.0->-r requirements.txt (line 7))
2025-11-07T06:53:29.6556913Z   Downloading python_dateutil-2.9.0.post0-py2.py3-none-any.whl.metadata (8.4 kB)
2025-11-07T06:53:29.7014977Z Collecting pytz>=2020.1 (from pandas>=1.5.0->-r requirements.txt (line 7))
2025-11-07T06:53:29.7090556Z   Downloading pytz-2025.2-py2.py3-none-any.whl.metadata (22 kB)
2025-11-07T06:53:29.7287660Z Collecting tzdata>=2022.7 (from pandas>=1.5.0->-r requirements.txt (line 7))
2025-11-07T06:53:29.7364448Z   Downloading tzdata-2025.2-py2.py3-none-any.whl.metadata (1.4 kB)
2025-11-07T06:53:29.7734671Z Collecting starlette<0.50.0,>=0.40.0 (from fastapi>=0.104.0->-r requirements.txt (line 8))
2025-11-07T06:53:29.7812578Z   Downloading starlette-0.49.3-py3-none-any.whl.metadata (6.4 kB)
2025-11-07T06:53:29.8482696Z Collecting annotated-doc>=0.0.2 (from fastapi>=0.104.0->-r requirements.txt (line 8))
2025-11-07T06:53:29.8557528Z   Downloading annotated_doc-0.0.3-py3-none-any.whl.metadata (6.6 kB)
2025-11-07T06:53:29.8713575Z Collecting annotated-types>=0.6.0 (from pydantic>=2.4.0->-r requirements.txt (line 10))
2025-11-07T06:53:29.8789573Z   Downloading annotated_types-0.7.0-py3-none-any.whl.metadata (15 kB)
2025-11-07T06:53:30.8565157Z Collecting pydantic-core==2.41.5 (from pydantic>=2.4.0->-r requirements.txt (line 10))
2025-11-07T06:53:30.8647705Z   Downloading pydantic_core-2.41.5-cp39-cp39-manylinux_2_17_x86_64.manylinux2014_x86_64.whl.metadata (7.3 kB)
2025-11-07T06:53:30.8870816Z Collecting typing-inspection>=0.4.2 (from pydantic>=2.4.0->-r requirements.txt (line 10))
2025-11-07T06:53:30.8947969Z   Downloading typing_inspection-0.4.2-py3-none-any.whl.metadata (2.6 kB)
2025-11-07T06:53:30.9169427Z Collecting exceptiongroup>=1.0.2 (from anyio<5.0,>=3.0->gradio>=4.0.0->-r requirements.txt (line 1))
2025-11-07T06:53:30.9243796Z   Downloading exceptiongroup-1.3.0-py3-none-any.whl.metadata (6.7 kB)
2025-11-07T06:53:30.9436082Z Collecting idna>=2.8 (from anyio<5.0,>=3.0->gradio>=4.0.0->-r requirements.txt (line 1))
2025-11-07T06:53:30.9510838Z   Downloading idna-3.11-py3-none-any.whl.metadata (8.4 kB)
2025-11-07T06:53:30.9661119Z Collecting sniffio>=1.1 (from anyio<5.0,>=3.0->gradio>=4.0.0->-r requirements.txt (line 1))
2025-11-07T06:53:30.9736899Z   Downloading sniffio-1.3.1-py3-none-any.whl.metadata (3.9 kB)
2025-11-07T06:53:31.0065851Z Collecting zipp>=3.1.0 (from importlib-resources<7.0,>=1.3->gradio>=4.0.0->-r requirements.txt (line 1))
2025-11-07T06:53:31.0140203Z   Downloading zipp-3.23.0-py3-none-any.whl.metadata (3.6 kB)
2025-11-07T06:53:31.1072459Z Collecting contourpy>=1.0.1 (from matplotlib~=3.0->gradio>=4.0.0->-r requirements.txt (line 1))
2025-11-07T06:53:31.1151940Z   Downloading contourpy-1.3.0-cp39-cp39-manylinux_2_17_x86_64.manylinux2014_x86_64.whl.metadata (5.4 kB)
2025-11-07T06:53:31.1332903Z Collecting cycler>=0.10 (from matplotlib~=3.0->gradio>=4.0.0->-r requirements.txt (line 1))
2025-11-07T06:53:31.1427233Z   Downloading cycler-0.12.1-py3-none-any.whl.metadata (3.8 kB)
2025-11-07T06:53:31.3265815Z Collecting fonttools>=4.22.0 (from matplotlib~=3.0->gradio>=4.0.0->-r requirements.txt (line 1))
2025-11-07T06:53:31.3347746Z   Downloading fonttools-4.60.1-cp39-cp39-manylinux2014_x86_64.manylinux_2_17_x86_64.whl.metadata (112 kB)
2025-11-07T06:53:31.4253981Z Collecting kiwisolver>=1.3.1 (from matplotlib~=3.0->gradio>=4.0.0->-r requirements.txt (line 1))
2025-11-07T06:53:31.4336579Z   Downloading kiwisolver-1.4.7-cp39-cp39-manylinux_2_12_x86_64.manylinux2010_x86_64.whl.metadata (6.3 kB)
2025-11-07T06:53:31.4826309Z Collecting pyparsing>=2.3.1 (from matplotlib~=3.0->gradio>=4.0.0->-r requirements.txt (line 1))
2025-11-07T06:53:31.4902836Z   Downloading pyparsing-3.2.5-py3-none-any.whl.metadata (5.0 kB)
2025-11-07T06:53:31.5484189Z Collecting click>=8.0.0 (from typer<1.0,>=0.12->gradio>=4.0.0->-r requirements.txt (line 1))
2025-11-07T06:53:31.5561444Z   Downloading click-8.1.8-py3-none-any.whl.metadata (2.3 kB)
2025-11-07T06:53:31.5788659Z Collecting shellingham>=1.3.0 (from typer<1.0,>=0.12->gradio>=4.0.0->-r requirements.txt (line 1))
2025-11-07T06:53:31.5868409Z   Downloading shellingham-1.5.4-py2.py3-none-any.whl.metadata (3.5 kB)
2025-11-07T06:53:31.6373216Z Collecting rich>=10.11.0 (from typer<1.0,>=0.12->gradio>=4.0.0->-r requirements.txt (line 1))
2025-11-07T06:53:31.6451753Z   Downloading rich-14.2.0-py3-none-any.whl.metadata (18 kB)
2025-11-07T06:53:31.7059519Z Collecting narwhals>=1.15.1 (from plotly>=5.0.0->-r requirements.txt (line 2))
2025-11-07T06:53:31.7137729Z   Downloading narwhals-2.10.2-py3-none-any.whl.metadata (11 kB)
2025-11-07T06:53:31.7681672Z Collecting marshmallow<4.0.0,>=3.18.0 (from dataclasses-json>=0.5.7->-r requirements.txt (line 4))
2025-11-07T06:53:31.7762268Z   Downloading marshmallow-3.26.1-py3-none-any.whl.metadata (7.3 kB)
2025-11-07T06:53:31.7947656Z Collecting typing-inspect<1,>=0.4.0 (from dataclasses-json>=0.5.7->-r requirements.txt (line 4))
2025-11-07T06:53:31.8022767Z   Downloading typing_inspect-0.9.0-py3-none-any.whl.metadata (1.5 kB)
2025-11-07T06:53:31.8244848Z Collecting mypy-extensions>=0.3.0 (from typing-inspect<1,>=0.4.0->dataclasses-json>=0.5.7->-r requirements.txt (line 4))
2025-11-07T06:53:31.8320141Z   Downloading mypy_extensions-1.1.0-py3-none-any.whl.metadata (1.1 kB)
2025-11-07T06:53:31.8824469Z Collecting multitasking>=0.0.7 (from yfinance>=0.2.0->-r requirements.txt (line 5))
2025-11-07T06:53:31.8899179Z   Downloading multitasking-0.0.12.tar.gz (19 kB)
2025-11-07T06:53:31.8994791Z   Installing build dependencies: started
2025-11-07T06:53:32.7906810Z   Installing build dependencies: finished with status 'done'
2025-11-07T06:53:32.7915866Z   Getting requirements to build wheel: started
2025-11-07T06:53:33.1641591Z   Getting requirements to build wheel: finished with status 'done'
2025-11-07T06:53:33.1654905Z   Preparing metadata (pyproject.toml): started
2025-11-07T06:53:33.3579198Z   Preparing metadata (pyproject.toml): finished with status 'done'
2025-11-07T06:53:33.3854181Z Collecting platformdirs>=2.0.0 (from yfinance>=0.2.0->-r requirements.txt (line 5))
2025-11-07T06:53:33.3932758Z   Downloading platformdirs-4.4.0-py3-none-any.whl.metadata (12 kB)
2025-11-07T06:53:33.4538544Z Collecting frozendict>=2.3.4 (from yfinance>=0.2.0->-r requirements.txt (line 5))
2025-11-07T06:53:33.4653495Z   Downloading frozendict-2.4.6-cp39-cp39-manylinux_2_17_x86_64.manylinux2014_x86_64.whl.metadata (23 kB)
2025-11-07T06:53:33.4927819Z Collecting peewee>=3.16.2 (from yfinance>=0.2.0->-r requirements.txt (line 5))
2025-11-07T06:53:33.5004388Z   Downloading peewee-3.18.3.tar.gz (3.0 MB)
2025-11-07T06:53:33.5316609Z      ━━━━━━━━━━━━━━━━━━━━━━━━━━━━━━━━━━━━━━━━ 3.0/3.0 MB 121.7 MB/s  0:00:00
2025-11-07T06:53:33.7128612Z   Installing build dependencies: started
2025-11-07T06:53:34.5623530Z   Installing build dependencies: finished with status 'done'
2025-11-07T06:53:34.5632948Z   Getting requirements to build wheel: started
2025-11-07T06:53:35.0144478Z   Getting requirements to build wheel: finished with status 'done'
2025-11-07T06:53:35.0157511Z   Preparing metadata (pyproject.toml): started
2025-11-07T06:53:35.2468300Z   Preparing metadata (pyproject.toml): finished with status 'done'
2025-11-07T06:53:35.2715256Z Collecting beautifulsoup4>=4.11.1 (from yfinance>=0.2.0->-r requirements.txt (line 5))
2025-11-07T06:53:35.2794741Z   Downloading beautifulsoup4-4.14.2-py3-none-any.whl.metadata (3.8 kB)
2025-11-07T06:53:35.3416270Z Collecting curl_cffi>=0.7 (from yfinance>=0.2.0->-r requirements.txt (line 5))
2025-11-07T06:53:35.3496115Z   Downloading curl_cffi-0.13.0-cp39-abi3-manylinux_2_17_x86_64.manylinux2014_x86_64.whl.metadata (13 kB)
2025-11-07T06:53:35.6839180Z Collecting protobuf>=3.19.0 (from yfinance>=0.2.0->-r requirements.txt (line 5))
2025-11-07T06:53:35.6924311Z   Downloading protobuf-6.33.0-cp39-abi3-manylinux2014_x86_64.whl.metadata (593 bytes)
2025-11-07T06:53:35.7002651Z INFO: pip is looking at multiple versions of yfinance to determine which version is compatible with other requirements. This could take a while.
2025-11-07T06:53:35.7008920Z Collecting yfinance>=0.2.0 (from -r requirements.txt (line 5))
2025-11-07T06:53:35.7089077Z   Downloading yfinance-0.2.65-py2.py3-none-any.whl.metadata (5.8 kB)
2025-11-07T06:53:35.7233821Z   Downloading yfinance-0.2.64-py2.py3-none-any.whl.metadata (5.8 kB)
2025-11-07T06:53:35.7379289Z   Downloading yfinance-0.2.63-py2.py3-none-any.whl.metadata (5.8 kB)
2025-11-07T06:53:35.7521162Z   Downloading yfinance-0.2.62-py2.py3-none-any.whl.metadata (5.8 kB)
2025-11-07T06:53:35.7665205Z   Downloading yfinance-0.2.61-py2.py3-none-any.whl.metadata (5.8 kB)
2025-11-07T06:53:35.7804124Z   Downloading yfinance-0.2.60-py2.py3-none-any.whl.metadata (5.8 kB)
2025-11-07T06:53:35.7947575Z   Downloading yfinance-0.2.59-py2.py3-none-any.whl.metadata (5.7 kB)
2025-11-07T06:53:35.8171042Z Collecting protobuf<6,>=5.29.0 (from yfinance>=0.2.0->-r requirements.txt (line 5))
2025-11-07T06:53:35.8248746Z   Downloading protobuf-5.29.5-cp38-abi3-manylinux2014_x86_64.whl.metadata (592 bytes)
2025-11-07T06:53:35.9383932Z Collecting charset_normalizer<4,>=2 (from requests>=2.28.0->-r requirements.txt (line 6))
2025-11-07T06:53:35.9467244Z   Downloading charset_normalizer-3.4.4-cp39-cp39-manylinux2014_x86_64.manylinux_2_17_x86_64.manylinux_2_28_x86_64.whl.metadata (37 kB)
2025-11-07T06:53:35.9929207Z Collecting certifi>=2017.4.17 (from requests>=2.28.0->-r requirements.txt (line 6))
2025-11-07T06:53:36.0007898Z   Downloading certifi-2025.10.5-py3-none-any.whl.metadata (2.5 kB)
2025-11-07T06:53:36.0263516Z Collecting h11>=0.8 (from uvicorn>=0.24.0->uvicorn[standard]>=0.24.0->-r requirements.txt (line 9))
2025-11-07T06:53:36.0340550Z   Downloading h11-0.16.0-py3-none-any.whl.metadata (8.3 kB)
2025-11-07T06:53:36.0768712Z Collecting limits>=2.3 (from slowapi>=0.1.4->-r requirements.txt (line 14))
2025-11-07T06:53:36.0858293Z   Downloading limits-4.2-py3-none-any.whl.metadata (10 kB)
2025-11-07T06:53:36.1224872Z Collecting httpcore==1.* (from httpx>=0.24.0->-r requirements.txt (line 16))
2025-11-07T06:53:36.1302571Z   Downloading httpcore-1.0.9-py3-none-any.whl.metadata (21 kB)
2025-11-07T06:53:36.1638158Z Collecting soupsieve>1.2 (from beautifulsoup4>=4.11.1->yfinance>=0.2.0->-r requirements.txt (line 5))
2025-11-07T06:53:36.1714058Z   Downloading soupsieve-2.8-py3-none-any.whl.metadata (4.6 kB)
2025-11-07T06:53:36.3096227Z Collecting cffi>=1.12.0 (from curl_cffi>=0.7->yfinance>=0.2.0->-r requirements.txt (line 5))
2025-11-07T06:53:36.3177794Z   Downloading cffi-2.0.0-cp39-cp39-manylinux2014_x86_64.manylinux_2_17_x86_64.whl.metadata (2.6 kB)
2025-11-07T06:53:36.3418453Z Collecting pycparser (from cffi>=1.12.0->curl_cffi>=0.7->yfinance>=0.2.0->-r requirements.txt (line 5))
2025-11-07T06:53:36.3492586Z   Downloading pycparser-2.23-py3-none-any.whl.metadata (993 bytes)
2025-11-07T06:53:36.3900946Z Collecting filelock (from huggingface-hub>=0.19.3->gradio>=4.0.0->-r requirements.txt (line 1))
2025-11-07T06:53:36.3979329Z   Downloading filelock-3.19.1-py3-none-any.whl.metadata (2.1 kB)
2025-11-07T06:53:36.4502038Z Collecting hf-xet<2.0.0,>=1.2.0 (from huggingface-hub>=0.19.3->gradio>=4.0.0->-r requirements.txt (line 1))
2025-11-07T06:53:36.4580166Z   Downloading hf_xet-1.2.0-cp37-abi3-manylinux_2_17_x86_64.manylinux2014_x86_64.whl.metadata (4.9 kB)
2025-11-07T06:53:36.5157856Z Collecting tqdm>=4.42.1 (from huggingface-hub>=0.19.3->gradio>=4.0.0->-r requirements.txt (line 1))
2025-11-07T06:53:36.5235387Z   Downloading tqdm-4.67.1-py3-none-any.whl.metadata (57 kB)
2025-11-07T06:53:36.5509817Z Collecting typer-slim (from huggingface-hub>=0.19.3->gradio>=4.0.0->-r requirements.txt (line 1))
2025-11-07T06:53:36.5583705Z   Downloading typer_slim-0.20.0-py3-none-any.whl.metadata (16 kB)
2025-11-07T06:53:36.5872852Z Collecting deprecated>=1.2 (from limits>=2.3->slowapi>=0.1.4->-r requirements.txt (line 14))
2025-11-07T06:53:36.5952583Z   Downloading deprecated-1.3.1-py2.py3-none-any.whl.metadata (5.9 kB)
2025-11-07T06:53:36.6060303Z Collecting packaging (from gradio>=4.0.0->-r requirements.txt (line 1))
2025-11-07T06:53:36.6149287Z   Downloading packaging-24.2-py3-none-any.whl.metadata (3.2 kB)
2025-11-07T06:53:36.7986425Z Collecting wrapt<3,>=1.10 (from deprecated>=1.2->limits>=2.3->slowapi>=0.1.4->-r requirements.txt (line 14))
2025-11-07T06:53:36.8071920Z   Downloading wrapt-2.0.1-cp39-cp39-manylinux1_x86_64.manylinux_2_28_x86_64.manylinux_2_5_x86_64.whl.metadata (9.0 kB)
2025-11-07T06:53:36.8723494Z Collecting bcrypt>=3.1.0 (from passlib[bcrypt]>=1.7.4->-r requirements.txt (line 13))
2025-11-07T06:53:36.8800521Z   Downloading bcrypt-5.0.0-cp39-abi3-manylinux_2_34_x86_64.whl.metadata (10 kB)
2025-11-07T06:53:36.9097787Z Collecting six>=1.5 (from python-dateutil>=2.8.2->pandas>=1.5.0->-r requirements.txt (line 7))
2025-11-07T06:53:36.9171932Z   Downloading six-1.17.0-py2.py3-none-any.whl.metadata (1.7 kB)
2025-11-07T06:53:36.9433899Z Collecting markdown-it-py>=2.2.0 (from rich>=10.11.0->typer<1.0,>=0.12->gradio>=4.0.0->-r requirements.txt (line 1))
2025-11-07T06:53:36.9509805Z   Downloading markdown_it_py-3.0.0-py3-none-any.whl.metadata (6.9 kB)
2025-11-07T06:53:36.9830434Z Collecting pygments<3.0.0,>=2.13.0 (from rich>=10.11.0->typer<1.0,>=0.12->gradio>=4.0.0->-r requirements.txt (line 1))
2025-11-07T06:53:36.9920890Z   Downloading pygments-2.19.2-py3-none-any.whl.metadata (2.5 kB)
2025-11-07T06:53:37.0351692Z Collecting mdurl~=0.1 (from markdown-it-py>=2.2.0->rich>=10.11.0->typer<1.0,>=0.12->gradio>=4.0.0->-r requirements.txt (line 1))
2025-11-07T06:53:37.0425324Z   Downloading mdurl-0.1.2-py3-none-any.whl.metadata (1.6 kB)
2025-11-07T06:53:37.1090636Z Collecting httptools>=0.6.3 (from uvicorn[standard]>=0.24.0->-r requirements.txt (line 9))
2025-11-07T06:53:37.1170729Z   Downloading httptools-0.7.1-cp39-cp39-manylinux1_x86_64.manylinux_2_28_x86_64.manylinux_2_5_x86_64.whl.metadata (3.5 kB)
2025-11-07T06:53:37.1413709Z Collecting python-dotenv>=0.13 (from uvicorn[standard]>=0.24.0->-r requirements.txt (line 9))
2025-11-07T06:53:37.1489628Z   Downloading python_dotenv-1.2.1-py3-none-any.whl.metadata (25 kB)
2025-11-07T06:53:37.2019217Z Collecting uvloop>=0.15.1 (from uvicorn[standard]>=0.24.0->-r requirements.txt (line 9))
2025-11-07T06:53:37.2100088Z   Downloading uvloop-0.22.1-cp39-cp39-manylinux2014_x86_64.manylinux_2_17_x86_64.manylinux_2_28_x86_64.whl.metadata (4.9 kB)
2025-11-07T06:53:37.3090533Z Collecting watchfiles>=0.13 (from uvicorn[standard]>=0.24.0->-r requirements.txt (line 9))
2025-11-07T06:53:37.3170713Z   Downloading watchfiles-1.1.1-cp39-cp39-manylinux_2_17_x86_64.manylinux2014_x86_64.whl.metadata (4.9 kB)
2025-11-07T06:53:37.3662868Z Downloading gradio-4.44.1-py3-none-any.whl (18.1 MB)
2025-11-07T06:53:37.4522528Z    ━━━━━━━━━━━━━━━━━━━━━━━━━━━━━━━━━━━━━━━━ 18.1/18.1 MB 214.3 MB/s  0:00:00
2025-11-07T06:53:37.4604338Z Downloading gradio_client-1.3.0-py3-none-any.whl (318 kB)
2025-11-07T06:53:37.4725068Z Downloading tomlkit-0.12.0-py3-none-any.whl (37 kB)
2025-11-07T06:53:37.4820265Z Downloading numpy-2.0.2-cp39-cp39-manylinux_2_17_x86_64.manylinux2014_x86_64.whl (19.5 MB)
2025-11-07T06:53:37.5638494Z    ━━━━━━━━━━━━━━━━━━━━━━━━━━━━━━━━━━━━━━━━ 19.5/19.5 MB 243.5 MB/s  0:00:00
2025-11-07T06:53:37.5716056Z Downloading pandas-2.3.3-cp39-cp39-manylinux_2_24_x86_64.manylinux_2_28_x86_64.whl (12.8 MB)
2025-11-07T06:53:37.6272717Z    ━━━━━━━━━━━━━━━━━━━━━━━━━━━━━━━━━━━━━━━━ 12.8/12.8 MB 237.0 MB/s  0:00:00
2025-11-07T06:53:37.6347618Z Downloading fastapi-0.121.0-py3-none-any.whl (109 kB)
2025-11-07T06:53:37.6454032Z Downloading pydantic-2.12.4-py3-none-any.whl (463 kB)
2025-11-07T06:53:37.6573291Z Downloading pydantic_core-2.41.5-cp39-cp39-manylinux_2_17_x86_64.manylinux2014_x86_64.whl (2.1 MB)
2025-11-07T06:53:37.6701134Z    ━━━━━━━━━━━━━━━━━━━━━━━━━━━━━━━━━━━━━━━━ 2.1/2.1 MB 176.5 MB/s  0:00:00
2025-11-07T06:53:37.6782505Z Downloading aiofiles-23.2.1-py3-none-any.whl (15 kB)
2025-11-07T06:53:37.6879261Z Downloading anyio-4.11.0-py3-none-any.whl (109 kB)
2025-11-07T06:53:37.6986501Z Downloading importlib_resources-6.5.2-py3-none-any.whl (37 kB)
2025-11-07T06:53:37.7082514Z Downloading jinja2-3.1.6-py3-none-any.whl (134 kB)
2025-11-07T06:53:37.7192347Z Downloading MarkupSafe-2.1.5-cp39-cp39-manylinux_2_17_x86_64.manylinux2014_x86_64.whl (25 kB)
2025-11-07T06:53:37.7296203Z Downloading matplotlib-3.9.4-cp39-cp39-manylinux_2_17_x86_64.manylinux2014_x86_64.whl (8.3 MB)
2025-11-07T06:53:37.7760952Z    ━━━━━━━━━━━━━━━━━━━━━━━━━━━━━━━━━━━━━━━━ 8.3/8.3 MB 183.6 MB/s  0:00:00
2025-11-07T06:53:37.7837428Z Downloading orjson-3.11.4-cp39-cp39-manylinux_2_17_x86_64.manylinux2014_x86_64.whl (136 kB)
2025-11-07T06:53:37.7978865Z Downloading pillow-10.4.0-cp39-cp39-manylinux_2_28_x86_64.whl (4.5 MB)
2025-11-07T06:53:37.8222436Z    ━━━━━━━━━━━━━━━━━━━━━━━━━━━━━━━━━━━━━━━━ 4.5/4.5 MB 194.6 MB/s  0:00:00
2025-11-07T06:53:37.8298900Z Downloading pyyaml-6.0.3-cp39-cp39-manylinux2014_x86_64.manylinux_2_17_x86_64.manylinux_2_28_x86_64.whl (750 kB)
2025-11-07T06:53:37.8366053Z    ━━━━━━━━━━━━━━━━━━━━━━━━━━━━━━━━━━━━━━━━ 750.8/750.8 kB 115.0 MB/s  0:00:00
2025-11-07T06:53:37.8439645Z Downloading semantic_version-2.10.0-py2.py3-none-any.whl (15 kB)
2025-11-07T06:53:37.8535245Z Downloading starlette-0.49.3-py3-none-any.whl (74 kB)
2025-11-07T06:53:37.8632373Z Downloading typer-0.20.0-py3-none-any.whl (47 kB)
2025-11-07T06:53:37.8727462Z Downloading typing_extensions-4.15.0-py3-none-any.whl (44 kB)
2025-11-07T06:53:37.8822218Z Downloading urllib3-2.5.0-py3-none-any.whl (129 kB)
2025-11-07T06:53:37.8927650Z Downloading websockets-12.0-cp39-cp39-manylinux_2_5_x86_64.manylinux1_x86_64.manylinux_2_17_x86_64.manylinux2014_x86_64.whl (130 kB)
2025-11-07T06:53:37.9029585Z Downloading plotly-6.4.0-py3-none-any.whl (9.9 MB)
2025-11-07T06:53:37.9481682Z    ━━━━━━━━━━━━━━━━━━━━━━━━━━━━━━━━━━━━━━━━ 9.9/9.9 MB 227.7 MB/s  0:00:00
2025-11-07T06:53:37.9560152Z Downloading dataclasses_json-0.6.7-py3-none-any.whl (28 kB)
2025-11-07T06:53:37.9658497Z Downloading marshmallow-3.26.1-py3-none-any.whl (50 kB)
2025-11-07T06:53:37.9754340Z Downloading typing_inspect-0.9.0-py3-none-any.whl (8.8 kB)
2025-11-07T06:53:37.9856487Z Downloading yfinance-0.2.59-py2.py3-none-any.whl (117 kB)
2025-11-07T06:53:37.9953445Z Downloading protobuf-5.29.5-cp38-abi3-manylinux2014_x86_64.whl (319 kB)
2025-11-07T06:53:38.0065456Z Downloading requests-2.32.5-py3-none-any.whl (64 kB)
2025-11-07T06:53:38.0162982Z Downloading charset_normalizer-3.4.4-cp39-cp39-manylinux2014_x86_64.manylinux_2_17_x86_64.manylinux_2_28_x86_64.whl (153 kB)
2025-11-07T06:53:38.0265296Z Downloading idna-3.11-py3-none-any.whl (71 kB)
2025-11-07T06:53:38.0366820Z Downloading uvicorn-0.38.0-py3-none-any.whl (68 kB)
2025-11-07T06:53:38.0468858Z Downloading PyJWT-2.10.1-py3-none-any.whl (22 kB)
2025-11-07T06:53:38.0568108Z Downloading passlib-1.7.4-py2.py3-none-any.whl (525 kB)
2025-11-07T06:53:38.0631581Z    ━━━━━━━━━━━━━━━━━━━━━━━━━━━━━━━━━━━━━━━━ 525.6/525.6 kB 70.7 MB/s  0:00:00
2025-11-07T06:53:38.0706634Z Downloading slowapi-0.1.9-py3-none-any.whl (14 kB)
2025-11-07T06:53:38.0810318Z Downloading httpx-0.28.1-py3-none-any.whl (73 kB)
2025-11-07T06:53:38.0909242Z Downloading httpcore-1.0.9-py3-none-any.whl (78 kB)
2025-11-07T06:53:38.1034923Z Downloading annotated_doc-0.0.3-py3-none-any.whl (5.5 kB)
2025-11-07T06:53:38.1133649Z Downloading annotated_types-0.7.0-py3-none-any.whl (13 kB)
2025-11-07T06:53:38.1231937Z Downloading beautifulsoup4-4.14.2-py3-none-any.whl (106 kB)
2025-11-07T06:53:38.1335337Z Downloading certifi-2025.10.5-py3-none-any.whl (163 kB)
2025-11-07T06:53:38.1433498Z Downloading click-8.1.8-py3-none-any.whl (98 kB)
2025-11-07T06:53:38.1545307Z Downloading contourpy-1.3.0-cp39-cp39-manylinux_2_17_x86_64.manylinux2014_x86_64.whl (321 kB)
2025-11-07T06:53:38.1692702Z Downloading curl_cffi-0.13.0-cp39-abi3-manylinux_2_17_x86_64.manylinux2014_x86_64.whl (8.3 MB)
2025-11-07T06:53:38.2145247Z    ━━━━━━━━━━━━━━━━━━━━━━━━━━━━━━━━━━━━━━━━ 8.3/8.3 MB 189.1 MB/s  0:00:00
2025-11-07T06:53:38.2222494Z Downloading cffi-2.0.0-cp39-cp39-manylinux2014_x86_64.manylinux_2_17_x86_64.whl (216 kB)
2025-11-07T06:53:38.2324449Z Downloading cycler-0.12.1-py3-none-any.whl (8.3 kB)
2025-11-07T06:53:38.2420160Z Downloading exceptiongroup-1.3.0-py3-none-any.whl (16 kB)
2025-11-07T06:53:38.2520106Z Downloading fonttools-4.60.1-cp39-cp39-manylinux2014_x86_64.manylinux_2_17_x86_64.whl (4.8 MB)
2025-11-07T06:53:38.2756188Z    ━━━━━━━━━━━━━━━━━━━━━━━━━━━━━━━━━━━━━━━━ 4.8/4.8 MB 213.9 MB/s  0:00:00
2025-11-07T06:53:38.2841449Z Downloading frozendict-2.4.6-cp39-cp39-manylinux_2_17_x86_64.manylinux2014_x86_64.whl (116 kB)
2025-11-07T06:53:38.2940868Z Downloading h11-0.16.0-py3-none-any.whl (37 kB)
2025-11-07T06:53:38.3041107Z Downloading huggingface_hub-1.1.2-py3-none-any.whl (514 kB)
2025-11-07T06:53:38.3163917Z Downloading hf_xet-1.2.0-cp37-abi3-manylinux_2_17_x86_64.manylinux2014_x86_64.whl (3.3 MB)
2025-11-07T06:53:38.3344841Z    ━━━━━━━━━━━━━━━━━━━━━━━━━━━━━━━━━━━━━━━━ 3.3/3.3 MB 196.4 MB/s  0:00:00
2025-11-07T06:53:38.3420759Z Downloading fsspec-2025.10.0-py3-none-any.whl (200 kB)
2025-11-07T06:53:38.3529389Z Downloading kiwisolver-1.4.7-cp39-cp39-manylinux_2_12_x86_64.manylinux2010_x86_64.whl (1.6 MB)
2025-11-07T06:53:38.3638383Z    ━━━━━━━━━━━━━━━━━━━━━━━━━━━━━━━━━━━━━━━━ 1.6/1.6 MB 162.8 MB/s  0:00:00
2025-11-07T06:53:38.3711653Z Downloading limits-4.2-py3-none-any.whl (60 kB)
2025-11-07T06:53:38.3808502Z Downloading packaging-24.2-py3-none-any.whl (65 kB)
2025-11-07T06:53:38.3905696Z Downloading deprecated-1.3.1-py2.py3-none-any.whl (11 kB)
2025-11-07T06:53:38.4002280Z Downloading wrapt-2.0.1-cp39-cp39-manylinux1_x86_64.manylinux_2_28_x86_64.manylinux_2_5_x86_64.whl (113 kB)
2025-11-07T06:53:38.4099902Z Downloading mypy_extensions-1.1.0-py3-none-any.whl (5.0 kB)
2025-11-07T06:53:38.4214638Z Downloading narwhals-2.10.2-py3-none-any.whl (419 kB)
2025-11-07T06:53:38.4330575Z Downloading bcrypt-5.0.0-cp39-abi3-manylinux_2_34_x86_64.whl (278 kB)
2025-11-07T06:53:38.4457336Z Downloading platformdirs-4.4.0-py3-none-any.whl (18 kB)
2025-11-07T06:53:38.4557855Z Downloading pyparsing-3.2.5-py3-none-any.whl (113 kB)
2025-11-07T06:53:38.4655104Z Downloading python_dateutil-2.9.0.post0-py2.py3-none-any.whl (229 kB)
2025-11-07T06:53:38.4761963Z Downloading python_multipart-0.0.20-py3-none-any.whl (24 kB)
2025-11-07T06:53:38.4878028Z Downloading pytz-2025.2-py2.py3-none-any.whl (509 kB)
2025-11-07T06:53:38.4998220Z Downloading rich-14.2.0-py3-none-any.whl (243 kB)
2025-11-07T06:53:38.5103902Z Downloading pygments-2.19.2-py3-none-any.whl (1.2 MB)
2025-11-07T06:53:38.5194424Z    ━━━━━━━━━━━━━━━━━━━━━━━━━━━━━━━━━━━━━━━━ 1.2/1.2 MB 150.1 MB/s  0:00:00
2025-11-07T06:53:38.5270868Z Downloading markdown_it_py-3.0.0-py3-none-any.whl (87 kB)
2025-11-07T06:53:38.5375732Z Downloading mdurl-0.1.2-py3-none-any.whl (10.0 kB)
2025-11-07T06:53:38.5472349Z Downloading ruff-0.14.4-py3-none-manylinux_2_17_x86_64.manylinux2014_x86_64.whl (13.4 MB)
2025-11-07T06:53:38.6042252Z    ━━━━━━━━━━━━━━━━━━━━━━━━━━━━━━━━━━━━━━━━ 13.4/13.4 MB 241.3 MB/s  0:00:00
2025-11-07T06:53:38.6118940Z Downloading shellingham-1.5.4-py2.py3-none-any.whl (9.8 kB)
2025-11-07T06:53:38.6218157Z Downloading six-1.17.0-py2.py3-none-any.whl (11 kB)
2025-11-07T06:53:38.6316061Z Downloading sniffio-1.3.1-py3-none-any.whl (10 kB)
2025-11-07T06:53:38.6412029Z Downloading soupsieve-2.8-py3-none-any.whl (36 kB)
2025-11-07T06:53:38.6509059Z Downloading tqdm-4.67.1-py3-none-any.whl (78 kB)
2025-11-07T06:53:38.6610485Z Downloading typing_inspection-0.4.2-py3-none-any.whl (14 kB)
2025-11-07T06:53:38.6707856Z Downloading tzdata-2025.2-py2.py3-none-any.whl (347 kB)
2025-11-07T06:53:38.6832267Z Downloading httptools-0.7.1-cp39-cp39-manylinux1_x86_64.manylinux_2_28_x86_64.manylinux_2_5_x86_64.whl (441 kB)
2025-11-07T06:53:38.6949799Z Downloading python_dotenv-1.2.1-py3-none-any.whl (21 kB)
2025-11-07T06:53:38.7081264Z Downloading uvloop-0.22.1-cp39-cp39-manylinux2014_x86_64.manylinux_2_17_x86_64.manylinux_2_28_x86_64.whl (3.7 MB)
2025-11-07T06:53:38.7297385Z    ━━━━━━━━━━━━━━━━━━━━━━━━━━━━━━━━━━━━━━━━ 3.7/3.7 MB 180.4 MB/s  0:00:00
2025-11-07T06:53:38.7381238Z Downloading watchfiles-1.1.1-cp39-cp39-manylinux_2_17_x86_64.manylinux2014_x86_64.whl (457 kB)
2025-11-07T06:53:38.7497512Z Downloading zipp-3.23.0-py3-none-any.whl (10 kB)
2025-11-07T06:53:38.7616399Z Downloading ffmpy-0.6.4-py3-none-any.whl (5.6 kB)
2025-11-07T06:53:38.7717512Z Downloading filelock-3.19.1-py3-none-any.whl (15 kB)
2025-11-07T06:53:38.7812467Z Downloading pycparser-2.23-py3-none-any.whl (118 kB)
2025-11-07T06:53:38.8251097Z Downloading pydub-0.25.1-py2.py3-none-any.whl (32 kB)
2025-11-07T06:53:38.8351618Z Downloading typer_slim-0.20.0-py3-none-any.whl (47 kB)
2025-11-07T06:53:39.0291621Z Building wheels for collected packages: multitasking, peewee
2025-11-07T06:53:39.0301311Z   Building wheel for multitasking (pyproject.toml): started
2025-11-07T06:53:39.2438253Z   Building wheel for multitasking (pyproject.toml): finished with status 'done'
2025-11-07T06:53:39.2448110Z   Created wheel for multitasking: filename=multitasking-0.0.12-py3-none-any.whl size=15636 sha256=be18b04407095d39f5bfcb767bc16cc4540f68ea2ab86a0e767309e94de35354
2025-11-07T06:53:39.2450107Z   Stored in directory: /home/runner/.cache/pip/wheels/98/75/bc/9eaa3cdeaaca347bab26c7e83a7e2f365d82584d65a2d48e7a
2025-11-07T06:53:39.2487108Z   Building wheel for peewee (pyproject.toml): started
2025-11-07T06:53:50.8827902Z   Building wheel for peewee (pyproject.toml): finished with status 'done'
2025-11-07T06:53:50.8846755Z   Created wheel for peewee: filename=peewee-3.18.3-cp39-cp39-linux_x86_64.whl size=994074 sha256=6114fcecaaabd07f1bf7e87002e1a5ed26b831606d9c231ad05965a7c8d75c95
2025-11-07T06:53:50.8848609Z   Stored in directory: /home/runner/.cache/pip/wheels/13/f4/97/0867d369d6c1f69e8cf99dfe564bb05796822eb6709ee1f903
2025-11-07T06:53:50.8873991Z Successfully built multitasking peewee
2025-11-07T06:53:51.2234162Z Installing collected packages: pytz, pydub, peewee, passlib, multitasking, zipp, wrapt, websockets, uvloop, urllib3, tzdata, typing-extensions, tqdm, tomlkit, soupsieve, sniffio, six, shellingham, semantic-version, ruff, pyyaml, python-multipart, python-dotenv, pyparsing, PyJWT, pygments, pycparser, protobuf, platformdirs, pillow, packaging, orjson, numpy, narwhals, mypy-extensions, mdurl, markupsafe, kiwisolver, idna, httptools, hf-xet, h11, fsspec, frozendict, fonttools, filelock, ffmpy, cycler, click, charset_normalizer, certifi, bcrypt, annotated-types, annotated-doc, aiofiles, uvicorn, typing-inspection, typing-inspect, typer-slim, requests, python-dateutil, pydantic-core, plotly, marshmallow, markdown-it-py, jinja2, importlib-resources, httpcore, exceptiongroup, deprecated, contourpy, cffi, beautifulsoup4, rich, pydantic, pandas, matplotlib, limits, dataclasses-json, curl_cffi, anyio, yfinance, watchfiles, typer, starlette, slowapi, httpx, huggingface-hub, fastapi, gradio-client, gradio
2025-11-07T06:54:06.7553675Z 
2025-11-07T06:54:06.7703478Z Successfully installed PyJWT-2.10.1 aiofiles-23.2.1 annotated-doc-0.0.3 annotated-types-0.7.0 anyio-4.11.0 bcrypt-5.0.0 beautifulsoup4-4.14.2 certifi-2025.10.5 cffi-2.0.0 charset_normalizer-3.4.4 click-8.1.8 contourpy-1.3.0 curl_cffi-0.13.0 cycler-0.12.1 dataclasses-json-0.6.7 deprecated-1.3.1 exceptiongroup-1.3.0 fastapi-0.121.0 ffmpy-0.6.4 filelock-3.19.1 fonttools-4.60.1 frozendict-2.4.6 fsspec-2025.10.0 gradio-4.44.1 gradio-client-1.3.0 h11-0.16.0 hf-xet-1.2.0 httpcore-1.0.9 httptools-0.7.1 httpx-0.28.1 huggingface-hub-1.1.2 idna-3.11 importlib-resources-6.5.2 jinja2-3.1.6 kiwisolver-1.4.7 limits-4.2 markdown-it-py-3.0.0 markupsafe-2.1.5 marshmallow-3.26.1 matplotlib-3.9.4 mdurl-0.1.2 multitasking-0.0.12 mypy-extensions-1.1.0 narwhals-2.10.2 numpy-2.0.2 orjson-3.11.4 packaging-24.2 pandas-2.3.3 passlib-1.7.4 peewee-3.18.3 pillow-10.4.0 platformdirs-4.4.0 plotly-6.4.0 protobuf-5.29.5 pycparser-2.23 pydantic-2.12.4 pydantic-core-2.41.5 pydub-0.25.1 pygments-2.19.2 pyparsing-3.2.5 python-dateutil-2.9.0.post0 python-dotenv-1.2.1 python-multipart-0.0.20 pytz-2025.2 pyyaml-6.0.3 requests-2.32.5 rich-14.2.0 ruff-0.14.4 semantic-version-2.10.0 shellingham-1.5.4 six-1.17.0 slowapi-0.1.9 sniffio-1.3.1 soupsieve-2.8 starlette-0.49.3 tomlkit-0.12.0 tqdm-4.67.1 typer-0.20.0 typer-slim-0.20.0 typing-extensions-4.15.0 typing-inspect-0.9.0 typing-inspection-0.4.2 tzdata-2025.2 urllib3-2.5.0 uvicorn-0.38.0 uvloop-0.22.1 watchfiles-1.1.1 websockets-12.0 wrapt-2.0.1 yfinance-0.2.59 zipp-3.23.0
2025-11-07T06:54:08.1051615Z Collecting pytest>=7.0.0 (from -r requirements-dev.txt (line 2))
2025-11-07T06:54:08.1682471Z   Downloading pytest-8.4.2-py3-none-any.whl.metadata (7.7 kB)
2025-11-07T06:54:08.1928267Z Collecting pytest-cov>=4.0.0 (from -r requirements-dev.txt (line 3))
2025-11-07T06:54:08.2002149Z   Downloading pytest_cov-7.0.0-py3-none-any.whl.metadata (31 kB)
2025-11-07T06:54:08.2421637Z Collecting pytest-asyncio>=0.21.0 (from -r requirements-dev.txt (line 4))
2025-11-07T06:54:08.2498456Z   Downloading pytest_asyncio-1.2.0-py3-none-any.whl.metadata (4.1 kB)
2025-11-07T06:54:08.2788606Z Collecting flake8>=6.0.0 (from -r requirements-dev.txt (line 5))
2025-11-07T06:54:08.2862531Z   Downloading flake8-7.3.0-py2.py3-none-any.whl.metadata (3.8 kB)
2025-11-07T06:54:08.3374590Z Collecting pylint>=2.17.0 (from -r requirements-dev.txt (line 6))
2025-11-07T06:54:08.3450194Z   Downloading pylint-3.3.9-py3-none-any.whl.metadata (12 kB)
2025-11-07T06:54:08.4845070Z Collecting mypy>=1.0.0 (from -r requirements-dev.txt (line 7))
2025-11-07T06:54:08.4938194Z   Downloading mypy-1.18.2-cp39-cp39-manylinux2014_x86_64.manylinux_2_17_x86_64.manylinux_2_28_x86_64.whl.metadata (2.2 kB)
2025-11-07T06:54:08.5583329Z Collecting black>=23.0.0 (from -r requirements-dev.txt (line 8))
2025-11-07T06:54:08.5666773Z   Downloading black-25.9.0-cp39-cp39-manylinux_2_17_x86_64.manylinux2014_x86_64.manylinux_2_28_x86_64.whl.metadata (83 kB)
2025-11-07T06:54:08.6160368Z Collecting isort>=5.12.0 (from -r requirements-dev.txt (line 9))
2025-11-07T06:54:08.6240639Z   Downloading isort-6.1.0-py3-none-any.whl.metadata (12 kB)
2025-11-07T06:54:08.6709263Z Collecting pre-commit>=3.0.0 (from -r requirements-dev.txt (line 10))
2025-11-07T06:54:08.6788138Z   Downloading pre_commit-4.3.0-py2.py3-none-any.whl.metadata (1.2 kB)
2025-11-07T06:54:08.6835748Z Requirement already satisfied: exceptiongroup>=1 in /opt/hostedtoolcache/Python/3.9.24/x64/lib/python3.9/site-packages (from pytest>=7.0.0->-r requirements-dev.txt (line 2)) (1.3.0)
2025-11-07T06:54:08.6954555Z Collecting iniconfig>=1 (from pytest>=7.0.0->-r requirements-dev.txt (line 2))
2025-11-07T06:54:08.7032836Z   Downloading iniconfig-2.1.0-py3-none-any.whl.metadata (2.7 kB)
2025-11-07T06:54:08.7073723Z Requirement already satisfied: packaging>=20 in /opt/hostedtoolcache/Python/3.9.24/x64/lib/python3.9/site-packages (from pytest>=7.0.0->-r requirements-dev.txt (line 2)) (24.2)
2025-11-07T06:54:08.7220796Z Collecting pluggy<2,>=1.5 (from pytest>=7.0.0->-r requirements-dev.txt (line 2))
2025-11-07T06:54:08.7297483Z   Downloading pluggy-1.6.0-py3-none-any.whl.metadata (4.8 kB)
2025-11-07T06:54:08.7335917Z Requirement already satisfied: pygments>=2.7.2 in /opt/hostedtoolcache/Python/3.9.24/x64/lib/python3.9/site-packages (from pytest>=7.0.0->-r requirements-dev.txt (line 2)) (2.19.2)
2025-11-07T06:54:08.7552832Z Collecting tomli>=1 (from pytest>=7.0.0->-r requirements-dev.txt (line 2))
2025-11-07T06:54:08.7632261Z   Downloading tomli-2.3.0-py3-none-any.whl.metadata (10 kB)
2025-11-07T06:54:09.2204792Z Collecting coverage>=7.10.6 (from coverage[toml]>=7.10.6->pytest-cov>=4.0.0->-r requirements-dev.txt (line 3))
2025-11-07T06:54:09.2286608Z   Downloading coverage-7.10.7-cp39-cp39-manylinux1_x86_64.manylinux_2_28_x86_64.manylinux_2_5_x86_64.whl.metadata (8.9 kB)
2025-11-07T06:54:09.2497359Z Collecting backports-asyncio-runner<2,>=1.1 (from pytest-asyncio>=0.21.0->-r requirements-dev.txt (line 4))
2025-11-07T06:54:09.2609999Z   Downloading backports_asyncio_runner-1.2.0-py3-none-any.whl.metadata (7.5 kB)
2025-11-07T06:54:09.2793170Z Requirement already satisfied: typing-extensions>=4.12 in /opt/hostedtoolcache/Python/3.9.24/x64/lib/python3.9/site-packages (from pytest-asyncio>=0.21.0->-r requirements-dev.txt (line 4)) (4.15.0)
2025-11-07T06:54:09.2933010Z Collecting mccabe<0.8.0,>=0.7.0 (from flake8>=6.0.0->-r requirements-dev.txt (line 5))
2025-11-07T06:54:09.3008817Z   Downloading mccabe-0.7.0-py2.py3-none-any.whl.metadata (5.0 kB)
2025-11-07T06:54:09.3176586Z Collecting pycodestyle<2.15.0,>=2.14.0 (from flake8>=6.0.0->-r requirements-dev.txt (line 5))
2025-11-07T06:54:09.3250216Z   Downloading pycodestyle-2.14.0-py2.py3-none-any.whl.metadata (4.5 kB)
2025-11-07T06:54:09.3436978Z Collecting pyflakes<3.5.0,>=3.4.0 (from flake8>=6.0.0->-r requirements-dev.txt (line 5))
2025-11-07T06:54:09.3509872Z   Downloading pyflakes-3.4.0-py2.py3-none-any.whl.metadata (3.5 kB)
2025-11-07T06:54:09.3957989Z Collecting astroid<=3.4.0.dev0,>=3.3.8 (from pylint>=2.17.0->-r requirements-dev.txt (line 6))
2025-11-07T06:54:09.4047770Z   Downloading astroid-3.3.11-py3-none-any.whl.metadata (4.4 kB)
2025-11-07T06:54:09.4228589Z Collecting dill>=0.2 (from pylint>=2.17.0->-r requirements-dev.txt (line 6))
2025-11-07T06:54:09.4303111Z   Downloading dill-0.4.0-py3-none-any.whl.metadata (10 kB)
2025-11-07T06:54:09.4560604Z Requirement already satisfied: platformdirs>=2.2 in /opt/hostedtoolcache/Python/3.9.24/x64/lib/python3.9/site-packages (from pylint>=2.17.0->-r requirements-dev.txt (line 6)) (4.4.0)
2025-11-07T06:54:09.4598086Z Requirement already satisfied: tomlkit>=0.10.1 in /opt/hostedtoolcache/Python/3.9.24/x64/lib/python3.9/site-packages (from pylint>=2.17.0->-r requirements-dev.txt (line 6)) (0.12.0)
2025-11-07T06:54:09.4972304Z Collecting importlib-metadata>=4.6.0 (from isort>=5.12.0->-r requirements-dev.txt (line 9))
2025-11-07T06:54:09.5050160Z   Downloading importlib_metadata-8.7.0-py3-none-any.whl.metadata (4.8 kB)
2025-11-07T06:54:09.5160077Z Requirement already satisfied: mypy_extensions>=1.0.0 in /opt/hostedtoolcache/Python/3.9.24/x64/lib/python3.9/site-packages (from mypy>=1.0.0->-r requirements-dev.txt (line 7)) (1.1.0)
2025-11-07T06:54:09.5301986Z Collecting pathspec>=0.9.0 (from mypy>=1.0.0->-r requirements-dev.txt (line 7))
2025-11-07T06:54:09.5375730Z   Downloading pathspec-0.12.1-py3-none-any.whl.metadata (21 kB)
2025-11-07T06:54:09.5422455Z Requirement already satisfied: click>=8.0.0 in /opt/hostedtoolcache/Python/3.9.24/x64/lib/python3.9/site-packages (from black>=23.0.0->-r requirements-dev.txt (line 8)) (8.1.8)
2025-11-07T06:54:09.5556032Z Collecting pytokens>=0.1.10 (from black>=23.0.0->-r requirements-dev.txt (line 8))
2025-11-07T06:54:09.5649939Z   Downloading pytokens-0.3.0-py3-none-any.whl.metadata (2.0 kB)
2025-11-07T06:54:09.5837410Z Collecting cfgv>=2.0.0 (from pre-commit>=3.0.0->-r requirements-dev.txt (line 10))
2025-11-07T06:54:09.5910949Z   Downloading cfgv-3.4.0-py2.py3-none-any.whl.metadata (8.5 kB)
2025-11-07T06:54:09.6458855Z Collecting identify>=1.0.0 (from pre-commit>=3.0.0->-r requirements-dev.txt (line 10))
2025-11-07T06:54:09.6538197Z   Downloading identify-2.6.15-py2.py3-none-any.whl.metadata (4.4 kB)
2025-11-07T06:54:09.6755722Z Collecting nodeenv>=0.11.1 (from pre-commit>=3.0.0->-r requirements-dev.txt (line 10))
2025-11-07T06:54:09.6850530Z   Downloading nodeenv-1.9.1-py2.py3-none-any.whl.metadata (21 kB)
2025-11-07T06:54:09.6889809Z Requirement already satisfied: pyyaml>=5.1 in /opt/hostedtoolcache/Python/3.9.24/x64/lib/python3.9/site-packages (from pre-commit>=3.0.0->-r requirements-dev.txt (line 10)) (6.0.3)
2025-11-07T06:54:09.7405463Z Collecting virtualenv>=20.10.0 (from pre-commit>=3.0.0->-r requirements-dev.txt (line 10))
2025-11-07T06:54:09.7483042Z   Downloading virtualenv-20.35.4-py3-none-any.whl.metadata (4.6 kB)
2025-11-07T06:54:09.7640557Z Requirement already satisfied: zipp>=3.20 in /opt/hostedtoolcache/Python/3.9.24/x64/lib/python3.9/site-packages (from importlib-metadata>=4.6.0->isort>=5.12.0->-r requirements-dev.txt (line 9)) (3.23.0)
2025-11-07T06:54:09.7920355Z Collecting distlib<1,>=0.3.7 (from virtualenv>=20.10.0->pre-commit>=3.0.0->-r requirements-dev.txt (line 10))
2025-11-07T06:54:09.7998278Z   Downloading distlib-0.4.0-py2.py3-none-any.whl.metadata (5.2 kB)
2025-11-07T06:54:09.8028320Z Requirement already satisfied: filelock<4,>=3.12.2 in /opt/hostedtoolcache/Python/3.9.24/x64/lib/python3.9/site-packages (from virtualenv>=20.10.0->pre-commit>=3.0.0->-r requirements-dev.txt (line 10)) (3.19.1)
2025-11-07T06:54:09.8168855Z Downloading pytest-8.4.2-py3-none-any.whl (365 kB)
2025-11-07T06:54:09.8345314Z Downloading pluggy-1.6.0-py3-none-any.whl (20 kB)
2025-11-07T06:54:09.8440038Z Downloading pytest_cov-7.0.0-py3-none-any.whl (22 kB)
2025-11-07T06:54:09.8530726Z Downloading pytest_asyncio-1.2.0-py3-none-any.whl (15 kB)
2025-11-07T06:54:09.8623139Z Downloading backports_asyncio_runner-1.2.0-py3-none-any.whl (12 kB)
2025-11-07T06:54:09.8713986Z Downloading flake8-7.3.0-py2.py3-none-any.whl (57 kB)
2025-11-07T06:54:09.8804476Z Downloading mccabe-0.7.0-py2.py3-none-any.whl (7.3 kB)
2025-11-07T06:54:09.8899136Z Downloading pycodestyle-2.14.0-py2.py3-none-any.whl (31 kB)
2025-11-07T06:54:09.8987912Z Downloading pyflakes-3.4.0-py2.py3-none-any.whl (63 kB)
2025-11-07T06:54:09.9077825Z Downloading pylint-3.3.9-py3-none-any.whl (523 kB)
2025-11-07T06:54:09.9243346Z Downloading isort-6.1.0-py3-none-any.whl (94 kB)
2025-11-07T06:54:09.9341315Z Downloading astroid-3.3.11-py3-none-any.whl (275 kB)
2025-11-07T06:54:09.9444199Z Downloading mypy-1.18.2-cp39-cp39-manylinux2014_x86_64.manylinux_2_17_x86_64.manylinux_2_28_x86_64.whl (13.2 MB)
2025-11-07T06:54:10.0132066Z    ━━━━━━━━━━━━━━━━━━━━━━━━━━━━━━━━━━━━━━━━ 13.2/13.2 MB 199.1 MB/s  0:00:00
2025-11-07T06:54:10.0280024Z Downloading black-25.9.0-cp39-cp39-manylinux_2_17_x86_64.manylinux2014_x86_64.manylinux_2_28_x86_64.whl (1.6 MB)
2025-11-07T06:54:10.0380200Z    ━━━━━━━━━━━━━━━━━━━━━━━━━━━━━━━━━━━━━━━━ 1.6/1.6 MB 182.1 MB/s  0:00:00
2025-11-07T06:54:10.0454176Z Downloading pre_commit-4.3.0-py2.py3-none-any.whl (220 kB)
2025-11-07T06:54:10.0554880Z Downloading cfgv-3.4.0-py2.py3-none-any.whl (7.2 kB)
2025-11-07T06:54:10.0649401Z Downloading coverage-7.10.7-cp39-cp39-manylinux1_x86_64.manylinux_2_28_x86_64.manylinux_2_5_x86_64.whl (246 kB)
2025-11-07T06:54:10.0751109Z Downloading dill-0.4.0-py3-none-any.whl (119 kB)
2025-11-07T06:54:10.0848324Z Downloading identify-2.6.15-py2.py3-none-any.whl (99 kB)
2025-11-07T06:54:10.0944206Z Downloading importlib_metadata-8.7.0-py3-none-any.whl (27 kB)
2025-11-07T06:54:10.1036126Z Downloading iniconfig-2.1.0-py3-none-any.whl (6.0 kB)
2025-11-07T06:54:10.1126779Z Downloading nodeenv-1.9.1-py2.py3-none-any.whl (22 kB)
2025-11-07T06:54:10.1223491Z Downloading pathspec-0.12.1-py3-none-any.whl (31 kB)
2025-11-07T06:54:10.1314437Z Downloading pytokens-0.3.0-py3-none-any.whl (12 kB)
2025-11-07T06:54:10.1413351Z Downloading tomli-2.3.0-py3-none-any.whl (14 kB)
2025-11-07T06:54:10.1504057Z Downloading virtualenv-20.35.4-py3-none-any.whl (6.0 MB)
2025-11-07T06:54:10.1794816Z    ━━━━━━━━━━━━━━━━━━━━━━━━━━━━━━━━━━━━━━━━ 6.0/6.0 MB 217.3 MB/s  0:00:00
2025-11-07T06:54:10.1871568Z Downloading distlib-0.4.0-py2.py3-none-any.whl (469 kB)
2025-11-07T06:54:10.5519349Z Installing collected packages: distlib, virtualenv, tomli, pytokens, pyflakes, pycodestyle, pluggy, pathspec, nodeenv, mccabe, iniconfig, importlib-metadata, identify, dill, coverage, cfgv, backports-asyncio-runner, astroid, pytest, pre-commit, mypy, isort, flake8, black, pytest-cov, pytest-asyncio, pylint
2025-11-07T06:54:13.2512262Z 
2025-11-07T06:54:13.2690479Z Successfully installed astroid-3.3.11 backports-asyncio-runner-1.2.0 black-25.9.0 cfgv-3.4.0 coverage-7.10.7 dill-0.4.0 distlib-0.4.0 flake8-7.3.0 identify-2.6.15 importlib-metadata-8.7.0 iniconfig-2.1.0 isort-6.1.0 mccabe-0.7.0 mypy-1.18.2 nodeenv-1.9.1 pathspec-0.12.1 pluggy-1.6.0 pre-commit-4.3.0 pycodestyle-2.14.0 pyflakes-3.4.0 pylint-3.3.9 pytest-8.4.2 pytest-asyncio-1.2.0 pytest-cov-7.0.0 pytokens-0.3.0 tomli-2.3.0 virtualenv-20.35.4
2025-11-07T06:54:13.3926701Z ##[group]Run set -euo pipefail
2025-11-07T06:54:13.3926961Z [36;1mset -euo pipefail[0m
2025-11-07T06:54:13.3927309Z [36;1meval "flake8 . --count --select=E9,F63,F7,F82 --show-source --statistics && \[0m
2025-11-07T06:54:13.3927682Z [36;1mflake8 . --count --statistics && \[0m
2025-11-07T06:54:13.3928125Z [36;1mblack --check --diff . && \[0m
2025-11-07T06:54:13.3928364Z [36;1misort --check-only --diff . && \[0m
2025-11-07T06:54:13.3928611Z [36;1mpylint src/ --fail-under=7.0 && \[0m
2025-11-07T06:54:13.3929050Z [36;1mpytest --cov=src --cov-report=xml --cov-report=term-missing -v[0m
2025-11-07T06:54:13.3929357Z [36;1m"[0m
2025-11-07T06:54:13.3963213Z shell: /usr/bin/bash --noprofile --norc -e -o pipefail {0}
2025-11-07T06:54:13.3963503Z env:
2025-11-07T06:54:13.3963722Z   pythonLocation: /opt/hostedtoolcache/Python/3.9.24/x64
2025-11-07T06:54:13.3964098Z   PKG_CONFIG_PATH: /opt/hostedtoolcache/Python/3.9.24/x64/lib/pkgconfig
2025-11-07T06:54:13.3964473Z   Python_ROOT_DIR: /opt/hostedtoolcache/Python/3.9.24/x64
2025-11-07T06:54:13.3964802Z   Python2_ROOT_DIR: /opt/hostedtoolcache/Python/3.9.24/x64
2025-11-07T06:54:13.3965130Z   Python3_ROOT_DIR: /opt/hostedtoolcache/Python/3.9.24/x64
2025-11-07T06:54:13.3965459Z   LD_LIBRARY_PATH: /opt/hostedtoolcache/Python/3.9.24/x64/lib
2025-11-07T06:54:13.3965872Z ##[endgroup]
2025-11-07T06:54:14.5593787Z 0
2025-11-07T06:54:15.1519169Z 0
2025-11-07T06:54:16.2514291Z All done! ✨ 🍰 ✨
2025-11-07T06:54:16.2514688Z 32 files would be left unchanged.
2025-11-07T06:54:16.4775042Z Skipped 1 files
2025-11-07T06:54:19.6676933Z ************* Module models.financial_models
2025-11-07T06:54:19.6678422Z src/models/financial_models.py:111:0: C0325: Unnecessary parens after 'not' keyword (superfluous-parens)
2025-11-07T06:54:19.6716482Z ************* Module logic.asset_graph
2025-11-07T06:54:19.6717134Z src/logic/asset_graph.py:109:0: C0301: Line too long (123/120) (line-too-long)
2025-11-07T06:54:19.6718047Z src/logic/asset_graph.py:5:0: E0401: Unable to import 'src.models.financial_models' (import-error)
2025-11-07T06:54:19.6719159Z src/logic/asset_graph.py:33:4: R0917: Too many positional arguments (6/5) (too-many-positional-arguments)
2025-11-07T06:54:19.6720331Z src/logic/asset_graph.py:91:46: W1114: Positional arguments appear to be out of order (arguments-out-of-order)
2025-11-07T06:54:19.6721399Z src/logic/asset_graph.py:231:27: W0612: Unused variable 'rel_type' (unused-variable)
2025-11-07T06:54:19.6722281Z src/logic/asset_graph.py:231:37: W0612: Unused variable 'strength' (unused-variable)
2025-11-07T06:54:19.6722966Z ************* Module reports.schema_report
2025-11-07T06:54:19.6723646Z src/reports/schema_report.py:89:0: C0301: Line too long (140/120) (line-too-long)
2025-11-07T06:54:19.6724596Z src/reports/schema_report.py:1:0: E0401: Unable to import 'src.logic.asset_graph' (import-error)
2025-11-07T06:54:19.6725394Z ************* Module visualizations.graph_2d_visuals
2025-11-07T06:54:19.6726531Z src/visualizations/graph_2d_visuals.py:11:0: E0401: Unable to import 'src.logic.asset_graph' (import-error)
2025-11-07T06:54:19.6727812Z src/visualizations/graph_2d_visuals.py:14:0: R0917: Too many positional arguments (10/5) (too-many-positional-arguments)
2025-11-07T06:54:19.6728961Z src/visualizations/graph_2d_visuals.py:14:0: R0914: Too many local variables (24/20) (too-many-locals)
2025-11-07T06:54:19.6730491Z src/visualizations/graph_2d_visuals.py:93:19: R1735: Consider using '{"size": node_sizes, "color": colors, "line": dict(width=2, color='black'), ... }' instead of a call to 'dict'. (use-dict-literal)
2025-11-07T06:54:19.6732218Z src/visualizations/graph_2d_visuals.py:93:60: R1735: Consider using '{"width": 2, "color": 'black'}' instead of a call to 'dict'. (use-dict-literal)
2025-11-07T06:54:19.6733744Z src/visualizations/graph_2d_visuals.py:96:21: R1735: Consider using '{"size": 10, "color": 'white'}' instead of a call to 'dict'. (use-dict-literal)
2025-11-07T06:54:19.6736272Z src/visualizations/graph_2d_visuals.py:106:14: R1735: Consider using '{"text": '📈 2D Asset Relationship Network', "x": 0.5, "font": dict(size=20, color='#2C3E50'), ... }' instead of a call to 'dict'. (use-dict-literal)
2025-11-07T06:54:19.6738003Z src/visualizations/graph_2d_visuals.py:106:74: R1735: Consider using '{"size": 20, "color": '#2C3E50'}' instead of a call to 'dict'. (use-dict-literal)
2025-11-07T06:54:19.6739995Z src/visualizations/graph_2d_visuals.py:109:15: R1735: Consider using '{"b": 40, "l": 40, "r": 40, "t": 80}' instead of a call to 'dict'. (use-dict-literal)
2025-11-07T06:54:19.6742353Z src/visualizations/graph_2d_visuals.py:111:12: R1735: Consider using '{"text": f'Network Layout: {layout_type.title()} | Assets: {len(asset_ids)} | Relationships: {sum((len(rels) for rels in graph.relationships.values()))}', ... }' instead of a call to 'dict'. (use-dict-literal)
2025-11-07T06:54:19.6744676Z src/visualizations/graph_2d_visuals.py:121:21: R1735: Consider using '{"size": 12, "color": '#7F8C8D'}' instead of a call to 'dict'. (use-dict-literal)
2025-11-07T06:54:19.6746633Z src/visualizations/graph_2d_visuals.py:124:14: R1735: Consider using '{"showgrid": False, "zeroline": False, "showticklabels": False, "title": '', ... }' instead of a call to 'dict'. (use-dict-literal)
2025-11-07T06:54:19.6748661Z src/visualizations/graph_2d_visuals.py:125:14: R1735: Consider using '{"showgrid": False, "zeroline": False, "showticklabels": False, "title": '', ... }' instead of a call to 'dict'. (use-dict-literal)
2025-11-07T06:54:19.6750504Z src/visualizations/graph_2d_visuals.py:128:13: R1735: Consider using '{"family": 'Arial, sans-serif', "size": 12}' instead of a call to 'dict'. (use-dict-literal)
2025-11-07T06:54:19.6752252Z src/visualizations/graph_2d_visuals.py:129:15: R1735: Consider using '{"orientation": 'h', "yanchor": 'bottom', "y": 1.02, "xanchor": 'right', ... }' instead of a call to 'dict'. (use-dict-literal)
2025-11-07T06:54:19.6753899Z src/visualizations/graph_2d_visuals.py:129:90: R1735: Consider using '{"size": 10}' instead of a call to 'dict'. (use-dict-literal)
2025-11-07T06:54:19.6755097Z src/visualizations/graph_2d_visuals.py:172:18: W0612: Unused variable 'z3d' (unused-variable)
2025-11-07T06:54:19.6756462Z src/visualizations/graph_2d_visuals.py:179:0: R0917: Too many positional arguments (11/5) (too-many-positional-arguments)
2025-11-07T06:54:19.6757712Z src/visualizations/graph_2d_visuals.py:179:0: R0914: Too many local variables (34/20) (too-many-locals)
2025-11-07T06:54:19.6759203Z src/visualizations/graph_2d_visuals.py:266:21: R1735: Consider using '{"color": color, "width": line_width, "dash": line_dash}' instead of a call to 'dict'. (use-dict-literal)
2025-11-07T06:54:19.6760638Z src/visualizations/graph_2d_visuals.py:182:4: W0613: Unused argument 'asset_ids' (unused-argument)
2025-11-07T06:54:19.6761441Z ************* Module visualizations.formulaic_visuals
2025-11-07T06:54:19.6762369Z src/visualizations/formulaic_visuals.py:7:0: E0401: Unable to import 'src.analysis.formulaic_analysis' (import-error)
2025-11-07T06:54:19.6763591Z src/visualizations/formulaic_visuals.py:25:4: R0914: Too many local variables (29/20) (too-many-locals)
2025-11-07T06:54:19.6765203Z src/visualizations/formulaic_visuals.py:59:27: R1735: Consider using '{"colors": [self.color_scheme.get(cat, '#CCCCCC') for cat in categories.keys()], ... }' instead of a call to 'dict'. (use-dict-literal)
2025-11-07T06:54:19.6767168Z src/visualizations/formulaic_visuals.py:77:27: R1735: Consider using '{"color": colors}' instead of a call to 'dict'. (use-dict-literal)
2025-11-07T06:54:19.6768683Z src/visualizations/formulaic_visuals.py:125:29: R1735: Consider using '{"title": 'Correlation'}' instead of a call to 'dict'. (use-dict-literal)
2025-11-07T06:54:19.6770243Z src/visualizations/formulaic_visuals.py:142:27: R1735: Consider using '{"color": 'lightblue'}' instead of a call to 'dict'. (use-dict-literal)
2025-11-07T06:54:19.6771808Z src/visualizations/formulaic_visuals.py:158:55: R1735: Consider using '{"color": 'lightgreen'}' instead of a call to 'dict'. (use-dict-literal)
2025-11-07T06:54:19.6773582Z src/visualizations/formulaic_visuals.py:177:27: R1735: Consider using '{"values": list(table_data.keys()), "fill_color": 'paleturquoise'}' instead of a call to 'dict'. (use-dict-literal)
2025-11-07T06:54:19.6775320Z src/visualizations/formulaic_visuals.py:178:103: R1735: Consider using '{"size": 10}' instead of a call to 'dict'. (use-dict-literal)
2025-11-07T06:54:19.6777504Z src/visualizations/formulaic_visuals.py:180:26: R1735: Consider using '{"values": list(table_data.values()), "fill_color": 'lavender', "align": 'left', ... }' instead of a call to 'dict'. (use-dict-literal)
2025-11-07T06:54:19.6779426Z src/visualizations/formulaic_visuals.py:184:29: R1735: Consider using '{"size": 9}' instead of a call to 'dict'. (use-dict-literal)
2025-11-07T06:54:19.6781665Z src/visualizations/formulaic_visuals.py:194:18: R1735: Consider using '{"text": '📊 Financial Formulaic Analysis Dashboard', "x": 0.5, "font": dict(size=20, color='#2C3E50'), ... }' instead of a call to 'dict'. (use-dict-literal)
2025-11-07T06:54:19.6783624Z src/visualizations/formulaic_visuals.py:194:87: R1735: Consider using '{"size": 20, "color": '#2C3E50'}' instead of a call to 'dict'. (use-dict-literal)
2025-11-07T06:54:19.6785247Z src/visualizations/formulaic_visuals.py:199:17: R1735: Consider using '{"family": 'Arial, sans-serif', "size": 10}' instead of a call to 'dict'. (use-dict-literal)
2025-11-07T06:54:19.6787208Z src/visualizations/formulaic_visuals.py:231:17: R1735: Consider using '{"size": 12, "family": 'Arial, sans-serif'}' instead of a call to 'dict'. (use-dict-literal)
2025-11-07T06:54:19.6788813Z src/visualizations/formulaic_visuals.py:240:18: R1735: Consider using '{"visible": False}' instead of a call to 'dict'. (use-dict-literal)
2025-11-07T06:54:19.6790316Z src/visualizations/formulaic_visuals.py:241:18: R1735: Consider using '{"visible": False}' instead of a call to 'dict'. (use-dict-literal)
2025-11-07T06:54:19.6791798Z src/visualizations/formulaic_visuals.py:245:19: R1735: Consider using '{"l": 50, "r": 50, "t": 80, "b": 50}' instead of a call to 'dict'. (use-dict-literal)
2025-11-07T06:54:19.6793108Z src/visualizations/formulaic_visuals.py:250:4: R0914: Too many local variables (21/20) (too-many-locals)
2025-11-07T06:54:19.6794407Z src/visualizations/formulaic_visuals.py:263:21: R1735: Consider using '{"size": 16}' instead of a call to 'dict'. (use-dict-literal)
2025-11-07T06:54:19.6796111Z src/visualizations/formulaic_visuals.py:303:25: R1735: Consider using '{"color": color, "width": width}' instead of a call to 'dict'. (use-dict-literal)
2025-11-07T06:54:19.6797900Z src/visualizations/formulaic_visuals.py:319:19: R1735: Consider using '{"size": 30, "color": 'lightblue', "line": dict(width=2, color='darkblue'), ... }' instead of a call to 'dict'. (use-dict-literal)
2025-11-07T06:54:19.6799540Z src/visualizations/formulaic_visuals.py:319:57: R1735: Consider using '{"width": 2, "color": 'darkblue'}' instead of a call to 'dict'. (use-dict-literal)
2025-11-07T06:54:19.6801034Z src/visualizations/formulaic_visuals.py:332:19: R1735: Consider using '{"b": 20, "l": 5, "r": 5, "t": 40}' instead of a call to 'dict'. (use-dict-literal)
2025-11-07T06:54:20.1282042Z src/visualizations/formulaic_visuals.py:334:16: R1735: Consider using '{"text": 'Node size represents asset importance<br>Line thickness represents correlation strength', ... }' instead of a call to 'dict'. (use-dict-literal)
2025-11-07T06:54:20.1285016Z src/visualizations/formulaic_visuals.py:342:25: R1735: Consider using '{"size": 10}' instead of a call to 'dict'. (use-dict-literal)
2025-11-07T06:54:20.1286980Z src/visualizations/formulaic_visuals.py:345:18: R1735: Consider using '{"showgrid": False, "zeroline": False, "showticklabels": False}' instead of a call to 'dict'. (use-dict-literal)
2025-11-07T06:54:20.1288984Z src/visualizations/formulaic_visuals.py:346:18: R1735: Consider using '{"showgrid": False, "zeroline": False, "showticklabels": False}' instead of a call to 'dict'. (use-dict-literal)
2025-11-07T06:54:20.1290767Z src/visualizations/formulaic_visuals.py:383:23: R1735: Consider using '{"color": 'lightcoral'}' instead of a call to 'dict'. (use-dict-literal)
2025-11-07T06:54:20.1292364Z src/visualizations/formulaic_visuals.py:395:23: R1735: Consider using '{"color": 'lightblue'}' instead of a call to 'dict'. (use-dict-literal)
2025-11-07T06:54:20.1294390Z src/visualizations/formulaic_visuals.py:403:18: R1735: Consider using '{"title": 'Category'}' instead of a call to 'dict'. (use-dict-literal)
2025-11-07T06:54:20.1297728Z src/visualizations/formulaic_visuals.py:404:18: R1735: Consider using '{"title": 'Average R-squared', "side": 'left'}' instead of a call to 'dict'. (use-dict-literal)
2025-11-07T06:54:20.1299645Z src/visualizations/formulaic_visuals.py:405:19: R1735: Consider using '{"title": 'Number of Formulas', "side": 'right', "overlaying": 'y', ... }' instead of a call to 'dict'. (use-dict-literal)
2025-11-07T06:54:20.1301314Z src/visualizations/formulaic_visuals.py:409:19: R1735: Consider using '{"x": 0.7, "y": 1}' instead of a call to 'dict'. (use-dict-literal)
2025-11-07T06:54:20.1302296Z ************* Module visualizations.metric_visuals
2025-11-07T06:54:20.1303129Z src/visualizations/metric_visuals.py:6:0: E0401: Unable to import 'src.logic.asset_graph' (import-error)
2025-11-07T06:54:20.1303982Z ************* Module visualizations.graph_visuals
2025-11-07T06:54:20.1304742Z src/visualizations/graph_visuals.py:167:0: C0301: Line too long (137/120) (line-too-long)
2025-11-07T06:54:20.1305930Z src/visualizations/graph_visuals.py:456:0: C0301: Line too long (137/120) (line-too-long)
2025-11-07T06:54:20.1307016Z src/visualizations/graph_visuals.py:6:0: E0401: Unable to import 'src.logic.asset_graph' (import-error)
2025-11-07T06:54:20.1308614Z src/visualizations/graph_visuals.py:34:19: R1735: Consider using '{"size": 15, "color": colors, "opacity": 0.9, "line": dict(color='rgba(0,0,0,0.8)', width=2), ... }' instead of a call to 'dict'. (use-dict-literal)
2025-11-07T06:54:20.1310371Z src/visualizations/graph_visuals.py:38:21: R1735: Consider using '{"color": 'rgba(0,0,0,0.8)', "width": 2}' instead of a call to 'dict'. (use-dict-literal)
2025-11-07T06:54:20.1311868Z src/visualizations/graph_visuals.py:45:21: R1735: Consider using '{"size": 12, "color": 'black'}' instead of a call to 'dict'. (use-dict-literal)
2025-11-07T06:54:20.1313691Z src/visualizations/graph_visuals.py:58:14: R1735: Consider using '{"xaxis": dict(title='Dimension 1', showgrid=True, gridcolor='rgba(200, 200, 200, 0.3)'), ... }' instead of a call to 'dict'. (use-dict-literal)
2025-11-07T06:54:20.1315923Z src/visualizations/graph_visuals.py:59:18: R1735: Consider using '{"title": 'Dimension 1', "showgrid": True, "gridcolor": 'rgba(200, 200, 200, 0.3)', ... }' instead of a call to 'dict'. (use-dict-literal)
2025-11-07T06:54:20.1317923Z src/visualizations/graph_visuals.py:60:18: R1735: Consider using '{"title": 'Dimension 2', "showgrid": True, "gridcolor": 'rgba(200, 200, 200, 0.3)', ... }' instead of a call to 'dict'. (use-dict-literal)
2025-11-07T06:54:20.1319884Z src/visualizations/graph_visuals.py:61:18: R1735: Consider using '{"title": 'Dimension 3', "showgrid": True, "gridcolor": 'rgba(200, 200, 200, 0.3)', ... }' instead of a call to 'dict'. (use-dict-literal)
2025-11-07T06:54:20.1321575Z src/visualizations/graph_visuals.py:63:19: R1735: Consider using '{"eye": dict(x=1.5, y=1.5, z=1.5)}' instead of a call to 'dict'. (use-dict-literal)
2025-11-07T06:54:20.1323031Z src/visualizations/graph_visuals.py:63:28: R1735: Consider using '{"x": 1.5, "y": 1.5, "z": 1.5}' instead of a call to 'dict'. (use-dict-literal)
2025-11-07T06:54:20.1324665Z src/visualizations/graph_visuals.py:69:15: R1735: Consider using '{"x": 0.02, "y": 0.98, "bgcolor": 'rgba(255, 255, 255, 0.8)', "bordercolor": 'rgba(0, 0, 0, 0.3)', ... }' instead of a call to 'dict'. (use-dict-literal)
2025-11-07T06:54:20.1326330Z src/visualizations/graph_visuals.py:77:0: R0914: Too many local variables (35/20) (too-many-locals)
2025-11-07T06:54:20.1327785Z src/visualizations/graph_visuals.py:186:21: R1735: Consider using '{"color": color, "width": line_width, "dash": line_dash}' instead of a call to 'dict'. (use-dict-literal)
2025-11-07T06:54:20.1329204Z src/visualizations/graph_visuals.py:77:0: R0912: Too many branches (17/15) (too-many-branches)
2025-11-07T06:54:20.1330303Z src/visualizations/graph_visuals.py:102:54: W0612: Unused variable 'reverse_strength' (unused-variable)
2025-11-07T06:54:20.1331771Z src/visualizations/graph_visuals.py:198:0: R0914: Too many local variables (21/20) (too-many-locals)
2025-11-07T06:54:20.1333564Z src/visualizations/graph_visuals.py:248:19: R1735: Consider using '{"symbol": 'diamond', "size": 8, "color": 'rgba(255, 0, 0, 0.8)', "line": dict(color='red', width=1), ... }' instead of a call to 'dict'. (use-dict-literal)
2025-11-07T06:54:20.1335336Z src/visualizations/graph_visuals.py:252:21: R1735: Consider using '{"color": 'red', "width": 1}' instead of a call to 'dict'. (use-dict-literal)
2025-11-07T06:54:20.1336805Z src/visualizations/graph_visuals.py:209:33: W0612: Unused variable 'strength' (unused-variable)
2025-11-07T06:54:20.1337915Z src/visualizations/graph_visuals.py:216:54: W0612: Unused variable 'reverse_strength' (unused-variable)
2025-11-07T06:54:20.1339171Z src/visualizations/graph_visuals.py:264:0: R0917: Too many positional arguments (10/5) (too-many-positional-arguments)
2025-11-07T06:54:20.1340862Z src/visualizations/graph_visuals.py:317:19: R1735: Consider using '{"size": 15, "color": colors, "opacity": 0.9, "line": dict(color='rgba(0,0,0,0.8)', width=2), ... }' instead of a call to 'dict'. (use-dict-literal)
2025-11-07T06:54:20.1342657Z src/visualizations/graph_visuals.py:318:57: R1735: Consider using '{"color": 'rgba(0,0,0,0.8)', "width": 2}' instead of a call to 'dict'. (use-dict-literal)
2025-11-07T06:54:20.1344178Z src/visualizations/graph_visuals.py:324:21: R1735: Consider using '{"size": 12, "color": 'black'}' instead of a call to 'dict'. (use-dict-literal)
2025-11-07T06:54:20.1346146Z src/visualizations/graph_visuals.py:340:14: R1735: Consider using '{"xaxis": dict(title='Dimension 1', showgrid=True, gridcolor='rgba(200, 200, 200, 0.3)'), ... }' instead of a call to 'dict'. (use-dict-literal)
2025-11-07T06:54:20.1348152Z src/visualizations/graph_visuals.py:341:18: R1735: Consider using '{"title": 'Dimension 1', "showgrid": True, "gridcolor": 'rgba(200, 200, 200, 0.3)', ... }' instead of a call to 'dict'. (use-dict-literal)
2025-11-07T06:54:20.1350148Z src/visualizations/graph_visuals.py:342:18: R1735: Consider using '{"title": 'Dimension 2', "showgrid": True, "gridcolor": 'rgba(200, 200, 200, 0.3)', ... }' instead of a call to 'dict'. (use-dict-literal)
2025-11-07T06:54:20.1352161Z src/visualizations/graph_visuals.py:343:18: R1735: Consider using '{"title": 'Dimension 3', "showgrid": True, "gridcolor": 'rgba(200, 200, 200, 0.3)', ... }' instead of a call to 'dict'. (use-dict-literal)
2025-11-07T06:54:20.1353908Z src/visualizations/graph_visuals.py:345:19: R1735: Consider using '{"eye": dict(x=1.5, y=1.5, z=1.5)}' instead of a call to 'dict'. (use-dict-literal)
2025-11-07T06:54:20.1355372Z src/visualizations/graph_visuals.py:345:28: R1735: Consider using '{"x": 1.5, "y": 1.5, "z": 1.5}' instead of a call to 'dict'. (use-dict-literal)
2025-11-07T06:54:20.1357211Z src/visualizations/graph_visuals.py:351:15: R1735: Consider using '{"x": 0.02, "y": 0.98, "bgcolor": 'rgba(255, 255, 255, 0.8)', "bordercolor": 'rgba(0, 0, 0, 0.3)', ... }' instead of a call to 'dict'. (use-dict-literal)
2025-11-07T06:54:20.1358746Z src/visualizations/graph_visuals.py:359:0: R0914: Too many local variables (36/20) (too-many-locals)
2025-11-07T06:54:20.1360210Z src/visualizations/graph_visuals.py:475:21: R1735: Consider using '{"color": color, "width": line_width, "dash": line_dash}' instead of a call to 'dict'. (use-dict-literal)
2025-11-07T06:54:20.1361656Z src/visualizations/graph_visuals.py:359:0: R0912: Too many branches (19/15) (too-many-branches)
2025-11-07T06:54:20.1362749Z src/visualizations/graph_visuals.py:359:0: R0915: Too many statements (53/50) (too-many-statements)
2025-11-07T06:54:20.1363893Z src/visualizations/graph_visuals.py:392:54: W0612: Unused variable 'reverse_strength' (unused-variable)
2025-11-07T06:54:20.1364687Z ************* Module data.database
2025-11-07T06:54:20.1365424Z src/data/database.py:51:15: W0718: Catching too general exception Exception (broad-exception-caught)
2025-11-07T06:54:20.1367170Z src/data/database.py:32:12: C0415: Import outside toplevel (supabase.Client, supabase.create_client) (import-outside-toplevel)
2025-11-07T06:54:20.1368288Z src/data/database.py:51:8: W0612: Unused variable 'e' (unused-variable)
2025-11-07T06:54:20.1369498Z src/data/database.py:74:15: W0718: Catching too general exception Exception (broad-exception-caught)
2025-11-07T06:54:24.0637749Z src/data/database.py:58:12: C0415: Import outside toplevel (psycopg2) (import-outside-toplevel)
2025-11-07T06:54:24.0638846Z src/data/database.py:111:15: W0718: Catching too general exception Exception (broad-exception-caught)
2025-11-07T06:54:24.0639894Z src/data/database.py:95:12: R1705: Unnecessary "elif" after "return", remove the leading "el" from "elif" (no-else-return)
2025-11-07T06:54:24.0640939Z src/data/database.py:112:12: W1203: Use lazy % formatting in logging functions (logging-fstring-interpolation)
2025-11-07T06:54:24.0642212Z src/data/database.py:88:4: R1710: Either all return statements in a function should return an expression, or none of them should. (inconsistent-return-statements)
2025-11-07T06:54:24.0643197Z ************* Module data.sample_data
2025-11-07T06:54:24.0643798Z src/data/sample_data.py:3:0: E0401: Unable to import 'src.logic.asset_graph' (import-error)
2025-11-07T06:54:24.0644678Z src/data/sample_data.py:4:0: E0401: Unable to import 'src.models.financial_models' (import-error)
2025-11-07T06:54:24.0645881Z src/data/sample_data.py:17:0: R0914: Too many local variables (29/20) (too-many-locals)
2025-11-07T06:54:24.0646789Z src/data/sample_data.py:346:8: W1203: Use lazy % formatting in logging functions (logging-fstring-interpolation)
2025-11-07T06:54:24.0647820Z src/data/sample_data.py:349:8: W1203: Use lazy % formatting in logging functions (logging-fstring-interpolation)
2025-11-07T06:54:24.0648842Z src/data/sample_data.py:358:8: W1203: Use lazy % formatting in logging functions (logging-fstring-interpolation)
2025-11-07T06:54:24.0649560Z ************* Module data.real_data_fetcher
2025-11-07T06:54:24.0650117Z src/data/real_data_fetcher.py:52:0: C0301: Line too long (148/120) (line-too-long)
2025-11-07T06:54:24.0650903Z src/data/real_data_fetcher.py:6:0: E0401: Unable to import 'src.logic.asset_graph' (import-error)
2025-11-07T06:54:24.0651788Z src/data/real_data_fetcher.py:7:0: E0401: Unable to import 'src.models.financial_models' (import-error)
2025-11-07T06:54:24.0652760Z src/data/real_data_fetcher.py:56:15: W0718: Catching too general exception Exception (broad-exception-caught)
2025-11-07T06:54:24.0653756Z src/data/real_data_fetcher.py:51:12: W1203: Use lazy % formatting in logging functions (logging-fstring-interpolation)
2025-11-07T06:54:24.0654783Z src/data/real_data_fetcher.py:57:12: W1203: Use lazy % formatting in logging functions (logging-fstring-interpolation)
2025-11-07T06:54:24.0655859Z src/data/real_data_fetcher.py:60:12: E0401: Unable to import 'src.data.sample_data' (import-error)
2025-11-07T06:54:24.0656929Z src/data/real_data_fetcher.py:60:12: C0415: Import outside toplevel (src.data.sample_data.create_sample_database) (import-outside-toplevel)
2025-11-07T06:54:24.0658067Z src/data/real_data_fetcher.py:102:19: W0718: Catching too general exception Exception (broad-exception-caught)
2025-11-07T06:54:24.0659081Z src/data/real_data_fetcher.py:81:20: W1203: Use lazy % formatting in logging functions (logging-fstring-interpolation)
2025-11-07T06:54:24.0660093Z src/data/real_data_fetcher.py:100:16: W1203: Use lazy % formatting in logging functions (logging-fstring-interpolation)
2025-11-07T06:54:24.0661134Z src/data/real_data_fetcher.py:103:16: W1203: Use lazy % formatting in logging functions (logging-fstring-interpolation)
2025-11-07T06:54:24.0662140Z src/data/real_data_fetcher.py:146:19: W0718: Catching too general exception Exception (broad-exception-caught)
2025-11-07T06:54:24.0663137Z src/data/real_data_fetcher.py:125:20: W1203: Use lazy % formatting in logging functions (logging-fstring-interpolation)
2025-11-07T06:54:24.0664231Z src/data/real_data_fetcher.py:144:16: W1203: Use lazy % formatting in logging functions (logging-fstring-interpolation)
2025-11-07T06:54:24.0665718Z src/data/real_data_fetcher.py:147:16: W1203: Use lazy % formatting in logging functions (logging-fstring-interpolation)
2025-11-07T06:54:24.0666935Z src/data/real_data_fetcher.py:190:19: W0718: Catching too general exception Exception (broad-exception-caught)
2025-11-07T06:54:24.0667976Z src/data/real_data_fetcher.py:167:20: W1203: Use lazy % formatting in logging functions (logging-fstring-interpolation)
2025-11-07T06:54:24.0668998Z src/data/real_data_fetcher.py:188:16: W1203: Use lazy % formatting in logging functions (logging-fstring-interpolation)
2025-11-07T06:54:24.0670026Z src/data/real_data_fetcher.py:191:16: W1203: Use lazy % formatting in logging functions (logging-fstring-interpolation)
2025-11-07T06:54:24.0671024Z src/data/real_data_fetcher.py:230:19: W0718: Catching too general exception Exception (broad-exception-caught)
2025-11-07T06:54:24.0672004Z src/data/real_data_fetcher.py:211:20: W1203: Use lazy % formatting in logging functions (logging-fstring-interpolation)
2025-11-07T06:54:24.0673037Z src/data/real_data_fetcher.py:228:16: W1203: Use lazy % formatting in logging functions (logging-fstring-interpolation)
2025-11-07T06:54:24.0674072Z src/data/real_data_fetcher.py:231:16: W1203: Use lazy % formatting in logging functions (logging-fstring-interpolation)
2025-11-07T06:54:24.0674784Z ************* Module analysis.formulaic_analysis
2025-11-07T06:54:24.0675379Z src/analysis/formulaic_analysis.py:442:0: C0301: Line too long (124/120) (line-too-long)
2025-11-07T06:54:24.0676317Z src/analysis/formulaic_analysis.py:452:0: C0301: Line too long (130/120) (line-too-long)
2025-11-07T06:54:24.0677096Z src/analysis/formulaic_analysis.py:581:0: C0301: Line too long (128/120) (line-too-long)
2025-11-07T06:54:24.0677875Z src/analysis/formulaic_analysis.py:630:0: C0301: Line too long (136/120) (line-too-long)
2025-11-07T06:54:24.0678796Z src/analysis/formulaic_analysis.py:5:0: E0401: Unable to import 'src.logic.asset_graph' (import-error)
2025-11-07T06:54:24.0679850Z src/analysis/formulaic_analysis.py:6:0: E0401: Unable to import 'src.models.financial_models' (import-error)
2025-11-07T06:54:24.0680811Z src/analysis/formulaic_analysis.py:471:39: W0613: Unused argument 'graph' (unused-argument)
2025-11-07T06:54:24.0681945Z src/analysis/formulaic_analysis.py:478:8: C0200: Consider using enumerate instead of iterating with range and len (consider-using-enumerate)
2025-11-07T06:54:24.0683057Z src/analysis/formulaic_analysis.py:494:41: W0613: Unused argument 'graph' (unused-argument)
2025-11-07T06:54:24.0683928Z src/analysis/formulaic_analysis.py:513:53: W0613: Unused argument 'graph' (unused-argument)
2025-11-07T06:54:24.0684788Z src/analysis/formulaic_analysis.py:525:53: W0613: Unused argument 'graph' (unused-argument)
2025-11-07T06:54:24.0685832Z src/analysis/formulaic_analysis.py:548:69: W0613: Unused argument 'assets_data' (unused-argument)
2025-11-07T06:54:24.0686512Z ************* Module analysis.__init__
2025-11-07T06:54:24.0686994Z src/analysis/__init__.py:1:0: R0801: Similar lines in 2 files
2025-11-07T06:54:24.0687508Z ==visualizations.graph_2d_visuals:[264:271]
2025-11-07T06:54:24.0687918Z ==visualizations.graph_visuals:[184:191]
2025-11-07T06:54:24.0688307Z                 mode="lines",
2025-11-07T06:54:24.0688726Z                 line=dict(color=color, width=line_width, dash=line_dash),
2025-11-07T06:54:24.0689199Z                 hovertext=hover_texts,
2025-11-07T06:54:24.0689574Z                 hoverinfo="text",
2025-11-07T06:54:24.0689915Z                 name=trace_name,
2025-11-07T06:54:24.0690252Z                 visible=True,
2025-11-07T06:54:24.0690639Z                 legendgroup=rel_type, (duplicate-code)
2025-11-07T06:54:24.0691186Z src/analysis/__init__.py:1:0: R0801: Similar lines in 2 files
2025-11-07T06:54:24.0691707Z ==visualizations.graph_2d_visuals:[208:215]
2025-11-07T06:54:24.0692131Z ==visualizations.graph_visuals:[141:148]
2025-11-07T06:54:24.0692591Z         "same_sector": "#FF6B6B",  # Red for sector relationships
2025-11-07T06:54:24.0693360Z         "market_cap_similar": "#4ECDC4",  # Teal for market cap
2025-11-07T06:54:24.0693996Z         "correlation": "#45B7D1",  # Blue for correlations
2025-11-07T06:54:24.0694562Z         "corporate_bond_to_equity": "#96CEB4",  # Green for corporate bonds
2025-11-07T06:54:24.0695379Z         "commodity_currency": "#FFEAA7",  # Yellow for commodity-currency
2025-11-07T06:54:24.0696173Z         "income_comparison": "#DDA0DD",  # Plum for income comparisons
2025-11-07T06:54:24.0696858Z         "regulatory_impact": "#FFA07A",  # Light salmon for regulatory (duplicate-code)
2025-11-07T06:54:24.0697559Z src/analysis/__init__.py:1:0: R0801: Similar lines in 2 files
2025-11-07T06:54:24.0698094Z ==visualizations.formulaic_visuals:[335:341]
2025-11-07T06:54:24.0698543Z ==visualizations.graph_2d_visuals:[113:119]
2025-11-07T06:54:24.0698963Z                     showarrow=False,
2025-11-07T06:54:24.0699340Z                     xref="paper",
2025-11-07T06:54:24.0699702Z                     yref="paper",
2025-11-07T06:54:24.0700029Z                     x=0.005,
2025-11-07T06:54:24.0700374Z                     y=-0.002,
2025-11-07T06:54:24.0700723Z                     xanchor="left", (duplicate-code)
2025-11-07T06:54:24.0701185Z 
2025-11-07T06:54:24.0701315Z -----------------------------------
2025-11-07T06:54:24.0701689Z Your code has been rated at 8.20/10
2025-11-07T06:54:24.0701947Z 
2025-11-07T06:54:24.8665168Z ============================= test session starts ==============================
2025-11-07T06:54:24.8670621Z platform linux -- Python 3.9.24, pytest-8.4.2, pluggy-1.6.0 -- /opt/hostedtoolcache/Python/3.9.24/x64/bin/python
2025-11-07T06:54:24.8671101Z cachedir: .pytest_cache
2025-11-07T06:54:24.8671492Z rootdir: /home/runner/work/financial-asset-relationship-db/financial-asset-relationship-db
2025-11-07T06:54:24.8671924Z configfile: pyproject.toml
2025-11-07T06:54:24.8672126Z testpaths: tests
2025-11-07T06:54:24.8672334Z plugins: anyio-4.11.0, asyncio-1.2.0, cov-7.0.0
2025-11-07T06:54:24.8672850Z asyncio: mode=strict, debug=False, asyncio_default_fixture_loop_scope=None, asyncio_default_test_loop_scope=function
2025-11-07T06:54:27.5566597Z collecting ... collected 95 items / 3 errors
2025-11-07T06:54:27.5567043Z 
2025-11-07T06:54:27.5567294Z ==================================== ERRORS ====================================
2025-11-07T06:54:27.5568140Z __________ ERROR collecting tests/integration/test_api_integration.py __________
2025-11-07T06:54:27.5569862Z ImportError while importing test module '/home/runner/work/financial-asset-relationship-db/financial-asset-relationship-db/tests/integration/test_api_integration.py'.
2025-11-07T06:54:27.5571299Z Hint: make sure your test modules/packages have valid Python names.
2025-11-07T06:54:27.5571808Z Traceback:
2025-11-07T06:54:27.5572468Z /opt/hostedtoolcache/Python/3.9.24/x64/lib/python3.9/site-packages/_pytest/python.py:498: in importtestmodule
2025-11-07T06:54:27.5573248Z     mod = import_path(
2025-11-07T06:54:27.5573907Z /opt/hostedtoolcache/Python/3.9.24/x64/lib/python3.9/site-packages/_pytest/pathlib.py:587: in import_path
2025-11-07T06:54:27.5574732Z     importlib.import_module(module_name)
2025-11-07T06:54:27.5575422Z /opt/hostedtoolcache/Python/3.9.24/x64/lib/python3.9/importlib/__init__.py:127: in import_module
2025-11-07T06:54:27.5576642Z     return _bootstrap._gcd_import(name[level:], package, level)
2025-11-07T06:54:27.5577165Z <frozen importlib._bootstrap>:1030: in _gcd_import
2025-11-07T06:54:27.5577551Z     ???
2025-11-07T06:54:27.5577845Z <frozen importlib._bootstrap>:1007: in _find_and_load
2025-11-07T06:54:27.5578250Z     ???
2025-11-07T06:54:27.5578595Z <frozen importlib._bootstrap>:986: in _find_and_load_unlocked
2025-11-07T06:54:27.5579029Z     ???
2025-11-07T06:54:27.5579329Z <frozen importlib._bootstrap>:680: in _load_unlocked
2025-11-07T06:54:27.5579717Z     ???
2025-11-07T06:54:27.5580381Z /opt/hostedtoolcache/Python/3.9.24/x64/lib/python3.9/site-packages/_pytest/assertion/rewrite.py:186: in exec_module
2025-11-07T06:54:27.5581606Z     exec(co, module.__dict__)
2025-11-07T06:54:27.5582055Z tests/integration/test_api_integration.py:13: in <module>
2025-11-07T06:54:27.5582531Z     from api.main import app
2025-11-07T06:54:27.5582854Z api/main.py:20: in <module>
2025-11-07T06:54:27.5583472Z     from src.data.real_data_fetcher import RealDataFetcher
2025-11-07T06:54:27.5583982Z src/data/real_data_fetcher.py:4: in <module>
2025-11-07T06:54:27.5584371Z     import yfinance as yf
2025-11-07T06:54:27.5585061Z /opt/hostedtoolcache/Python/3.9.24/x64/lib/python3.9/site-packages/yfinance/__init__.py:25: in <module>
2025-11-07T06:54:27.5585914Z     from .ticker import Ticker
2025-11-07T06:54:27.5586593Z /opt/hostedtoolcache/Python/3.9.24/x64/lib/python3.9/site-packages/yfinance/ticker.py:29: in <module>
2025-11-07T06:54:27.5587303Z     from .base import TickerBase
2025-11-07T06:54:27.5587953Z /opt/hostedtoolcache/Python/3.9.24/x64/lib/python3.9/site-packages/yfinance/base.py:37: in <module>
2025-11-07T06:54:27.5588657Z     from .live import WebSocket
2025-11-07T06:54:27.5589298Z /opt/hostedtoolcache/Python/3.9.24/x64/lib/python3.9/site-packages/yfinance/live.py:7: in <module>
2025-11-07T06:54:27.5590100Z     from websockets.asyncio.client import connect as async_connect
2025-11-07T06:54:27.5590694Z E   ModuleNotFoundError: No module named 'websockets.asyncio'
2025-11-07T06:54:27.5591304Z ___________________ ERROR collecting tests/unit/test_api.py ____________________
2025-11-07T06:54:27.5592413Z ImportError while importing test module '/home/runner/work/financial-asset-relationship-db/financial-asset-relationship-db/tests/unit/test_api.py'.
2025-11-07T06:54:27.5593492Z Hint: make sure your test modules/packages have valid Python names.
2025-11-07T06:54:27.5593959Z Traceback:
2025-11-07T06:54:27.5594582Z /opt/hostedtoolcache/Python/3.9.24/x64/lib/python3.9/site-packages/_pytest/python.py:498: in importtestmodule
2025-11-07T06:54:27.5595327Z     mod = import_path(
2025-11-07T06:54:27.5596115Z /opt/hostedtoolcache/Python/3.9.24/x64/lib/python3.9/site-packages/_pytest/pathlib.py:587: in import_path
2025-11-07T06:54:27.5596879Z     importlib.import_module(module_name)
2025-11-07T06:54:27.5597547Z /opt/hostedtoolcache/Python/3.9.24/x64/lib/python3.9/importlib/__init__.py:127: in import_module
2025-11-07T06:54:27.5598295Z     return _bootstrap._gcd_import(name[level:], package, level)
2025-11-07T06:54:27.5598804Z <frozen importlib._bootstrap>:1030: in _gcd_import
2025-11-07T06:54:27.5599181Z     ???
2025-11-07T06:54:27.5599483Z <frozen importlib._bootstrap>:1007: in _find_and_load
2025-11-07T06:54:27.5599863Z     ???
2025-11-07T06:54:27.5600197Z <frozen importlib._bootstrap>:986: in _find_and_load_unlocked
2025-11-07T06:54:27.5600612Z     ???
2025-11-07T06:54:27.5600907Z <frozen importlib._bootstrap>:680: in _load_unlocked
2025-11-07T06:54:27.5601294Z     ???
2025-11-07T06:54:27.5601916Z /opt/hostedtoolcache/Python/3.9.24/x64/lib/python3.9/site-packages/_pytest/assertion/rewrite.py:186: in exec_module
2025-11-07T06:54:27.5602693Z     exec(co, module.__dict__)
2025-11-07T06:54:27.5603032Z tests/unit/test_api.py:18: in <module>
2025-11-07T06:54:27.5603426Z     from api.main import app, validate_origin
2025-11-07T06:54:27.5603795Z api/main.py:20: in <module>
2025-11-07T06:54:27.5604193Z     from src.data.real_data_fetcher import RealDataFetcher
2025-11-07T06:54:27.5604681Z src/data/real_data_fetcher.py:4: in <module>
2025-11-07T06:54:27.5605066Z     import yfinance as yf
2025-11-07T06:54:27.5605842Z /opt/hostedtoolcache/Python/3.9.24/x64/lib/python3.9/site-packages/yfinance/__init__.py:25: in <module>
2025-11-07T06:54:27.5606575Z     from .ticker import Ticker
2025-11-07T06:54:27.5607209Z /opt/hostedtoolcache/Python/3.9.24/x64/lib/python3.9/site-packages/yfinance/ticker.py:29: in <module>
2025-11-07T06:54:27.5607870Z     from .base import TickerBase
2025-11-07T06:54:27.5608489Z /opt/hostedtoolcache/Python/3.9.24/x64/lib/python3.9/site-packages/yfinance/base.py:37: in <module>
2025-11-07T06:54:27.5609156Z     from .live import WebSocket
2025-11-07T06:54:27.5609976Z /opt/hostedtoolcache/Python/3.9.24/x64/lib/python3.9/site-packages/yfinance/live.py:7: in <module>
2025-11-07T06:54:27.5610761Z     from websockets.asyncio.client import connect as async_connect
2025-11-07T06:54:27.5611339Z E   ModuleNotFoundError: No module named 'websockets.asyncio'
2025-11-07T06:54:27.5612124Z _________________ ERROR collecting tests/unit/test_api_main.py _________________
2025-11-07T06:54:27.5613238Z ImportError while importing test module '/home/runner/work/financial-asset-relationship-db/financial-asset-relationship-db/tests/unit/test_api_main.py'.
2025-11-07T06:54:27.5614322Z Hint: make sure your test modules/packages have valid Python names.
2025-11-07T06:54:27.5614793Z Traceback:
2025-11-07T06:54:27.5615388Z /opt/hostedtoolcache/Python/3.9.24/x64/lib/python3.9/site-packages/_pytest/python.py:498: in importtestmodule
2025-11-07T06:54:27.5616269Z     mod = import_path(
2025-11-07T06:54:27.5616895Z /opt/hostedtoolcache/Python/3.9.24/x64/lib/python3.9/site-packages/_pytest/pathlib.py:587: in import_path
2025-11-07T06:54:27.5617639Z     importlib.import_module(module_name)
2025-11-07T06:54:27.5618274Z /opt/hostedtoolcache/Python/3.9.24/x64/lib/python3.9/importlib/__init__.py:127: in import_module
2025-11-07T06:54:27.5619029Z     return _bootstrap._gcd_import(name[level:], package, level)
2025-11-07T06:54:27.5619540Z <frozen importlib._bootstrap>:1030: in _gcd_import
2025-11-07T06:54:27.5619931Z     ???
2025-11-07T06:54:27.5620247Z <frozen importlib._bootstrap>:1007: in _find_and_load
2025-11-07T06:54:27.5620628Z     ???
2025-11-07T06:54:27.5620965Z <frozen importlib._bootstrap>:986: in _find_and_load_unlocked
2025-11-07T06:54:27.5621377Z     ???
2025-11-07T06:54:27.5621667Z <frozen importlib._bootstrap>:680: in _load_unlocked
2025-11-07T06:54:27.5622044Z     ???
2025-11-07T06:54:27.5622671Z /opt/hostedtoolcache/Python/3.9.24/x64/lib/python3.9/site-packages/_pytest/assertion/rewrite.py:186: in exec_module
2025-11-07T06:54:27.5623429Z     exec(co, module.__dict__)
2025-11-07T06:54:27.5623774Z tests/unit/test_api_main.py:13: in <module>
2025-11-07T06:54:27.5624153Z     from api.main import (
2025-11-07T06:54:27.5624456Z api/main.py:20: in <module>
2025-11-07T06:54:27.5624843Z     from src.data.real_data_fetcher import RealDataFetcher
2025-11-07T06:54:27.5625314Z src/data/real_data_fetcher.py:4: in <module>
2025-11-07T06:54:27.5625854Z     import yfinance as yf
2025-11-07T06:54:27.5626490Z /opt/hostedtoolcache/Python/3.9.24/x64/lib/python3.9/site-packages/yfinance/__init__.py:25: in <module>
2025-11-07T06:54:27.5627191Z     from .ticker import Ticker
2025-11-07T06:54:27.5627835Z /opt/hostedtoolcache/Python/3.9.24/x64/lib/python3.9/site-packages/yfinance/ticker.py:29: in <module>
2025-11-07T06:54:27.5628510Z     from .base import TickerBase
2025-11-07T06:54:27.5629156Z /opt/hostedtoolcache/Python/3.9.24/x64/lib/python3.9/site-packages/yfinance/base.py:37: in <module>
2025-11-07T06:54:27.5629837Z     from .live import WebSocket
2025-11-07T06:54:27.5630444Z /opt/hostedtoolcache/Python/3.9.24/x64/lib/python3.9/site-packages/yfinance/live.py:7: in <module>
2025-11-07T06:54:27.5631188Z     from websockets.asyncio.client import connect as async_connect
2025-11-07T06:54:27.5631739Z E   ModuleNotFoundError: No module named 'websockets.asyncio'
2025-11-07T06:54:27.5632253Z =========================== short test summary info ============================
2025-11-07T06:54:27.5632714Z ERROR tests/integration/test_api_integration.py
2025-11-07T06:54:27.5633089Z ERROR tests/unit/test_api.py
2025-11-07T06:54:27.5633400Z ERROR tests/unit/test_api_main.py
2025-11-07T06:54:27.5633815Z !!!!!!!!!!!!!!!!!!! Interrupted: 3 errors during collection !!!!!!!!!!!!!!!!!!!!
2025-11-07T06:54:27.5634290Z ============================== 3 errors in 2.58s ===============================
2025-11-07T06:54:27.6590261Z ##[error]Process completed with exit code 2.
2025-11-07T06:54:27.6698570Z Post job cleanup.
2025-11-07T06:54:27.6766106Z Post job cleanup.
2025-11-07T06:54:27.7702148Z [command]/usr/bin/git version
2025-11-07T06:54:27.7737794Z git version 2.51.2
2025-11-07T06:54:27.7781563Z Temporarily overriding HOME='/home/runner/work/_temp/66f00a4c-fa98-43a7-80f1-580e42395b25' before making global git config changes
2025-11-07T06:54:27.7782863Z Adding repository directory to the temporary git global config as a safe directory
2025-11-07T06:54:27.7788204Z [command]/usr/bin/git config --global --add safe.directory /home/runner/work/financial-asset-relationship-db/financial-asset-relationship-db
2025-11-07T06:54:27.7823254Z [command]/usr/bin/git config --local --name-only --get-regexp core\.sshCommand
2025-11-07T06:54:27.7859632Z [command]/usr/bin/git submodule foreach --recursive sh -c "git config --local --name-only --get-regexp 'core\.sshCommand' && git config --local --unset-all 'core.sshCommand' || :"
2025-11-07T06:54:27.8097534Z [command]/usr/bin/git config --local --name-only --get-regexp http\.https\:\/\/github\.com\/\.extraheader
2025-11-07T06:54:27.8118685Z http.https://github.com/.extraheader
2025-11-07T06:54:27.8130812Z [command]/usr/bin/git config --local --unset-all http.https://github.com/.extraheader
2025-11-07T06:54:27.8160122Z [command]/usr/bin/git submodule foreach --recursive sh -c "git config --local --name-only --get-regexp 'http\.https\:\/\/github\.com\/\.extraheader' && git config --local --unset-all 'http.https://github.com/.extraheader' || :"
2025-11-07T06:54:27.8479627Z Cleaning up orphan processes
