2025-11-07T06:53:15.5518472Z Current runner version: '2.329.0'
2025-11-07T06:53:15.5553425Z ##[group]Runner Image Provisioner
2025-11-07T06:53:15.5554482Z Hosted Compute Agent
2025-11-07T06:53:15.5555036Z Version: 20251016.436
2025-11-07T06:53:15.5555609Z Commit: 8ab8ac8bfd662a3739dab9fe09456aba92132568
2025-11-07T06:53:15.5556452Z Build Date: 2025-10-15T20:44:12Z
2025-11-07T06:53:15.5557015Z ##[endgroup]
2025-11-07T06:53:15.5557530Z ##[group]Operating System
2025-11-07T06:53:15.5558131Z Ubuntu
2025-11-07T06:53:15.5558621Z 24.04.3
2025-11-07T06:53:15.5559384Z LTS
2025-11-07T06:53:15.5559985Z ##[endgroup]
2025-11-07T06:53:15.5560461Z ##[group]Runner Image
2025-11-07T06:53:15.5561035Z Image: ubuntu-24.04
2025-11-07T06:53:15.5561606Z Version: 20251030.96.2
2025-11-07T06:53:15.5562592Z Included Software: https://github.com/actions/runner-images/blob/ubuntu24/20251030.96/images/ubuntu/Ubuntu2404-Readme.md
2025-11-07T06:53:15.5564249Z Image Release: https://github.com/actions/runner-images/releases/tag/ubuntu24%2F20251030.96
2025-11-07T06:53:15.5565301Z ##[endgroup]
2025-11-07T06:53:15.5566393Z ##[group]GITHUB_TOKEN Permissions
2025-11-07T06:53:15.5568309Z Contents: read
2025-11-07T06:53:15.5568857Z Metadata: read
2025-11-07T06:53:15.5569801Z ##[endgroup]
2025-11-07T06:53:15.5572495Z Secret source: Actions
2025-11-07T06:53:15.5573405Z Prepare workflow directory
2025-11-07T06:53:15.5984099Z Prepare all required actions
2025-11-07T06:53:15.6040958Z Getting action download info
2025-11-07T06:53:15.9792270Z Download action repository 'actions/checkout@v4' (SHA:08eba0b27e820071cde6df949e0beb9ba4906955)
2025-11-07T06:53:16.5049170Z Download action repository 'codecov/codecov-action@v4' (SHA:b9fd7d16f6d7d1b5d2bec1a2887e65ceed900238)
2025-11-07T06:53:16.9826928Z Complete job name: Test Python 3.11
2025-11-07T06:53:17.0565361Z ##[group]Run actions/checkout@v4
2025-11-07T06:53:17.0566841Z with:
2025-11-07T06:53:17.0567789Z   repository: mohavro/financial-asset-relationship-db
2025-11-07T06:53:17.0569501Z   token: ***
2025-11-07T06:53:17.0570255Z   ssh-strict: true
2025-11-07T06:53:17.0571072Z   ssh-user: git
2025-11-07T06:53:17.0571865Z   persist-credentials: true
2025-11-07T06:53:17.0572757Z   clean: true
2025-11-07T06:53:17.0573548Z   sparse-checkout-cone-mode: true
2025-11-07T06:53:17.0574517Z   fetch-depth: 1
2025-11-07T06:53:17.0575280Z   fetch-tags: false
2025-11-07T06:53:17.0576082Z   show-progress: true
2025-11-07T06:53:17.0576890Z   lfs: false
2025-11-07T06:53:17.0577606Z   submodules: false
2025-11-07T06:53:17.0578397Z   set-safe-directory: true
2025-11-07T06:53:17.0579742Z ##[endgroup]
2025-11-07T06:53:17.1722371Z Syncing repository: mohavro/financial-asset-relationship-db
2025-11-07T06:53:17.1725359Z ##[group]Getting Git version info
2025-11-07T06:53:17.1727426Z Working directory is '/home/runner/work/financial-asset-relationship-db/financial-asset-relationship-db'
2025-11-07T06:53:17.1730654Z [command]/usr/bin/git version
2025-11-07T06:53:17.1790427Z git version 2.51.2
2025-11-07T06:53:17.1818568Z ##[endgroup]
2025-11-07T06:53:17.1835291Z Temporarily overriding HOME='/home/runner/work/_temp/3d286758-5e72-4746-8c69-2bcea8f49e37' before making global git config changes
2025-11-07T06:53:17.1838431Z Adding repository directory to the temporary git global config as a safe directory
2025-11-07T06:53:17.1842788Z [command]/usr/bin/git config --global --add safe.directory /home/runner/work/financial-asset-relationship-db/financial-asset-relationship-db
2025-11-07T06:53:17.1883321Z Deleting the contents of '/home/runner/work/financial-asset-relationship-db/financial-asset-relationship-db'
2025-11-07T06:53:17.1886827Z ##[group]Initializing the repository
2025-11-07T06:53:17.1892104Z [command]/usr/bin/git init /home/runner/work/financial-asset-relationship-db/financial-asset-relationship-db
2025-11-07T06:53:17.1996605Z hint: Using 'master' as the name for the initial branch. This default branch name
2025-11-07T06:53:17.2000072Z hint: is subject to change. To configure the initial branch name to use in all
2025-11-07T06:53:17.2002031Z hint: of your new repositories, which will suppress this warning, call:
2025-11-07T06:53:17.2003693Z hint:
2025-11-07T06:53:17.2004597Z hint: 	git config --global init.defaultBranch <name>
2025-11-07T06:53:17.2006580Z hint:
2025-11-07T06:53:17.2008284Z hint: Names commonly chosen instead of 'master' are 'main', 'trunk' and
2025-11-07T06:53:17.2010600Z hint: 'development'. The just-created branch can be renamed via this command:
2025-11-07T06:53:17.2012165Z hint:
2025-11-07T06:53:17.2013157Z hint: 	git branch -m <name>
2025-11-07T06:53:17.2014001Z hint:
2025-11-07T06:53:17.2015134Z hint: Disable this message with "git config set advice.defaultBranchName false"
2025-11-07T06:53:17.2017701Z Initialized empty Git repository in /home/runner/work/financial-asset-relationship-db/financial-asset-relationship-db/.git/
2025-11-07T06:53:17.2022283Z [command]/usr/bin/git remote add origin https://github.com/mohavro/financial-asset-relationship-db
2025-11-07T06:53:17.2053609Z ##[endgroup]
2025-11-07T06:53:17.2055085Z ##[group]Disabling automatic garbage collection
2025-11-07T06:53:17.2056829Z [command]/usr/bin/git config --local gc.auto 0
2025-11-07T06:53:17.2089639Z ##[endgroup]
2025-11-07T06:53:17.2091078Z ##[group]Setting up auth
2025-11-07T06:53:17.2095882Z [command]/usr/bin/git config --local --name-only --get-regexp core\.sshCommand
2025-11-07T06:53:17.2129543Z [command]/usr/bin/git submodule foreach --recursive sh -c "git config --local --name-only --get-regexp 'core\.sshCommand' && git config --local --unset-all 'core.sshCommand' || :"
2025-11-07T06:53:17.2459162Z [command]/usr/bin/git config --local --name-only --get-regexp http\.https\:\/\/github\.com\/\.extraheader
2025-11-07T06:53:17.2496604Z [command]/usr/bin/git submodule foreach --recursive sh -c "git config --local --name-only --get-regexp 'http\.https\:\/\/github\.com\/\.extraheader' && git config --local --unset-all 'http.https://github.com/.extraheader' || :"
2025-11-07T06:53:17.2732105Z [command]/usr/bin/git config --local http.https://github.com/.extraheader AUTHORIZATION: basic ***
2025-11-07T06:53:17.2768836Z ##[endgroup]
2025-11-07T06:53:17.2771420Z ##[group]Fetching the repository
2025-11-07T06:53:17.2781916Z [command]/usr/bin/git -c protocol.version=2 fetch --no-tags --prune --no-recurse-submodules --depth=1 origin +f6c5dd2318074fd903c3ad6ca3549b24b31ef2ea:refs/remotes/pull/96/merge
2025-11-07T06:53:17.6192343Z From https://github.com/mohavro/financial-asset-relationship-db
2025-11-07T06:53:17.6195463Z  * [new ref]         f6c5dd2318074fd903c3ad6ca3549b24b31ef2ea -> pull/96/merge
2025-11-07T06:53:17.6227581Z ##[endgroup]
2025-11-07T06:53:17.6229320Z ##[group]Determining the checkout info
2025-11-07T06:53:17.6230861Z ##[endgroup]
2025-11-07T06:53:17.6235842Z [command]/usr/bin/git sparse-checkout disable
2025-11-07T06:53:17.6280606Z [command]/usr/bin/git config --local --unset-all extensions.worktreeConfig
2025-11-07T06:53:17.6311534Z ##[group]Checking out the ref
2025-11-07T06:53:17.6314971Z [command]/usr/bin/git checkout --progress --force refs/remotes/pull/96/merge
2025-11-07T06:53:17.6472560Z Note: switching to 'refs/remotes/pull/96/merge'.
2025-11-07T06:53:17.6473986Z 
2025-11-07T06:53:17.6475085Z You are in 'detached HEAD' state. You can look around, make experimental
2025-11-07T06:53:17.6477460Z changes and commit them, and you can discard any commits you make in this
2025-11-07T06:53:17.6479511Z state without impacting any branches by switching back to a branch.
2025-11-07T06:53:17.6480594Z 
2025-11-07T06:53:17.6481623Z If you want to create a new branch to retain commits you create, you may
2025-11-07T06:53:17.6483632Z do so (now or later) by using -c with the switch command. Example:
2025-11-07T06:53:17.6484522Z 
2025-11-07T06:53:17.6484894Z   git switch -c <new-branch-name>
2025-11-07T06:53:17.6485508Z 
2025-11-07T06:53:17.6485939Z Or undo this operation with:
2025-11-07T06:53:17.6486679Z 
2025-11-07T06:53:17.6487138Z   git switch -
2025-11-07T06:53:17.6487685Z 
2025-11-07T06:53:17.6488415Z Turn off this advice by setting config variable advice.detachedHead to false
2025-11-07T06:53:17.6490011Z 
2025-11-07T06:53:17.6491246Z HEAD is now at f6c5dd2 Merge a3fac3fb060a1e01138d9d2f7cf5a974ea3df945 into a6b17adc9ab64a141f684f2d53022b9512cd3167
2025-11-07T06:53:17.6494833Z ##[endgroup]
2025-11-07T06:53:17.6525101Z [command]/usr/bin/git log -1 --format=%H
2025-11-07T06:53:17.6550468Z f6c5dd2318074fd903c3ad6ca3549b24b31ef2ea
2025-11-07T06:53:17.6926891Z Prepare all required actions
2025-11-07T06:53:17.6928089Z Getting action download info
2025-11-07T06:53:17.8417513Z Download action repository 'actions/setup-python@v5' (SHA:a26af69be951a213d495a4c3e4e4022e16d87065)
2025-11-07T06:53:17.9262551Z Download action repository 'actions/setup-node@v4' (SHA:49933ea5288caeca8642d1e84afbd3f7d6820020)
2025-11-07T06:53:18.0608782Z ##[group]Run ./.github/actions/ci-common
2025-11-07T06:53:18.0610176Z with:
2025-11-07T06:53:18.0610862Z   language: python
2025-11-07T06:53:18.0611607Z   python-version: 3.11
2025-11-07T06:53:18.0612626Z   dependency-paths: requirements.txt
requirements-dev.txt

2025-11-07T06:53:18.0614693Z   install: python -m pip install --upgrade pip && \
pip install -r requirements.txt && \
pip install -r requirements-dev.txt

2025-11-07T06:53:18.0618618Z   test: flake8 . --count --select=E9,F63,F7,F82 --show-source --statistics && \
flake8 . --count --statistics && \
black --check --diff . && \
isort --check-only --diff . && \
pylint src/ --fail-under=7.0 && \
pytest --cov=src --cov-report=xml --cov-report=term-missing -v

2025-11-07T06:53:18.0621726Z   working-directory: .
2025-11-07T06:53:18.0622485Z ##[endgroup]
2025-11-07T06:53:18.0863370Z ##[group]Run actions/setup-python@v5
2025-11-07T06:53:18.0864356Z with:
2025-11-07T06:53:18.0865059Z   python-version: 3.11
2025-11-07T06:53:18.0865840Z   cache: pip
2025-11-07T06:53:18.0866906Z   cache-dependency-path: requirements.txt
requirements-dev.txt

2025-11-07T06:53:18.0868158Z   check-latest: false
2025-11-07T06:53:18.0869443Z   token: ***
2025-11-07T06:53:18.0870218Z   update-environment: true
2025-11-07T06:53:18.0871091Z   allow-prereleases: false
2025-11-07T06:53:18.0871985Z   freethreaded: false
2025-11-07T06:53:18.0872764Z ##[endgroup]
2025-11-07T06:53:18.2643612Z ##[group]Installed versions
2025-11-07T06:53:18.2761042Z Successfully set up CPython (3.11.14)
2025-11-07T06:53:18.2763023Z ##[endgroup]
2025-11-07T06:53:18.3082966Z [command]/opt/hostedtoolcache/Python/3.11.14/x64/bin/pip cache dir
2025-11-07T06:53:19.6588274Z /home/runner/.cache/pip
2025-11-07T06:53:19.8110603Z pip cache is not found
2025-11-07T06:53:19.8270259Z ##[group]Run set -euo pipefail
2025-11-07T06:53:19.8270674Z [36;1mset -euo pipefail[0m
2025-11-07T06:53:19.8271023Z [36;1meval "python -m pip install --upgrade pip && \[0m
2025-11-07T06:53:19.8271396Z [36;1mpip install -r requirements.txt && \[0m
2025-11-07T06:53:19.8271738Z [36;1mpip install -r requirements-dev.txt[0m
2025-11-07T06:53:19.8272021Z [36;1m"[0m
2025-11-07T06:53:19.8313927Z shell: /usr/bin/bash --noprofile --norc -e -o pipefail {0}
2025-11-07T06:53:19.8314336Z env:
2025-11-07T06:53:19.8314634Z   pythonLocation: /opt/hostedtoolcache/Python/3.11.14/x64
2025-11-07T06:53:19.8315111Z   PKG_CONFIG_PATH: /opt/hostedtoolcache/Python/3.11.14/x64/lib/pkgconfig
2025-11-07T06:53:19.8315545Z   Python_ROOT_DIR: /opt/hostedtoolcache/Python/3.11.14/x64
2025-11-07T06:53:19.8315930Z   Python2_ROOT_DIR: /opt/hostedtoolcache/Python/3.11.14/x64
2025-11-07T06:53:19.8316367Z   Python3_ROOT_DIR: /opt/hostedtoolcache/Python/3.11.14/x64
2025-11-07T06:53:19.8316800Z   LD_LIBRARY_PATH: /opt/hostedtoolcache/Python/3.11.14/x64/lib
2025-11-07T06:53:19.8317147Z ##[endgroup]
2025-11-07T06:53:21.4249583Z Requirement already satisfied: pip in /opt/hostedtoolcache/Python/3.11.14/x64/lib/python3.11/site-packages (25.3)
2025-11-07T06:53:22.5229175Z Collecting gradio>=4.0.0 (from -r requirements.txt (line 1))
2025-11-07T06:53:22.5832050Z   Downloading gradio-5.49.1-py3-none-any.whl.metadata (16 kB)
2025-11-07T06:53:22.6277325Z Collecting plotly>=5.0.0 (from -r requirements.txt (line 2))
2025-11-07T06:53:22.6318587Z   Downloading plotly-6.4.0-py3-none-any.whl.metadata (8.5 kB)
2025-11-07T06:53:22.8110431Z Collecting numpy>=1.21.0 (from -r requirements.txt (line 3))
2025-11-07T06:53:22.8152306Z   Downloading numpy-2.3.4-cp311-cp311-manylinux_2_27_x86_64.manylinux_2_28_x86_64.whl.metadata (62 kB)
2025-11-07T06:53:22.8543361Z Collecting dataclasses-json>=0.5.7 (from -r requirements.txt (line 4))
2025-11-07T06:53:22.8585667Z   Downloading dataclasses_json-0.6.7-py3-none-any.whl.metadata (25 kB)
2025-11-07T06:53:22.8899890Z Collecting yfinance>=0.2.0 (from -r requirements.txt (line 5))
2025-11-07T06:53:22.8942933Z   Downloading yfinance-0.2.66-py2.py3-none-any.whl.metadata (6.0 kB)
2025-11-07T06:53:22.9225052Z Collecting requests>=2.28.0 (from -r requirements.txt (line 6))
2025-11-07T06:53:22.9274958Z   Downloading requests-2.32.5-py3-none-any.whl.metadata (4.9 kB)
2025-11-07T06:53:23.0431834Z Collecting pandas>=1.5.0 (from -r requirements.txt (line 7))
2025-11-07T06:53:23.0470392Z   Downloading pandas-2.3.3-cp311-cp311-manylinux_2_24_x86_64.manylinux_2_28_x86_64.whl.metadata (91 kB)
2025-11-07T06:53:23.1296262Z Collecting fastapi>=0.104.0 (from -r requirements.txt (line 8))
2025-11-07T06:53:23.1336937Z   Downloading fastapi-0.121.0-py3-none-any.whl.metadata (28 kB)
2025-11-07T06:53:23.1854672Z Collecting uvicorn>=0.24.0 (from uvicorn[standard]>=0.24.0->-r requirements.txt (line 9))
2025-11-07T06:53:23.1893428Z   Downloading uvicorn-0.38.0-py3-none-any.whl.metadata (6.8 kB)
2025-11-07T06:53:23.3040774Z Collecting pydantic>=2.4.0 (from -r requirements.txt (line 10))
2025-11-07T06:53:23.3080572Z   Downloading pydantic-2.12.4-py3-none-any.whl.metadata (89 kB)
2025-11-07T06:53:23.3276482Z Collecting PyJWT>=2.8.0 (from -r requirements.txt (line 12))
2025-11-07T06:53:23.3314149Z   Downloading PyJWT-2.10.1-py3-none-any.whl.metadata (4.0 kB)
2025-11-07T06:53:23.3636776Z Collecting passlib>=1.7.4 (from passlib[bcrypt]>=1.7.4->-r requirements.txt (line 13))
2025-11-07T06:53:23.3675098Z   Downloading passlib-1.7.4-py2.py3-none-any.whl.metadata (1.7 kB)
2025-11-07T06:53:23.3797840Z Collecting slowapi>=0.1.4 (from -r requirements.txt (line 14))
2025-11-07T06:53:23.3836743Z   Downloading slowapi-0.1.9-py3-none-any.whl.metadata (3.0 kB)
2025-11-07T06:53:23.4037535Z Collecting httpx>=0.24.0 (from -r requirements.txt (line 16))
2025-11-07T06:53:23.4077764Z   Downloading httpx-0.28.1-py3-none-any.whl.metadata (7.1 kB)
2025-11-07T06:53:23.4226864Z Collecting aiofiles<25.0,>=22.0 (from gradio>=4.0.0->-r requirements.txt (line 1))
2025-11-07T06:53:23.4264183Z   Downloading aiofiles-24.1.0-py3-none-any.whl.metadata (10 kB)
2025-11-07T06:53:23.4476150Z Collecting anyio<5.0,>=3.0 (from gradio>=4.0.0->-r requirements.txt (line 1))
2025-11-07T06:53:23.4516435Z   Downloading anyio-4.11.0-py3-none-any.whl.metadata (4.1 kB)
2025-11-07T06:53:23.4866258Z Collecting brotli>=1.1.0 (from gradio>=4.0.0->-r requirements.txt (line 1))
2025-11-07T06:53:23.4906889Z   Downloading brotli-1.2.0-cp311-cp311-manylinux2014_x86_64.manylinux_2_17_x86_64.whl.metadata (6.1 kB)
2025-11-07T06:53:23.5196055Z Collecting ffmpy (from gradio>=4.0.0->-r requirements.txt (line 1))
2025-11-07T06:53:23.5234707Z   Downloading ffmpy-0.6.4-py3-none-any.whl.metadata (2.9 kB)
2025-11-07T06:53:23.5497213Z Collecting gradio-client==1.13.3 (from gradio>=4.0.0->-r requirements.txt (line 1))
2025-11-07T06:53:23.5548360Z   Downloading gradio_client-1.13.3-py3-none-any.whl.metadata (7.1 kB)
2025-11-07T06:53:23.5700229Z Collecting groovy~=0.1 (from gradio>=4.0.0->-r requirements.txt (line 1))
2025-11-07T06:53:23.5755623Z   Downloading groovy-0.1.2-py3-none-any.whl.metadata (6.1 kB)
2025-11-07T06:53:23.6320289Z Collecting huggingface-hub<2.0,>=0.33.5 (from gradio>=4.0.0->-r requirements.txt (line 1))
2025-11-07T06:53:23.6365879Z   Downloading huggingface_hub-1.1.2-py3-none-any.whl.metadata (13 kB)
2025-11-07T06:53:23.6684434Z Collecting jinja2<4.0 (from gradio>=4.0.0->-r requirements.txt (line 1))
2025-11-07T06:53:23.6725394Z   Downloading jinja2-3.1.6-py3-none-any.whl.metadata (2.9 kB)
2025-11-07T06:53:23.7286909Z Collecting markupsafe<4.0,>=2.0 (from gradio>=4.0.0->-r requirements.txt (line 1))
2025-11-07T06:53:23.7396023Z   Downloading markupsafe-3.0.3-cp311-cp311-manylinux2014_x86_64.manylinux_2_17_x86_64.manylinux_2_28_x86_64.whl.metadata (2.7 kB)
2025-11-07T06:53:24.0345365Z Collecting orjson~=3.0 (from gradio>=4.0.0->-r requirements.txt (line 1))
2025-11-07T06:53:24.0386690Z   Downloading orjson-3.11.4-cp311-cp311-manylinux_2_17_x86_64.manylinux2014_x86_64.whl.metadata (41 kB)
2025-11-07T06:53:24.0585451Z Collecting packaging (from gradio>=4.0.0->-r requirements.txt (line 1))
2025-11-07T06:53:24.0623631Z   Downloading packaging-25.0-py3-none-any.whl.metadata (3.3 kB)
2025-11-07T06:53:24.2290979Z Collecting pillow<12.0,>=8.0 (from gradio>=4.0.0->-r requirements.txt (line 1))
2025-11-07T06:53:24.2333605Z   Downloading pillow-11.3.0-cp311-cp311-manylinux_2_27_x86_64.manylinux_2_28_x86_64.whl.metadata (9.0 kB)
2025-11-07T06:53:24.2538280Z Collecting pydantic>=2.4.0 (from -r requirements.txt (line 10))
2025-11-07T06:53:24.2578378Z   Downloading pydantic-2.11.10-py3-none-any.whl.metadata (68 kB)
2025-11-07T06:53:24.2782617Z Collecting pydub (from gradio>=4.0.0->-r requirements.txt (line 1))
2025-11-07T06:53:24.2819703Z   Downloading pydub-0.25.1-py2.py3-none-any.whl.metadata (1.4 kB)
2025-11-07T06:53:24.2942055Z Collecting python-multipart>=0.0.18 (from gradio>=4.0.0->-r requirements.txt (line 1))
2025-11-07T06:53:24.2979455Z   Downloading python_multipart-0.0.20-py3-none-any.whl.metadata (1.8 kB)
2025-11-07T06:53:24.3370186Z Collecting pyyaml<7.0,>=5.0 (from gradio>=4.0.0->-r requirements.txt (line 1))
2025-11-07T06:53:24.3412908Z   Downloading pyyaml-6.0.3-cp311-cp311-manylinux2014_x86_64.manylinux_2_17_x86_64.manylinux_2_28_x86_64.whl.metadata (2.4 kB)
2025-11-07T06:53:24.7181330Z Collecting ruff>=0.9.3 (from gradio>=4.0.0->-r requirements.txt (line 1))
2025-11-07T06:53:24.7227328Z   Downloading ruff-0.14.4-py3-none-manylinux_2_17_x86_64.manylinux2014_x86_64.whl.metadata (25 kB)
2025-11-07T06:53:24.7358354Z Collecting safehttpx<0.2.0,>=0.1.6 (from gradio>=4.0.0->-r requirements.txt (line 1))
2025-11-07T06:53:24.7399575Z   Downloading safehttpx-0.1.7-py3-none-any.whl.metadata (4.2 kB)
2025-11-07T06:53:24.7540460Z Collecting semantic-version~=2.0 (from gradio>=4.0.0->-r requirements.txt (line 1))
2025-11-07T06:53:24.7578759Z   Downloading semantic_version-2.10.0-py2.py3-none-any.whl.metadata (9.7 kB)
2025-11-07T06:53:24.7882716Z Collecting starlette<1.0,>=0.40.0 (from gradio>=4.0.0->-r requirements.txt (line 1))
2025-11-07T06:53:24.7924015Z   Downloading starlette-0.50.0-py3-none-any.whl.metadata (6.3 kB)
2025-11-07T06:53:24.8116407Z Collecting tomlkit<0.14.0,>=0.12.0 (from gradio>=4.0.0->-r requirements.txt (line 1))
2025-11-07T06:53:24.8155727Z   Downloading tomlkit-0.13.3-py3-none-any.whl.metadata (2.8 kB)
2025-11-07T06:53:24.8354608Z Collecting typer<1.0,>=0.12 (from gradio>=4.0.0->-r requirements.txt (line 1))
2025-11-07T06:53:24.8393063Z   Downloading typer-0.20.0-py3-none-any.whl.metadata (16 kB)
2025-11-07T06:53:24.8607258Z Collecting typing-extensions~=4.0 (from gradio>=4.0.0->-r requirements.txt (line 1))
2025-11-07T06:53:24.8644430Z   Downloading typing_extensions-4.15.0-py3-none-any.whl.metadata (3.3 kB)
2025-11-07T06:53:24.8957819Z Collecting fsspec (from gradio-client==1.13.3->gradio>=4.0.0->-r requirements.txt (line 1))
2025-11-07T06:53:24.8995162Z   Downloading fsspec-2025.10.0-py3-none-any.whl.metadata (10 kB)
2025-11-07T06:53:25.0174200Z Collecting websockets<16.0,>=13.0 (from gradio-client==1.13.3->gradio>=4.0.0->-r requirements.txt (line 1))
2025-11-07T06:53:25.0214272Z   Downloading websockets-15.0.1-cp311-cp311-manylinux_2_5_x86_64.manylinux1_x86_64.manylinux_2_17_x86_64.manylinux2014_x86_64.whl.metadata (6.8 kB)
2025-11-07T06:53:25.0472585Z Collecting python-dateutil>=2.8.2 (from pandas>=1.5.0->-r requirements.txt (line 7))
2025-11-07T06:53:25.0511097Z   Downloading python_dateutil-2.9.0.post0-py2.py3-none-any.whl.metadata (8.4 kB)
2025-11-07T06:53:25.0935963Z Collecting pytz>=2020.1 (from pandas>=1.5.0->-r requirements.txt (line 7))
2025-11-07T06:53:25.0977975Z   Downloading pytz-2025.2-py2.py3-none-any.whl.metadata (22 kB)
2025-11-07T06:53:25.1137094Z Collecting tzdata>=2022.7 (from pandas>=1.5.0->-r requirements.txt (line 7))
2025-11-07T06:53:25.1178174Z   Downloading tzdata-2025.2-py2.py3-none-any.whl.metadata (1.4 kB)
2025-11-07T06:53:25.1320907Z Collecting starlette<1.0,>=0.40.0 (from gradio>=4.0.0->-r requirements.txt (line 1))
2025-11-07T06:53:25.1357399Z   Downloading starlette-0.49.3-py3-none-any.whl.metadata (6.4 kB)
2025-11-07T06:53:25.2470726Z Collecting annotated-doc>=0.0.2 (from fastapi>=0.104.0->-r requirements.txt (line 8))
2025-11-07T06:53:25.2509712Z   Downloading annotated_doc-0.0.3-py3-none-any.whl.metadata (6.6 kB)
2025-11-07T06:53:25.2640280Z Collecting annotated-types>=0.6.0 (from pydantic>=2.4.0->-r requirements.txt (line 10))
2025-11-07T06:53:25.2687136Z   Downloading annotated_types-0.7.0-py3-none-any.whl.metadata (15 kB)
2025-11-07T06:53:25.9727466Z Collecting pydantic-core==2.33.2 (from pydantic>=2.4.0->-r requirements.txt (line 10))
2025-11-07T06:53:25.9770069Z   Downloading pydantic_core-2.33.2-cp311-cp311-manylinux_2_17_x86_64.manylinux2014_x86_64.whl.metadata (6.8 kB)
2025-11-07T06:53:25.9940031Z Collecting typing-inspection>=0.4.0 (from pydantic>=2.4.0->-r requirements.txt (line 10))
2025-11-07T06:53:25.9975646Z   Downloading typing_inspection-0.4.2-py3-none-any.whl.metadata (2.6 kB)
2025-11-07T06:53:26.0270366Z Collecting certifi (from httpx>=0.24.0->-r requirements.txt (line 16))
2025-11-07T06:53:26.0311357Z   Downloading certifi-2025.10.5-py3-none-any.whl.metadata (2.5 kB)
2025-11-07T06:53:26.0504581Z Collecting httpcore==1.* (from httpx>=0.24.0->-r requirements.txt (line 16))
2025-11-07T06:53:26.0544392Z   Downloading httpcore-1.0.9-py3-none-any.whl.metadata (21 kB)
2025-11-07T06:53:26.0696077Z Collecting idna (from httpx>=0.24.0->-r requirements.txt (line 16))
2025-11-07T06:53:26.0733921Z   Downloading idna-3.11-py3-none-any.whl.metadata (8.4 kB)
2025-11-07T06:53:26.0886156Z Collecting sniffio>=1.1 (from anyio<5.0,>=3.0->gradio>=4.0.0->-r requirements.txt (line 1))
2025-11-07T06:53:26.0922594Z   Downloading sniffio-1.3.1-py3-none-any.whl.metadata (3.9 kB)
2025-11-07T06:53:26.1134898Z Collecting h11>=0.16 (from httpcore==1.*->httpx>=0.24.0->-r requirements.txt (line 16))
2025-11-07T06:53:26.1172102Z   Downloading h11-0.16.0-py3-none-any.whl.metadata (8.3 kB)
2025-11-07T06:53:26.1373106Z Collecting filelock (from huggingface-hub<2.0,>=0.33.5->gradio>=4.0.0->-r requirements.txt (line 1))
2025-11-07T06:53:26.1408724Z   Downloading filelock-3.20.0-py3-none-any.whl.metadata (2.1 kB)
2025-11-07T06:53:26.1809893Z Collecting hf-xet<2.0.0,>=1.2.0 (from huggingface-hub<2.0,>=0.33.5->gradio>=4.0.0->-r requirements.txt (line 1))
2025-11-07T06:53:26.1850857Z   Downloading hf_xet-1.2.0-cp37-abi3-manylinux_2_17_x86_64.manylinux2014_x86_64.whl.metadata (4.9 kB)
2025-11-07T06:53:26.2079744Z Collecting shellingham (from huggingface-hub<2.0,>=0.33.5->gradio>=4.0.0->-r requirements.txt (line 1))
2025-11-07T06:53:26.2116877Z   Downloading shellingham-1.5.4-py2.py3-none-any.whl.metadata (3.5 kB)
2025-11-07T06:53:26.2493340Z Collecting tqdm>=4.42.1 (from huggingface-hub<2.0,>=0.33.5->gradio>=4.0.0->-r requirements.txt (line 1))
2025-11-07T06:53:26.2531041Z   Downloading tqdm-4.67.1-py3-none-any.whl.metadata (57 kB)
2025-11-07T06:53:26.2722988Z Collecting typer-slim (from huggingface-hub<2.0,>=0.33.5->gradio>=4.0.0->-r requirements.txt (line 1))
2025-11-07T06:53:26.2759249Z   Downloading typer_slim-0.20.0-py3-none-any.whl.metadata (16 kB)
2025-11-07T06:53:26.3275515Z Collecting click>=8.0.0 (from typer<1.0,>=0.12->gradio>=4.0.0->-r requirements.txt (line 1))
2025-11-07T06:53:26.3314452Z   Downloading click-8.3.0-py3-none-any.whl.metadata (2.6 kB)
2025-11-07T06:53:26.3720110Z Collecting rich>=10.11.0 (from typer<1.0,>=0.12->gradio>=4.0.0->-r requirements.txt (line 1))
2025-11-07T06:53:26.3760402Z   Downloading rich-14.2.0-py3-none-any.whl.metadata (18 kB)
2025-11-07T06:53:26.4416078Z Collecting narwhals>=1.15.1 (from plotly>=5.0.0->-r requirements.txt (line 2))
2025-11-07T06:53:26.4460334Z   Downloading narwhals-2.10.2-py3-none-any.whl.metadata (11 kB)
2025-11-07T06:53:26.4870315Z Collecting marshmallow<4.0.0,>=3.18.0 (from dataclasses-json>=0.5.7->-r requirements.txt (line 4))
2025-11-07T06:53:26.4912234Z   Downloading marshmallow-3.26.1-py3-none-any.whl.metadata (7.3 kB)
2025-11-07T06:53:26.5044687Z Collecting typing-inspect<1,>=0.4.0 (from dataclasses-json>=0.5.7->-r requirements.txt (line 4))
2025-11-07T06:53:26.5081623Z   Downloading typing_inspect-0.9.0-py3-none-any.whl.metadata (1.5 kB)
2025-11-07T06:53:26.5250586Z Collecting mypy-extensions>=0.3.0 (from typing-inspect<1,>=0.4.0->dataclasses-json>=0.5.7->-r requirements.txt (line 4))
2025-11-07T06:53:26.5289623Z   Downloading mypy_extensions-1.1.0-py3-none-any.whl.metadata (1.1 kB)
2025-11-07T06:53:26.5715312Z Collecting multitasking>=0.0.7 (from yfinance>=0.2.0->-r requirements.txt (line 5))
2025-11-07T06:53:26.5752517Z   Downloading multitasking-0.0.12.tar.gz (19 kB)
2025-11-07T06:53:26.5835854Z   Installing build dependencies: started
2025-11-07T06:53:27.3786719Z   Installing build dependencies: finished with status 'done'
2025-11-07T06:53:27.3792064Z   Getting requirements to build wheel: started
2025-11-07T06:53:27.7478761Z   Getting requirements to build wheel: finished with status 'done'
2025-11-07T06:53:27.7487740Z   Preparing metadata (pyproject.toml): started
2025-11-07T06:53:27.9335094Z   Preparing metadata (pyproject.toml): finished with status 'done'
2025-11-07T06:53:27.9511989Z Collecting platformdirs>=2.0.0 (from yfinance>=0.2.0->-r requirements.txt (line 5))
2025-11-07T06:53:27.9549462Z   Downloading platformdirs-4.5.0-py3-none-any.whl.metadata (12 kB)
2025-11-07T06:53:28.0005231Z Collecting frozendict>=2.3.4 (from yfinance>=0.2.0->-r requirements.txt (line 5))
2025-11-07T06:53:28.0051614Z   Downloading frozendict-2.4.6-py311-none-any.whl.metadata (23 kB)
2025-11-07T06:53:28.0259494Z Collecting peewee>=3.16.2 (from yfinance>=0.2.0->-r requirements.txt (line 5))
2025-11-07T06:53:28.0298355Z   Downloading peewee-3.18.3.tar.gz (3.0 MB)
2025-11-07T06:53:28.0501520Z      ━━━━━━━━━━━━━━━━━━━━━━━━━━━━━━━━━━━━━━━━ 3.0/3.0 MB 181.7 MB/s  0:00:00
2025-11-07T06:53:28.2156472Z   Installing build dependencies: started
2025-11-07T06:53:29.0113370Z   Installing build dependencies: finished with status 'done'
2025-11-07T06:53:29.0119325Z   Getting requirements to build wheel: started
2025-11-07T06:53:30.0058115Z   Getting requirements to build wheel: finished with status 'done'
2025-11-07T06:53:30.0066614Z   Preparing metadata (pyproject.toml): started
2025-11-07T06:53:30.2234212Z   Preparing metadata (pyproject.toml): finished with status 'done'
2025-11-07T06:53:30.2407005Z Collecting beautifulsoup4>=4.11.1 (from yfinance>=0.2.0->-r requirements.txt (line 5))
2025-11-07T06:53:30.2445171Z   Downloading beautifulsoup4-4.14.2-py3-none-any.whl.metadata (3.8 kB)
2025-11-07T06:53:30.2914314Z Collecting curl_cffi>=0.7 (from yfinance>=0.2.0->-r requirements.txt (line 5))
2025-11-07T06:53:30.2956358Z   Downloading curl_cffi-0.13.0-cp39-abi3-manylinux_2_17_x86_64.manylinux2014_x86_64.whl.metadata (13 kB)
2025-11-07T06:53:30.4557775Z Collecting protobuf>=3.19.0 (from yfinance>=0.2.0->-r requirements.txt (line 5))
2025-11-07T06:53:30.4599612Z   Downloading protobuf-6.33.0-cp39-abi3-manylinux2014_x86_64.whl.metadata (593 bytes)
2025-11-07T06:53:30.6343066Z Collecting charset_normalizer<4,>=2 (from requests>=2.28.0->-r requirements.txt (line 6))
2025-11-07T06:53:30.6382851Z   Downloading charset_normalizer-3.4.4-cp311-cp311-manylinux2014_x86_64.manylinux_2_17_x86_64.manylinux_2_28_x86_64.whl.metadata (37 kB)
2025-11-07T06:53:30.6719510Z Collecting urllib3<3,>=1.21.1 (from requests>=2.28.0->-r requirements.txt (line 6))
2025-11-07T06:53:30.6759754Z   Downloading urllib3-2.5.0-py3-none-any.whl.metadata (6.5 kB)
2025-11-07T06:53:30.7200861Z Collecting limits>=2.3 (from slowapi>=0.1.4->-r requirements.txt (line 14))
2025-11-07T06:53:30.7238332Z   Downloading limits-5.6.0-py3-none-any.whl.metadata (10 kB)
2025-11-07T06:53:30.7473100Z Collecting soupsieve>1.2 (from beautifulsoup4>=4.11.1->yfinance>=0.2.0->-r requirements.txt (line 5))
2025-11-07T06:53:30.7513723Z   Downloading soupsieve-2.8-py3-none-any.whl.metadata (4.6 kB)
2025-11-07T06:53:30.8747962Z Collecting cffi>=1.12.0 (from curl_cffi>=0.7->yfinance>=0.2.0->-r requirements.txt (line 5))
2025-11-07T06:53:30.8790595Z   Downloading cffi-2.0.0-cp311-cp311-manylinux2014_x86_64.manylinux_2_17_x86_64.whl.metadata (2.6 kB)
2025-11-07T06:53:30.8988648Z Collecting pycparser (from cffi>=1.12.0->curl_cffi>=0.7->yfinance>=0.2.0->-r requirements.txt (line 5))
2025-11-07T06:53:30.9033383Z   Downloading pycparser-2.23-py3-none-any.whl.metadata (993 bytes)
2025-11-07T06:53:30.9249399Z Collecting deprecated>=1.2 (from limits>=2.3->slowapi>=0.1.4->-r requirements.txt (line 14))
2025-11-07T06:53:30.9287460Z   Downloading deprecated-1.3.1-py2.py3-none-any.whl.metadata (5.9 kB)
2025-11-07T06:53:31.0781792Z Collecting wrapt<3,>=1.10 (from deprecated>=1.2->limits>=2.3->slowapi>=0.1.4->-r requirements.txt (line 14))
2025-11-07T06:53:31.0823202Z   Downloading wrapt-2.0.1-cp311-cp311-manylinux1_x86_64.manylinux_2_28_x86_64.manylinux_2_5_x86_64.whl.metadata (9.0 kB)
2025-11-07T06:53:31.1378837Z Collecting bcrypt>=3.1.0 (from passlib[bcrypt]>=1.7.4->-r requirements.txt (line 13))
2025-11-07T06:53:31.1431599Z   Downloading bcrypt-5.0.0-cp39-abi3-manylinux_2_34_x86_64.whl.metadata (10 kB)
2025-11-07T06:53:31.1670763Z Collecting six>=1.5 (from python-dateutil>=2.8.2->pandas>=1.5.0->-r requirements.txt (line 7))
2025-11-07T06:53:31.1713361Z   Downloading six-1.17.0-py2.py3-none-any.whl.metadata (1.7 kB)
2025-11-07T06:53:31.1923922Z Collecting markdown-it-py>=2.2.0 (from rich>=10.11.0->typer<1.0,>=0.12->gradio>=4.0.0->-r requirements.txt (line 1))
2025-11-07T06:53:31.1964010Z   Downloading markdown_it_py-4.0.0-py3-none-any.whl.metadata (7.3 kB)
2025-11-07T06:53:31.2209847Z Collecting pygments<3.0.0,>=2.13.0 (from rich>=10.11.0->typer<1.0,>=0.12->gradio>=4.0.0->-r requirements.txt (line 1))
2025-11-07T06:53:31.2253015Z   Downloading pygments-2.19.2-py3-none-any.whl.metadata (2.5 kB)
2025-11-07T06:53:31.2403619Z Collecting mdurl~=0.1 (from markdown-it-py>=2.2.0->rich>=10.11.0->typer<1.0,>=0.12->gradio>=4.0.0->-r requirements.txt (line 1))
2025-11-07T06:53:31.2440596Z   Downloading mdurl-0.1.2-py3-none-any.whl.metadata (1.6 kB)
2025-11-07T06:53:31.3027889Z Collecting httptools>=0.6.3 (from uvicorn[standard]>=0.24.0->-r requirements.txt (line 9))
2025-11-07T06:53:31.3070718Z   Downloading httptools-0.7.1-cp311-cp311-manylinux1_x86_64.manylinux_2_28_x86_64.manylinux_2_5_x86_64.whl.metadata (3.5 kB)
2025-11-07T06:53:31.3275157Z Collecting python-dotenv>=0.13 (from uvicorn[standard]>=0.24.0->-r requirements.txt (line 9))
2025-11-07T06:53:31.3333199Z   Downloading python_dotenv-1.2.1-py3-none-any.whl.metadata (25 kB)
2025-11-07T06:53:31.3761380Z Collecting uvloop>=0.15.1 (from uvicorn[standard]>=0.24.0->-r requirements.txt (line 9))
2025-11-07T06:53:31.3807652Z   Downloading uvloop-0.22.1-cp311-cp311-manylinux2014_x86_64.manylinux_2_17_x86_64.manylinux_2_28_x86_64.whl.metadata (4.9 kB)
2025-11-07T06:53:31.4582266Z Collecting watchfiles>=0.13 (from uvicorn[standard]>=0.24.0->-r requirements.txt (line 9))
2025-11-07T06:53:31.4624059Z   Downloading watchfiles-1.1.1-cp311-cp311-manylinux_2_17_x86_64.manylinux2014_x86_64.whl.metadata (4.9 kB)
2025-11-07T06:53:31.4991528Z Downloading gradio-5.49.1-py3-none-any.whl (63.5 MB)
2025-11-07T06:53:31.7923631Z    ━━━━━━━━━━━━━━━━━━━━━━━━━━━━━━━━━━━━━━━━ 63.5/63.5 MB 218.3 MB/s  0:00:00
2025-11-07T06:53:31.8036819Z Downloading gradio_client-1.13.3-py3-none-any.whl (325 kB)
2025-11-07T06:53:31.8141172Z Downloading numpy-2.3.4-cp311-cp311-manylinux_2_27_x86_64.manylinux_2_28_x86_64.whl (16.9 MB)
2025-11-07T06:53:32.1583126Z    ━━━━━━━━━━━━━━━━━━━━━━━━━━━━━━━━━━━━━━━━ 16.9/16.9 MB 48.8 MB/s  0:00:00
2025-11-07T06:53:32.1624667Z Downloading pandas-2.3.3-cp311-cp311-manylinux_2_24_x86_64.manylinux_2_28_x86_64.whl (12.8 MB)
2025-11-07T06:53:32.2127948Z    ━━━━━━━━━━━━━━━━━━━━━━━━━━━━━━━━━━━━━━━━ 12.8/12.8 MB 262.2 MB/s  0:00:00
2025-11-07T06:53:32.2170904Z Downloading fastapi-0.121.0-py3-none-any.whl (109 kB)
2025-11-07T06:53:32.2233890Z Downloading pydantic-2.11.10-py3-none-any.whl (444 kB)
2025-11-07T06:53:32.2464166Z Downloading pydantic_core-2.33.2-cp311-cp311-manylinux_2_17_x86_64.manylinux2014_x86_64.whl (2.0 MB)
2025-11-07T06:53:32.2613202Z    ━━━━━━━━━━━━━━━━━━━━━━━━━━━━━━━━━━━━━━━━ 2.0/2.0 MB 140.9 MB/s  0:00:00
2025-11-07T06:53:32.2650777Z Downloading httpx-0.28.1-py3-none-any.whl (73 kB)
2025-11-07T06:53:32.2716741Z Downloading aiofiles-24.1.0-py3-none-any.whl (15 kB)
2025-11-07T06:53:32.2795336Z Downloading anyio-4.11.0-py3-none-any.whl (109 kB)
2025-11-07T06:53:32.2868882Z Downloading groovy-0.1.2-py3-none-any.whl (14 kB)
2025-11-07T06:53:32.2935939Z Downloading httpcore-1.0.9-py3-none-any.whl (78 kB)
2025-11-07T06:53:32.3008758Z Downloading huggingface_hub-1.1.2-py3-none-any.whl (514 kB)
2025-11-07T06:53:32.3097892Z Downloading hf_xet-1.2.0-cp37-abi3-manylinux_2_17_x86_64.manylinux2014_x86_64.whl (3.3 MB)
2025-11-07T06:53:32.3270000Z    ━━━━━━━━━━━━━━━━━━━━━━━━━━━━━━━━━━━━━━━━ 3.3/3.3 MB 212.6 MB/s  0:00:00
2025-11-07T06:53:32.3311335Z Downloading jinja2-3.1.6-py3-none-any.whl (134 kB)
2025-11-07T06:53:32.3375928Z Downloading markupsafe-3.0.3-cp311-cp311-manylinux2014_x86_64.manylinux_2_17_x86_64.manylinux_2_28_x86_64.whl (22 kB)
2025-11-07T06:53:32.3433495Z Downloading orjson-3.11.4-cp311-cp311-manylinux_2_17_x86_64.manylinux2014_x86_64.whl (136 kB)
2025-11-07T06:53:32.3497870Z Downloading pillow-11.3.0-cp311-cp311-manylinux_2_27_x86_64.manylinux_2_28_x86_64.whl (6.6 MB)
2025-11-07T06:53:32.3800581Z    ━━━━━━━━━━━━━━━━━━━━━━━━━━━━━━━━━━━━━━━━ 6.6/6.6 MB 235.0 MB/s  0:00:00
2025-11-07T06:53:32.3846265Z Downloading pyyaml-6.0.3-cp311-cp311-manylinux2014_x86_64.manylinux_2_17_x86_64.manylinux_2_28_x86_64.whl (806 kB)
2025-11-07T06:53:32.3918482Z    ━━━━━━━━━━━━━━━━━━━━━━━━━━━━━━━━━━━━━━━━ 806.6/806.6 kB 113.9 MB/s  0:00:00
2025-11-07T06:53:32.3972334Z Downloading safehttpx-0.1.7-py3-none-any.whl (9.0 kB)
2025-11-07T06:53:32.4032092Z Downloading semantic_version-2.10.0-py2.py3-none-any.whl (15 kB)
2025-11-07T06:53:32.4092461Z Downloading starlette-0.49.3-py3-none-any.whl (74 kB)
2025-11-07T06:53:32.4153436Z Downloading tomlkit-0.13.3-py3-none-any.whl (38 kB)
2025-11-07T06:53:32.4212706Z Downloading typer-0.20.0-py3-none-any.whl (47 kB)
2025-11-07T06:53:32.4271231Z Downloading typing_extensions-4.15.0-py3-none-any.whl (44 kB)
2025-11-07T06:53:32.4328738Z Downloading websockets-15.0.1-cp311-cp311-manylinux_2_5_x86_64.manylinux1_x86_64.manylinux_2_17_x86_64.manylinux2014_x86_64.whl (182 kB)
2025-11-07T06:53:32.4390372Z Downloading plotly-6.4.0-py3-none-any.whl (9.9 MB)
2025-11-07T06:53:32.4886011Z    ━━━━━━━━━━━━━━━━━━━━━━━━━━━━━━━━━━━━━━━━ 9.9/9.9 MB 204.7 MB/s  0:00:00
2025-11-07T06:53:32.4926625Z Downloading dataclasses_json-0.6.7-py3-none-any.whl (28 kB)
2025-11-07T06:53:32.4980954Z Downloading marshmallow-3.26.1-py3-none-any.whl (50 kB)
2025-11-07T06:53:32.5039352Z Downloading typing_inspect-0.9.0-py3-none-any.whl (8.8 kB)
2025-11-07T06:53:32.5093690Z Downloading yfinance-0.2.66-py2.py3-none-any.whl (123 kB)
2025-11-07T06:53:32.5154318Z Downloading requests-2.32.5-py3-none-any.whl (64 kB)
2025-11-07T06:53:32.5211869Z Downloading charset_normalizer-3.4.4-cp311-cp311-manylinux2014_x86_64.manylinux_2_17_x86_64.manylinux_2_28_x86_64.whl (151 kB)
2025-11-07T06:53:32.5268233Z Downloading idna-3.11-py3-none-any.whl (71 kB)
2025-11-07T06:53:32.5325536Z Downloading urllib3-2.5.0-py3-none-any.whl (129 kB)
2025-11-07T06:53:32.5389396Z Downloading uvicorn-0.38.0-py3-none-any.whl (68 kB)
2025-11-07T06:53:32.5446034Z Downloading PyJWT-2.10.1-py3-none-any.whl (22 kB)
2025-11-07T06:53:32.5500928Z Downloading passlib-1.7.4-py2.py3-none-any.whl (525 kB)
2025-11-07T06:53:32.5556136Z    ━━━━━━━━━━━━━━━━━━━━━━━━━━━━━━━━━━━━━━━━ 525.6/525.6 kB 82.2 MB/s  0:00:00
2025-11-07T06:53:32.5594750Z Downloading slowapi-0.1.9-py3-none-any.whl (14 kB)
2025-11-07T06:53:32.5656881Z Downloading annotated_doc-0.0.3-py3-none-any.whl (5.5 kB)
2025-11-07T06:53:32.5710689Z Downloading annotated_types-0.7.0-py3-none-any.whl (13 kB)
2025-11-07T06:53:32.5767029Z Downloading beautifulsoup4-4.14.2-py3-none-any.whl (106 kB)
2025-11-07T06:53:32.5868230Z Downloading brotli-1.2.0-cp311-cp311-manylinux2014_x86_64.manylinux_2_17_x86_64.whl (1.4 MB)
2025-11-07T06:53:32.5961929Z    ━━━━━━━━━━━━━━━━━━━━━━━━━━━━━━━━━━━━━━━━ 1.4/1.4 MB 170.1 MB/s  0:00:00
2025-11-07T06:53:32.5997811Z Downloading certifi-2025.10.5-py3-none-any.whl (163 kB)
2025-11-07T06:53:32.6057830Z Downloading click-8.3.0-py3-none-any.whl (107 kB)
2025-11-07T06:53:32.6128055Z Downloading curl_cffi-0.13.0-cp39-abi3-manylinux_2_17_x86_64.manylinux2014_x86_64.whl (8.3 MB)
2025-11-07T06:53:32.6462190Z    ━━━━━━━━━━━━━━━━━━━━━━━━━━━━━━━━━━━━━━━━ 8.3/8.3 MB 269.6 MB/s  0:00:00
2025-11-07T06:53:32.6502805Z Downloading cffi-2.0.0-cp311-cp311-manylinux2014_x86_64.manylinux_2_17_x86_64.whl (215 kB)
2025-11-07T06:53:32.6571433Z Downloading frozendict-2.4.6-py311-none-any.whl (16 kB)
2025-11-07T06:53:32.6632374Z Downloading fsspec-2025.10.0-py3-none-any.whl (200 kB)
2025-11-07T06:53:32.6696847Z Downloading h11-0.16.0-py3-none-any.whl (37 kB)
2025-11-07T06:53:32.6753438Z Downloading limits-5.6.0-py3-none-any.whl (60 kB)
2025-11-07T06:53:32.6808880Z Downloading deprecated-1.3.1-py2.py3-none-any.whl (11 kB)
2025-11-07T06:53:32.6863811Z Downloading wrapt-2.0.1-cp311-cp311-manylinux1_x86_64.manylinux_2_28_x86_64.manylinux_2_5_x86_64.whl (114 kB)
2025-11-07T06:53:32.6920796Z Downloading mypy_extensions-1.1.0-py3-none-any.whl (5.0 kB)
2025-11-07T06:53:32.6972115Z Downloading narwhals-2.10.2-py3-none-any.whl (419 kB)
2025-11-07T06:53:32.7043905Z Downloading packaging-25.0-py3-none-any.whl (66 kB)
2025-11-07T06:53:32.7100499Z Downloading bcrypt-5.0.0-cp39-abi3-manylinux_2_34_x86_64.whl (278 kB)
2025-11-07T06:53:32.7165243Z Downloading platformdirs-4.5.0-py3-none-any.whl (18 kB)
2025-11-07T06:53:32.7219455Z Downloading protobuf-6.33.0-cp39-abi3-manylinux2014_x86_64.whl (323 kB)
2025-11-07T06:53:32.7283953Z Downloading python_dateutil-2.9.0.post0-py2.py3-none-any.whl (229 kB)
2025-11-07T06:53:32.7353183Z Downloading python_multipart-0.0.20-py3-none-any.whl (24 kB)
2025-11-07T06:53:32.7466487Z Downloading pytz-2025.2-py2.py3-none-any.whl (509 kB)
2025-11-07T06:53:32.7539574Z Downloading rich-14.2.0-py3-none-any.whl (243 kB)
2025-11-07T06:53:32.7601207Z Downloading pygments-2.19.2-py3-none-any.whl (1.2 MB)
2025-11-07T06:53:32.7684971Z    ━━━━━━━━━━━━━━━━━━━━━━━━━━━━━━━━━━━━━━━━ 1.2/1.2 MB 161.1 MB/s  0:00:00
2025-11-07T06:53:32.7719967Z Downloading markdown_it_py-4.0.0-py3-none-any.whl (87 kB)
2025-11-07T06:53:32.7778376Z Downloading mdurl-0.1.2-py3-none-any.whl (10.0 kB)
2025-11-07T06:53:32.7851470Z Downloading ruff-0.14.4-py3-none-manylinux_2_17_x86_64.manylinux2014_x86_64.whl (13.4 MB)
2025-11-07T06:53:32.8501641Z    ━━━━━━━━━━━━━━━━━━━━━━━━━━━━━━━━━━━━━━━━ 13.4/13.4 MB 209.5 MB/s  0:00:00
2025-11-07T06:53:32.8539910Z Downloading shellingham-1.5.4-py2.py3-none-any.whl (9.8 kB)
2025-11-07T06:53:32.8640208Z Downloading six-1.17.0-py2.py3-none-any.whl (11 kB)
2025-11-07T06:53:32.8699332Z Downloading sniffio-1.3.1-py3-none-any.whl (10 kB)
2025-11-07T06:53:32.8756111Z Downloading soupsieve-2.8-py3-none-any.whl (36 kB)
2025-11-07T06:53:32.8814613Z Downloading tqdm-4.67.1-py3-none-any.whl (78 kB)
2025-11-07T06:53:32.8875083Z Downloading typing_inspection-0.4.2-py3-none-any.whl (14 kB)
2025-11-07T06:53:32.8930111Z Downloading tzdata-2025.2-py2.py3-none-any.whl (347 kB)
2025-11-07T06:53:32.9003586Z Downloading httptools-0.7.1-cp311-cp311-manylinux1_x86_64.manylinux_2_28_x86_64.manylinux_2_5_x86_64.whl (456 kB)
2025-11-07T06:53:32.9078371Z Downloading python_dotenv-1.2.1-py3-none-any.whl (21 kB)
2025-11-07T06:53:32.9136971Z Downloading uvloop-0.22.1-cp311-cp311-manylinux2014_x86_64.manylinux_2_17_x86_64.manylinux_2_28_x86_64.whl (3.8 MB)
2025-11-07T06:53:32.9321601Z    ━━━━━━━━━━━━━━━━━━━━━━━━━━━━━━━━━━━━━━━━ 3.8/3.8 MB 221.9 MB/s  0:00:00
2025-11-07T06:53:32.9362093Z Downloading watchfiles-1.1.1-cp311-cp311-manylinux_2_17_x86_64.manylinux2014_x86_64.whl (456 kB)
2025-11-07T06:53:32.9447960Z Downloading ffmpy-0.6.4-py3-none-any.whl (5.6 kB)
2025-11-07T06:53:32.9504557Z Downloading filelock-3.20.0-py3-none-any.whl (16 kB)
2025-11-07T06:53:32.9561080Z Downloading pycparser-2.23-py3-none-any.whl (118 kB)
2025-11-07T06:53:32.9624483Z Downloading pydub-0.25.1-py2.py3-none-any.whl (32 kB)
2025-11-07T06:53:32.9679914Z Downloading typer_slim-0.20.0-py3-none-any.whl (47 kB)
2025-11-07T06:53:33.1738871Z Building wheels for collected packages: multitasking, peewee
2025-11-07T06:53:33.1747804Z   Building wheel for multitasking (pyproject.toml): started
2025-11-07T06:53:33.3811253Z   Building wheel for multitasking (pyproject.toml): finished with status 'done'
2025-11-07T06:53:33.3817939Z   Created wheel for multitasking: filename=multitasking-0.0.12-py3-none-any.whl size=15636 sha256=134d76a59c96385c40ee16f495c7fd7d5043bbecf08e502a04b2ab63a723a869
2025-11-07T06:53:33.3819948Z   Stored in directory: /home/runner/.cache/pip/wheels/42/d6/84/bf57a755f4569494cd00de4bb46ef064874823f4d19c82e960
2025-11-07T06:53:33.3852266Z   Building wheel for peewee (pyproject.toml): started
2025-11-07T06:53:46.0238038Z   Building wheel for peewee (pyproject.toml): finished with status 'done'
2025-11-07T06:53:46.0253122Z   Created wheel for peewee: filename=peewee-3.18.3-cp311-cp311-linux_x86_64.whl size=1064054 sha256=992bf304575e0dc266e4ec1c97d86c47b420e92849c84206962e8f8d79229c70
2025-11-07T06:53:46.0254771Z   Stored in directory: /home/runner/.cache/pip/wheels/05/dc/94/4ba26d23cac9aee7481d3dfcc7e99ce2cc5731230ec10f7ec1
2025-11-07T06:53:46.0274214Z Successfully built multitasking peewee
2025-11-07T06:53:46.1996376Z Installing collected packages: pytz, pydub, peewee, passlib, multitasking, brotli, wrapt, websockets, uvloop, urllib3, tzdata, typing-extensions, tqdm, tomlkit, soupsieve, sniffio, six, shellingham, semantic-version, ruff, pyyaml, python-multipart, python-dotenv, PyJWT, pygments, pycparser, protobuf, platformdirs, pillow, packaging, orjson, numpy, narwhals, mypy-extensions, mdurl, markupsafe, idna, httptools, hf-xet, h11, groovy, fsspec, frozendict, filelock, ffmpy, click, charset_normalizer, certifi, bcrypt, annotated-types, annotated-doc, aiofiles, uvicorn, typing-inspection, typing-inspect, typer-slim, requests, python-dateutil, pydantic-core, plotly, marshmallow, markdown-it-py, jinja2, httpcore, deprecated, cffi, beautifulsoup4, anyio, watchfiles, starlette, rich, pydantic, pandas, limits, httpx, dataclasses-json, curl_cffi, yfinance, typer, slowapi, safehttpx, huggingface-hub, fastapi, gradio-client, gradio
2025-11-07T06:54:01.0542844Z 
2025-11-07T06:54:01.0589970Z Successfully installed PyJWT-2.10.1 aiofiles-24.1.0 annotated-doc-0.0.3 annotated-types-0.7.0 anyio-4.11.0 bcrypt-5.0.0 beautifulsoup4-4.14.2 brotli-1.2.0 certifi-2025.10.5 cffi-2.0.0 charset_normalizer-3.4.4 click-8.3.0 curl_cffi-0.13.0 dataclasses-json-0.6.7 deprecated-1.3.1 fastapi-0.121.0 ffmpy-0.6.4 filelock-3.20.0 frozendict-2.4.6 fsspec-2025.10.0 gradio-5.49.1 gradio-client-1.13.3 groovy-0.1.2 h11-0.16.0 hf-xet-1.2.0 httpcore-1.0.9 httptools-0.7.1 httpx-0.28.1 huggingface-hub-1.1.2 idna-3.11 jinja2-3.1.6 limits-5.6.0 markdown-it-py-4.0.0 markupsafe-3.0.3 marshmallow-3.26.1 mdurl-0.1.2 multitasking-0.0.12 mypy-extensions-1.1.0 narwhals-2.10.2 numpy-2.3.4 orjson-3.11.4 packaging-25.0 pandas-2.3.3 passlib-1.7.4 peewee-3.18.3 pillow-11.3.0 platformdirs-4.5.0 plotly-6.4.0 protobuf-6.33.0 pycparser-2.23 pydantic-2.11.10 pydantic-core-2.33.2 pydub-0.25.1 pygments-2.19.2 python-dateutil-2.9.0.post0 python-dotenv-1.2.1 python-multipart-0.0.20 pytz-2025.2 pyyaml-6.0.3 requests-2.32.5 rich-14.2.0 ruff-0.14.4 safehttpx-0.1.7 semantic-version-2.10.0 shellingham-1.5.4 six-1.17.0 slowapi-0.1.9 sniffio-1.3.1 soupsieve-2.8 starlette-0.49.3 tomlkit-0.13.3 tqdm-4.67.1 typer-0.20.0 typer-slim-0.20.0 typing-extensions-4.15.0 typing-inspect-0.9.0 typing-inspection-0.4.2 tzdata-2025.2 urllib3-2.5.0 uvicorn-0.38.0 uvloop-0.22.1 watchfiles-1.1.1 websockets-15.0.1 wrapt-2.0.1 yfinance-0.2.66
2025-11-07T06:54:02.3185027Z Collecting pytest>=7.0.0 (from -r requirements-dev.txt (line 2))
2025-11-07T06:54:02.3752205Z   Downloading pytest-8.4.2-py3-none-any.whl.metadata (7.7 kB)
2025-11-07T06:54:02.3929154Z Collecting pytest-cov>=4.0.0 (from -r requirements-dev.txt (line 3))
2025-11-07T06:54:02.3967077Z   Downloading pytest_cov-7.0.0-py3-none-any.whl.metadata (31 kB)
2025-11-07T06:54:02.4244826Z Collecting pytest-asyncio>=0.21.0 (from -r requirements-dev.txt (line 4))
2025-11-07T06:54:02.4281841Z   Downloading pytest_asyncio-1.2.0-py3-none-any.whl.metadata (4.1 kB)
2025-11-07T06:54:02.4498564Z Collecting flake8>=6.0.0 (from -r requirements-dev.txt (line 5))
2025-11-07T06:54:02.4540460Z   Downloading flake8-7.3.0-py2.py3-none-any.whl.metadata (3.8 kB)
2025-11-07T06:54:02.5065713Z Collecting pylint>=2.17.0 (from -r requirements-dev.txt (line 6))
2025-11-07T06:54:02.5103335Z   Downloading pylint-4.0.2-py3-none-any.whl.metadata (12 kB)
2025-11-07T06:54:02.6135332Z Collecting mypy>=1.0.0 (from -r requirements-dev.txt (line 7))
2025-11-07T06:54:02.6175717Z   Downloading mypy-1.18.2-cp311-cp311-manylinux2014_x86_64.manylinux_2_17_x86_64.manylinux_2_28_x86_64.whl.metadata (2.2 kB)
2025-11-07T06:54:02.6626419Z Collecting black>=23.0.0 (from -r requirements-dev.txt (line 8))
2025-11-07T06:54:02.6666128Z   Downloading black-25.9.0-cp311-cp311-manylinux_2_17_x86_64.manylinux2014_x86_64.manylinux_2_28_x86_64.whl.metadata (83 kB)
2025-11-07T06:54:02.7085588Z Collecting isort>=5.12.0 (from -r requirements-dev.txt (line 9))
2025-11-07T06:54:02.7128169Z   Downloading isort-7.0.0-py3-none-any.whl.metadata (11 kB)
2025-11-07T06:54:02.7478225Z Collecting pre-commit>=3.0.0 (from -r requirements-dev.txt (line 10))
2025-11-07T06:54:02.7516610Z   Downloading pre_commit-4.3.0-py2.py3-none-any.whl.metadata (1.2 kB)
2025-11-07T06:54:02.7622664Z Collecting iniconfig>=1 (from pytest>=7.0.0->-r requirements-dev.txt (line 2))
2025-11-07T06:54:02.7657352Z   Downloading iniconfig-2.3.0-py3-none-any.whl.metadata (2.5 kB)
2025-11-07T06:54:02.7691503Z Requirement already satisfied: packaging>=20 in /opt/hostedtoolcache/Python/3.11.14/x64/lib/python3.11/site-packages (from pytest>=7.0.0->-r requirements-dev.txt (line 2)) (25.0)
2025-11-07T06:54:02.7790611Z Collecting pluggy<2,>=1.5 (from pytest>=7.0.0->-r requirements-dev.txt (line 2))
2025-11-07T06:54:02.7827101Z   Downloading pluggy-1.6.0-py3-none-any.whl.metadata (4.8 kB)
2025-11-07T06:54:02.7867873Z Requirement already satisfied: pygments>=2.7.2 in /opt/hostedtoolcache/Python/3.11.14/x64/lib/python3.11/site-packages (from pytest>=7.0.0->-r requirements-dev.txt (line 2)) (2.19.2)
2025-11-07T06:54:03.1225776Z Collecting coverage>=7.10.6 (from coverage[toml]>=7.10.6->pytest-cov>=4.0.0->-r requirements-dev.txt (line 3))
2025-11-07T06:54:03.1268342Z   Downloading coverage-7.11.0-cp311-cp311-manylinux1_x86_64.manylinux_2_28_x86_64.manylinux_2_5_x86_64.whl.metadata (9.0 kB)
2025-11-07T06:54:03.1431889Z Requirement already satisfied: typing-extensions>=4.12 in /opt/hostedtoolcache/Python/3.11.14/x64/lib/python3.11/site-packages (from pytest-asyncio>=0.21.0->-r requirements-dev.txt (line 4)) (4.15.0)
2025-11-07T06:54:03.1514800Z Collecting mccabe<0.8.0,>=0.7.0 (from flake8>=6.0.0->-r requirements-dev.txt (line 5))
2025-11-07T06:54:03.1549396Z   Downloading mccabe-0.7.0-py2.py3-none-any.whl.metadata (5.0 kB)
2025-11-07T06:54:03.1664763Z Collecting pycodestyle<2.15.0,>=2.14.0 (from flake8>=6.0.0->-r requirements-dev.txt (line 5))
2025-11-07T06:54:03.1700814Z   Downloading pycodestyle-2.14.0-py2.py3-none-any.whl.metadata (4.5 kB)
2025-11-07T06:54:03.1830032Z Collecting pyflakes<3.5.0,>=3.4.0 (from flake8>=6.0.0->-r requirements-dev.txt (line 5))
2025-11-07T06:54:03.1868531Z   Downloading pyflakes-3.4.0-py2.py3-none-any.whl.metadata (3.5 kB)
2025-11-07T06:54:03.2218420Z Collecting astroid<=4.1.dev0,>=4.0.1 (from pylint>=2.17.0->-r requirements-dev.txt (line 6))
2025-11-07T06:54:03.2258408Z   Downloading astroid-4.0.1-py3-none-any.whl.metadata (4.4 kB)
2025-11-07T06:54:03.2400445Z Collecting dill>=0.3.6 (from pylint>=2.17.0->-r requirements-dev.txt (line 6))
2025-11-07T06:54:03.2435924Z   Downloading dill-0.4.0-py3-none-any.whl.metadata (10 kB)
2025-11-07T06:54:03.2619862Z Requirement already satisfied: platformdirs>=2.2 in /opt/hostedtoolcache/Python/3.11.14/x64/lib/python3.11/site-packages (from pylint>=2.17.0->-r requirements-dev.txt (line 6)) (4.5.0)
2025-11-07T06:54:03.2624374Z Requirement already satisfied: tomlkit>=0.10.1 in /opt/hostedtoolcache/Python/3.11.14/x64/lib/python3.11/site-packages (from pylint>=2.17.0->-r requirements-dev.txt (line 6)) (0.13.3)
2025-11-07T06:54:03.2648740Z Requirement already satisfied: mypy_extensions>=1.0.0 in /opt/hostedtoolcache/Python/3.11.14/x64/lib/python3.11/site-packages (from mypy>=1.0.0->-r requirements-dev.txt (line 7)) (1.1.0)
2025-11-07T06:54:03.2746499Z Collecting pathspec>=0.9.0 (from mypy>=1.0.0->-r requirements-dev.txt (line 7))
2025-11-07T06:54:03.2783541Z   Downloading pathspec-0.12.1-py3-none-any.whl.metadata (21 kB)
2025-11-07T06:54:03.2839225Z Requirement already satisfied: click>=8.0.0 in /opt/hostedtoolcache/Python/3.11.14/x64/lib/python3.11/site-packages (from black>=23.0.0->-r requirements-dev.txt (line 8)) (8.3.0)
2025-11-07T06:54:03.2923500Z Collecting pytokens>=0.1.10 (from black>=23.0.0->-r requirements-dev.txt (line 8))
2025-11-07T06:54:03.2960766Z   Downloading pytokens-0.3.0-py3-none-any.whl.metadata (2.0 kB)
2025-11-07T06:54:03.3105921Z Collecting cfgv>=2.0.0 (from pre-commit>=3.0.0->-r requirements-dev.txt (line 10))
2025-11-07T06:54:03.3141895Z   Downloading cfgv-3.4.0-py2.py3-none-any.whl.metadata (8.5 kB)
2025-11-07T06:54:03.3587045Z Collecting identify>=1.0.0 (from pre-commit>=3.0.0->-r requirements-dev.txt (line 10))
2025-11-07T06:54:03.3625957Z   Downloading identify-2.6.15-py2.py3-none-any.whl.metadata (4.4 kB)
2025-11-07T06:54:03.3785976Z Collecting nodeenv>=0.11.1 (from pre-commit>=3.0.0->-r requirements-dev.txt (line 10))
2025-11-07T06:54:03.3822441Z   Downloading nodeenv-1.9.1-py2.py3-none-any.whl.metadata (21 kB)
2025-11-07T06:54:03.3872914Z Requirement already satisfied: pyyaml>=5.1 in /opt/hostedtoolcache/Python/3.11.14/x64/lib/python3.11/site-packages (from pre-commit>=3.0.0->-r requirements-dev.txt (line 10)) (6.0.3)
2025-11-07T06:54:03.4266183Z Collecting virtualenv>=20.10.0 (from pre-commit>=3.0.0->-r requirements-dev.txt (line 10))
2025-11-07T06:54:03.4329662Z   Downloading virtualenv-20.35.4-py3-none-any.whl.metadata (4.6 kB)
2025-11-07T06:54:03.4632432Z Collecting distlib<1,>=0.3.7 (from virtualenv>=20.10.0->pre-commit>=3.0.0->-r requirements-dev.txt (line 10))
2025-11-07T06:54:03.4667386Z   Downloading distlib-0.4.0-py2.py3-none-any.whl.metadata (5.2 kB)
2025-11-07T06:54:03.4701534Z Requirement already satisfied: filelock<4,>=3.12.2 in /opt/hostedtoolcache/Python/3.11.14/x64/lib/python3.11/site-packages (from virtualenv>=20.10.0->pre-commit>=3.0.0->-r requirements-dev.txt (line 10)) (3.20.0)
2025-11-07T06:54:03.4758325Z Downloading pytest-8.4.2-py3-none-any.whl (365 kB)
2025-11-07T06:54:03.4864849Z Downloading pluggy-1.6.0-py3-none-any.whl (20 kB)
2025-11-07T06:54:03.4915607Z Downloading pytest_cov-7.0.0-py3-none-any.whl (22 kB)
2025-11-07T06:54:03.4967025Z Downloading pytest_asyncio-1.2.0-py3-none-any.whl (15 kB)
2025-11-07T06:54:03.5019305Z Downloading flake8-7.3.0-py2.py3-none-any.whl (57 kB)
2025-11-07T06:54:03.5074341Z Downloading mccabe-0.7.0-py2.py3-none-any.whl (7.3 kB)
2025-11-07T06:54:03.5132373Z Downloading pycodestyle-2.14.0-py2.py3-none-any.whl (31 kB)
2025-11-07T06:54:03.5182313Z Downloading pyflakes-3.4.0-py2.py3-none-any.whl (63 kB)
2025-11-07T06:54:03.5236717Z Downloading pylint-4.0.2-py3-none-any.whl (536 kB)
2025-11-07T06:54:03.5310696Z    ━━━━━━━━━━━━━━━━━━━━━━━━━━━━━━━━━━━━━━━━ 536.0/536.0 kB 65.3 MB/s  0:00:00
2025-11-07T06:54:03.5345244Z Downloading isort-7.0.0-py3-none-any.whl (94 kB)
2025-11-07T06:54:03.5405840Z Downloading astroid-4.0.1-py3-none-any.whl (276 kB)
2025-11-07T06:54:03.5468740Z Downloading mypy-1.18.2-cp311-cp311-manylinux2014_x86_64.manylinux_2_17_x86_64.manylinux_2_28_x86_64.whl (13.2 MB)
2025-11-07T06:54:03.6233849Z    ━━━━━━━━━━━━━━━━━━━━━━━━━━━━━━━━━━━━━━━━ 13.2/13.2 MB 175.5 MB/s  0:00:00
2025-11-07T06:54:03.6273407Z Downloading black-25.9.0-cp311-cp311-manylinux_2_17_x86_64.manylinux2014_x86_64.manylinux_2_28_x86_64.whl (1.6 MB)
2025-11-07T06:54:03.6371837Z    ━━━━━━━━━━━━━━━━━━━━━━━━━━━━━━━━━━━━━━━━ 1.6/1.6 MB 183.1 MB/s  0:00:00
2025-11-07T06:54:03.6410666Z Downloading pre_commit-4.3.0-py2.py3-none-any.whl (220 kB)
2025-11-07T06:54:03.6468445Z Downloading cfgv-3.4.0-py2.py3-none-any.whl (7.2 kB)
2025-11-07T06:54:03.6521904Z Downloading coverage-7.11.0-cp311-cp311-manylinux1_x86_64.manylinux_2_28_x86_64.manylinux_2_5_x86_64.whl (248 kB)
2025-11-07T06:54:03.6579581Z Downloading dill-0.4.0-py3-none-any.whl (119 kB)
2025-11-07T06:54:03.6634152Z Downloading identify-2.6.15-py2.py3-none-any.whl (99 kB)
2025-11-07T06:54:03.6686761Z Downloading iniconfig-2.3.0-py3-none-any.whl (7.5 kB)
2025-11-07T06:54:03.6737254Z Downloading nodeenv-1.9.1-py2.py3-none-any.whl (22 kB)
2025-11-07T06:54:03.6798577Z Downloading pathspec-0.12.1-py3-none-any.whl (31 kB)
2025-11-07T06:54:03.6911978Z Downloading pytokens-0.3.0-py3-none-any.whl (12 kB)
2025-11-07T06:54:03.6969651Z Downloading virtualenv-20.35.4-py3-none-any.whl (6.0 MB)
2025-11-07T06:54:03.7224074Z    ━━━━━━━━━━━━━━━━━━━━━━━━━━━━━━━━━━━━━━━━ 6.0/6.0 MB 255.5 MB/s  0:00:00
2025-11-07T06:54:03.7261354Z Downloading distlib-0.4.0-py2.py3-none-any.whl (469 kB)
2025-11-07T06:54:03.9130350Z Installing collected packages: distlib, virtualenv, pytokens, pyflakes, pycodestyle, pluggy, pathspec, nodeenv, mccabe, isort, iniconfig, identify, dill, coverage, cfgv, astroid, pytest, pylint, pre-commit, mypy, flake8, black, pytest-cov, pytest-asyncio
2025-11-07T06:54:06.7560556Z 
2025-11-07T06:54:06.7607576Z Successfully installed astroid-4.0.1 black-25.9.0 cfgv-3.4.0 coverage-7.11.0 dill-0.4.0 distlib-0.4.0 flake8-7.3.0 identify-2.6.15 iniconfig-2.3.0 isort-7.0.0 mccabe-0.7.0 mypy-1.18.2 nodeenv-1.9.1 pathspec-0.12.1 pluggy-1.6.0 pre-commit-4.3.0 pycodestyle-2.14.0 pyflakes-3.4.0 pylint-4.0.2 pytest-8.4.2 pytest-asyncio-1.2.0 pytest-cov-7.0.0 pytokens-0.3.0 virtualenv-20.35.4
2025-11-07T06:54:06.9263603Z ##[group]Run set -euo pipefail
2025-11-07T06:54:06.9263896Z [36;1mset -euo pipefail[0m
2025-11-07T06:54:06.9264254Z [36;1meval "flake8 . --count --select=E9,F63,F7,F82 --show-source --statistics && \[0m
2025-11-07T06:54:06.9264662Z [36;1mflake8 . --count --statistics && \[0m
2025-11-07T06:54:06.9264920Z [36;1mblack --check --diff . && \[0m
2025-11-07T06:54:06.9265172Z [36;1misort --check-only --diff . && \[0m
2025-11-07T06:54:06.9265432Z [36;1mpylint src/ --fail-under=7.0 && \[0m
2025-11-07T06:54:06.9265772Z [36;1mpytest --cov=src --cov-report=xml --cov-report=term-missing -v[0m
2025-11-07T06:54:06.9266101Z [36;1m"[0m
2025-11-07T06:54:06.9300254Z shell: /usr/bin/bash --noprofile --norc -e -o pipefail {0}
2025-11-07T06:54:06.9300573Z env:
2025-11-07T06:54:06.9300821Z   pythonLocation: /opt/hostedtoolcache/Python/3.11.14/x64
2025-11-07T06:54:06.9301224Z   PKG_CONFIG_PATH: /opt/hostedtoolcache/Python/3.11.14/x64/lib/pkgconfig
2025-11-07T06:54:06.9301816Z   Python_ROOT_DIR: /opt/hostedtoolcache/Python/3.11.14/x64
2025-11-07T06:54:06.9302156Z   Python2_ROOT_DIR: /opt/hostedtoolcache/Python/3.11.14/x64
2025-11-07T06:54:06.9302495Z   Python3_ROOT_DIR: /opt/hostedtoolcache/Python/3.11.14/x64
2025-11-07T06:54:06.9302969Z   LD_LIBRARY_PATH: /opt/hostedtoolcache/Python/3.11.14/x64/lib
2025-11-07T06:54:06.9303262Z ##[endgroup]
2025-11-07T06:54:07.7011164Z 0
2025-11-07T06:54:08.1932519Z 0
2025-11-07T06:54:09.2057582Z All done! ✨ 🍰 ✨
2025-11-07T06:54:09.2058016Z 32 files would be left unchanged.
2025-11-07T06:54:09.4046614Z Skipped 1 files
2025-11-07T06:54:09.6801097Z ************* Module /home/runner/work/financial-asset-relationship-db/financial-asset-relationship-db/pyproject.toml
2025-11-07T06:54:09.6801970Z pyproject.toml:1:0: E0015: Unrecognized option found: suggestion-mode (unrecognized-option)
2025-11-07T06:54:12.1773070Z ************* Module models.financial_models
2025-11-07T06:54:12.1774143Z src/models/financial_models.py:111:0: C0325: Unnecessary parens after 'not' keyword (superfluous-parens)
2025-11-07T06:54:12.1774997Z ************* Module logic.asset_graph
2025-11-07T06:54:12.1775646Z src/logic/asset_graph.py:109:0: C0301: Line too long (123/120) (line-too-long)
2025-11-07T06:54:12.1776615Z src/logic/asset_graph.py:5:0: E0401: Unable to import 'src.models.financial_models' (import-error)
2025-11-07T06:54:12.1777743Z src/logic/asset_graph.py:33:4: R0917: Too many positional arguments (6/5) (too-many-positional-arguments)
2025-11-07T06:54:12.1779130Z src/logic/asset_graph.py:91:46: W1114: Positional arguments appear to be out of order (arguments-out-of-order)
2025-11-07T06:54:12.1780218Z src/logic/asset_graph.py:231:27: W0612: Unused variable 'rel_type' (unused-variable)
2025-11-07T06:54:12.1781112Z src/logic/asset_graph.py:231:37: W0612: Unused variable 'strength' (unused-variable)
2025-11-07T06:54:12.1781804Z ************* Module reports.schema_report
2025-11-07T06:54:12.1782501Z src/reports/schema_report.py:89:0: C0301: Line too long (140/120) (line-too-long)
2025-11-07T06:54:12.1783412Z src/reports/schema_report.py:1:0: E0401: Unable to import 'src.logic.asset_graph' (import-error)
2025-11-07T06:54:12.1784125Z ************* Module visualizations.graph_2d_visuals
2025-11-07T06:54:12.1784928Z src/visualizations/graph_2d_visuals.py:11:0: E0401: Unable to import 'src.logic.asset_graph' (import-error)
2025-11-07T06:54:12.1786163Z src/visualizations/graph_2d_visuals.py:14:0: R0917: Too many positional arguments (10/5) (too-many-positional-arguments)
2025-11-07T06:54:12.1787331Z src/visualizations/graph_2d_visuals.py:14:0: R0914: Too many local variables (24/20) (too-many-locals)
2025-11-07T06:54:12.1788743Z src/visualizations/graph_2d_visuals.py:93:19: R1735: Consider using '{"size": node_sizes, "color": colors, "line": dict(width=2, color='black'), ... }' instead of a call to 'dict'. (use-dict-literal)
2025-11-07T06:54:12.1790593Z src/visualizations/graph_2d_visuals.py:93:60: R1735: Consider using '{"width": 2, "color": 'black'}' instead of a call to 'dict'. (use-dict-literal)
2025-11-07T06:54:12.1792082Z src/visualizations/graph_2d_visuals.py:96:21: R1735: Consider using '{"size": 10, "color": 'white'}' instead of a call to 'dict'. (use-dict-literal)
2025-11-07T06:54:12.1794419Z src/visualizations/graph_2d_visuals.py:106:14: R1735: Consider using '{"text": '📈 2D Asset Relationship Network', "x": 0.5, "font": dict(size=20, color='#2C3E50'), ... }' instead of a call to 'dict'. (use-dict-literal)
2025-11-07T06:54:12.1796209Z src/visualizations/graph_2d_visuals.py:106:74: R1735: Consider using '{"size": 20, "color": '#2C3E50'}' instead of a call to 'dict'. (use-dict-literal)
2025-11-07T06:54:12.1797697Z src/visualizations/graph_2d_visuals.py:109:15: R1735: Consider using '{"b": 40, "l": 40, "r": 40, "t": 80}' instead of a call to 'dict'. (use-dict-literal)
2025-11-07T06:54:12.1840339Z src/visualizations/graph_2d_visuals.py:111:12: R1735: Consider using '{"text": f'Network Layout: {layout_type.title()} | Assets: {len(asset_ids)} | Relationships: {sum((len(rels) for rels in graph.relationships.values()))}', ... }' instead of a call to 'dict'. (use-dict-literal)
2025-11-07T06:54:12.1843426Z src/visualizations/graph_2d_visuals.py:121:21: R1735: Consider using '{"size": 12, "color": '#7F8C8D'}' instead of a call to 'dict'. (use-dict-literal)
2025-11-07T06:54:12.1845257Z src/visualizations/graph_2d_visuals.py:124:14: R1735: Consider using '{"showgrid": False, "zeroline": False, "showticklabels": False, "title": '', ... }' instead of a call to 'dict'. (use-dict-literal)
2025-11-07T06:54:12.1847335Z src/visualizations/graph_2d_visuals.py:125:14: R1735: Consider using '{"showgrid": False, "zeroline": False, "showticklabels": False, "title": '', ... }' instead of a call to 'dict'. (use-dict-literal)
2025-11-07T06:54:12.1849399Z src/visualizations/graph_2d_visuals.py:128:13: R1735: Consider using '{"family": 'Arial, sans-serif', "size": 12}' instead of a call to 'dict'. (use-dict-literal)
2025-11-07T06:54:12.1851226Z src/visualizations/graph_2d_visuals.py:129:15: R1735: Consider using '{"orientation": 'h', "yanchor": 'bottom', "y": 1.02, "xanchor": 'right', ... }' instead of a call to 'dict'. (use-dict-literal)
2025-11-07T06:54:12.1852898Z src/visualizations/graph_2d_visuals.py:129:90: R1735: Consider using '{"size": 10}' instead of a call to 'dict'. (use-dict-literal)
2025-11-07T06:54:12.1854118Z src/visualizations/graph_2d_visuals.py:172:18: W0612: Unused variable 'z3d' (unused-variable)
2025-11-07T06:54:12.1855362Z src/visualizations/graph_2d_visuals.py:179:0: R0917: Too many positional arguments (11/5) (too-many-positional-arguments)
2025-11-07T06:54:12.1856628Z src/visualizations/graph_2d_visuals.py:179:0: R0914: Too many local variables (34/20) (too-many-locals)
2025-11-07T06:54:12.1858101Z src/visualizations/graph_2d_visuals.py:266:21: R1735: Consider using '{"color": color, "width": line_width, "dash": line_dash}' instead of a call to 'dict'. (use-dict-literal)
2025-11-07T06:54:12.1859782Z src/visualizations/graph_2d_visuals.py:182:4: W0613: Unused argument 'asset_ids' (unused-argument)
2025-11-07T06:54:12.1860627Z ************* Module visualizations.formulaic_visuals
2025-11-07T06:54:12.1861593Z src/visualizations/formulaic_visuals.py:7:0: E0401: Unable to import 'src.analysis.formulaic_analysis' (import-error)
2025-11-07T06:54:12.1862839Z src/visualizations/formulaic_visuals.py:25:4: R0914: Too many local variables (29/20) (too-many-locals)
2025-11-07T06:54:12.1864487Z src/visualizations/formulaic_visuals.py:59:27: R1735: Consider using '{"colors": [self.color_scheme.get(cat, '#CCCCCC') for cat in categories.keys()], ... }' instead of a call to 'dict'. (use-dict-literal)
2025-11-07T06:54:12.1866311Z src/visualizations/formulaic_visuals.py:77:27: R1735: Consider using '{"color": colors}' instead of a call to 'dict'. (use-dict-literal)
2025-11-07T06:54:12.1867855Z src/visualizations/formulaic_visuals.py:125:29: R1735: Consider using '{"title": 'Correlation'}' instead of a call to 'dict'. (use-dict-literal)
2025-11-07T06:54:12.1899917Z src/visualizations/formulaic_visuals.py:142:27: R1735: Consider using '{"color": 'lightblue'}' instead of a call to 'dict'. (use-dict-literal)
2025-11-07T06:54:12.1901664Z src/visualizations/formulaic_visuals.py:158:55: R1735: Consider using '{"color": 'lightgreen'}' instead of a call to 'dict'. (use-dict-literal)
2025-11-07T06:54:12.1903464Z src/visualizations/formulaic_visuals.py:177:27: R1735: Consider using '{"values": list(table_data.keys()), "fill_color": 'paleturquoise'}' instead of a call to 'dict'. (use-dict-literal)
2025-11-07T06:54:12.1905262Z src/visualizations/formulaic_visuals.py:178:103: R1735: Consider using '{"size": 10}' instead of a call to 'dict'. (use-dict-literal)
2025-11-07T06:54:12.1907079Z src/visualizations/formulaic_visuals.py:180:26: R1735: Consider using '{"values": list(table_data.values()), "fill_color": 'lavender', "align": 'left', ... }' instead of a call to 'dict'. (use-dict-literal)
2025-11-07T06:54:12.1908889Z src/visualizations/formulaic_visuals.py:184:29: R1735: Consider using '{"size": 9}' instead of a call to 'dict'. (use-dict-literal)
2025-11-07T06:54:12.1912312Z src/visualizations/formulaic_visuals.py:194:18: R1735: Consider using '{"text": '📊 Financial Formulaic Analysis Dashboard', "x": 0.5, "font": dict(size=20, color='#2C3E50'), ... }' instead of a call to 'dict'. (use-dict-literal)
2025-11-07T06:54:12.1914308Z src/visualizations/formulaic_visuals.py:194:87: R1735: Consider using '{"size": 20, "color": '#2C3E50'}' instead of a call to 'dict'. (use-dict-literal)
2025-11-07T06:54:12.1915975Z src/visualizations/formulaic_visuals.py:199:17: R1735: Consider using '{"family": 'Arial, sans-serif', "size": 10}' instead of a call to 'dict'. (use-dict-literal)
2025-11-07T06:54:12.1917685Z src/visualizations/formulaic_visuals.py:231:17: R1735: Consider using '{"size": 12, "family": 'Arial, sans-serif'}' instead of a call to 'dict'. (use-dict-literal)
2025-11-07T06:54:12.1919498Z src/visualizations/formulaic_visuals.py:240:18: R1735: Consider using '{"visible": False}' instead of a call to 'dict'. (use-dict-literal)
2025-11-07T06:54:12.1921016Z src/visualizations/formulaic_visuals.py:241:18: R1735: Consider using '{"visible": False}' instead of a call to 'dict'. (use-dict-literal)
2025-11-07T06:54:12.1922536Z src/visualizations/formulaic_visuals.py:245:19: R1735: Consider using '{"l": 50, "r": 50, "t": 80, "b": 50}' instead of a call to 'dict'. (use-dict-literal)
2025-11-07T06:54:12.1923846Z src/visualizations/formulaic_visuals.py:250:4: R0914: Too many local variables (21/20) (too-many-locals)
2025-11-07T06:54:12.1925129Z src/visualizations/formulaic_visuals.py:263:21: R1735: Consider using '{"size": 16}' instead of a call to 'dict'. (use-dict-literal)
2025-11-07T06:54:12.1926647Z src/visualizations/formulaic_visuals.py:303:25: R1735: Consider using '{"color": color, "width": width}' instead of a call to 'dict'. (use-dict-literal)
2025-11-07T06:54:12.1928458Z src/visualizations/formulaic_visuals.py:319:19: R1735: Consider using '{"size": 30, "color": 'lightblue', "line": dict(width=2, color='darkblue'), ... }' instead of a call to 'dict'. (use-dict-literal)
2025-11-07T06:54:12.1960783Z src/visualizations/formulaic_visuals.py:319:57: R1735: Consider using '{"width": 2, "color": 'darkblue'}' instead of a call to 'dict'. (use-dict-literal)
2025-11-07T06:54:12.1962427Z src/visualizations/formulaic_visuals.py:332:19: R1735: Consider using '{"b": 20, "l": 5, "r": 5, "t": 40}' instead of a call to 'dict'. (use-dict-literal)
2025-11-07T06:54:12.6491951Z src/visualizations/formulaic_visuals.py:334:16: R1735: Consider using '{"text": 'Node size represents asset importance<br>Line thickness represents correlation strength', ... }' instead of a call to 'dict'. (use-dict-literal)
2025-11-07T06:54:12.6494047Z src/visualizations/formulaic_visuals.py:342:25: R1735: Consider using '{"size": 10}' instead of a call to 'dict'. (use-dict-literal)
2025-11-07T06:54:12.6495767Z src/visualizations/formulaic_visuals.py:345:18: R1735: Consider using '{"showgrid": False, "zeroline": False, "showticklabels": False}' instead of a call to 'dict'. (use-dict-literal)
2025-11-07T06:54:12.6497740Z src/visualizations/formulaic_visuals.py:346:18: R1735: Consider using '{"showgrid": False, "zeroline": False, "showticklabels": False}' instead of a call to 'dict'. (use-dict-literal)
2025-11-07T06:54:12.6499777Z src/visualizations/formulaic_visuals.py:383:23: R1735: Consider using '{"color": 'lightcoral'}' instead of a call to 'dict'. (use-dict-literal)
2025-11-07T06:54:12.6501343Z src/visualizations/formulaic_visuals.py:395:23: R1735: Consider using '{"color": 'lightblue'}' instead of a call to 'dict'. (use-dict-literal)
2025-11-07T06:54:12.6502846Z src/visualizations/formulaic_visuals.py:403:18: R1735: Consider using '{"title": 'Category'}' instead of a call to 'dict'. (use-dict-literal)
2025-11-07T06:54:12.6504455Z src/visualizations/formulaic_visuals.py:404:18: R1735: Consider using '{"title": 'Average R-squared', "side": 'left'}' instead of a call to 'dict'. (use-dict-literal)
2025-11-07T06:54:12.6506748Z src/visualizations/formulaic_visuals.py:405:19: R1735: Consider using '{"title": 'Number of Formulas', "side": 'right', "overlaying": 'y', ... }' instead of a call to 'dict'. (use-dict-literal)
2025-11-07T06:54:12.6508625Z src/visualizations/formulaic_visuals.py:409:19: R1735: Consider using '{"x": 0.7, "y": 1}' instead of a call to 'dict'. (use-dict-literal)
2025-11-07T06:54:12.6509803Z ************* Module visualizations.metric_visuals
2025-11-07T06:54:12.6510644Z src/visualizations/metric_visuals.py:6:0: E0401: Unable to import 'src.logic.asset_graph' (import-error)
2025-11-07T06:54:12.6511486Z ************* Module visualizations.graph_visuals
2025-11-07T06:54:12.6512235Z src/visualizations/graph_visuals.py:167:0: C0301: Line too long (137/120) (line-too-long)
2025-11-07T06:54:12.6513205Z src/visualizations/graph_visuals.py:456:0: C0301: Line too long (137/120) (line-too-long)
2025-11-07T06:54:12.6514289Z src/visualizations/graph_visuals.py:6:0: E0401: Unable to import 'src.logic.asset_graph' (import-error)
2025-11-07T06:54:12.6515897Z src/visualizations/graph_visuals.py:34:19: R1735: Consider using '{"size": 15, "color": colors, "opacity": 0.9, "line": dict(color='rgba(0,0,0,0.8)', width=2), ... }' instead of a call to 'dict'. (use-dict-literal)
2025-11-07T06:54:12.6517692Z src/visualizations/graph_visuals.py:38:21: R1735: Consider using '{"color": 'rgba(0,0,0,0.8)', "width": 2}' instead of a call to 'dict'. (use-dict-literal)
2025-11-07T06:54:12.6519380Z src/visualizations/graph_visuals.py:45:21: R1735: Consider using '{"size": 12, "color": 'black'}' instead of a call to 'dict'. (use-dict-literal)
2025-11-07T06:54:12.6521158Z src/visualizations/graph_visuals.py:58:14: R1735: Consider using '{"xaxis": dict(title='Dimension 1', showgrid=True, gridcolor='rgba(200, 200, 200, 0.3)'), ... }' instead of a call to 'dict'. (use-dict-literal)
2025-11-07T06:54:12.6523156Z src/visualizations/graph_visuals.py:59:18: R1735: Consider using '{"title": 'Dimension 1', "showgrid": True, "gridcolor": 'rgba(200, 200, 200, 0.3)', ... }' instead of a call to 'dict'. (use-dict-literal)
2025-11-07T06:54:12.6525075Z src/visualizations/graph_visuals.py:60:18: R1735: Consider using '{"title": 'Dimension 2', "showgrid": True, "gridcolor": 'rgba(200, 200, 200, 0.3)', ... }' instead of a call to 'dict'. (use-dict-literal)
2025-11-07T06:54:12.6526996Z src/visualizations/graph_visuals.py:61:18: R1735: Consider using '{"title": 'Dimension 3', "showgrid": True, "gridcolor": 'rgba(200, 200, 200, 0.3)', ... }' instead of a call to 'dict'. (use-dict-literal)
2025-11-07T06:54:12.6528678Z src/visualizations/graph_visuals.py:63:19: R1735: Consider using '{"eye": dict(x=1.5, y=1.5, z=1.5)}' instead of a call to 'dict'. (use-dict-literal)
2025-11-07T06:54:12.6530254Z src/visualizations/graph_visuals.py:63:28: R1735: Consider using '{"x": 1.5, "y": 1.5, "z": 1.5}' instead of a call to 'dict'. (use-dict-literal)
2025-11-07T06:54:12.6531861Z src/visualizations/graph_visuals.py:69:15: R1735: Consider using '{"x": 0.02, "y": 0.98, "bgcolor": 'rgba(255, 255, 255, 0.8)', "bordercolor": 'rgba(0, 0, 0, 0.3)', ... }' instead of a call to 'dict'. (use-dict-literal)
2025-11-07T06:54:12.6533357Z src/visualizations/graph_visuals.py:77:0: R0914: Too many local variables (35/20) (too-many-locals)
2025-11-07T06:54:12.6534791Z src/visualizations/graph_visuals.py:186:21: R1735: Consider using '{"color": color, "width": line_width, "dash": line_dash}' instead of a call to 'dict'. (use-dict-literal)
2025-11-07T06:54:12.6536161Z src/visualizations/graph_visuals.py:77:0: R0912: Too many branches (17/15) (too-many-branches)
2025-11-07T06:54:12.6537249Z src/visualizations/graph_visuals.py:102:54: W0612: Unused variable 'reverse_strength' (unused-variable)
2025-11-07T06:54:12.6538354Z src/visualizations/graph_visuals.py:198:0: R0914: Too many local variables (21/20) (too-many-locals)
2025-11-07T06:54:12.6540157Z src/visualizations/graph_visuals.py:248:19: R1735: Consider using '{"symbol": 'diamond', "size": 8, "color": 'rgba(255, 0, 0, 0.8)', "line": dict(color='red', width=1), ... }' instead of a call to 'dict'. (use-dict-literal)
2025-11-07T06:54:12.6542398Z src/visualizations/graph_visuals.py:252:21: R1735: Consider using '{"color": 'red', "width": 1}' instead of a call to 'dict'. (use-dict-literal)
2025-11-07T06:54:12.6543876Z src/visualizations/graph_visuals.py:209:33: W0612: Unused variable 'strength' (unused-variable)
2025-11-07T06:54:12.6545016Z src/visualizations/graph_visuals.py:216:54: W0612: Unused variable 'reverse_strength' (unused-variable)
2025-11-07T06:54:12.6546324Z src/visualizations/graph_visuals.py:264:0: R0917: Too many positional arguments (10/5) (too-many-positional-arguments)
2025-11-07T06:54:12.6548017Z src/visualizations/graph_visuals.py:317:19: R1735: Consider using '{"size": 15, "color": colors, "opacity": 0.9, "line": dict(color='rgba(0,0,0,0.8)', width=2), ... }' instead of a call to 'dict'. (use-dict-literal)
2025-11-07T06:54:12.6549911Z src/visualizations/graph_visuals.py:318:57: R1735: Consider using '{"color": 'rgba(0,0,0,0.8)', "width": 2}' instead of a call to 'dict'. (use-dict-literal)
2025-11-07T06:54:12.6551421Z src/visualizations/graph_visuals.py:324:21: R1735: Consider using '{"size": 12, "color": 'black'}' instead of a call to 'dict'. (use-dict-literal)
2025-11-07T06:54:12.6553224Z src/visualizations/graph_visuals.py:340:14: R1735: Consider using '{"xaxis": dict(title='Dimension 1', showgrid=True, gridcolor='rgba(200, 200, 200, 0.3)'), ... }' instead of a call to 'dict'. (use-dict-literal)
2025-11-07T06:54:12.6555260Z src/visualizations/graph_visuals.py:341:18: R1735: Consider using '{"title": 'Dimension 1', "showgrid": True, "gridcolor": 'rgba(200, 200, 200, 0.3)', ... }' instead of a call to 'dict'. (use-dict-literal)
2025-11-07T06:54:12.6557230Z src/visualizations/graph_visuals.py:342:18: R1735: Consider using '{"title": 'Dimension 2', "showgrid": True, "gridcolor": 'rgba(200, 200, 200, 0.3)', ... }' instead of a call to 'dict'. (use-dict-literal)
2025-11-07T06:54:12.6559394Z src/visualizations/graph_visuals.py:343:18: R1735: Consider using '{"title": 'Dimension 3', "showgrid": True, "gridcolor": 'rgba(200, 200, 200, 0.3)', ... }' instead of a call to 'dict'. (use-dict-literal)
2025-11-07T06:54:12.6561151Z src/visualizations/graph_visuals.py:345:19: R1735: Consider using '{"eye": dict(x=1.5, y=1.5, z=1.5)}' instead of a call to 'dict'. (use-dict-literal)
2025-11-07T06:54:12.6562577Z src/visualizations/graph_visuals.py:345:28: R1735: Consider using '{"x": 1.5, "y": 1.5, "z": 1.5}' instead of a call to 'dict'. (use-dict-literal)
2025-11-07T06:54:12.6564237Z src/visualizations/graph_visuals.py:351:15: R1735: Consider using '{"x": 0.02, "y": 0.98, "bgcolor": 'rgba(255, 255, 255, 0.8)', "bordercolor": 'rgba(0, 0, 0, 0.3)', ... }' instead of a call to 'dict'. (use-dict-literal)
2025-11-07T06:54:12.6565743Z src/visualizations/graph_visuals.py:359:0: R0914: Too many local variables (36/20) (too-many-locals)
2025-11-07T06:54:12.6567152Z src/visualizations/graph_visuals.py:475:21: R1735: Consider using '{"color": color, "width": line_width, "dash": line_dash}' instead of a call to 'dict'. (use-dict-literal)
2025-11-07T06:54:12.6568586Z src/visualizations/graph_visuals.py:359:0: R0912: Too many branches (19/15) (too-many-branches)
2025-11-07T06:54:12.6569857Z src/visualizations/graph_visuals.py:359:0: R0915: Too many statements (53/50) (too-many-statements)
2025-11-07T06:54:12.6571009Z src/visualizations/graph_visuals.py:392:54: W0612: Unused variable 'reverse_strength' (unused-variable)
2025-11-07T06:54:12.6571823Z ************* Module data.database
2025-11-07T06:54:12.6572569Z src/data/database.py:51:15: W0718: Catching too general exception Exception (broad-exception-caught)
2025-11-07T06:54:12.6573891Z src/data/database.py:32:12: C0415: Import outside toplevel (supabase.Client, supabase.create_client) (import-outside-toplevel)
2025-11-07T06:54:12.6574993Z src/data/database.py:51:8: W0612: Unused variable 'e' (unused-variable)
2025-11-07T06:54:12.6575912Z src/data/database.py:74:15: W0718: Catching too general exception Exception (broad-exception-caught)
2025-11-07T06:54:12.6577287Z src/data/database.py:58:12: C0415: Import outside toplevel (psycopg2) (import-outside-toplevel)
2025-11-07T06:54:12.6578384Z src/data/database.py:111:15: W0718: Catching too general exception Exception (broad-exception-caught)
2025-11-07T06:54:16.8247406Z src/data/database.py:95:12: R1705: Unnecessary "elif" after "return", remove the leading "el" from "elif" (no-else-return)
2025-11-07T06:54:16.8249412Z src/data/database.py:112:12: W1203: Use lazy % formatting in logging functions (logging-fstring-interpolation)
2025-11-07T06:54:16.8251562Z src/data/database.py:88:4: R1710: Either all return statements in a function should return an expression, or none of them should. (inconsistent-return-statements)
2025-11-07T06:54:16.8252694Z ************* Module data.sample_data
2025-11-07T06:54:16.8253387Z src/data/sample_data.py:3:0: E0401: Unable to import 'src.logic.asset_graph' (import-error)
2025-11-07T06:54:16.8254402Z src/data/sample_data.py:4:0: E0401: Unable to import 'src.models.financial_models' (import-error)
2025-11-07T06:54:16.8255310Z src/data/sample_data.py:17:0: R0914: Too many local variables (29/20) (too-many-locals)
2025-11-07T06:54:16.8256103Z src/data/sample_data.py:346:8: W1203: Use lazy % formatting in logging functions (logging-fstring-interpolation)
2025-11-07T06:54:16.8256914Z src/data/sample_data.py:349:8: W1203: Use lazy % formatting in logging functions (logging-fstring-interpolation)
2025-11-07T06:54:16.8257693Z src/data/sample_data.py:358:8: W1203: Use lazy % formatting in logging functions (logging-fstring-interpolation)
2025-11-07T06:54:16.8258236Z ************* Module data.real_data_fetcher
2025-11-07T06:54:16.8258673Z src/data/real_data_fetcher.py:52:0: C0301: Line too long (148/120) (line-too-long)
2025-11-07T06:54:16.8259536Z src/data/real_data_fetcher.py:6:0: E0401: Unable to import 'src.logic.asset_graph' (import-error)
2025-11-07T06:54:16.8260239Z src/data/real_data_fetcher.py:7:0: E0401: Unable to import 'src.models.financial_models' (import-error)
2025-11-07T06:54:16.8260996Z src/data/real_data_fetcher.py:56:15: W0718: Catching too general exception Exception (broad-exception-caught)
2025-11-07T06:54:16.8261794Z src/data/real_data_fetcher.py:51:12: W1203: Use lazy % formatting in logging functions (logging-fstring-interpolation)
2025-11-07T06:54:16.8262485Z src/data/real_data_fetcher.py:57:12: W1203: Use lazy % formatting in logging functions (logging-fstring-interpolation)
2025-11-07T06:54:16.8263104Z src/data/real_data_fetcher.py:60:12: E0401: Unable to import 'src.data.sample_data' (import-error)
2025-11-07T06:54:16.8263788Z src/data/real_data_fetcher.py:60:12: C0415: Import outside toplevel (src.data.sample_data.create_sample_database) (import-outside-toplevel)
2025-11-07T06:54:16.8264508Z src/data/real_data_fetcher.py:102:19: W0718: Catching too general exception Exception (broad-exception-caught)
2025-11-07T06:54:16.8265142Z src/data/real_data_fetcher.py:81:20: W1203: Use lazy % formatting in logging functions (logging-fstring-interpolation)
2025-11-07T06:54:16.8265797Z src/data/real_data_fetcher.py:100:16: W1203: Use lazy % formatting in logging functions (logging-fstring-interpolation)
2025-11-07T06:54:16.8266458Z src/data/real_data_fetcher.py:103:16: W1203: Use lazy % formatting in logging functions (logging-fstring-interpolation)
2025-11-07T06:54:16.8267104Z src/data/real_data_fetcher.py:146:19: W0718: Catching too general exception Exception (broad-exception-caught)
2025-11-07T06:54:16.8267746Z src/data/real_data_fetcher.py:125:20: W1203: Use lazy % formatting in logging functions (logging-fstring-interpolation)
2025-11-07T06:54:16.8268390Z src/data/real_data_fetcher.py:144:16: W1203: Use lazy % formatting in logging functions (logging-fstring-interpolation)
2025-11-07T06:54:16.8269290Z src/data/real_data_fetcher.py:147:16: W1203: Use lazy % formatting in logging functions (logging-fstring-interpolation)
2025-11-07T06:54:16.8269943Z src/data/real_data_fetcher.py:190:19: W0718: Catching too general exception Exception (broad-exception-caught)
2025-11-07T06:54:16.8270853Z src/data/real_data_fetcher.py:167:20: W1203: Use lazy % formatting in logging functions (logging-fstring-interpolation)
2025-11-07T06:54:16.8271506Z src/data/real_data_fetcher.py:188:16: W1203: Use lazy % formatting in logging functions (logging-fstring-interpolation)
2025-11-07T06:54:16.8272267Z src/data/real_data_fetcher.py:191:16: W1203: Use lazy % formatting in logging functions (logging-fstring-interpolation)
2025-11-07T06:54:16.8272900Z src/data/real_data_fetcher.py:230:19: W0718: Catching too general exception Exception (broad-exception-caught)
2025-11-07T06:54:16.8273530Z src/data/real_data_fetcher.py:211:20: W1203: Use lazy % formatting in logging functions (logging-fstring-interpolation)
2025-11-07T06:54:16.8274165Z src/data/real_data_fetcher.py:228:16: W1203: Use lazy % formatting in logging functions (logging-fstring-interpolation)
2025-11-07T06:54:16.8274808Z src/data/real_data_fetcher.py:231:16: W1203: Use lazy % formatting in logging functions (logging-fstring-interpolation)
2025-11-07T06:54:16.8275273Z ************* Module analysis.formulaic_analysis
2025-11-07T06:54:16.8275685Z src/analysis/formulaic_analysis.py:442:0: C0301: Line too long (124/120) (line-too-long)
2025-11-07T06:54:16.8276206Z src/analysis/formulaic_analysis.py:452:0: C0301: Line too long (130/120) (line-too-long)
2025-11-07T06:54:16.8276710Z src/analysis/formulaic_analysis.py:581:0: C0301: Line too long (128/120) (line-too-long)
2025-11-07T06:54:16.8277206Z src/analysis/formulaic_analysis.py:630:0: C0301: Line too long (136/120) (line-too-long)
2025-11-07T06:54:16.8277824Z src/analysis/formulaic_analysis.py:5:0: E0401: Unable to import 'src.logic.asset_graph' (import-error)
2025-11-07T06:54:16.8278446Z src/analysis/formulaic_analysis.py:6:0: E0401: Unable to import 'src.models.financial_models' (import-error)
2025-11-07T06:54:16.8279158Z src/analysis/formulaic_analysis.py:471:39: W0613: Unused argument 'graph' (unused-argument)
2025-11-07T06:54:16.8279838Z src/analysis/formulaic_analysis.py:478:8: C0200: Consider using enumerate instead of iterating with range and len (consider-using-enumerate)
2025-11-07T06:54:16.8280517Z src/analysis/formulaic_analysis.py:494:41: W0613: Unused argument 'graph' (unused-argument)
2025-11-07T06:54:16.8281029Z src/analysis/formulaic_analysis.py:513:53: W0613: Unused argument 'graph' (unused-argument)
2025-11-07T06:54:16.8281560Z src/analysis/formulaic_analysis.py:525:53: W0613: Unused argument 'graph' (unused-argument)
2025-11-07T06:54:16.8282095Z src/analysis/formulaic_analysis.py:548:69: W0613: Unused argument 'assets_data' (unused-argument)
2025-11-07T06:54:16.8282498Z ************* Module analysis.__init__
2025-11-07T06:54:16.8282803Z src/analysis/__init__.py:1:0: R0801: Similar lines in 2 files
2025-11-07T06:54:16.8283127Z ==visualizations.graph_2d_visuals:[208:215]
2025-11-07T06:54:16.8283395Z ==visualizations.graph_visuals:[141:148]
2025-11-07T06:54:16.8283643Z         "same_sector": "#FF6B6B",
2025-11-07T06:54:16.8283873Z         "market_cap_similar": "#4ECDC4",
2025-11-07T06:54:16.8284114Z         "correlation": "#45B7D1",
2025-11-07T06:54:16.8284342Z         "corporate_bond_to_equity": "#96CEB4",
2025-11-07T06:54:16.8284597Z         "commodity_currency": "#FFEAA7",
2025-11-07T06:54:16.8284832Z         "income_comparison": "#DDA0DD",
2025-11-07T06:54:16.8285112Z         "regulatory_impact": "#98D8C8", (duplicate-code)
2025-11-07T06:54:16.8285441Z src/analysis/__init__.py:1:0: R0801: Similar lines in 2 files
2025-11-07T06:54:16.8285755Z ==visualizations.graph_2d_visuals:[264:271]
2025-11-07T06:54:16.8286011Z ==visualizations.graph_visuals:[184:191]
2025-11-07T06:54:16.8286254Z                 mode="lines",
2025-11-07T06:54:16.8286522Z                 line=dict(color=color, width=line_width, dash=line_dash),
2025-11-07T06:54:16.8286823Z                 hovertext=hover_texts,
2025-11-07T06:54:16.8287281Z                 hoverinfo="text",
2025-11-07T06:54:16.8287761Z                 name=trace_name,
2025-11-07T06:54:16.8288119Z                 visible=True,
2025-11-07T06:54:16.8288793Z                 legendgroup=rel_type, (duplicate-code)
2025-11-07T06:54:16.8289602Z src/analysis/__init__.py:1:0: R0801: Similar lines in 2 files
2025-11-07T06:54:16.8290176Z ==visualizations.formulaic_visuals:[335:341]
2025-11-07T06:54:16.8290653Z ==visualizations.graph_2d_visuals:[113:119]
2025-11-07T06:54:16.8291366Z                 showarrow=False,
2025-11-07T06:54:16.8291780Z                 xref="paper",
2025-11-07T06:54:16.8292098Z                 yref="paper",
2025-11-07T06:54:16.8292307Z                 x=0.005,
2025-11-07T06:54:16.8292525Z                 y=-0.002,
2025-11-07T06:54:16.8292754Z                 xanchor="left", (duplicate-code)
2025-11-07T06:54:16.8292939Z 
2025-11-07T06:54:16.8293023Z -----------------------------------
2025-11-07T06:54:16.8293273Z Your code has been rated at 8.20/10
2025-11-07T06:54:16.8293683Z 
2025-11-07T06:54:17.5881382Z ============================= test session starts ==============================
2025-11-07T06:54:17.5883751Z platform linux -- Python 3.11.14, pytest-8.4.2, pluggy-1.6.0 -- /opt/hostedtoolcache/Python/3.11.14/x64/bin/python
2025-11-07T06:54:17.5885802Z cachedir: .pytest_cache
2025-11-07T06:54:17.5887792Z rootdir: /home/runner/work/financial-asset-relationship-db/financial-asset-relationship-db
2025-11-07T06:54:17.5890301Z configfile: pyproject.toml
2025-11-07T06:54:17.5890746Z testpaths: tests
2025-11-07T06:54:17.5891152Z plugins: anyio-4.11.0, asyncio-1.2.0, cov-7.0.0
2025-11-07T06:54:17.5891817Z asyncio: mode=Mode.STRICT, debug=False, asyncio_default_fixture_loop_scope=None, asyncio_default_test_loop_scope=function
2025-11-07T06:54:19.5134884Z collecting ... collected 186 items
2025-11-07T06:54:19.5135209Z 
2025-11-07T06:54:23.9392600Z tests/integration/test_api_integration.py::TestCompleteAPIFlow::test_full_data_retrieval_flow PASSED [  0%]
2025-11-07T06:54:23.9455319Z tests/integration/test_api_integration.py::TestCompleteAPIFlow::test_metrics_consistency PASSED [  1%]
2025-11-07T06:54:23.9519958Z tests/integration/test_api_integration.py::TestCompleteAPIFlow::test_visualization_data_consistency PASSED [  1%]
2025-11-07T06:54:23.9816202Z tests/integration/test_api_integration.py::TestCompleteAPIFlow::test_filter_combinations PASSED [  2%]
2025-11-07T06:54:23.9922822Z tests/integration/test_api_integration.py::TestDataIntegrity::test_asset_detail_matches_list PASSED [  2%]
2025-11-07T06:54:24.0269115Z tests/integration/test_api_integration.py::TestDataIntegrity::test_relationship_bidirectionality PASSED [  3%]
2025-11-07T06:54:24.0403459Z tests/integration/test_api_integration.py::TestPerformance::test_response_times PASSED [  3%]
2025-11-07T06:54:24.0814847Z tests/integration/test_api_integration.py::TestPerformance::test_concurrent_requests PASSED [  4%]
2025-11-07T06:54:24.0874020Z tests/integration/test_api_integration.py::TestErrorRecovery::test_invalid_endpoints_return_404 PASSED [  4%]
2025-11-07T06:54:24.0933387Z tests/integration/test_api_integration.py::TestErrorRecovery::test_invalid_asset_id_returns_404 PASSED [  5%]
2025-11-07T06:54:24.0991081Z tests/integration/test_api_integration.py::TestErrorRecovery::test_malformed_requests PASSED [  5%]
2025-11-07T06:54:24.1039787Z tests/unit/test_api.py::TestRootAndHealth::test_root_endpoint PASSED     [  6%]
2025-11-07T06:54:24.1078543Z tests/unit/test_api.py::TestRootAndHealth::test_health_check_endpoint PASSED [  6%]
2025-11-07T06:54:24.1100263Z tests/unit/test_api.py::TestCORSValidation::test_validate_origin_localhost_http_dev PASSED [  7%]
2025-11-07T06:54:24.1115077Z tests/unit/test_api.py::TestCORSValidation::test_validate_origin_localhost_https_always PASSED [  8%]
2025-11-07T06:54:24.1128848Z tests/unit/test_api.py::TestCORSValidation::test_validate_origin_vercel_urls PASSED [  8%]
2025-11-07T06:54:24.1146149Z tests/unit/test_api.py::TestCORSValidation::test_validate_origin_https_domains PASSED [  9%]
2025-11-07T06:54:24.1159674Z tests/unit/test_api.py::TestCORSValidation::test_validate_origin_invalid PASSED [  9%]
2025-11-07T06:54:24.1253940Z tests/unit/test_api.py::TestAssetsEndpoint::test_get_all_assets PASSED   [ 10%]
2025-11-07T06:54:24.1303231Z tests/unit/test_api.py::TestAssetsEndpoint::test_filter_by_asset_class PASSED [ 10%]
2025-11-07T06:54:24.1351634Z tests/unit/test_api.py::TestAssetsEndpoint::test_filter_by_sector PASSED [ 11%]
2025-11-07T06:54:24.1400449Z tests/unit/test_api.py::TestAssetsEndpoint::test_filter_combined PASSED  [ 11%]
2025-11-07T06:54:24.1446137Z tests/unit/test_api.py::TestAssetsEndpoint::test_assets_additional_fields PASSED [ 12%]
2025-11-07T06:54:24.1497808Z tests/unit/test_api.py::TestAssetsEndpoint::test_assets_error_handling PASSED [ 12%]
2025-11-07T06:54:24.1545723Z tests/unit/test_api.py::TestAssetDetailEndpoint::test_get_asset_detail_success PASSED [ 13%]
2025-11-07T06:54:24.1590000Z tests/unit/test_api.py::TestAssetDetailEndpoint::test_get_asset_detail_not_found PASSED [ 13%]
2025-11-07T06:54:24.1633511Z tests/unit/test_api.py::TestAssetDetailEndpoint::test_get_bond_detail_with_issuer PASSED [ 14%]
2025-11-07T06:54:24.1680001Z tests/unit/test_api.py::TestRelationshipsEndpoint::test_get_asset_relationships PASSED [ 15%]
2025-11-07T06:54:24.1724001Z tests/unit/test_api.py::TestRelationshipsEndpoint::test_get_asset_relationships_not_found PASSED [ 15%]
2025-11-07T06:54:24.1767152Z tests/unit/test_api.py::TestRelationshipsEndpoint::test_get_all_relationships PASSED [ 16%]
2025-11-07T06:54:24.1815650Z tests/unit/test_api.py::TestMetricsEndpoint::test_get_metrics PASSED     [ 16%]
2025-11-07T06:54:24.1862203Z tests/unit/test_api.py::TestMetricsEndpoint::test_metrics_asset_class_distribution PASSED [ 17%]
2025-11-07T06:54:24.1907639Z tests/unit/test_api.py::TestVisualizationEndpoint::test_get_visualization_data PASSED [ 17%]
2025-11-07T06:54:24.1956641Z tests/unit/test_api.py::TestVisualizationEndpoint::test_visualization_node_structure PASSED [ 18%]
2025-11-07T06:54:24.2005837Z tests/unit/test_api.py::TestVisualizationEndpoint::test_visualization_edge_structure PASSED [ 18%]
2025-11-07T06:54:24.2043295Z tests/unit/test_api.py::TestMetadataEndpoints::test_get_asset_classes PASSED [ 19%]
2025-11-07T06:54:24.2086144Z tests/unit/test_api.py::TestMetadataEndpoints::test_get_sectors PASSED   [ 19%]
2025-11-07T06:54:24.2153536Z tests/unit/test_api.py::TestEdgeCases::test_empty_graph PASSED           [ 20%]
2025-11-07T06:54:24.2196312Z tests/unit/test_api.py::TestEdgeCases::test_special_characters_in_asset_id PASSED [ 20%]
2025-11-07T06:54:24.2239838Z tests/unit/test_api.py::TestEdgeCases::test_filter_no_matches PASSED     [ 21%]
2025-11-07T06:54:24.2371758Z tests/unit/test_api.py::TestConcurrency::test_multiple_concurrent_requests PASSED [ 22%]
2025-11-07T06:54:24.2415297Z tests/unit/test_api.py::TestResponseValidation::test_asset_response_schema PASSED [ 22%]
2025-11-07T06:54:24.2456290Z tests/unit/test_api.py::TestResponseValidation::test_relationship_response_schema PASSED [ 23%]
2025-11-07T06:54:24.2515498Z tests/unit/test_api.py::TestRealDataFetcherFallback::test_real_data_fetcher_complete_failure_fallback PASSED [ 23%]
2025-11-07T06:54:24.2544136Z tests/unit/test_api.py::TestRealDataFetcherFallback::test_real_data_fetcher_partial_fetch_success PASSED [ 24%]
2025-11-07T06:54:24.2577371Z tests/unit/test_api.py::TestRealDataFetcherFallback::test_fetcher_falls_back_on_unhandled_exception PASSED [ 24%]
2025-11-07T06:54:24.2620523Z tests/unit/test_api.py::TestRealDataFetcherFallback::test_real_data_fetcher_empty_history_graceful_handling PASSED [ 25%]
2025-11-07T06:54:24.2671271Z tests/unit/test_api.py::TestRealDataFetcherFallback::test_real_data_fetcher_logs_fallback_on_exception PASSED [ 25%]
2025-11-07T06:54:24.2715107Z tests/unit/test_api.py::TestRealDataFetcherFallback::test_individual_asset_class_fetch_failures_logged PASSED [ 26%]
2025-11-07T06:54:24.2739952Z tests/unit/test_api_main.py::TestValidateOrigin::test_validate_origin_http_localhost_development PASSED [ 26%]
2025-11-07T06:54:24.2763747Z tests/unit/test_api_main.py::TestValidateOrigin::test_validate_origin_http_localhost_production PASSED [ 27%]
2025-11-07T06:54:24.2775592Z tests/unit/test_api_main.py::TestValidateOrigin::test_validate_origin_https_localhost PASSED [ 27%]
2025-11-07T06:54:24.2787873Z tests/unit/test_api_main.py::TestValidateOrigin::test_validate_origin_vercel_urls PASSED [ 28%]
2025-11-07T06:54:24.2799951Z tests/unit/test_api_main.py::TestValidateOrigin::test_validate_origin_https_valid_domains PASSED [ 29%]
2025-11-07T06:54:24.2812356Z tests/unit/test_api_main.py::TestValidateOrigin::test_validate_origin_invalid_schemes PASSED [ 29%]
2025-11-07T06:54:24.2824253Z tests/unit/test_api_main.py::TestValidateOrigin::test_validate_origin_malformed_urls PASSED [ 30%]
2025-11-07T06:54:24.2835700Z tests/unit/test_api_main.py::TestGraphInitialization::test_graph_initialization PASSED [ 30%]
2025-11-07T06:54:24.2846992Z tests/unit/test_api_main.py::TestGraphInitialization::test_graph_singleton PASSED [ 31%]
2025-11-07T06:54:24.2858785Z tests/unit/test_api_main.py::TestPydanticModels::test_asset_response_model_valid PASSED [ 31%]
2025-11-07T06:54:24.2871048Z tests/unit/test_api_main.py::TestPydanticModels::test_asset_response_model_optional_fields PASSED [ 32%]
2025-11-07T06:54:24.2883153Z tests/unit/test_api_main.py::TestPydanticModels::test_relationship_response_model PASSED [ 32%]
2025-11-07T06:54:24.2894843Z tests/unit/test_api_main.py::TestPydanticModels::test_metrics_response_model PASSED [ 33%]
2025-11-07T06:54:24.2906546Z tests/unit/test_api_main.py::TestPydanticModels::test_visualization_data_response_model PASSED [ 33%]
2025-11-07T06:54:24.2952672Z tests/unit/test_api_main.py::TestAPIEndpoints::test_root_endpoint PASSED [ 34%]
2025-11-07T06:54:24.2990676Z tests/unit/test_api_main.py::TestAPIEndpoints::test_health_check_endpoint PASSED [ 34%]
2025-11-07T06:54:24.3033903Z tests/unit/test_api_main.py::TestAPIEndpoints::test_get_assets_all PASSED [ 35%]
2025-11-07T06:54:24.3072768Z tests/unit/test_api_main.py::TestAPIEndpoints::test_get_assets_filter_by_class PASSED [ 36%]
2025-11-07T06:54:24.3111509Z tests/unit/test_api_main.py::TestAPIEndpoints::test_get_assets_filter_by_sector PASSED [ 36%]
2025-11-07T06:54:24.3149230Z tests/unit/test_api_main.py::TestAPIEndpoints::test_get_assets_filter_by_class_and_sector PASSED [ 37%]
2025-11-07T06:54:24.3211378Z tests/unit/test_api_main.py::TestAPIEndpoints::test_get_asset_detail_valid PASSED [ 37%]
2025-11-07T06:54:24.3246618Z tests/unit/test_api_main.py::TestAPIEndpoints::test_get_asset_detail_not_found PASSED [ 38%]
2025-11-07T06:54:24.3309897Z tests/unit/test_api_main.py::TestAPIEndpoints::test_get_asset_relationships_valid PASSED [ 38%]
2025-11-07T06:54:24.3346914Z tests/unit/test_api_main.py::TestAPIEndpoints::test_get_asset_relationships_not_found PASSED [ 39%]
2025-11-07T06:54:24.3387012Z tests/unit/test_api_main.py::TestAPIEndpoints::test_get_all_relationships PASSED [ 39%]
2025-11-07T06:54:24.3425428Z tests/unit/test_api_main.py::TestAPIEndpoints::test_get_metrics PASSED   [ 40%]
2025-11-07T06:54:24.3471025Z tests/unit/test_api_main.py::TestAPIEndpoints::test_get_visualization_data PASSED [ 40%]
2025-11-07T06:54:24.3509321Z tests/unit/test_api_main.py::TestAPIEndpoints::test_get_asset_classes PASSED [ 41%]
2025-11-07T06:54:24.3546671Z tests/unit/test_api_main.py::TestAPIEndpoints::test_get_sectors PASSED   [ 41%]
2025-11-07T06:54:24.3595576Z tests/unit/test_api_main.py::TestErrorHandling::test_get_assets_server_error PASSED [ 42%]
2025-11-07T06:54:24.3656430Z tests/unit/test_api_main.py::TestErrorHandling::test_get_metrics_server_error PASSED [ 43%]
2025-11-07T06:54:24.3732088Z tests/unit/test_api_main.py::TestErrorHandling::test_invalid_http_methods PASSED [ 43%]
2025-11-07T06:54:24.3768893Z tests/unit/test_api_main.py::TestCORSConfiguration::test_cors_headers_present PASSED [ 44%]
2025-11-07T06:54:24.3817188Z tests/unit/test_api_main.py::TestCORSConfiguration::test_cors_allows_development_origins PASSED [ 44%]
2025-11-07T06:54:24.3855273Z tests/unit/test_api_main.py::TestAdditionalFields::test_equity_additional_fields PASSED [ 45%]
2025-11-07T06:54:24.3892646Z tests/unit/test_api_main.py::TestAdditionalFields::test_bond_additional_fields PASSED [ 45%]
2025-11-07T06:54:24.3936300Z tests/unit/test_api_main.py::TestVisualizationDataProcessing::test_visualization_coordinate_types PASSED [ 46%]
2025-11-07T06:54:24.3976279Z tests/unit/test_api_main.py::TestVisualizationDataProcessing::test_visualization_node_defaults PASSED [ 46%]
2025-11-07T06:54:24.4016793Z tests/unit/test_api_main.py::TestVisualizationDataProcessing::test_visualization_edge_defaults PASSED [ 47%]
2025-11-07T06:54:24.4096424Z tests/unit/test_api_main.py::TestIntegrationScenarios::test_full_workflow_asset_exploration PASSED [ 47%]
2025-11-07T06:54:24.4158360Z tests/unit/test_api_main.py::TestIntegrationScenarios::test_full_workflow_visualization_and_metrics PASSED [ 48%]
2025-11-07T06:54:24.4247513Z tests/unit/test_api_main.py::TestIntegrationScenarios::test_filter_refinement_workflow PASSED [ 48%]
2025-11-07T06:54:24.4262003Z tests/unit/test_asset_graph.py::TestAssetRelationshipGraph::test_empty_graph_initialization PASSED [ 49%]
2025-11-07T06:54:24.4276629Z tests/unit/test_asset_graph.py::TestAssetRelationshipGraph::test_add_single_asset PASSED [ 50%]
2025-11-07T06:54:24.4295337Z tests/unit/test_asset_graph.py::TestAssetRelationshipGraph::test_add_multiple_assets PASSED [ 50%]
2025-11-07T06:54:24.4313065Z tests/unit/test_asset_graph.py::TestAssetRelationshipGraph::test_add_relationship PASSED [ 51%]
2025-11-07T06:54:24.4331329Z tests/unit/test_asset_graph.py::TestAssetRelationshipGraph::test_add_bidirectional_relationship PASSED [ 51%]
2025-11-07T06:54:24.4346274Z tests/unit/test_asset_graph.py::TestAssetRelationshipGraph::test_relationship_strength_clamping PASSED [ 52%]
2025-11-07T06:54:24.4365427Z tests/unit/test_asset_graph.py::TestAssetRelationshipGraph::test_add_regulatory_event PASSED [ 52%]
2025-11-07T06:54:24.4384014Z tests/unit/test_asset_graph.py::TestAssetRelationshipGraph::test_build_relationships PASSED [ 53%]
2025-11-07T06:54:24.4403802Z tests/unit/test_asset_graph.py::TestAssetRelationshipGraph::test_calculate_metrics PASSED [ 53%]
2025-11-07T06:54:24.4416095Z tests/unit/test_asset_graph.py::TestAssetRelationshipGraph::test_same_sector_relationship PASSED [ 54%]
2025-11-07T06:54:24.4428262Z tests/unit/test_asset_graph.py::TestAssetRelationshipGraph::test_corporate_bond_relationship PASSED [ 54%]
2025-11-07T06:54:24.4447164Z tests/unit/test_asset_graph.py::TestAssetRelationshipGraph::test_get_3d_visualization_data PASSED [ 55%]
2025-11-07T06:54:24.4498673Z tests/unit/test_asset_graph.py::TestAssetRelationshipGraph::test_positions_persistence PASSED [ 55%]
2025-11-07T06:54:24.4515189Z tests/unit/test_asset_graph.py::TestAssetRelationshipGraph::test_deduplication PASSED [ 56%]
2025-11-07T06:54:24.4527879Z tests/unit/test_config_validation.py::TestVercelConfig::test_vercel_config_valid_json PASSED [ 56%]
2025-11-07T06:54:24.4541939Z tests/unit/test_config_validation.py::TestVercelConfig::test_vercel_config_has_builds PASSED [ 57%]
2025-11-07T06:54:24.4555816Z tests/unit/test_config_validation.py::TestVercelConfig::test_vercel_config_has_routes PASSED [ 58%]
2025-11-07T06:54:24.4569799Z tests/unit/test_config_validation.py::TestVercelConfig::test_vercel_build_python_backend PASSED [ 58%]
2025-11-07T06:54:24.4583592Z tests/unit/test_config_validation.py::TestVercelConfig::test_vercel_build_nextjs_frontend PASSED [ 59%]
2025-11-07T06:54:24.4597198Z tests/unit/test_config_validation.py::TestVercelConfig::test_vercel_routes_api_routing PASSED [ 59%]
2025-11-07T06:54:24.4610779Z tests/unit/test_config_validation.py::TestVercelConfig::test_vercel_routes_frontend_routing PASSED [ 60%]
2025-11-07T06:54:24.4624418Z tests/unit/test_config_validation.py::TestVercelConfig::test_vercel_lambda_size_reasonable PASSED [ 60%]
2025-11-07T06:54:24.4636807Z tests/unit/test_config_validation.py::TestNextConfig::test_next_config_exists PASSED [ 61%]
2025-11-07T06:54:24.4650074Z tests/unit/test_config_validation.py::TestNextConfig::test_next_config_has_module_exports PASSED [ 61%]
2025-11-07T06:54:24.4663377Z tests/unit/test_config_validation.py::TestNextConfig::test_next_config_has_react_strict_mode PASSED [ 62%]
2025-11-07T06:54:24.4676811Z tests/unit/test_config_validation.py::TestNextConfig::test_next_config_has_env_configuration PASSED [ 62%]
2025-11-07T06:54:24.4689456Z tests/unit/test_config_validation.py::TestPackageJson::test_package_json_valid_json PASSED [ 63%]
2025-11-07T06:54:24.4703444Z tests/unit/test_config_validation.py::TestPackageJson::test_package_json_has_required_fields PASSED [ 63%]
2025-11-07T06:54:24.4717052Z tests/unit/test_config_validation.py::TestPackageJson::test_package_json_has_build_scripts PASSED [ 64%]
2025-11-07T06:54:24.4730840Z tests/unit/test_config_validation.py::TestPackageJson::test_package_json_has_react_dependencies PASSED [ 65%]
2025-11-07T06:54:24.4744289Z tests/unit/test_config_validation.py::TestPackageJson::test_package_json_has_visualization_deps PASSED [ 65%]
2025-11-07T06:54:24.4757465Z tests/unit/test_config_validation.py::TestPackageJson::test_package_json_has_axios PASSED [ 66%]
2025-11-07T06:54:24.4771212Z tests/unit/test_config_validation.py::TestPackageJson::test_package_json_has_typescript_deps PASSED [ 66%]
2025-11-07T06:54:24.4790943Z tests/unit/test_config_validation.py::TestPackageJson::test_package_json_version_format PASSED [ 67%]
2025-11-07T06:54:24.4803512Z tests/unit/test_config_validation.py::TestTSConfig::test_tsconfig_valid_json PASSED [ 67%]
2025-11-07T06:54:24.4817136Z tests/unit/test_config_validation.py::TestTSConfig::test_tsconfig_has_compiler_options PASSED [ 68%]
2025-11-07T06:54:24.4830890Z tests/unit/test_config_validation.py::TestTSConfig::test_tsconfig_strict_mode_enabled PASSED [ 68%]
2025-11-07T06:54:24.4844454Z tests/unit/test_config_validation.py::TestTSConfig::test_tsconfig_has_jsx_configuration PASSED [ 69%]
2025-11-07T06:54:24.4857894Z tests/unit/test_config_validation.py::TestTSConfig::test_tsconfig_module_resolution PASSED [ 69%]
2025-11-07T06:54:24.4871792Z tests/unit/test_config_validation.py::TestTSConfig::test_tsconfig_has_path_mapping PASSED [ 70%]
2025-11-07T06:54:24.4883713Z tests/unit/test_config_validation.py::TestTailwindConfig::test_tailwind_config_exists PASSED [ 70%]
2025-11-07T06:54:24.4897090Z tests/unit/test_config_validation.py::TestTailwindConfig::test_tailwind_config_has_module_exports PASSED [ 71%]
2025-11-07T06:54:24.4910446Z tests/unit/test_config_validation.py::TestTailwindConfig::test_tailwind_config_has_content_paths PASSED [ 72%]
2025-11-07T06:54:24.4924227Z tests/unit/test_config_validation.py::TestTailwindConfig::test_tailwind_config_includes_app_directory PASSED [ 72%]
2025-11-07T06:54:24.4936185Z tests/unit/test_config_validation.py::TestEnvExample::test_env_example_exists PASSED [ 73%]
2025-11-07T06:54:24.4949679Z tests/unit/test_config_validation.py::TestEnvExample::test_env_example_has_api_url PASSED [ 73%]
2025-11-07T06:54:24.4963028Z tests/unit/test_config_validation.py::TestEnvExample::test_env_example_has_cors_config PASSED [ 74%]
2025-11-07T06:54:24.4976251Z tests/unit/test_config_validation.py::TestEnvExample::test_env_example_has_comments PASSED [ 74%]
2025-11-07T06:54:24.4989693Z tests/unit/test_config_validation.py::TestEnvExample::test_env_example_no_real_secrets PASSED [ 75%]
2025-11-07T06:54:24.5001692Z tests/unit/test_config_validation.py::TestGitignore::test_gitignore_exists PASSED [ 75%]
2025-11-07T06:54:24.5015108Z tests/unit/test_config_validation.py::TestGitignore::test_gitignore_excludes_node_modules PASSED [ 76%]
2025-11-07T06:54:24.5028292Z tests/unit/test_config_validation.py::TestGitignore::test_gitignore_excludes_next_artifacts PASSED [ 76%]
2025-11-07T06:54:24.5041759Z tests/unit/test_config_validation.py::TestGitignore::test_gitignore_excludes_env_files PASSED [ 77%]
2025-11-07T06:54:24.5054925Z tests/unit/test_config_validation.py::TestGitignore::test_gitignore_excludes_vercel PASSED [ 77%]
2025-11-07T06:54:24.5068057Z tests/unit/test_config_validation.py::TestGitignore::test_gitignore_excludes_python_artifacts PASSED [ 78%]
2025-11-07T06:54:24.5080006Z tests/unit/test_config_validation.py::TestRequirementsTxt::test_requirements_exists PASSED [ 79%]
2025-11-07T06:54:24.5093708Z tests/unit/test_config_validation.py::TestRequirementsTxt::test_requirements_has_fastapi PASSED [ 79%]
2025-11-07T06:54:24.5107353Z tests/unit/test_config_validation.py::TestRequirementsTxt::test_requirements_has_uvicorn PASSED [ 80%]
2025-11-07T06:54:24.5121315Z tests/unit/test_config_validation.py::TestRequirementsTxt::test_requirements_has_pydantic PASSED [ 80%]
2025-11-07T06:54:24.5134830Z tests/unit/test_config_validation.py::TestRequirementsTxt::test_requirements_has_version_constraints PASSED [ 81%]
2025-11-07T06:54:24.5147900Z tests/unit/test_config_validation.py::TestPostCSSConfig::test_postcss_config_has_tailwindcss PASSED [ 81%]
2025-11-07T06:54:24.5161383Z tests/unit/test_config_validation.py::TestPostCSSConfig::test_postcss_config_has_autoprefixer PASSED [ 82%]
2025-11-07T06:54:24.5173647Z tests/unit/test_config_validation.py::TestConfigurationConsistency::test_api_url_consistency PASSED [ 82%]
2025-11-07T06:54:24.5186476Z tests/unit/test_config_validation.py::TestConfigurationConsistency::test_package_json_and_tsconfig_consistency PASSED [ 83%]
2025-11-07T06:54:24.5199749Z tests/unit/test_config_validation.py::TestConfigurationConsistency::test_frontend_build_configuration_matches PASSED [ 83%]
2025-11-07T06:54:24.5211337Z tests/unit/test_dev_scripts.py::TestVercelConfiguration::test_vercel_json_exists PASSED [ 84%]
2025-11-07T06:54:24.5223399Z tests/unit/test_dev_scripts.py::TestVercelConfiguration::test_vercel_json_valid PASSED [ 84%]
2025-11-07T06:54:24.5235621Z tests/unit/test_dev_scripts.py::TestVercelConfiguration::test_vercel_builds_configuration PASSED [ 85%]
2025-11-07T06:54:24.5247602Z tests/unit/test_dev_scripts.py::TestVercelConfiguration::test_vercel_routes_configuration PASSED [ 86%]
2025-11-07T06:54:24.5259201Z tests/unit/test_dev_scripts.py::TestEnvironmentConfiguration::test_env_example_exists PASSED [ 86%]
2025-11-07T06:54:24.5271176Z tests/unit/test_dev_scripts.py::TestEnvironmentConfiguration::test_env_example_has_required_vars PASSED [ 87%]
2025-11-07T06:54:24.5283164Z tests/unit/test_dev_scripts.py::TestGitIgnore::test_gitignore_excludes_build_artifacts PASSED [ 87%]
2025-11-07T06:54:24.5296253Z tests/unit/test_dev_scripts.py::TestDocumentationFiles::test_documentation_exists[README.md] PASSED [ 88%]
2025-11-07T06:54:24.5309152Z tests/unit/test_dev_scripts.py::TestDocumentationFiles::test_documentation_exists[DEPLOYMENT.md] PASSED [ 88%]
2025-11-07T06:54:24.5322188Z tests/unit/test_dev_scripts.py::TestDocumentationFiles::test_documentation_exists[INTEGRATION_SUMMARY.md] PASSED [ 89%]
2025-11-07T06:54:24.5334884Z tests/unit/test_dev_scripts.py::TestDocumentationFiles::test_documentation_exists[ARCHITECTURE.md] PASSED [ 89%]
2025-11-07T06:54:24.5347448Z tests/unit/test_dev_scripts.py::TestDocumentationFiles::test_documentation_exists[QUICK_START.md] PASSED [ 90%]
2025-11-07T06:54:24.5359934Z tests/unit/test_dev_scripts.py::TestDocumentationFiles::test_documentation_exists[UI_COMPARISON.md] PASSED [ 90%]
2025-11-07T06:54:24.5372918Z tests/unit/test_dev_scripts.py::TestDocumentationFiles::test_documentation_exists[VERCEL_DEPLOYMENT_CHECKLIST.md] PASSED [ 91%]
2025-11-07T06:54:24.5385662Z tests/unit/test_dev_scripts.py::TestDocumentationFiles::test_readme_has_quick_start PASSED [ 91%]
2025-11-07T06:54:24.5397419Z tests/unit/test_financial_models.py::TestAsset::test_asset_creation PASSED [ 92%]
2025-11-07T06:54:24.5414467Z tests/unit/test_financial_models.py::TestAsset::test_asset_invalid_id PASSED [ 93%]
2025-11-07T06:54:24.5428375Z tests/unit/test_financial_models.py::TestAsset::test_asset_invalid_price PASSED [ 93%]
2025-11-07T06:54:24.5442930Z tests/unit/test_financial_models.py::TestAsset::test_asset_invalid_currency PASSED [ 94%]
2025-11-07T06:54:24.5457047Z tests/unit/test_financial_models.py::TestAsset::test_asset_invalid_market_cap PASSED [ 94%]
2025-11-07T06:54:24.5470572Z tests/unit/test_financial_models.py::TestEquity::test_equity_creation PASSED [ 95%]
2025-11-07T06:54:24.5482444Z tests/unit/test_financial_models.py::TestEquity::test_equity_optional_fields PASSED [ 95%]
2025-11-07T06:54:24.5495378Z tests/unit/test_financial_models.py::TestBond::test_bond_creation PASSED [ 96%]
2025-11-07T06:54:24.5507025Z tests/unit/test_financial_models.py::TestBond::test_bond_optional_fields PASSED [ 96%]
2025-11-07T06:54:24.5519765Z tests/unit/test_financial_models.py::TestCommodity::test_commodity_creation PASSED [ 97%]
2025-11-07T06:54:24.5532966Z tests/unit/test_financial_models.py::TestCurrency::test_currency_creation PASSED [ 97%]
2025-11-07T06:54:24.5545501Z tests/unit/test_financial_models.py::TestRegulatoryEvent::test_event_creation PASSED [ 98%]
2025-11-07T06:54:24.5559908Z tests/unit/test_financial_models.py::TestRegulatoryEvent::test_event_invalid_impact_score PASSED [ 98%]
2025-11-07T06:54:24.5573613Z tests/unit/test_financial_models.py::TestRegulatoryEvent::test_event_invalid_date PASSED [ 99%]
2025-11-07T06:54:25.2118298Z tests/unit/test_financial_models.py::TestRegulatoryEvent::test_event_empty_description PASSED [100%]
2025-11-07T06:54:25.2119316Z 
2025-11-07T06:54:25.2119528Z =============================== warnings summary ===============================
2025-11-07T06:54:25.2120376Z ../../../../../opt/hostedtoolcache/Python/3.11.14/x64/lib/python3.11/site-packages/passlib/utils/__init__.py:854
2025-11-07T06:54:25.2121950Z   /opt/hostedtoolcache/Python/3.11.14/x64/lib/python3.11/site-packages/passlib/utils/__init__.py:854: DeprecationWarning: 'crypt' is deprecated and slated for removal in Python 3.13
2025-11-07T06:54:25.2123097Z     from crypt import crypt as _crypt
2025-11-07T06:54:25.2123359Z 
2025-11-07T06:54:25.2123684Z -- Docs: https://docs.pytest.org/en/stable/how-to/capture-warnings.html
2025-11-07T06:54:25.2124269Z ================================ tests coverage ================================
2025-11-07T06:54:25.2124848Z _______________ coverage: platform linux, python 3.11.14-final-0 _______________
2025-11-07T06:54:25.2125248Z 
2025-11-07T06:54:25.2125416Z Name                                 Stmts   Miss  Cover   Missing
2025-11-07T06:54:25.2125873Z ------------------------------------------------------------------
2025-11-07T06:54:25.2126369Z src/analysis/__init__.py                 0      0   100%
2025-11-07T06:54:25.2126920Z src/analysis/formulaic_analysis.py     254    254     0%   1-643
2025-11-07T06:54:25.2127511Z src/data/real_data_fetcher.py          119      2    98%   282-283
2025-11-07T06:54:25.2128105Z src/data/sample_data.py                 47      3    94%   357-359
2025-11-07T06:54:25.2128688Z src/logic/asset_graph.py               153     23    85%   55, 57, 111, 229, 242-286
2025-11-07T06:54:25.2129541Z src/models/financial_models.py          83      4    95%   43, 45, 108, 110
2025-11-07T06:54:25.2130111Z ------------------------------------------------------------------
2025-11-07T06:54:25.2130623Z TOTAL                                  656    286    56%
2025-11-07T06:54:25.2131046Z Coverage HTML written to dir htmlcov
2025-11-07T06:54:25.2131445Z Coverage XML written to file coverage.xml
2025-11-07T06:54:25.2131948Z ======================== 186 passed, 1 warning in 7.40s ========================
2025-11-07T06:54:25.4284670Z ##[group]Run codecov/codecov-action@v4
2025-11-07T06:54:25.4284947Z with:
2025-11-07T06:54:25.4285113Z   file: ./coverage.xml
2025-11-07T06:54:25.4285312Z   fail_ci_if_error: false
2025-11-07T06:54:25.4285504Z   verbose: true
2025-11-07T06:54:25.4285677Z env:
2025-11-07T06:54:25.4285899Z   pythonLocation: /opt/hostedtoolcache/Python/3.11.14/x64
2025-11-07T06:54:25.4286295Z   PKG_CONFIG_PATH: /opt/hostedtoolcache/Python/3.11.14/x64/lib/pkgconfig
2025-11-07T06:54:25.4286688Z   Python_ROOT_DIR: /opt/hostedtoolcache/Python/3.11.14/x64
2025-11-07T06:54:25.4287035Z   Python2_ROOT_DIR: /opt/hostedtoolcache/Python/3.11.14/x64
2025-11-07T06:54:25.4287379Z   Python3_ROOT_DIR: /opt/hostedtoolcache/Python/3.11.14/x64
2025-11-07T06:54:25.4287714Z   LD_LIBRARY_PATH: /opt/hostedtoolcache/Python/3.11.14/x64/lib
2025-11-07T06:54:25.4288000Z ##[endgroup]
2025-11-07T06:54:25.5134440Z eventName: pull_request
2025-11-07T06:54:25.5135741Z baseRef: mohavro:main | headRef: mohavro:security/fix-ecdsa-vulnerability
2025-11-07T06:54:25.5143450Z ==> linux OS detected
2025-11-07T06:54:25.7023366Z https://cli.codecov.io/latest/linux/codecov.SHA256SUM
2025-11-07T06:54:25.7364595Z Received SHA256SUM 3e4d282fe243aa7283b17016ff65ab2806c262f16abb41125f0caeea380dfe77  codecov
2025-11-07T06:54:25.7542101Z Received SHA256SUM signature -----BEGIN PGP SIGNATURE-----
2025-11-07T06:54:25.7542931Z 
2025-11-07T06:54:25.7543463Z iQIzBAABCgAdFiEEJwNOf9uFDgu8LGL/gGuyiu13mGkFAmj6RG0ACgkQgGuyiu13
2025-11-07T06:54:25.7547169Z mGkEdw//W9izxSAWKpNjz5mFwHc6ZJ1H2f5wwDyD9rOriRJxBaNGcbD2RR8rxo2J
2025-11-07T06:54:25.7548136Z 4j6CeqwRMvsPhEnXanPKtpFfW7mAF/ajsLl4qfe4ofn8isqia0OSQni1oAN5WxLm
2025-11-07T06:54:25.7549364Z h2S3NMLCMexKFr8682YgwPXdEBhg/Ae0/6ASk+RDO62QqzYx3K9ALQkd8nyHz+Nf
2025-11-07T06:54:25.7550317Z nf9FPQGjxINNnTlOgbHZpJ2AQMSbNRIcJY9xzhrWXcQLO4rx5wY9rEWWLyHl4zkI
2025-11-07T06:54:25.7551186Z my/pDvfumHOHMz/kqhXOKfLDn0cEtmXVr0WbaD9HtBuBPo3K3tBPVCU60ua95AHp
2025-11-07T06:54:25.7552025Z UHrgE+4HFIo90sHi60laI1RBngB8OplfJqkb/GxrB17qZ/hDlnawVwO/Nn/tp7AD
2025-11-07T06:54:25.7552783Z 5ou9A8ZXxeb118f7N32I8inIXzl5GIZWlFP2Kom/idb8Wq/RSMv+/4ugqjZI1KT1
2025-11-07T06:54:25.7553614Z 9zc3RvwVYFvIbFU3tLllh6eZD9w8DYgkyWocFUa2JN3RprkoY7748VIpNTUP/H+9
2025-11-07T06:54:25.7554473Z ItWu8Uhcxs26h4kMTaCsY+ZaTglzTIRJpZfzA4Lo+hEhkhYEJcNgC94bgT3nE+td
2025-11-07T06:54:25.7555339Z TwrfJzIENST7qbvL+JDnrm5qACs1uih99kG3wHEgtubu/R8Iqp21r7sa/C1xKjbn
2025-11-07T06:54:25.7556114Z PWS1uwicnQTadUPSMPYOAaM4adcMWez46ZWUbnfTk+lJXFYGJnE=
2025-11-07T06:54:25.7556648Z =gsJ2
2025-11-07T06:54:25.7556979Z -----END PGP SIGNATURE-----
2025-11-07T06:54:25.7557247Z 
2025-11-07T06:54:25.7647089Z gpg: directory '/home/runner/.gnupg' created
2025-11-07T06:54:25.7650982Z gpg: keybox '/home/runner/.gnupg/pubring.kbx' created
2025-11-07T06:54:25.7672747Z gpg: /home/runner/.gnupg/trustdb.gpg: trustdb created
2025-11-07T06:54:25.7673671Z gpg: key 806BB28AED779869: public key "Codecov Uploader (Codecov Uploader Verification Key) <security@codecov.io>" imported
2025-11-07T06:54:25.7850076Z gpg: Total number processed: 1
2025-11-07T06:54:25.7850527Z gpg:               imported: 1
2025-11-07T06:54:25.7918096Z gpg: Signature made Thu Oct 23 15:06:21 2025 UTC
2025-11-07T06:54:25.7918822Z gpg:                using RSA key 27034E7FDB850E0BBC2C62FF806BB28AED779869
2025-11-07T06:54:25.7922164Z gpg: Good signature from "Codecov Uploader (Codecov Uploader Verification Key) <security@codecov.io>" [unknown]
2025-11-07T06:54:25.7923088Z gpg: WARNING: This key is not certified with a trusted signature!
2025-11-07T06:54:25.7923757Z gpg:          There is no indication that the signature belongs to the owner.
2025-11-07T06:54:25.7924489Z Primary key fingerprint: 2703 4E7F DB85 0E0B BC2C  62FF 806B B28A ED77 9869
2025-11-07T06:54:25.8196998Z ==> Uploader SHASUM verified (3e4d282fe243aa7283b17016ff65ab2806c262f16abb41125f0caeea380dfe77  codecov)
2025-11-07T06:54:25.8197833Z ==> Running version latest
2025-11-07T06:54:25.8939853Z Could not pull latest version information: SyntaxError: Unexpected token '<', "<!DOCTYPE "... is not valid JSON
2025-11-07T06:54:25.8941325Z ==> Running git config --global --add safe.directory /home/runner/work/financial-asset-relationship-db/financial-asset-relationship-db
2025-11-07T06:54:25.8980738Z [command]/usr/bin/git config --global --add safe.directory /home/runner/work/financial-asset-relationship-db/financial-asset-relationship-db
2025-11-07T06:54:25.9032212Z ==> Running command '/home/runner/work/_actions/codecov/codecov-action/v4/dist/codecov -v create-commit'
2025-11-07T06:54:25.9034311Z [command]/home/runner/work/_actions/codecov/codecov-action/v4/dist/codecov -v create-commit --git-service github -C a3fac3fb060a1e01138d9d2f7cf5a974ea3df945
2025-11-07T06:54:26.2757160Z info - 2025-11-07 06:54:26,275 -- ci service found: github-actions
2025-11-07T06:54:26.2804641Z debug - 2025-11-07 06:54:26,279 -- versioning system found: <class 'codecov_cli.helpers.versioning_systems.GitVersioningSystem'>
2025-11-07T06:54:26.2842260Z debug - 2025-11-07 06:54:26,283 -- versioning system found: <class 'codecov_cli.helpers.versioning_systems.GitVersioningSystem'>
2025-11-07T06:54:26.2880318Z warning - 2025-11-07 06:54:26,287 -- No config file could be found. Ignoring config.
2025-11-07T06:54:26.2881378Z debug - 2025-11-07 06:54:26,287 -- No codecov_yaml found
2025-11-07T06:54:26.3202654Z debug - 2025-11-07 06:54:26,319 -- Starting create commit process --- {"verbose": true, "auto_load_params_from": null, "codecov_yml_path": null, "enterprise_url": null, "disable_telem": false, "version": "cli-11.2.4", "command": "create-commit", "git_service": "github", "commit_sha": "a3fac3fb060a1e01138d9d2f7cf5a974ea3df945", "parent_sha": null, "pull_request_number": "96", "branch": "security/fix-ecdsa-vulnerability", "fail_on_error": false, "slug": "mohavro/financial-asset-relationship-db"}
2025-11-07T06:54:26.3204424Z warning - 2025-11-07 06:54:26,319 -- Branch `security/fix-ecdsa-vulnerability` is protected but no token was provided
2025-11-07T06:54:26.3205167Z warning - 2025-11-07 06:54:26,319 -- For information on Codecov upload tokens, see https://docs.codecov.com/docs/codecov-tokens
2025-11-07T06:54:26.5114239Z info - 2025-11-07 06:54:26,510 -- Process Commit creating complete
2025-11-07T06:54:26.5116593Z debug - 2025-11-07 06:54:26,511 -- Commit creating result --- {"result": "RequestResult(error=RequestError(code='HTTP Error 400', params={}, description='{\"message\":\"Token required - not valid tokenless upload\"}\\n'), warnings=[], status_code=400, text='{\"message\":\"Token required - not valid tokenless upload\"}\\n')"}
2025-11-07T06:54:26.5119450Z error - 2025-11-07 06:54:26,511 -- Commit creating failed: {"message":"Token required - not valid tokenless upload"}
2025-11-07T06:54:26.6172660Z Sentry is attempting to send 2 pending events
2025-11-07T06:54:26.6173100Z Waiting up to 2 seconds
2025-11-07T06:54:26.6173382Z Press Ctrl-C to quit
2025-11-07T06:54:26.6912225Z ==> Running command '/home/runner/work/_actions/codecov/codecov-action/v4/dist/codecov -v create-report'
2025-11-07T06:54:26.6913910Z [command]/home/runner/work/_actions/codecov/codecov-action/v4/dist/codecov -v create-report --git-service github -C a3fac3fb060a1e01138d9d2f7cf5a974ea3df945
2025-11-07T06:54:27.0480798Z info - 2025-11-07 06:54:27,047 -- ci service found: github-actions
2025-11-07T06:54:27.0517614Z debug - 2025-11-07 06:54:27,051 -- versioning system found: <class 'codecov_cli.helpers.versioning_systems.GitVersioningSystem'>
2025-11-07T06:54:27.0548760Z debug - 2025-11-07 06:54:27,054 -- versioning system found: <class 'codecov_cli.helpers.versioning_systems.GitVersioningSystem'>
2025-11-07T06:54:27.0581033Z warning - 2025-11-07 06:54:27,057 -- No config file could be found. Ignoring config.
2025-11-07T06:54:27.0581811Z debug - 2025-11-07 06:54:27,057 -- No codecov_yaml found
2025-11-07T06:54:27.0895317Z debug - 2025-11-07 06:54:27,088 -- Starting create report process --- {"verbose": true, "auto_load_params_from": null, "codecov_yml_path": null, "enterprise_url": null, "disable_telem": false, "version": "cli-11.2.4", "command": "create-report", "git_service": "github", "commit_sha": "a3fac3fb060a1e01138d9d2f7cf5a974ea3df945", "code": "default", "pull_request_number": "96", "fail_on_error": false, "slug": "mohavro/financial-asset-relationship-db"}
2025-11-07T06:54:27.2473501Z info - 2025-11-07 06:54:27,246 -- Process Report creating complete
2025-11-07T06:54:27.2480741Z debug - 2025-11-07 06:54:27,247 -- Report creating result --- {"result": "RequestResult(error=RequestError(code='HTTP Error 400', params={}, description='{\"message\":\"Token required - not valid tokenless upload\"}\\n'), warnings=[], status_code=400, text='{\"message\":\"Token required - not valid tokenless upload\"}\\n')"}
2025-11-07T06:54:27.2482677Z error - 2025-11-07 06:54:27,247 -- Report creating failed: {"message":"Token required - not valid tokenless upload"}
2025-11-07T06:54:27.3540820Z Sentry is attempting to send 2 pending events
2025-11-07T06:54:27.3541340Z Waiting up to 2 seconds
2025-11-07T06:54:27.3541908Z Press Ctrl-C to quit
2025-11-07T06:54:27.4216377Z ==> Running command '/home/runner/work/_actions/codecov/codecov-action/v4/dist/codecov -v do-upload'
2025-11-07T06:54:27.4218030Z [command]/home/runner/work/_actions/codecov/codecov-action/v4/dist/codecov -v do-upload -f ./coverage.xml --git-service github -C a3fac3fb060a1e01138d9d2f7cf5a974ea3df945
2025-11-07T06:54:27.7745528Z info - 2025-11-07 06:54:27,774 -- ci service found: github-actions
2025-11-07T06:54:27.7781162Z debug - 2025-11-07 06:54:27,777 -- versioning system found: <class 'codecov_cli.helpers.versioning_systems.GitVersioningSystem'>
2025-11-07T06:54:27.7813111Z debug - 2025-11-07 06:54:27,780 -- versioning system found: <class 'codecov_cli.helpers.versioning_systems.GitVersioningSystem'>
2025-11-07T06:54:27.7853774Z warning - 2025-11-07 06:54:27,784 -- No config file could be found. Ignoring config.
2025-11-07T06:54:27.7854511Z debug - 2025-11-07 06:54:27,785 -- No codecov_yaml found
2025-11-07T06:54:27.8175353Z debug - 2025-11-07 06:54:27,816 -- Starting upload processing --- {"verbose": true, "auto_load_params_from": null, "codecov_yml_path": null, "enterprise_url": null, "disable_telem": false, "version": "cli-11.2.4", "command": "do-upload", "git_service": "github", "commit_sha": "a3fac3fb060a1e01138d9d2f7cf5a974ea3df945", "report_code": "default", "network_root_folder": "/home/runner/work/financial-asset-relationship-db/financial-asset-relationship-db", "files_search_root_folder": "/home/runner/work/financial-asset-relationship-db/financial-asset-relationship-db", "files_search_exclude_folders": [], "recurse_submodules": false, "disable_search": false, "disable_file_fixes": false, "build_code": "19160672365", "build_url": "https://github.com/mohavro/financial-asset-relationship-db/actions/runs/19160672365", "job_code": "Python CI", "name": "19160672365", "branch": "security/fix-ecdsa-vulnerability", "pull_request_number": "96", "env_vars": {}, "flags": [], "plugin_names": ["xcode", "gcov", "pycoverage"], "dry_run": false, "use_legacy_uploader": false, "handle_no_reports_found": false, "report_type_str": "coverage", "network_filter": null, "network_prefix": null, "gcov_args": null, "gcov_ignore": null, "gcov_include": null, "gcov_executable": null, "swift_project": null, "fail_on_error": false, "slug": "mohavro/financial-asset-relationship-db"}
2025-11-07T06:54:27.8184299Z debug - 2025-11-07 06:54:27,816 -- Selected preparation plugins --- {"selected_plugins": ["<class 'codecov_cli.plugins.xcode.XcodePlugin'>", "<class 'codecov_cli.plugins.gcov.GcovPlugin'>", "<class 'codecov_cli.plugins.pycoverage.Pycoverage'>"], "cli_config": {}}
2025-11-07T06:54:27.8186283Z debug - 2025-11-07 06:54:27,816 -- Running preparation plugin: <class 'codecov_cli.plugins.xcode.XcodePlugin'>
2025-11-07T06:54:27.8187164Z debug - 2025-11-07 06:54:27,817 -- Running xcode plugin...
2025-11-07T06:54:27.8187813Z warning - 2025-11-07 06:54:27,817 -- xcrun is not installed or can't be found.
2025-11-07T06:54:27.8188735Z debug - 2025-11-07 06:54:27,817 -- Running preparation plugin: <class 'codecov_cli.plugins.gcov.GcovPlugin'>
2025-11-07T06:54:27.8190254Z debug - 2025-11-07 06:54:27,818 -- Running gcov plugin...
2025-11-07T06:54:27.8190984Z debug - 2025-11-07 06:54:27,818 -- Translating `*.gcno` into `(?s:[^/]*\.gcno)\Z`
2025-11-07T06:54:27.8234800Z warning - 2025-11-07 06:54:27,823 -- No gcov data found.
2025-11-07T06:54:27.8236046Z debug - 2025-11-07 06:54:27,823 -- Running preparation plugin: <class 'codecov_cli.plugins.pycoverage.Pycoverage'>
2025-11-07T06:54:27.8244760Z info - 2025-11-07 06:54:27,824 -- Generating coverage.xml report in /home/runner/work/financial-asset-relationship-db/financial-asset-relationship-db
2025-11-07T06:54:27.9962192Z info - 2025-11-07 06:54:27,995 -- Wrote XML report to coverage.xml
2025-11-07T06:54:27.9962994Z debug - 2025-11-07 06:54:27,996 -- Collecting relevant files
2025-11-07T06:54:28.0049313Z debug - 2025-11-07 06:54:28,004 -- Translating `*.*js` into `(?s:[^/]*\.[^/]*js)\Z`
2025-11-07T06:54:28.0050220Z debug - 2025-11-07 06:54:28,004 -- Translating `*.SHA256SUM` into `(?s:[^/]*\.SHA256SUM)\Z`
2025-11-07T06:54:28.0051547Z debug - 2025-11-07 06:54:28,004 -- Translating `*.am` into `(?s:[^/]*\.am)\Z`
2025-11-07T06:54:28.0052306Z debug - 2025-11-07 06:54:28,004 -- Translating `*.bash` into `(?s:[^/]*\.bash)\Z`
2025-11-07T06:54:28.0053099Z debug - 2025-11-07 06:54:28,004 -- Translating `*.bat` into `(?s:[^/]*\.bat)\Z`
2025-11-07T06:54:28.0054051Z debug - 2025-11-07 06:54:28,005 -- Translating `*.bw` into `(?s:[^/]*\.bw)\Z`
2025-11-07T06:54:28.0054823Z debug - 2025-11-07 06:54:28,005 -- Translating `*.cfg` into `(?s:[^/]*\.cfg)\Z`
2025-11-07T06:54:28.0055607Z debug - 2025-11-07 06:54:28,005 -- Translating `*.class` into `(?s:[^/]*\.class)\Z`
2025-11-07T06:54:28.0056378Z debug - 2025-11-07 06:54:28,005 -- Translating `*.cmake` into `(?s:[^/]*\.cmake)\Z`
2025-11-07T06:54:28.0057125Z debug - 2025-11-07 06:54:28,005 -- Translating `*.conf` into `(?s:[^/]*\.conf)\Z`
2025-11-07T06:54:28.0057912Z debug - 2025-11-07 06:54:28,005 -- Translating `*.coverage` into `(?s:[^/]*\.coverage)\Z`
2025-11-07T06:54:28.0058606Z debug - 2025-11-07 06:54:28,005 -- Translating `*.cp` into `(?s:[^/]*\.cp)\Z`
2025-11-07T06:54:28.0059442Z debug - 2025-11-07 06:54:28,005 -- Translating `*.cpp` into `(?s:[^/]*\.cpp)\Z`
2025-11-07T06:54:28.0060104Z debug - 2025-11-07 06:54:28,005 -- Translating `*.crt` into `(?s:[^/]*\.crt)\Z`
2025-11-07T06:54:28.0060776Z debug - 2025-11-07 06:54:28,005 -- Translating `*.csg` into `(?s:[^/]*\.csg)\Z`
2025-11-07T06:54:28.0061519Z debug - 2025-11-07 06:54:28,005 -- Translating `*.css` into `(?s:[^/]*\.css)\Z`
2025-11-07T06:54:28.0062134Z debug - 2025-11-07 06:54:28,006 -- Translating `*.csv` into `(?s:[^/]*\.csv)\Z`
2025-11-07T06:54:28.0063045Z debug - 2025-11-07 06:54:28,006 -- Translating `*.dart` into `(?s:[^/]*\.dart)\Z`
2025-11-07T06:54:28.0064109Z debug - 2025-11-07 06:54:28,006 -- Translating `*.data` into `(?s:[^/]*\.data)\Z`
2025-11-07T06:54:28.0064997Z debug - 2025-11-07 06:54:28,006 -- Translating `*.db` into `(?s:[^/]*\.db)\Z`
2025-11-07T06:54:28.0067455Z debug - 2025-11-07 06:54:28,006 -- Translating `*.dox` into `(?s:[^/]*\.dox)\Z`
2025-11-07T06:54:28.0068230Z debug - 2025-11-07 06:54:28,006 -- Translating `*.ec` into `(?s:[^/]*\.ec)\Z`
2025-11-07T06:54:28.0069182Z debug - 2025-11-07 06:54:28,006 -- Translating `*.egg` into `(?s:[^/]*\.egg)\Z`
2025-11-07T06:54:28.0070141Z debug - 2025-11-07 06:54:28,006 -- Translating `*.egg-info` into `(?s:[^/]*\.egg\-info)\Z`
2025-11-07T06:54:28.0071080Z debug - 2025-11-07 06:54:28,006 -- Translating `*.el` into `(?s:[^/]*\.el)\Z`
2025-11-07T06:54:28.0071953Z debug - 2025-11-07 06:54:28,006 -- Translating `*.env` into `(?s:[^/]*\.env)\Z`
2025-11-07T06:54:28.0072695Z debug - 2025-11-07 06:54:28,006 -- Translating `*.erb` into `(?s:[^/]*\.erb)\Z`
2025-11-07T06:54:28.0073421Z debug - 2025-11-07 06:54:28,007 -- Translating `*.err` into `(?s:[^/]*\.err)\Z`
2025-11-07T06:54:28.0074162Z debug - 2025-11-07 06:54:28,007 -- Translating `*.exe` into `(?s:[^/]*\.exe)\Z`
2025-11-07T06:54:28.0075180Z debug - 2025-11-07 06:54:28,007 -- Translating `*.feature` into `(?s:[^/]*\.feature)\Z`
2025-11-07T06:54:28.0076013Z debug - 2025-11-07 06:54:28,007 -- Translating `*.ftl` into `(?s:[^/]*\.ftl)\Z`
2025-11-07T06:54:28.0080511Z debug - 2025-11-07 06:54:28,007 -- Translating `*.gif` into `(?s:[^/]*\.gif)\Z`
2025-11-07T06:54:28.0081213Z debug - 2025-11-07 06:54:28,007 -- Translating `*.go` into `(?s:[^/]*\.go)\Z`
2025-11-07T06:54:28.0081924Z debug - 2025-11-07 06:54:28,007 -- Translating `*.gradle` into `(?s:[^/]*\.gradle)\Z`
2025-11-07T06:54:28.0082621Z debug - 2025-11-07 06:54:28,007 -- Translating `*.gz` into `(?s:[^/]*\.gz)\Z`
2025-11-07T06:54:28.0083278Z debug - 2025-11-07 06:54:28,007 -- Translating `*.h` into `(?s:[^/]*\.h)\Z`
2025-11-07T06:54:28.0083927Z debug - 2025-11-07 06:54:28,007 -- Translating `*.html` into `(?s:[^/]*\.html)\Z`
2025-11-07T06:54:28.0084594Z debug - 2025-11-07 06:54:28,007 -- Translating `*.in` into `(?s:[^/]*\.in)\Z`
2025-11-07T06:54:28.0085253Z debug - 2025-11-07 06:54:28,007 -- Translating `*.jade` into `(?s:[^/]*\.jade)\Z`
2025-11-07T06:54:28.0086221Z debug - 2025-11-07 06:54:28,007 -- Translating `*.jar*` into `(?s:[^/]*\.jar[^/]*)\Z`
2025-11-07T06:54:28.0086939Z debug - 2025-11-07 06:54:28,008 -- Translating `*.jpeg` into `(?s:[^/]*\.jpeg)\Z`
2025-11-07T06:54:28.0087611Z debug - 2025-11-07 06:54:28,008 -- Translating `*.jpg` into `(?s:[^/]*\.jpg)\Z`
2025-11-07T06:54:28.0088264Z debug - 2025-11-07 06:54:28,008 -- Translating `*.js` into `(?s:[^/]*\.js)\Z`
2025-11-07T06:54:28.0089090Z debug - 2025-11-07 06:54:28,008 -- Translating `*.less` into `(?s:[^/]*\.less)\Z`
2025-11-07T06:54:28.0089807Z debug - 2025-11-07 06:54:28,008 -- Translating `*.library` into `(?s:[^/]*\.library)\Z`
2025-11-07T06:54:28.0090576Z debug - 2025-11-07 06:54:28,008 -- Translating `*.log` into `(?s:[^/]*\.log)\Z`
2025-11-07T06:54:28.0091237Z debug - 2025-11-07 06:54:28,008 -- Translating `*.m4` into `(?s:[^/]*\.m4)\Z`
2025-11-07T06:54:28.0091917Z debug - 2025-11-07 06:54:28,008 -- Translating `*.mak*` into `(?s:[^/]*\.mak[^/]*)\Z`
2025-11-07T06:54:28.0092625Z debug - 2025-11-07 06:54:28,009 -- Translating `*.map` into `(?s:[^/]*\.map)\Z`
2025-11-07T06:54:28.0093268Z debug - 2025-11-07 06:54:28,009 -- Translating `*.md` into `(?s:[^/]*\.md)\Z`
2025-11-07T06:54:28.0094255Z debug - 2025-11-07 06:54:28,009 -- Translating `*.module` into `(?s:[^/]*\.module)\Z`
2025-11-07T06:54:28.0095358Z debug - 2025-11-07 06:54:28,009 -- Translating `*.mp4` into `(?s:[^/]*\.mp4)\Z`
2025-11-07T06:54:28.0096382Z debug - 2025-11-07 06:54:28,009 -- Translating `*.o` into `(?s:[^/]*\.o)\Z`
2025-11-07T06:54:28.0097569Z debug - 2025-11-07 06:54:28,009 -- Translating `*.p12` into `(?s:[^/]*\.p12)\Z`
2025-11-07T06:54:28.0098607Z debug - 2025-11-07 06:54:28,009 -- Translating `*.pem` into `(?s:[^/]*\.pem)\Z`
2025-11-07T06:54:28.0099857Z debug - 2025-11-07 06:54:28,009 -- Translating `*.png` into `(?s:[^/]*\.png)\Z`
2025-11-07T06:54:28.0101557Z debug - 2025-11-07 06:54:28,009 -- Translating `*.pom*` into `(?s:[^/]*\.pom[^/]*)\Z`
2025-11-07T06:54:28.0103021Z debug - 2025-11-07 06:54:28,010 -- Translating `*.profdata` into `(?s:[^/]*\.profdata)\Z`
2025-11-07T06:54:28.0104066Z debug - 2025-11-07 06:54:28,010 -- Translating `*.proto` into `(?s:[^/]*\.proto)\Z`
2025-11-07T06:54:28.0105531Z debug - 2025-11-07 06:54:28,010 -- Translating `*.prototxt` into `(?s:[^/]*\.prototxt)\Z`
2025-11-07T06:54:28.0106350Z debug - 2025-11-07 06:54:28,010 -- Translating `*.ps1` into `(?s:[^/]*\.ps1)\Z`
2025-11-07T06:54:28.0107036Z debug - 2025-11-07 06:54:28,010 -- Translating `*.pth` into `(?s:[^/]*\.pth)\Z`
2025-11-07T06:54:28.0109342Z debug - 2025-11-07 06:54:28,010 -- Translating `*.py` into `(?s:[^/]*\.py)\Z`
2025-11-07T06:54:28.0110082Z debug - 2025-11-07 06:54:28,010 -- Translating `*.pyc` into `(?s:[^/]*\.pyc)\Z`
2025-11-07T06:54:28.0111098Z debug - 2025-11-07 06:54:28,010 -- Translating `*.pyo` into `(?s:[^/]*\.pyo)\Z`
2025-11-07T06:54:28.0112020Z debug - 2025-11-07 06:54:28,011 -- Translating `*.rake` into `(?s:[^/]*\.rake)\Z`
2025-11-07T06:54:28.0113108Z debug - 2025-11-07 06:54:28,011 -- Translating `*.rb` into `(?s:[^/]*\.rb)\Z`
2025-11-07T06:54:28.0114442Z debug - 2025-11-07 06:54:28,011 -- Translating `*.rsp` into `(?s:[^/]*\.rsp)\Z`
2025-11-07T06:54:28.0115431Z debug - 2025-11-07 06:54:28,011 -- Translating `*.rst` into `(?s:[^/]*\.rst)\Z`
2025-11-07T06:54:28.0116274Z debug - 2025-11-07 06:54:28,011 -- Translating `*.ru` into `(?s:[^/]*\.ru)\Z`
2025-11-07T06:54:28.0117298Z debug - 2025-11-07 06:54:28,011 -- Translating `*.sbt` into `(?s:[^/]*\.sbt)\Z`
2025-11-07T06:54:28.0118336Z debug - 2025-11-07 06:54:28,011 -- Translating `*.scss` into `(?s:[^/]*\.scss)\Z`
2025-11-07T06:54:28.0119839Z debug - 2025-11-07 06:54:28,011 -- Translating `*.serialized` into `(?s:[^/]*\.serialized)\Z`
2025-11-07T06:54:28.0120657Z debug - 2025-11-07 06:54:28,011 -- Translating `*.sh` into `(?s:[^/]*\.sh)\Z`
2025-11-07T06:54:28.0121877Z debug - 2025-11-07 06:54:28,012 -- Translating `*.sha256sum` into `(?s:[^/]*\.sha256sum)\Z`
2025-11-07T06:54:28.0123016Z debug - 2025-11-07 06:54:28,012 -- Translating `*.snapshot` into `(?s:[^/]*\.snapshot)\Z`
2025-11-07T06:54:28.0124125Z debug - 2025-11-07 06:54:28,012 -- Translating `*.sql` into `(?s:[^/]*\.sql)\Z`
2025-11-07T06:54:28.0126016Z debug - 2025-11-07 06:54:28,012 -- Translating `*.svg` into `(?s:[^/]*\.svg)\Z`
2025-11-07T06:54:28.0127033Z debug - 2025-11-07 06:54:28,012 -- Translating `*.tar.tz` into `(?s:[^/]*\.tar\.tz)\Z`
2025-11-07T06:54:28.0128165Z debug - 2025-11-07 06:54:28,012 -- Translating `*.template` into `(?s:[^/]*\.template)\Z`
2025-11-07T06:54:28.0129286Z debug - 2025-11-07 06:54:28,012 -- Translating `*.ts` into `(?s:[^/]*\.ts)\Z`
2025-11-07T06:54:28.0130564Z debug - 2025-11-07 06:54:28,012 -- Translating `*.whl` into `(?s:[^/]*\.whl)\Z`
2025-11-07T06:54:28.0131843Z debug - 2025-11-07 06:54:28,013 -- Translating `*.xcconfig` into `(?s:[^/]*\.xcconfig)\Z`
2025-11-07T06:54:28.0133050Z debug - 2025-11-07 06:54:28,013 -- Translating `*.xcoverage.*` into `(?s:[^/]*\.xcoverage\.[^/]*)\Z`
2025-11-07T06:54:28.0133948Z debug - 2025-11-07 06:54:28,013 -- Translating `*.yaml` into `(?s:[^/]*\.yaml)\Z`
2025-11-07T06:54:28.0135149Z debug - 2025-11-07 06:54:28,013 -- Translating `*.yml` into `(?s:[^/]*\.yml)\Z`
2025-11-07T06:54:28.0136128Z debug - 2025-11-07 06:54:28,013 -- Translating `*.zip` into `(?s:[^/]*\.zip)\Z`
2025-11-07T06:54:28.0137611Z debug - 2025-11-07 06:54:28,013 -- Translating `*/classycle/report.xml` into `(?s:[^/]+/classycle/report\.xml)\Z`
2025-11-07T06:54:28.0138704Z debug - 2025-11-07 06:54:28,013 -- Translating `*codecov.yml` into `(?s:[^/]*codecov\.yml)\Z`
2025-11-07T06:54:28.0139936Z debug - 2025-11-07 06:54:28,013 -- Translating `*~` into `(?s:[^/]*\~)\Z`
2025-11-07T06:54:28.0141002Z debug - 2025-11-07 06:54:28,013 -- Translating `.*coveragerc` into `(?s:\.[^/]*coveragerc)\Z`
2025-11-07T06:54:28.0142155Z debug - 2025-11-07 06:54:28,014 -- Translating `.coverage*` into `(?s:\.coverage[^/]*)\Z`
2025-11-07T06:54:28.0143261Z debug - 2025-11-07 06:54:28,014 -- Translating `.ds_store` into `(?s:\.ds_store)\Z`
2025-11-07T06:54:28.0144439Z debug - 2025-11-07 06:54:28,014 -- Translating `.git*` into `(?s:\.git[^/]*)\Z`
2025-11-07T06:54:28.0147034Z debug - 2025-11-07 06:54:28,014 -- Translating `.nvmrc` into `(?s:\.nvmrc)\Z`
2025-11-07T06:54:28.0148192Z debug - 2025-11-07 06:54:28,014 -- Translating `codecov.SHA256SUM` into `(?s:codecov\.SHA256SUM)\Z`
2025-11-07T06:54:28.0149637Z debug - 2025-11-07 06:54:28,014 -- Translating `codecov.SHA256SUM.sig` into `(?s:codecov\.SHA256SUM\.sig)\Z`
2025-11-07T06:54:28.0152112Z debug - 2025-11-07 06:54:28,014 -- Translating `codecov.yaml` into `(?s:codecov\.yaml)\Z`
2025-11-07T06:54:28.0153127Z debug - 2025-11-07 06:54:28,014 -- Translating `coverage-summary.json` into `(?s:coverage\-summary\.json)\Z`
2025-11-07T06:54:28.0154169Z debug - 2025-11-07 06:54:28,015 -- Translating `createdFiles.lst` into `(?s:createdFiles\.lst)\Z`
2025-11-07T06:54:28.0155197Z debug - 2025-11-07 06:54:28,015 -- Translating `fullLocaleNames.lst` into `(?s:fullLocaleNames\.lst)\Z`
2025-11-07T06:54:28.0156363Z debug - 2025-11-07 06:54:28,015 -- Translating `include.lst` into `(?s:include\.lst)\Z`
2025-11-07T06:54:28.0157263Z debug - 2025-11-07 06:54:28,015 -- Translating `inputFiles.lst` into `(?s:inputFiles\.lst)\Z`
2025-11-07T06:54:28.0158345Z debug - 2025-11-07 06:54:28,015 -- Translating `phpunit-code-coverage.xml` into `(?s:phpunit\-code\-coverage\.xml)\Z`
2025-11-07T06:54:28.0159682Z debug - 2025-11-07 06:54:28,015 -- Translating `phpunit-coverage.xml` into `(?s:phpunit\-coverage\.xml)\Z`
2025-11-07T06:54:28.0160888Z debug - 2025-11-07 06:54:28,015 -- Translating `remapInstanbul.coverage*.json` into `(?s:remapInstanbul\.coverage[^/]*\.json)\Z`
2025-11-07T06:54:28.0162059Z debug - 2025-11-07 06:54:28,015 -- Translating `scoverage.measurements.*` into `(?s:scoverage\.measurements\.[^/]*)\Z`
2025-11-07T06:54:28.0163281Z debug - 2025-11-07 06:54:28,015 -- Translating `test-result-*-codecoverage.json` into `(?s:test\-result\-[^/]*\-codecoverage\.json)\Z`
2025-11-07T06:54:28.0164443Z debug - 2025-11-07 06:54:28,015 -- Translating `test_*_coverage.txt` into `(?s:test_[^/]*_coverage\.txt)\Z`
2025-11-07T06:54:28.0165780Z debug - 2025-11-07 06:54:28,016 -- Translating `testrunner-coverage*` into `(?s:testrunner\-coverage[^/]*)\Z`
2025-11-07T06:54:28.0220504Z debug - 2025-11-07 06:54:28,021 -- Translating `coverage.xml` into `(?s:coverage\.xml)\Z`
2025-11-07T06:54:28.0224985Z debug - 2025-11-07 06:54:28,022 -- Translating `/home/runner/work/financial-asset-relationship-db/financial-asset-relationship-db/coverage.xml` into `(?s:/home/runner/work/financial\-asset\-relationship\-db/financial\-asset\-relationship\-db/coverage\.xml)\Z`
2025-11-07T06:54:28.0272298Z debug - 2025-11-07 06:54:28,027 -- Translating `*.clover` into `(?s:[^/]*\.clover)\Z`
2025-11-07T06:54:28.0273395Z debug - 2025-11-07 06:54:28,027 -- Translating `*.codecov.*` into `(?s:[^/]*\.codecov\.[^/]*)\Z`
2025-11-07T06:54:28.0274501Z debug - 2025-11-07 06:54:28,027 -- Translating `*.gcov` into `(?s:[^/]*\.gcov)\Z`
2025-11-07T06:54:28.0275393Z debug - 2025-11-07 06:54:28,027 -- Translating `*.lcov` into `(?s:[^/]*\.lcov)\Z`
2025-11-07T06:54:28.0276358Z debug - 2025-11-07 06:54:28,027 -- Translating `*.lst` into `(?s:[^/]*\.lst)\Z`
2025-11-07T06:54:28.0277478Z debug - 2025-11-07 06:54:28,027 -- Translating `*coverage*.*` into `(?s:[^/]*coverage[^/]*\.[^/]*)\Z`
2025-11-07T06:54:28.0278682Z debug - 2025-11-07 06:54:28,027 -- Translating `*Jacoco*.xml` into `(?s:[^/]*Jacoco[^/]*\.xml)\Z`
2025-11-07T06:54:28.0279933Z debug - 2025-11-07 06:54:28,027 -- Translating `clover.xml` into `(?s:clover\.xml)\Z`
2025-11-07T06:54:28.0280955Z debug - 2025-11-07 06:54:28,027 -- Translating `cobertura.xml` into `(?s:cobertura\.xml)\Z`
2025-11-07T06:54:28.0282042Z debug - 2025-11-07 06:54:28,027 -- Translating `codecov-result.json` into `(?s:codecov\-result\.json)\Z`
2025-11-07T06:54:28.0283057Z debug - 2025-11-07 06:54:28,027 -- Translating `codecov.*` into `(?s:codecov\.[^/]*)\Z`
2025-11-07T06:54:28.0283780Z debug - 2025-11-07 06:54:28,028 -- Translating `cover.out` into `(?s:cover\.out)\Z`
2025-11-07T06:54:28.0284614Z debug - 2025-11-07 06:54:28,028 -- Translating `coverage-final.json` into `(?s:coverage\-final\.json)\Z`
2025-11-07T06:54:28.0285499Z debug - 2025-11-07 06:54:28,028 -- Translating `excoveralls.json` into `(?s:excoveralls\.json)\Z`
2025-11-07T06:54:28.0286341Z debug - 2025-11-07 06:54:28,028 -- Translating `gcov.info` into `(?s:gcov\.info)\Z`
2025-11-07T06:54:28.0287127Z debug - 2025-11-07 06:54:28,028 -- Translating `jacoco*.xml` into `(?s:jacoco[^/]*\.xml)\Z`
2025-11-07T06:54:28.0287987Z debug - 2025-11-07 06:54:28,028 -- Translating `lcov.dat` into `(?s:lcov\.dat)\Z`
2025-11-07T06:54:28.0288719Z debug - 2025-11-07 06:54:28,028 -- Translating `pylcov.dat` into `(?s:pylcov\.dat)\Z`
2025-11-07T06:54:28.0289787Z debug - 2025-11-07 06:54:28,028 -- Translating `lcov.info` into `(?s:lcov\.info)\Z`
2025-11-07T06:54:28.0290614Z debug - 2025-11-07 06:54:28,028 -- Translating `luacov.report.out` into `(?s:luacov\.report\.out)\Z`
2025-11-07T06:54:28.0291401Z debug - 2025-11-07 06:54:28,028 -- Translating `naxsi.info` into `(?s:naxsi\.info)\Z`
2025-11-07T06:54:28.0292536Z debug - 2025-11-07 06:54:28,029 -- Translating `nosetests.xml` into `(?s:nosetests\.xml)\Z`
2025-11-07T06:54:28.0293443Z debug - 2025-11-07 06:54:28,029 -- Translating `report.xml` into `(?s:report\.xml)\Z`
2025-11-07T06:54:28.0294319Z debug - 2025-11-07 06:54:28,029 -- Translating `test_cov.xml` into `(?s:test_cov\.xml)\Z`
2025-11-07T06:54:28.0342336Z info - 2025-11-07 06:54:28,034 -- Found 4 coverage files to report
2025-11-07T06:54:28.0343707Z debug - 2025-11-07 06:54:28,034 -- Found 182 network files to report, (182 without filtering)
2025-11-07T06:54:28.0344902Z info - 2025-11-07 06:54:28,034 -- > /home/runner/work/financial-asset-relationship-db/financial-asset-relationship-db/frontend/coverage/lcov.info
2025-11-07T06:54:28.0346186Z info - 2025-11-07 06:54:28,034 -- > /home/runner/work/financial-asset-relationship-db/financial-asset-relationship-db/coverage.xml
2025-11-07T06:54:28.0347614Z info - 2025-11-07 06:54:28,034 -- > /home/runner/work/financial-asset-relationship-db/financial-asset-relationship-db/frontend/coverage/coverage-final.json
2025-11-07T06:54:28.0349611Z info - 2025-11-07 06:54:28,034 -- > /home/runner/work/financial-asset-relationship-db/financial-asset-relationship-db/frontend/coverage/clover.xml
2025-11-07T06:54:28.0385420Z debug - 2025-11-07 06:54:28,038 -- Selected uploader to use: <class 'codecov_cli.services.upload.upload_sender.UploadSender'>
2025-11-07T06:54:28.0396597Z debug - 2025-11-07 06:54:28,039 -- Sending upload request to Codecov
2025-11-07T06:54:28.2028390Z info - 2025-11-07 06:54:28,202 -- Process Upload complete
2025-11-07T06:54:28.2030668Z debug - 2025-11-07 06:54:28,202 -- Upload result --- {"result": "RequestResult(error=RequestError(code='HTTP Error 400', params={}, description='{\"message\":\"Token required - not valid tokenless upload\"}\\n'), warnings=[], status_code=400, text='{\"message\":\"Token required - not valid tokenless upload\"}\\n')"}
2025-11-07T06:54:28.2032168Z error - 2025-11-07 06:54:28,202 -- Upload failed: {"message":"Token required - not valid tokenless upload"}
2025-11-07T06:54:28.3107781Z Sentry is attempting to send 3 pending events
2025-11-07T06:54:28.3108191Z Waiting up to 2 seconds
2025-11-07T06:54:28.3108418Z Press Ctrl-C to quit
2025-11-07T06:54:28.4274417Z Post job cleanup.
2025-11-07T06:54:28.4305649Z Post job cleanup.
2025-11-07T06:54:28.6029120Z [command]/usr/bin/tar --posix -cf cache.tzst --exclude cache.tzst -P -C /home/runner/work/financial-asset-relationship-db/financial-asset-relationship-db --files-from manifest.txt --use-compress-program zstdmt
2025-11-07T06:54:30.1227667Z Sent 0 of 187461945 (0.0%), 0.0 MBs/sec
2025-11-07T06:54:30.7209786Z Sent 187461945 of 187461945 (100.0%), 111.9 MBs/sec
2025-11-07T06:54:30.8547625Z Cache saved with the key: setup-python-Linux-x64-24.04-Ubuntu-python-3.11.14-pip-2dbad9a09919b5ad6540e3f1a0eb36a31a24915ece20733f1f752ee8ee463861
2025-11-07T06:54:30.8658412Z Post job cleanup.
2025-11-07T06:54:30.9600382Z [command]/usr/bin/git version
2025-11-07T06:54:30.9644442Z git version 2.51.2
2025-11-07T06:54:30.9681966Z Copying '/home/runner/.gitconfig' to '/home/runner/work/_temp/377a1643-1e0d-4403-8bca-38d6311336c8/.gitconfig'
2025-11-07T06:54:30.9692283Z Temporarily overriding HOME='/home/runner/work/_temp/377a1643-1e0d-4403-8bca-38d6311336c8' before making global git config changes
2025-11-07T06:54:30.9693596Z Adding repository directory to the temporary git global config as a safe directory
2025-11-07T06:54:30.9699139Z [command]/usr/bin/git config --global --add safe.directory /home/runner/work/financial-asset-relationship-db/financial-asset-relationship-db
2025-11-07T06:54:30.9734736Z [command]/usr/bin/git config --local --name-only --get-regexp core\.sshCommand
2025-11-07T06:54:30.9767086Z [command]/usr/bin/git submodule foreach --recursive sh -c "git config --local --name-only --get-regexp 'core\.sshCommand' && git config --local --unset-all 'core.sshCommand' || :"
2025-11-07T06:54:30.9998189Z [command]/usr/bin/git config --local --name-only --get-regexp http\.https\:\/\/github\.com\/\.extraheader
2025-11-07T06:54:31.0019935Z http.https://github.com/.extraheader
2025-11-07T06:54:31.0033478Z [command]/usr/bin/git config --local --unset-all http.https://github.com/.extraheader
2025-11-07T06:54:31.0065302Z [command]/usr/bin/git submodule foreach --recursive sh -c "git config --local --name-only --get-regexp 'http\.https\:\/\/github\.com\/\.extraheader' && git config --local --unset-all 'http.https://github.com/.extraheader' || :"
2025-11-07T06:54:31.0398456Z Cleaning up orphan processes
