2025-11-07T06:53:13.6940791Z Current runner version: '2.329.0'
2025-11-07T06:53:13.6967065Z ##[group]Runner Image Provisioner
2025-11-07T06:53:13.6967876Z Hosted Compute Agent
2025-11-07T06:53:13.6968461Z Version: 20251016.436
2025-11-07T06:53:13.6969146Z Commit: 8ab8ac8bfd662a3739dab9fe09456aba92132568
2025-11-07T06:53:13.6969876Z Build Date: 2025-10-15T20:44:12Z
2025-11-07T06:53:13.6970495Z ##[endgroup]
2025-11-07T06:53:13.6971259Z ##[group]Operating System
2025-11-07T06:53:13.6971897Z Ubuntu
2025-11-07T06:53:13.6972375Z 24.04.3
2025-11-07T06:53:13.6972916Z LTS
2025-11-07T06:53:13.6973391Z ##[endgroup]
2025-11-07T06:53:13.6973904Z ##[group]Runner Image
2025-11-07T06:53:13.6974535Z Image: ubuntu-24.04
2025-11-07T06:53:13.6975057Z Version: 20251030.96.2
2025-11-07T06:53:13.6976099Z Included Software: https://github.com/actions/runner-images/blob/ubuntu24/20251030.96/images/ubuntu/Ubuntu2404-Readme.md
2025-11-07T06:53:13.6977705Z Image Release: https://github.com/actions/runner-images/releases/tag/ubuntu24%2F20251030.96
2025-11-07T06:53:13.6978700Z ##[endgroup]
2025-11-07T06:53:13.6979816Z ##[group]GITHUB_TOKEN Permissions
2025-11-07T06:53:13.6981984Z Contents: read
2025-11-07T06:53:13.6982688Z Metadata: read
2025-11-07T06:53:13.6983322Z ##[endgroup]
2025-11-07T06:53:13.6985434Z Secret source: Actions
2025-11-07T06:53:13.6986175Z Prepare workflow directory
2025-11-07T06:53:13.7329982Z Prepare all required actions
2025-11-07T06:53:13.7369686Z Getting action download info
2025-11-07T06:53:14.0865157Z Download action repository 'actions/checkout@v4' (SHA:08eba0b27e820071cde6df949e0beb9ba4906955)
2025-11-07T06:53:14.2866141Z Download action repository 'codecov/codecov-action@v4' (SHA:b9fd7d16f6d7d1b5d2bec1a2887e65ceed900238)
2025-11-07T06:53:14.9895033Z Complete job name: Test Python 3.8
2025-11-07T06:53:15.0640275Z ##[group]Run actions/checkout@v4
2025-11-07T06:53:15.0641930Z with:
2025-11-07T06:53:15.0642939Z   repository: mohavro/financial-asset-relationship-db
2025-11-07T06:53:15.0644667Z   token: ***
2025-11-07T06:53:15.0645490Z   ssh-strict: true
2025-11-07T06:53:15.0646425Z   ssh-user: git
2025-11-07T06:53:15.0647278Z   persist-credentials: true
2025-11-07T06:53:15.0648215Z   clean: true
2025-11-07T06:53:15.0649062Z   sparse-checkout-cone-mode: true
2025-11-07T06:53:15.0650086Z   fetch-depth: 1
2025-11-07T06:53:15.0651062Z   fetch-tags: false
2025-11-07T06:53:15.0651925Z   show-progress: true
2025-11-07T06:53:15.0652798Z   lfs: false
2025-11-07T06:53:15.0653581Z   submodules: false
2025-11-07T06:53:15.0654442Z   set-safe-directory: true
2025-11-07T06:53:15.0655774Z ##[endgroup]
2025-11-07T06:53:15.1779858Z Syncing repository: mohavro/financial-asset-relationship-db
2025-11-07T06:53:15.1783893Z ##[group]Getting Git version info
2025-11-07T06:53:15.1787143Z Working directory is '/home/runner/work/financial-asset-relationship-db/financial-asset-relationship-db'
2025-11-07T06:53:15.1791884Z [command]/usr/bin/git version
2025-11-07T06:53:15.1861850Z git version 2.51.2
2025-11-07T06:53:15.1889064Z ##[endgroup]
2025-11-07T06:53:15.1904496Z Temporarily overriding HOME='/home/runner/work/_temp/f07b2fe2-1a01-4339-8398-32a4adadd68e' before making global git config changes
2025-11-07T06:53:15.1907448Z Adding repository directory to the temporary git global config as a safe directory
2025-11-07T06:53:15.1912333Z [command]/usr/bin/git config --global --add safe.directory /home/runner/work/financial-asset-relationship-db/financial-asset-relationship-db
2025-11-07T06:53:15.1951588Z Deleting the contents of '/home/runner/work/financial-asset-relationship-db/financial-asset-relationship-db'
2025-11-07T06:53:15.1956462Z ##[group]Initializing the repository
2025-11-07T06:53:15.1959621Z [command]/usr/bin/git init /home/runner/work/financial-asset-relationship-db/financial-asset-relationship-db
2025-11-07T06:53:15.2078903Z hint: Using 'master' as the name for the initial branch. This default branch name
2025-11-07T06:53:15.2081257Z hint: is subject to change. To configure the initial branch name to use in all
2025-11-07T06:53:15.2083370Z hint: of your new repositories, which will suppress this warning, call:
2025-11-07T06:53:15.2085416Z hint:
2025-11-07T06:53:15.2086392Z hint: 	git config --global init.defaultBranch <name>
2025-11-07T06:53:15.2087588Z hint:
2025-11-07T06:53:15.2088916Z hint: Names commonly chosen instead of 'master' are 'main', 'trunk' and
2025-11-07T06:53:15.2090846Z hint: 'development'. The just-created branch can be renamed via this command:
2025-11-07T06:53:15.2092498Z hint:
2025-11-07T06:53:15.2093287Z hint: 	git branch -m <name>
2025-11-07T06:53:15.2094373Z hint:
2025-11-07T06:53:15.2095800Z hint: Disable this message with "git config set advice.defaultBranchName false"
2025-11-07T06:53:15.2098537Z Initialized empty Git repository in /home/runner/work/financial-asset-relationship-db/financial-asset-relationship-db/.git/
2025-11-07T06:53:15.2103111Z [command]/usr/bin/git remote add origin https://github.com/mohavro/financial-asset-relationship-db
2025-11-07T06:53:15.2132728Z ##[endgroup]
2025-11-07T06:53:15.2134172Z ##[group]Disabling automatic garbage collection
2025-11-07T06:53:15.2136042Z [command]/usr/bin/git config --local gc.auto 0
2025-11-07T06:53:15.2165042Z ##[endgroup]
2025-11-07T06:53:15.2166388Z ##[group]Setting up auth
2025-11-07T06:53:15.2171804Z [command]/usr/bin/git config --local --name-only --get-regexp core\.sshCommand
2025-11-07T06:53:15.2201819Z [command]/usr/bin/git submodule foreach --recursive sh -c "git config --local --name-only --get-regexp 'core\.sshCommand' && git config --local --unset-all 'core.sshCommand' || :"
2025-11-07T06:53:15.2570421Z [command]/usr/bin/git config --local --name-only --get-regexp http\.https\:\/\/github\.com\/\.extraheader
2025-11-07T06:53:15.2603717Z [command]/usr/bin/git submodule foreach --recursive sh -c "git config --local --name-only --get-regexp 'http\.https\:\/\/github\.com\/\.extraheader' && git config --local --unset-all 'http.https://github.com/.extraheader' || :"
2025-11-07T06:53:15.2834642Z [command]/usr/bin/git config --local http.https://github.com/.extraheader AUTHORIZATION: basic ***
2025-11-07T06:53:15.2871794Z ##[endgroup]
2025-11-07T06:53:15.2873211Z ##[group]Fetching the repository
2025-11-07T06:53:15.2880771Z [command]/usr/bin/git -c protocol.version=2 fetch --no-tags --prune --no-recurse-submodules --depth=1 origin +f6c5dd2318074fd903c3ad6ca3549b24b31ef2ea:refs/remotes/pull/96/merge
2025-11-07T06:53:15.5865540Z From https://github.com/mohavro/financial-asset-relationship-db
2025-11-07T06:53:15.5870231Z  * [new ref]         f6c5dd2318074fd903c3ad6ca3549b24b31ef2ea -> pull/96/merge
2025-11-07T06:53:15.5900699Z ##[endgroup]
2025-11-07T06:53:15.5904035Z ##[group]Determining the checkout info
2025-11-07T06:53:15.5906562Z ##[endgroup]
2025-11-07T06:53:15.5908914Z [command]/usr/bin/git sparse-checkout disable
2025-11-07T06:53:15.5951822Z [command]/usr/bin/git config --local --unset-all extensions.worktreeConfig
2025-11-07T06:53:15.5981903Z ##[group]Checking out the ref
2025-11-07T06:53:15.5985102Z [command]/usr/bin/git checkout --progress --force refs/remotes/pull/96/merge
2025-11-07T06:53:15.6134530Z Note: switching to 'refs/remotes/pull/96/merge'.
2025-11-07T06:53:15.6135635Z 
2025-11-07T06:53:15.6136464Z You are in 'detached HEAD' state. You can look around, make experimental
2025-11-07T06:53:15.6139563Z changes and commit them, and you can discard any commits you make in this
2025-11-07T06:53:15.6143609Z state without impacting any branches by switching back to a branch.
2025-11-07T06:53:15.6145929Z 
2025-11-07T06:53:15.6147219Z If you want to create a new branch to retain commits you create, you may
2025-11-07T06:53:15.6150159Z do so (now or later) by using -c with the switch command. Example:
2025-11-07T06:53:15.6151982Z 
2025-11-07T06:53:15.6152607Z   git switch -c <new-branch-name>
2025-11-07T06:53:15.6153722Z 
2025-11-07T06:53:15.6154312Z Or undo this operation with:
2025-11-07T06:53:15.6154966Z 
2025-11-07T06:53:15.6155326Z   git switch -
2025-11-07T06:53:15.6155824Z 
2025-11-07T06:53:15.6156596Z Turn off this advice by setting config variable advice.detachedHead to false
2025-11-07T06:53:15.6158040Z 
2025-11-07T06:53:15.6159826Z HEAD is now at f6c5dd2 Merge a3fac3fb060a1e01138d9d2f7cf5a974ea3df945 into a6b17adc9ab64a141f684f2d53022b9512cd3167
2025-11-07T06:53:15.6164626Z ##[endgroup]
2025-11-07T06:53:15.6181199Z [command]/usr/bin/git log -1 --format=%H
2025-11-07T06:53:15.6202943Z f6c5dd2318074fd903c3ad6ca3549b24b31ef2ea
2025-11-07T06:53:15.6565772Z Prepare all required actions
2025-11-07T06:53:15.6566941Z Getting action download info
2025-11-07T06:53:15.8317758Z Download action repository 'actions/setup-python@v5' (SHA:a26af69be951a213d495a4c3e4e4022e16d87065)
2025-11-07T06:53:15.9681854Z Download action repository 'actions/setup-node@v4' (SHA:49933ea5288caeca8642d1e84afbd3f7d6820020)
2025-11-07T06:53:16.1469182Z ##[group]Run ./.github/actions/ci-common
2025-11-07T06:53:16.1470195Z with:
2025-11-07T06:53:16.1470887Z   language: python
2025-11-07T06:53:16.1471878Z   python-version: 3.8
2025-11-07T06:53:16.1472934Z   dependency-paths: requirements.txt
requirements-dev.txt

2025-11-07T06:53:16.1474982Z   install: python -m pip install --upgrade pip && \
pip install -r requirements.txt && \
pip install -r requirements-dev.txt

2025-11-07T06:53:16.1478869Z   test: flake8 . --count --select=E9,F63,F7,F82 --show-source --statistics && \
flake8 . --count --statistics && \
black --check --diff . && \
isort --check-only --diff . && \
pylint src/ --fail-under=7.0 && \
pytest --cov=src --cov-report=xml --cov-report=term-missing -v

2025-11-07T06:53:16.1482054Z   working-directory: .
2025-11-07T06:53:16.1482853Z ##[endgroup]
2025-11-07T06:53:16.1708179Z ##[group]Run actions/setup-python@v5
2025-11-07T06:53:16.1709149Z with:
2025-11-07T06:53:16.1709860Z   python-version: 3.8
2025-11-07T06:53:16.1710648Z   cache: pip
2025-11-07T06:53:16.1711906Z   cache-dependency-path: requirements.txt
requirements-dev.txt

2025-11-07T06:53:16.1713164Z   check-latest: false
2025-11-07T06:53:16.1714202Z   token: ***
2025-11-07T06:53:16.1714953Z   update-environment: true
2025-11-07T06:53:16.1715849Z   allow-prereleases: false
2025-11-07T06:53:16.1716728Z   freethreaded: false
2025-11-07T06:53:16.1717512Z ##[endgroup]
2025-11-07T06:53:16.3405331Z ##[group]Installed versions
2025-11-07T06:53:16.4445298Z Version 3.8 was not found in the local cache
2025-11-07T06:53:16.9256957Z Version 3.8 is available for downloading
2025-11-07T06:53:16.9259357Z Download from "https://github.com/actions/python-versions/releases/download/3.8.18-12303122501/python-3.8.18-linux-24.04-x64.tar.gz"
2025-11-07T06:53:17.5150624Z Extract downloaded archive
2025-11-07T06:53:17.5260219Z [command]/usr/bin/tar xz --warning=no-unknown-keyword --overwrite -C /home/runner/work/_temp/5a6019d2-c362-493b-ad14-117caac27d45 -f /home/runner/work/_temp/3f79a879-1998-4c5e-9d6f-7b914a6d0431
2025-11-07T06:53:18.8372125Z Execute installation script
2025-11-07T06:53:18.8465644Z Check if Python hostedtoolcache folder exist...
2025-11-07T06:53:18.8466054Z Create Python 3.8.18 folder
2025-11-07T06:53:18.8488223Z Copy Python binaries to hostedtoolcache folder
2025-11-07T06:53:19.3377685Z Create additional symlinks (Required for the UsePythonVersion Azure Pipelines task and the setup-python GitHub Action)
2025-11-07T06:53:19.3419560Z Upgrading pip...
2025-11-07T06:53:21.1674038Z Looking in links: /tmp/tmpodsfc9p4
2025-11-07T06:53:21.1678339Z Requirement already satisfied: setuptools in /opt/hostedtoolcache/Python/3.8.18/x64/lib/python3.8/site-packages (56.0.0)
2025-11-07T06:53:21.1683188Z Requirement already satisfied: pip in /opt/hostedtoolcache/Python/3.8.18/x64/lib/python3.8/site-packages (23.0.1)
2025-11-07T06:53:22.2589877Z Collecting pip
2025-11-07T06:53:22.3016310Z Downloading pip-25.0.1-py3-none-any.whl (1.8 MB)
2025-11-07T06:53:22.3378849Z ━━━━━━━━━━━━━━━━━━━━━━━━━━━━━━━━━━━━━━━━ 1.8/1.8 MB 55.3 MB/s eta 0:00:00
2025-11-07T06:53:22.3379710Z 
2025-11-07T06:53:22.3732164Z Installing collected packages: pip
2025-11-07T06:53:22.3733269Z Attempting uninstall: pip
2025-11-07T06:53:22.3739803Z Found existing installation: pip 23.0.1
2025-11-07T06:53:22.5557456Z Uninstalling pip-23.0.1:
2025-11-07T06:53:22.5630538Z Successfully uninstalled pip-23.0.1
2025-11-07T06:53:23.2877625Z Successfully installed pip-25.0.1
2025-11-07T06:53:23.3399366Z Create complete file
2025-11-07T06:53:23.3443833Z Successfully set up CPython (3.8.18)
2025-11-07T06:53:23.3444541Z ##[endgroup]
2025-11-07T06:53:23.3686816Z [command]/opt/hostedtoolcache/Python/3.8.18/x64/bin/pip cache dir
2025-11-07T06:53:23.5284634Z /home/runner/.cache/pip
2025-11-07T06:53:23.6283178Z pip cache is not found
2025-11-07T06:53:23.6493188Z ##[group]Run set -euo pipefail
2025-11-07T06:53:23.6493531Z [36;1mset -euo pipefail[0m
2025-11-07T06:53:23.6493885Z [36;1meval "python -m pip install --upgrade pip && \[0m
2025-11-07T06:53:23.6494223Z [36;1mpip install -r requirements.txt && \[0m
2025-11-07T06:53:23.6494511Z [36;1mpip install -r requirements-dev.txt[0m
2025-11-07T06:53:23.6494753Z [36;1m"[0m
2025-11-07T06:53:23.6533112Z shell: /usr/bin/bash --noprofile --norc -e -o pipefail {0}
2025-11-07T06:53:23.6533452Z env:
2025-11-07T06:53:23.6533707Z   pythonLocation: /opt/hostedtoolcache/Python/3.8.18/x64
2025-11-07T06:53:23.6534128Z   PKG_CONFIG_PATH: /opt/hostedtoolcache/Python/3.8.18/x64/lib/pkgconfig
2025-11-07T06:53:23.6534520Z   Python_ROOT_DIR: /opt/hostedtoolcache/Python/3.8.18/x64
2025-11-07T06:53:23.6534860Z   Python2_ROOT_DIR: /opt/hostedtoolcache/Python/3.8.18/x64
2025-11-07T06:53:23.6535194Z   Python3_ROOT_DIR: /opt/hostedtoolcache/Python/3.8.18/x64
2025-11-07T06:53:23.6535524Z   LD_LIBRARY_PATH: /opt/hostedtoolcache/Python/3.8.18/x64/lib
2025-11-07T06:53:23.6535831Z ##[endgroup]
2025-11-07T06:53:24.0215473Z Requirement already satisfied: pip in /opt/hostedtoolcache/Python/3.8.18/x64/lib/python3.8/site-packages (25.0.1)
2025-11-07T06:53:24.6470302Z Collecting gradio>=4.0.0 (from -r requirements.txt (line 1))
2025-11-07T06:53:24.6617548Z   Downloading gradio-4.44.1-py3-none-any.whl.metadata (15 kB)
2025-11-07T06:53:24.7098902Z Collecting plotly>=5.0.0 (from -r requirements.txt (line 2))
2025-11-07T06:53:24.7137311Z   Downloading plotly-6.4.0-py3-none-any.whl.metadata (8.5 kB)
2025-11-07T06:53:24.9030444Z Collecting numpy>=1.21.0 (from -r requirements.txt (line 3))
2025-11-07T06:53:24.9097765Z   Downloading numpy-1.24.4-cp38-cp38-manylinux_2_17_x86_64.manylinux2014_x86_64.whl.metadata (5.6 kB)
2025-11-07T06:53:24.9349200Z Collecting dataclasses-json>=0.5.7 (from -r requirements.txt (line 4))
2025-11-07T06:53:24.9386213Z   Downloading dataclasses_json-0.6.7-py3-none-any.whl.metadata (25 kB)
2025-11-07T06:53:24.9714289Z Collecting yfinance>=0.2.0 (from -r requirements.txt (line 5))
2025-11-07T06:53:24.9752972Z   Downloading yfinance-0.2.66-py2.py3-none-any.whl.metadata (6.0 kB)
2025-11-07T06:53:25.0061498Z Collecting requests>=2.28.0 (from -r requirements.txt (line 6))
2025-11-07T06:53:25.0100845Z   Downloading requests-2.32.4-py3-none-any.whl.metadata (4.9 kB)
2025-11-07T06:53:25.1296590Z Collecting pandas>=1.5.0 (from -r requirements.txt (line 7))
2025-11-07T06:53:25.1350243Z   Downloading pandas-2.0.3-cp38-cp38-manylinux_2_17_x86_64.manylinux2014_x86_64.whl.metadata (18 kB)
2025-11-07T06:53:25.2352176Z Collecting fastapi>=0.104.0 (from -r requirements.txt (line 8))
2025-11-07T06:53:25.2392754Z   Downloading fastapi-0.121.0-py3-none-any.whl.metadata (28 kB)
2025-11-07T06:53:25.2756376Z Collecting uvicorn>=0.24.0 (from uvicorn[standard]>=0.24.0->-r requirements.txt (line 9))
2025-11-07T06:53:25.2793729Z   Downloading uvicorn-0.33.0-py3-none-any.whl.metadata (6.6 kB)
2025-11-07T06:53:25.3970551Z Collecting pydantic>=2.4.0 (from -r requirements.txt (line 10))
2025-11-07T06:53:25.4009920Z   Downloading pydantic-2.10.6-py3-none-any.whl.metadata (30 kB)
2025-11-07T06:53:25.4240034Z Collecting PyJWT>=2.8.0 (from -r requirements.txt (line 12))
2025-11-07T06:53:25.4276754Z   Downloading PyJWT-2.9.0-py3-none-any.whl.metadata (3.0 kB)
2025-11-07T06:53:25.4422102Z Collecting passlib>=1.7.4 (from passlib[bcrypt]>=1.7.4->-r requirements.txt (line 13))
2025-11-07T06:53:25.4460860Z   Downloading passlib-1.7.4-py2.py3-none-any.whl.metadata (1.7 kB)
2025-11-07T06:53:25.4592564Z Collecting slowapi>=0.1.4 (from -r requirements.txt (line 14))
2025-11-07T06:53:25.4629056Z   Downloading slowapi-0.1.9-py3-none-any.whl.metadata (3.0 kB)
2025-11-07T06:53:25.4840400Z Collecting httpx>=0.24.0 (from -r requirements.txt (line 16))
2025-11-07T06:53:25.4879522Z   Downloading httpx-0.28.1-py3-none-any.whl.metadata (7.1 kB)
2025-11-07T06:53:25.5059904Z Collecting aiofiles<24.0,>=22.0 (from gradio>=4.0.0->-r requirements.txt (line 1))
2025-11-07T06:53:25.5096970Z   Downloading aiofiles-23.2.1-py3-none-any.whl.metadata (9.7 kB)
2025-11-07T06:53:25.5323542Z Collecting anyio<5.0,>=3.0 (from gradio>=4.0.0->-r requirements.txt (line 1))
2025-11-07T06:53:25.5359055Z   Downloading anyio-4.5.2-py3-none-any.whl.metadata (4.7 kB)
2025-11-07T06:53:25.5754368Z Collecting ffmpy (from gradio>=4.0.0->-r requirements.txt (line 1))
2025-11-07T06:53:25.5802923Z   Downloading ffmpy-0.5.0-py3-none-any.whl.metadata (3.0 kB)
2025-11-07T06:53:25.6062622Z Collecting gradio-client==1.3.0 (from gradio>=4.0.0->-r requirements.txt (line 1))
2025-11-07T06:53:25.6105189Z   Downloading gradio_client-1.3.0-py3-none-any.whl.metadata (7.1 kB)
2025-11-07T06:53:25.6618497Z Collecting huggingface-hub>=0.19.3 (from gradio>=4.0.0->-r requirements.txt (line 1))
2025-11-07T06:53:25.6655124Z   Downloading huggingface_hub-0.36.0-py3-none-any.whl.metadata (14 kB)
2025-11-07T06:53:25.7322766Z Collecting importlib-resources<7.0,>=1.3 (from gradio>=4.0.0->-r requirements.txt (line 1))
2025-11-07T06:53:25.7358728Z   Downloading importlib_resources-6.4.5-py3-none-any.whl.metadata (4.0 kB)
2025-11-07T06:53:25.7567041Z Collecting jinja2<4.0 (from gradio>=4.0.0->-r requirements.txt (line 1))
2025-11-07T06:53:25.7603797Z   Downloading jinja2-3.1.6-py3-none-any.whl.metadata (2.9 kB)
2025-11-07T06:53:25.8145481Z Collecting markupsafe~=2.0 (from gradio>=4.0.0->-r requirements.txt (line 1))
2025-11-07T06:53:25.8184748Z   Downloading MarkupSafe-2.1.5-cp38-cp38-manylinux_2_17_x86_64.manylinux2014_x86_64.whl.metadata (3.0 kB)
2025-11-07T06:53:25.9780532Z Collecting matplotlib~=3.0 (from gradio>=4.0.0->-r requirements.txt (line 1))
2025-11-07T06:53:25.9830742Z   Downloading matplotlib-3.7.5-cp38-cp38-manylinux_2_12_x86_64.manylinux2010_x86_64.whl.metadata (5.7 kB)
2025-11-07T06:53:26.2627099Z Collecting orjson~=3.0 (from gradio>=4.0.0->-r requirements.txt (line 1))
2025-11-07T06:53:26.2672299Z   Downloading orjson-3.10.15-cp38-cp38-manylinux_2_17_x86_64.manylinux2014_x86_64.whl.metadata (41 kB)
2025-11-07T06:53:26.2867616Z Collecting packaging (from gradio>=4.0.0->-r requirements.txt (line 1))
2025-11-07T06:53:26.2903616Z   Downloading packaging-25.0-py3-none-any.whl.metadata (3.3 kB)
2025-11-07T06:53:26.4966361Z Collecting pillow<11.0,>=8.0 (from gradio>=4.0.0->-r requirements.txt (line 1))
2025-11-07T06:53:26.5030891Z   Downloading pillow-10.4.0-cp38-cp38-manylinux_2_28_x86_64.whl.metadata (9.2 kB)
2025-11-07T06:53:26.5392154Z Collecting pydub (from gradio>=4.0.0->-r requirements.txt (line 1))
2025-11-07T06:53:26.5429438Z   Downloading pydub-0.25.1-py2.py3-none-any.whl.metadata (1.4 kB)
2025-11-07T06:53:26.5558287Z Collecting python-multipart>=0.0.9 (from gradio>=4.0.0->-r requirements.txt (line 1))
2025-11-07T06:53:26.5596430Z   Downloading python_multipart-0.0.20-py3-none-any.whl.metadata (1.8 kB)
2025-11-07T06:53:26.5979365Z Collecting pyyaml<7.0,>=5.0 (from gradio>=4.0.0->-r requirements.txt (line 1))
2025-11-07T06:53:26.6018625Z   Downloading PyYAML-6.0.3-cp38-cp38-manylinux2014_x86_64.manylinux_2_17_x86_64.manylinux_2_28_x86_64.whl.metadata (2.1 kB)
2025-11-07T06:53:26.9556910Z Collecting ruff>=0.2.2 (from gradio>=4.0.0->-r requirements.txt (line 1))
2025-11-07T06:53:26.9598850Z   Downloading ruff-0.14.4-py3-none-manylinux_2_17_x86_64.manylinux2014_x86_64.whl.metadata (25 kB)
2025-11-07T06:53:26.9780254Z Collecting semantic-version~=2.0 (from gradio>=4.0.0->-r requirements.txt (line 1))
2025-11-07T06:53:26.9818833Z   Downloading semantic_version-2.10.0-py2.py3-none-any.whl.metadata (9.7 kB)
2025-11-07T06:53:27.0023006Z Collecting tomlkit==0.12.0 (from gradio>=4.0.0->-r requirements.txt (line 1))
2025-11-07T06:53:27.0071918Z   Downloading tomlkit-0.12.0-py3-none-any.whl.metadata (2.7 kB)
2025-11-07T06:53:27.0600312Z Collecting typer<1.0,>=0.12 (from gradio>=4.0.0->-r requirements.txt (line 1))
2025-11-07T06:53:27.0643544Z   Downloading typer-0.20.0-py3-none-any.whl.metadata (16 kB)
2025-11-07T06:53:27.0880746Z Collecting typing-extensions~=4.0 (from gradio>=4.0.0->-r requirements.txt (line 1))
2025-11-07T06:53:27.0918324Z   Downloading typing_extensions-4.13.2-py3-none-any.whl.metadata (3.0 kB)
2025-11-07T06:53:27.1196388Z Collecting urllib3~=2.0 (from gradio>=4.0.0->-r requirements.txt (line 1))
2025-11-07T06:53:27.1233508Z   Downloading urllib3-2.2.3-py3-none-any.whl.metadata (6.5 kB)
2025-11-07T06:53:27.1592359Z Collecting fsspec (from gradio-client==1.3.0->gradio>=4.0.0->-r requirements.txt (line 1))
2025-11-07T06:53:27.1629357Z   Downloading fsspec-2025.3.0-py3-none-any.whl.metadata (11 kB)
2025-11-07T06:53:27.2958322Z Collecting websockets<13.0,>=10.0 (from gradio-client==1.3.0->gradio>=4.0.0->-r requirements.txt (line 1))
2025-11-07T06:53:27.3020608Z   Downloading websockets-12.0-cp38-cp38-manylinux_2_5_x86_64.manylinux1_x86_64.manylinux_2_17_x86_64.manylinux2014_x86_64.whl.metadata (6.6 kB)
2025-11-07T06:53:27.3822032Z Collecting narwhals>=1.15.1 (from plotly>=5.0.0->-r requirements.txt (line 2))
2025-11-07T06:53:27.3883755Z   Downloading narwhals-1.42.1-py3-none-any.whl.metadata (11 kB)
2025-11-07T06:53:27.4594151Z Collecting marshmallow<4.0.0,>=3.18.0 (from dataclasses-json>=0.5.7->-r requirements.txt (line 4))
2025-11-07T06:53:27.4636905Z   Downloading marshmallow-3.22.0-py3-none-any.whl.metadata (7.2 kB)
2025-11-07T06:53:27.5490775Z Collecting typing-inspect<1,>=0.4.0 (from dataclasses-json>=0.5.7->-r requirements.txt (line 4))
2025-11-07T06:53:27.5527787Z   Downloading typing_inspect-0.9.0-py3-none-any.whl.metadata (1.5 kB)
2025-11-07T06:53:27.6318802Z Collecting multitasking>=0.0.7 (from yfinance>=0.2.0->-r requirements.txt (line 5))
2025-11-07T06:53:27.6366274Z   Downloading multitasking-0.0.12.tar.gz (19 kB)
2025-11-07T06:53:27.6867848Z   Installing build dependencies: started
2025-11-07T06:53:28.9332428Z   Installing build dependencies: finished with status 'done'
2025-11-07T06:53:28.9342645Z   Getting requirements to build wheel: started
2025-11-07T06:53:29.1126590Z   Getting requirements to build wheel: finished with status 'done'
2025-11-07T06:53:29.1141529Z   Preparing metadata (pyproject.toml): started
2025-11-07T06:53:29.2933451Z   Preparing metadata (pyproject.toml): finished with status 'done'
2025-11-07T06:53:29.3157238Z Collecting platformdirs>=2.0.0 (from yfinance>=0.2.0->-r requirements.txt (line 5))
2025-11-07T06:53:29.3197275Z   Downloading platformdirs-4.3.6-py3-none-any.whl.metadata (11 kB)
2025-11-07T06:53:29.3651849Z Collecting pytz>=2022.5 (from yfinance>=0.2.0->-r requirements.txt (line 5))
2025-11-07T06:53:29.3692111Z   Downloading pytz-2025.2-py2.py3-none-any.whl.metadata (22 kB)
2025-11-07T06:53:29.4119262Z Collecting frozendict>=2.3.4 (from yfinance>=0.2.0->-r requirements.txt (line 5))
2025-11-07T06:53:29.4173052Z   Downloading frozendict-2.4.6-cp38-cp38-manylinux_2_17_x86_64.manylinux2014_x86_64.whl.metadata (23 kB)
2025-11-07T06:53:29.4414503Z Collecting peewee>=3.16.2 (from yfinance>=0.2.0->-r requirements.txt (line 5))
2025-11-07T06:53:29.4454626Z   Downloading peewee-3.18.3.tar.gz (3.0 MB)
2025-11-07T06:53:29.4660307Z      ━━━━━━━━━━━━━━━━━━━━━━━━━━━━━━━━━━━━━━━━ 3.0/3.0 MB 175.3 MB/s eta 0:00:00
2025-11-07T06:53:29.6477182Z   Installing build dependencies: started
2025-11-07T06:53:31.1076886Z   Installing build dependencies: finished with status 'done'
2025-11-07T06:53:31.1086730Z   Getting requirements to build wheel: started
2025-11-07T06:53:32.6617675Z   Getting requirements to build wheel: finished with status 'done'
2025-11-07T06:53:32.6631114Z   Preparing metadata (pyproject.toml): started
2025-11-07T06:53:32.8869376Z   Preparing metadata (pyproject.toml): finished with status 'done'
2025-11-07T06:53:32.9084589Z Collecting beautifulsoup4>=4.11.1 (from yfinance>=0.2.0->-r requirements.txt (line 5))
2025-11-07T06:53:32.9122170Z   Downloading beautifulsoup4-4.14.2-py3-none-any.whl.metadata (3.8 kB)
2025-11-07T06:53:32.9693174Z Collecting curl_cffi>=0.7 (from yfinance>=0.2.0->-r requirements.txt (line 5))
2025-11-07T06:53:32.9754681Z   Downloading curl_cffi-0.9.0-cp38-abi3-manylinux_2_17_x86_64.manylinux2014_x86_64.whl.metadata (13 kB)
2025-11-07T06:53:33.2080070Z Collecting protobuf>=3.19.0 (from yfinance>=0.2.0->-r requirements.txt (line 5))
2025-11-07T06:53:33.2127596Z   Downloading protobuf-5.29.5-cp38-abi3-manylinux2014_x86_64.whl.metadata (592 bytes)
2025-11-07T06:53:33.2202815Z INFO: pip is looking at multiple versions of yfinance to determine which version is compatible with other requirements. This could take a while.
2025-11-07T06:53:33.2207719Z Collecting yfinance>=0.2.0 (from -r requirements.txt (line 5))
2025-11-07T06:53:33.2258612Z   Downloading yfinance-0.2.65-py2.py3-none-any.whl.metadata (5.8 kB)
2025-11-07T06:53:33.2368857Z   Downloading yfinance-0.2.64-py2.py3-none-any.whl.metadata (5.8 kB)
2025-11-07T06:53:33.2494972Z   Downloading yfinance-0.2.63-py2.py3-none-any.whl.metadata (5.8 kB)
2025-11-07T06:53:33.2602931Z   Downloading yfinance-0.2.62-py2.py3-none-any.whl.metadata (5.8 kB)
2025-11-07T06:53:33.2703204Z   Downloading yfinance-0.2.61-py2.py3-none-any.whl.metadata (5.8 kB)
2025-11-07T06:53:33.2808053Z   Downloading yfinance-0.2.60-py2.py3-none-any.whl.metadata (5.8 kB)
2025-11-07T06:53:33.2909240Z   Downloading yfinance-0.2.59-py2.py3-none-any.whl.metadata (5.7 kB)
2025-11-07T06:53:33.3985385Z Collecting charset_normalizer<4,>=2 (from requests>=2.28.0->-r requirements.txt (line 6))
2025-11-07T06:53:33.4025745Z   Downloading charset_normalizer-3.4.4-cp38-cp38-manylinux2014_x86_64.manylinux_2_17_x86_64.manylinux_2_28_x86_64.whl.metadata (37 kB)
2025-11-07T06:53:33.4194192Z Collecting idna<4,>=2.5 (from requests>=2.28.0->-r requirements.txt (line 6))
2025-11-07T06:53:33.4232189Z   Downloading idna-3.11-py3-none-any.whl.metadata (8.4 kB)
2025-11-07T06:53:33.4585743Z Collecting certifi>=2017.4.17 (from requests>=2.28.0->-r requirements.txt (line 6))
2025-11-07T06:53:33.4624075Z   Downloading certifi-2025.10.5-py3-none-any.whl.metadata (2.5 kB)
2025-11-07T06:53:33.4786917Z Collecting python-dateutil>=2.8.2 (from pandas>=1.5.0->-r requirements.txt (line 7))
2025-11-07T06:53:33.4824273Z   Downloading python_dateutil-2.9.0.post0-py2.py3-none-any.whl.metadata (8.4 kB)
2025-11-07T06:53:33.5041846Z Collecting tzdata>=2022.1 (from pandas>=1.5.0->-r requirements.txt (line 7))
2025-11-07T06:53:33.5079918Z   Downloading tzdata-2025.2-py2.py3-none-any.whl.metadata (1.4 kB)
2025-11-07T06:53:33.5566382Z Collecting starlette<0.50.0,>=0.40.0 (from fastapi>=0.104.0->-r requirements.txt (line 8))
2025-11-07T06:53:33.5604470Z   Downloading starlette-0.44.0-py3-none-any.whl.metadata (6.3 kB)
2025-11-07T06:53:33.6008989Z Collecting annotated-doc>=0.0.2 (from fastapi>=0.104.0->-r requirements.txt (line 8))
2025-11-07T06:53:33.6049280Z   Downloading annotated_doc-0.0.3-py3-none-any.whl.metadata (6.6 kB)
2025-11-07T06:53:33.6256345Z Collecting click>=7.0 (from uvicorn>=0.24.0->uvicorn[standard]>=0.24.0->-r requirements.txt (line 9))
2025-11-07T06:53:33.6293321Z   Downloading click-8.1.8-py3-none-any.whl.metadata (2.3 kB)
2025-11-07T06:53:33.6418954Z Collecting h11>=0.8 (from uvicorn>=0.24.0->uvicorn[standard]>=0.24.0->-r requirements.txt (line 9))
2025-11-07T06:53:33.6456725Z   Downloading h11-0.16.0-py3-none-any.whl.metadata (8.3 kB)
2025-11-07T06:53:33.6657489Z Collecting annotated-types>=0.6.0 (from pydantic>=2.4.0->-r requirements.txt (line 10))
2025-11-07T06:53:33.6696523Z   Downloading annotated_types-0.7.0-py3-none-any.whl.metadata (15 kB)
2025-11-07T06:53:34.3978654Z Collecting pydantic-core==2.27.2 (from pydantic>=2.4.0->-r requirements.txt (line 10))
2025-11-07T06:53:34.4026840Z   Downloading pydantic_core-2.27.2-cp38-cp38-manylinux_2_17_x86_64.manylinux2014_x86_64.whl.metadata (6.6 kB)
2025-11-07T06:53:34.4452992Z Collecting limits>=2.3 (from slowapi>=0.1.4->-r requirements.txt (line 14))
2025-11-07T06:53:34.4505089Z   Downloading limits-3.13.0-py3-none-any.whl.metadata (7.2 kB)
2025-11-07T06:53:34.4832633Z Collecting httpcore==1.* (from httpx>=0.24.0->-r requirements.txt (line 16))
2025-11-07T06:53:34.4870208Z   Downloading httpcore-1.0.9-py3-none-any.whl.metadata (21 kB)
2025-11-07T06:53:34.5934191Z Collecting bcrypt>=3.1.0 (from passlib[bcrypt]>=1.7.4->-r requirements.txt (line 13))
2025-11-07T06:53:34.5990092Z   Downloading bcrypt-5.0.0-cp38-abi3-manylinux_2_34_x86_64.whl.metadata (10 kB)
2025-11-07T06:53:34.6344965Z Collecting httptools>=0.6.3 (from uvicorn[standard]>=0.24.0->-r requirements.txt (line 9))
2025-11-07T06:53:34.6397479Z   Downloading httptools-0.6.4-cp38-cp38-manylinux_2_5_x86_64.manylinux1_x86_64.manylinux_2_17_x86_64.manylinux2014_x86_64.whl.metadata (3.6 kB)
2025-11-07T06:53:34.6578719Z Collecting python-dotenv>=0.13 (from uvicorn[standard]>=0.24.0->-r requirements.txt (line 9))
2025-11-07T06:53:34.6616305Z   Downloading python_dotenv-1.0.1-py3-none-any.whl.metadata (23 kB)
2025-11-07T06:53:34.7110386Z Collecting uvloop!=0.15.0,!=0.15.1,>=0.14.0 (from uvicorn[standard]>=0.24.0->-r requirements.txt (line 9))
2025-11-07T06:53:34.7164075Z   Downloading uvloop-0.22.1-cp38-cp38-manylinux2014_x86_64.manylinux_2_17_x86_64.manylinux_2_28_x86_64.whl.metadata (4.9 kB)
2025-11-07T06:53:34.8002220Z Collecting watchfiles>=0.13 (from uvicorn[standard]>=0.24.0->-r requirements.txt (line 9))
2025-11-07T06:53:34.8059057Z   Downloading watchfiles-0.24.0-cp38-cp38-manylinux_2_17_x86_64.manylinux2014_x86_64.whl.metadata (4.9 kB)
2025-11-07T06:53:34.8319279Z Collecting sniffio>=1.1 (from anyio<5.0,>=3.0->gradio>=4.0.0->-r requirements.txt (line 1))
2025-11-07T06:53:34.8358089Z   Downloading sniffio-1.3.1-py3-none-any.whl.metadata (3.9 kB)
2025-11-07T06:53:34.8494306Z Collecting exceptiongroup>=1.0.2 (from anyio<5.0,>=3.0->gradio>=4.0.0->-r requirements.txt (line 1))
2025-11-07T06:53:34.8532961Z   Downloading exceptiongroup-1.3.0-py3-none-any.whl.metadata (6.7 kB)
2025-11-07T06:53:34.8789984Z Collecting soupsieve>1.2 (from beautifulsoup4>=4.11.1->yfinance>=0.2.0->-r requirements.txt (line 5))
2025-11-07T06:53:34.8826489Z   Downloading soupsieve-2.7-py3-none-any.whl.metadata (4.6 kB)
2025-11-07T06:53:34.9919113Z Collecting cffi>=1.12.0 (from curl_cffi>=0.7->yfinance>=0.2.0->-r requirements.txt (line 5))
2025-11-07T06:53:34.9961336Z   Downloading cffi-1.17.1-cp38-cp38-manylinux_2_17_x86_64.manylinux2014_x86_64.whl.metadata (1.5 kB)
2025-11-07T06:53:35.0292115Z Collecting filelock (from huggingface-hub>=0.19.3->gradio>=4.0.0->-r requirements.txt (line 1))
2025-11-07T06:53:35.0337944Z   Downloading filelock-3.16.1-py3-none-any.whl.metadata (2.9 kB)
2025-11-07T06:53:35.0828534Z Collecting tqdm>=4.42.1 (from huggingface-hub>=0.19.3->gradio>=4.0.0->-r requirements.txt (line 1))
2025-11-07T06:53:35.0868868Z   Downloading tqdm-4.67.1-py3-none-any.whl.metadata (57 kB)
2025-11-07T06:53:35.1338129Z Collecting hf-xet<2.0.0,>=1.1.3 (from huggingface-hub>=0.19.3->gradio>=4.0.0->-r requirements.txt (line 1))
2025-11-07T06:53:35.1377907Z   Downloading hf_xet-1.2.0-cp37-abi3-manylinux_2_17_x86_64.manylinux2014_x86_64.whl.metadata (4.9 kB)
2025-11-07T06:53:35.1624138Z Collecting zipp>=3.1.0 (from importlib-resources<7.0,>=1.3->gradio>=4.0.0->-r requirements.txt (line 1))
2025-11-07T06:53:35.1660737Z   Downloading zipp-3.20.2-py3-none-any.whl.metadata (3.7 kB)
2025-11-07T06:53:35.1928573Z Collecting deprecated>=1.2 (from limits>=2.3->slowapi>=0.1.4->-r requirements.txt (line 14))
2025-11-07T06:53:35.1965911Z   Downloading deprecated-1.3.1-py2.py3-none-any.whl.metadata (5.9 kB)
2025-11-07T06:53:35.2061941Z Collecting packaging (from gradio>=4.0.0->-r requirements.txt (line 1))
2025-11-07T06:53:35.2103736Z   Downloading packaging-24.2-py3-none-any.whl.metadata (3.2 kB)
2025-11-07T06:53:35.2883077Z Collecting contourpy>=1.0.1 (from matplotlib~=3.0->gradio>=4.0.0->-r requirements.txt (line 1))
2025-11-07T06:53:35.2935586Z   Downloading contourpy-1.1.1-cp38-cp38-manylinux_2_17_x86_64.manylinux2014_x86_64.whl.metadata (5.9 kB)
2025-11-07T06:53:35.3099733Z Collecting cycler>=0.10 (from matplotlib~=3.0->gradio>=4.0.0->-r requirements.txt (line 1))
2025-11-07T06:53:35.3137410Z   Downloading cycler-0.12.1-py3-none-any.whl.metadata (3.8 kB)
2025-11-07T06:53:35.5299945Z Collecting fonttools>=4.22.0 (from matplotlib~=3.0->gradio>=4.0.0->-r requirements.txt (line 1))
2025-11-07T06:53:35.5359383Z   Downloading fonttools-4.57.0-cp38-cp38-manylinux_2_17_x86_64.manylinux2014_x86_64.whl.metadata (102 kB)
2025-11-07T06:53:35.6109822Z Collecting kiwisolver>=1.0.1 (from matplotlib~=3.0->gradio>=4.0.0->-r requirements.txt (line 1))
2025-11-07T06:53:35.6161412Z   Downloading kiwisolver-1.4.7-cp38-cp38-manylinux_2_5_x86_64.manylinux1_x86_64.whl.metadata (6.3 kB)
2025-11-07T06:53:35.6750051Z Collecting pyparsing>=2.3.1 (from matplotlib~=3.0->gradio>=4.0.0->-r requirements.txt (line 1))
2025-11-07T06:53:35.6807137Z   Downloading pyparsing-3.1.4-py3-none-any.whl.metadata (5.1 kB)
2025-11-07T06:53:35.7257606Z Collecting six>=1.5 (from python-dateutil>=2.8.2->pandas>=1.5.0->-r requirements.txt (line 7))
2025-11-07T06:53:35.7296194Z   Downloading six-1.17.0-py2.py3-none-any.whl.metadata (1.7 kB)
2025-11-07T06:53:35.7782148Z Collecting shellingham>=1.3.0 (from typer<1.0,>=0.12->gradio>=4.0.0->-r requirements.txt (line 1))
2025-11-07T06:53:35.7820501Z   Downloading shellingham-1.5.4-py2.py3-none-any.whl.metadata (3.5 kB)
2025-11-07T06:53:35.8266512Z Collecting rich>=10.11.0 (from typer<1.0,>=0.12->gradio>=4.0.0->-r requirements.txt (line 1))
2025-11-07T06:53:35.8304113Z   Downloading rich-14.2.0-py3-none-any.whl.metadata (18 kB)
2025-11-07T06:53:35.8490533Z Collecting mypy-extensions>=0.3.0 (from typing-inspect<1,>=0.4.0->dataclasses-json>=0.5.7->-r requirements.txt (line 4))
2025-11-07T06:53:35.8528400Z   Downloading mypy_extensions-1.1.0-py3-none-any.whl.metadata (1.1 kB)
2025-11-07T06:53:35.8886830Z Collecting pycparser (from cffi>=1.12.0->curl_cffi>=0.7->yfinance>=0.2.0->-r requirements.txt (line 5))
2025-11-07T06:53:35.8940335Z   Downloading pycparser-2.23-py3-none-any.whl.metadata (993 bytes)
2025-11-07T06:53:36.0512217Z Collecting wrapt<3,>=1.10 (from deprecated>=1.2->limits>=2.3->slowapi>=0.1.4->-r requirements.txt (line 14))
2025-11-07T06:53:36.0562790Z   Downloading wrapt-2.0.1-cp38-cp38-manylinux1_x86_64.manylinux_2_28_x86_64.manylinux_2_5_x86_64.whl.metadata (9.0 kB)
2025-11-07T06:53:36.0961472Z Collecting markdown-it-py>=2.2.0 (from rich>=10.11.0->typer<1.0,>=0.12->gradio>=4.0.0->-r requirements.txt (line 1))
2025-11-07T06:53:36.1000789Z   Downloading markdown_it_py-3.0.0-py3-none-any.whl.metadata (6.9 kB)
2025-11-07T06:53:36.1276263Z Collecting pygments<3.0.0,>=2.13.0 (from rich>=10.11.0->typer<1.0,>=0.12->gradio>=4.0.0->-r requirements.txt (line 1))
2025-11-07T06:53:36.1316054Z   Downloading pygments-2.19.2-py3-none-any.whl.metadata (2.5 kB)
2025-11-07T06:53:36.1658645Z Collecting mdurl~=0.1 (from markdown-it-py>=2.2.0->rich>=10.11.0->typer<1.0,>=0.12->gradio>=4.0.0->-r requirements.txt (line 1))
2025-11-07T06:53:36.1695766Z   Downloading mdurl-0.1.2-py3-none-any.whl.metadata (1.6 kB)
2025-11-07T06:53:36.1930242Z Downloading gradio-4.44.1-py3-none-any.whl (18.1 MB)
2025-11-07T06:53:36.2792995Z    ━━━━━━━━━━━━━━━━━━━━━━━━━━━━━━━━━━━━━━━━ 18.1/18.1 MB 216.4 MB/s eta 0:00:00
2025-11-07T06:53:36.2891729Z Downloading gradio_client-1.3.0-py3-none-any.whl (318 kB)
2025-11-07T06:53:36.2968163Z Downloading tomlkit-0.12.0-py3-none-any.whl (37 kB)
2025-11-07T06:53:36.3029079Z Downloading plotly-6.4.0-py3-none-any.whl (9.9 MB)
2025-11-07T06:53:36.3474692Z    ━━━━━━━━━━━━━━━━━━━━━━━━━━━━━━━━━━━━━━━━ 9.9/9.9 MB 231.7 MB/s eta 0:00:00
2025-11-07T06:53:36.3517926Z Downloading numpy-1.24.4-cp38-cp38-manylinux_2_17_x86_64.manylinux2014_x86_64.whl (17.3 MB)
2025-11-07T06:53:36.4192198Z    ━━━━━━━━━━━━━━━━━━━━━━━━━━━━━━━━━━━━━━━━ 17.3/17.3 MB 266.4 MB/s eta 0:00:00
2025-11-07T06:53:36.4233016Z Downloading dataclasses_json-0.6.7-py3-none-any.whl (28 kB)
2025-11-07T06:53:36.4306410Z Downloading yfinance-0.2.59-py2.py3-none-any.whl (117 kB)
2025-11-07T06:53:36.4367071Z Downloading requests-2.32.4-py3-none-any.whl (64 kB)
2025-11-07T06:53:36.4427518Z Downloading pandas-2.0.3-cp38-cp38-manylinux_2_17_x86_64.manylinux2014_x86_64.whl (12.4 MB)
2025-11-07T06:53:36.4916586Z    ━━━━━━━━━━━━━━━━━━━━━━━━━━━━━━━━━━━━━━━━ 12.4/12.4 MB 264.5 MB/s eta 0:00:00
2025-11-07T06:53:36.4959183Z Downloading fastapi-0.121.0-py3-none-any.whl (109 kB)
2025-11-07T06:53:36.5020611Z Downloading uvicorn-0.33.0-py3-none-any.whl (62 kB)
2025-11-07T06:53:36.5079583Z Downloading pydantic-2.10.6-py3-none-any.whl (431 kB)
2025-11-07T06:53:36.5152157Z Downloading pydantic_core-2.27.2-cp38-cp38-manylinux_2_17_x86_64.manylinux2014_x86_64.whl (2.0 MB)
2025-11-07T06:53:36.5284166Z    ━━━━━━━━━━━━━━━━━━━━━━━━━━━━━━━━━━━━━━━━ 2.0/2.0 MB 189.0 MB/s eta 0:00:00
2025-11-07T06:53:36.5320279Z Downloading PyJWT-2.9.0-py3-none-any.whl (22 kB)
2025-11-07T06:53:36.5377128Z Downloading passlib-1.7.4-py2.py3-none-any.whl (525 kB)
2025-11-07T06:53:36.5435302Z    ━━━━━━━━━━━━━━━━━━━━━━━━━━━━━━━━━━━━━━━━ 525.6/525.6 kB 83.3 MB/s eta 0:00:00
2025-11-07T06:53:36.5472314Z Downloading slowapi-0.1.9-py3-none-any.whl (14 kB)
2025-11-07T06:53:36.5526404Z Downloading httpx-0.28.1-py3-none-any.whl (73 kB)
2025-11-07T06:53:36.5585654Z Downloading httpcore-1.0.9-py3-none-any.whl (78 kB)
2025-11-07T06:53:36.5644809Z Downloading aiofiles-23.2.1-py3-none-any.whl (15 kB)
2025-11-07T06:53:36.5699511Z Downloading annotated_doc-0.0.3-py3-none-any.whl (5.5 kB)
2025-11-07T06:53:36.5755806Z Downloading annotated_types-0.7.0-py3-none-any.whl (13 kB)
2025-11-07T06:53:36.5813845Z Downloading anyio-4.5.2-py3-none-any.whl (89 kB)
2025-11-07T06:53:36.5887229Z Downloading bcrypt-5.0.0-cp38-abi3-manylinux_2_34_x86_64.whl (277 kB)
2025-11-07T06:53:36.5953500Z Downloading beautifulsoup4-4.14.2-py3-none-any.whl (106 kB)
2025-11-07T06:53:36.6020349Z Downloading certifi-2025.10.5-py3-none-any.whl (163 kB)
2025-11-07T06:53:36.6082695Z Downloading charset_normalizer-3.4.4-cp38-cp38-manylinux2014_x86_64.manylinux_2_17_x86_64.manylinux_2_28_x86_64.whl (147 kB)
2025-11-07T06:53:36.6162609Z Downloading click-8.1.8-py3-none-any.whl (98 kB)
2025-11-07T06:53:36.6236804Z Downloading curl_cffi-0.9.0-cp38-abi3-manylinux_2_17_x86_64.manylinux2014_x86_64.whl (7.4 MB)
2025-11-07T06:53:36.6695598Z    ━━━━━━━━━━━━━━━━━━━━━━━━━━━━━━━━━━━━━━━━ 7.4/7.4 MB 165.1 MB/s eta 0:00:00
2025-11-07T06:53:36.6734625Z Downloading frozendict-2.4.6-cp38-cp38-manylinux_2_17_x86_64.manylinux2014_x86_64.whl (115 kB)
2025-11-07T06:53:36.6793398Z Downloading h11-0.16.0-py3-none-any.whl (37 kB)
2025-11-07T06:53:36.6855170Z Downloading httptools-0.6.4-cp38-cp38-manylinux_2_5_x86_64.manylinux1_x86_64.manylinux_2_17_x86_64.manylinux2014_x86_64.whl (453 kB)
2025-11-07T06:53:36.6928813Z Downloading huggingface_hub-0.36.0-py3-none-any.whl (566 kB)
2025-11-07T06:53:36.6991417Z    ━━━━━━━━━━━━━━━━━━━━━━━━━━━━━━━━━━━━━━━━ 566.1/566.1 kB 89.2 MB/s eta 0:00:00
2025-11-07T06:53:36.7029310Z Downloading idna-3.11-py3-none-any.whl (71 kB)
2025-11-07T06:53:36.7089480Z Downloading importlib_resources-6.4.5-py3-none-any.whl (36 kB)
2025-11-07T06:53:36.7148938Z Downloading jinja2-3.1.6-py3-none-any.whl (134 kB)
2025-11-07T06:53:36.7207968Z Downloading limits-3.13.0-py3-none-any.whl (45 kB)
2025-11-07T06:53:36.7265390Z Downloading MarkupSafe-2.1.5-cp38-cp38-manylinux_2_17_x86_64.manylinux2014_x86_64.whl (26 kB)
2025-11-07T06:53:36.7329686Z Downloading marshmallow-3.22.0-py3-none-any.whl (49 kB)
2025-11-07T06:53:36.7427750Z Downloading matplotlib-3.7.5-cp38-cp38-manylinux_2_12_x86_64.manylinux2010_x86_64.whl (9.2 MB)
2025-11-07T06:53:36.7894970Z    ━━━━━━━━━━━━━━━━━━━━━━━━━━━━━━━━━━━━━━━━ 9.2/9.2 MB 203.7 MB/s eta 0:00:00
2025-11-07T06:53:36.7936819Z Downloading narwhals-1.42.1-py3-none-any.whl (359 kB)
2025-11-07T06:53:36.8023094Z Downloading orjson-3.10.15-cp38-cp38-manylinux_2_17_x86_64.manylinux2014_x86_64.whl (130 kB)
2025-11-07T06:53:36.8085966Z Downloading packaging-24.2-py3-none-any.whl (65 kB)
2025-11-07T06:53:36.8144167Z Downloading pillow-10.4.0-cp38-cp38-manylinux_2_28_x86_64.whl (4.5 MB)
2025-11-07T06:53:36.8369871Z    ━━━━━━━━━━━━━━━━━━━━━━━━━━━━━━━━━━━━━━━━ 4.5/4.5 MB 215.5 MB/s eta 0:00:00
2025-11-07T06:53:36.8408305Z Downloading platformdirs-4.3.6-py3-none-any.whl (18 kB)
2025-11-07T06:53:36.8468805Z Downloading protobuf-5.29.5-cp38-abi3-manylinux2014_x86_64.whl (319 kB)
2025-11-07T06:53:36.8538568Z Downloading python_dateutil-2.9.0.post0-py2.py3-none-any.whl (229 kB)
2025-11-07T06:53:36.8599420Z Downloading python_dotenv-1.0.1-py3-none-any.whl (19 kB)
2025-11-07T06:53:36.8655756Z Downloading python_multipart-0.0.20-py3-none-any.whl (24 kB)
2025-11-07T06:53:36.8714651Z Downloading pytz-2025.2-py2.py3-none-any.whl (509 kB)
2025-11-07T06:53:36.8787925Z Downloading PyYAML-6.0.3-cp38-cp38-manylinux2014_x86_64.manylinux_2_17_x86_64.manylinux_2_28_x86_64.whl (806 kB)
2025-11-07T06:53:36.8861429Z    ━━━━━━━━━━━━━━━━━━━━━━━━━━━━━━━━━━━━━━━ 806.0/806.0 kB 129.8 MB/s eta 0:00:00
2025-11-07T06:53:36.8930144Z Downloading ruff-0.14.4-py3-none-manylinux_2_17_x86_64.manylinux2014_x86_64.whl (13.4 MB)
2025-11-07T06:53:36.9489294Z    ━━━━━━━━━━━━━━━━━━━━━━━━━━━━━━━━━━━━━━━━ 13.4/13.4 MB 250.6 MB/s eta 0:00:00
2025-11-07T06:53:36.9526606Z Downloading semantic_version-2.10.0-py2.py3-none-any.whl (15 kB)
2025-11-07T06:53:36.9580897Z Downloading starlette-0.44.0-py3-none-any.whl (73 kB)
2025-11-07T06:53:36.9637413Z Downloading typer-0.20.0-py3-none-any.whl (47 kB)
2025-11-07T06:53:36.9693216Z Downloading typing_extensions-4.13.2-py3-none-any.whl (45 kB)
2025-11-07T06:53:36.9755956Z Downloading typing_inspect-0.9.0-py3-none-any.whl (8.8 kB)
2025-11-07T06:53:36.9811368Z Downloading tzdata-2025.2-py2.py3-none-any.whl (347 kB)
2025-11-07T06:53:36.9877720Z Downloading urllib3-2.2.3-py3-none-any.whl (126 kB)
2025-11-07T06:53:36.9947091Z Downloading uvloop-0.22.1-cp38-cp38-manylinux2014_x86_64.manylinux_2_17_x86_64.manylinux_2_28_x86_64.whl (4.2 MB)
2025-11-07T06:53:37.0184020Z    ━━━━━━━━━━━━━━━━━━━━━━━━━━━━━━━━━━━━━━━━ 4.2/4.2 MB 189.3 MB/s eta 0:00:00
2025-11-07T06:53:37.0229224Z Downloading watchfiles-0.24.0-cp38-cp38-manylinux_2_17_x86_64.manylinux2014_x86_64.whl (426 kB)
2025-11-07T06:53:37.0314920Z Downloading websockets-12.0-cp38-cp38-manylinux_2_5_x86_64.manylinux1_x86_64.manylinux_2_17_x86_64.manylinux2014_x86_64.whl (130 kB)
2025-11-07T06:53:37.0378420Z Downloading ffmpy-0.5.0-py3-none-any.whl (6.0 kB)
2025-11-07T06:53:37.0433603Z Downloading pydub-0.25.1-py2.py3-none-any.whl (32 kB)
2025-11-07T06:53:37.0489632Z Downloading cffi-1.17.1-cp38-cp38-manylinux_2_17_x86_64.manylinux2014_x86_64.whl (446 kB)
2025-11-07T06:53:37.0591396Z Downloading contourpy-1.1.1-cp38-cp38-manylinux_2_17_x86_64.manylinux2014_x86_64.whl (301 kB)
2025-11-07T06:53:37.0657100Z Downloading cycler-0.12.1-py3-none-any.whl (8.3 kB)
2025-11-07T06:53:37.0715573Z Downloading deprecated-1.3.1-py2.py3-none-any.whl (11 kB)
2025-11-07T06:53:37.0768737Z Downloading exceptiongroup-1.3.0-py3-none-any.whl (16 kB)
2025-11-07T06:53:37.0856885Z Downloading fonttools-4.57.0-cp38-cp38-manylinux_2_17_x86_64.manylinux2014_x86_64.whl (4.7 MB)
2025-11-07T06:53:37.1099220Z    ━━━━━━━━━━━━━━━━━━━━━━━━━━━━━━━━━━━━━━━━ 4.7/4.7 MB 206.1 MB/s eta 0:00:00
2025-11-07T06:53:37.1135341Z Downloading fsspec-2025.3.0-py3-none-any.whl (193 kB)
2025-11-07T06:53:37.1196691Z Downloading hf_xet-1.2.0-cp37-abi3-manylinux_2_17_x86_64.manylinux2014_x86_64.whl (3.3 MB)
2025-11-07T06:53:37.1349941Z    ━━━━━━━━━━━━━━━━━━━━━━━━━━━━━━━━━━━━━━━━ 3.3/3.3 MB 242.7 MB/s eta 0:00:00
2025-11-07T06:53:37.1407021Z Downloading kiwisolver-1.4.7-cp38-cp38-manylinux_2_5_x86_64.manylinux1_x86_64.whl (1.2 MB)
2025-11-07T06:53:37.1489256Z    ━━━━━━━━━━━━━━━━━━━━━━━━━━━━━━━━━━━━━━━━ 1.2/1.2 MB 164.2 MB/s eta 0:00:00
2025-11-07T06:53:37.1525318Z Downloading mypy_extensions-1.1.0-py3-none-any.whl (5.0 kB)
2025-11-07T06:53:37.1578993Z Downloading pyparsing-3.1.4-py3-none-any.whl (104 kB)
2025-11-07T06:53:37.1646481Z Downloading rich-14.2.0-py3-none-any.whl (243 kB)
2025-11-07T06:53:37.1709450Z Downloading shellingham-1.5.4-py2.py3-none-any.whl (9.8 kB)
2025-11-07T06:53:37.1765964Z Downloading six-1.17.0-py2.py3-none-any.whl (11 kB)
2025-11-07T06:53:37.1824300Z Downloading sniffio-1.3.1-py3-none-any.whl (10 kB)
2025-11-07T06:53:37.1878215Z Downloading soupsieve-2.7-py3-none-any.whl (36 kB)
2025-11-07T06:53:37.1936224Z Downloading tqdm-4.67.1-py3-none-any.whl (78 kB)
2025-11-07T06:53:37.2000209Z Downloading zipp-3.20.2-py3-none-any.whl (9.2 kB)
2025-11-07T06:53:37.2055846Z Downloading filelock-3.16.1-py3-none-any.whl (16 kB)
2025-11-07T06:53:37.2111236Z Downloading markdown_it_py-3.0.0-py3-none-any.whl (87 kB)
2025-11-07T06:53:37.2171321Z Downloading pygments-2.19.2-py3-none-any.whl (1.2 MB)
2025-11-07T06:53:37.2257530Z    ━━━━━━━━━━━━━━━━━━━━━━━━━━━━━━━━━━━━━━━━ 1.2/1.2 MB 165.1 MB/s eta 0:00:00
2025-11-07T06:53:37.2294940Z Downloading wrapt-2.0.1-cp38-cp38-manylinux1_x86_64.manylinux_2_28_x86_64.manylinux_2_5_x86_64.whl (118 kB)
2025-11-07T06:53:37.2354458Z Downloading pycparser-2.23-py3-none-any.whl (118 kB)
2025-11-07T06:53:37.2411471Z Downloading mdurl-0.1.2-py3-none-any.whl (10.0 kB)
2025-11-07T06:53:37.4320673Z Building wheels for collected packages: multitasking, peewee
2025-11-07T06:53:37.4331991Z   Building wheel for multitasking (pyproject.toml): started
2025-11-07T06:53:37.6321111Z   Building wheel for multitasking (pyproject.toml): finished with status 'done'
2025-11-07T06:53:37.6330623Z   Created wheel for multitasking: filename=multitasking-0.0.12-py3-none-any.whl size=15548 sha256=cd6f76649ca5674da8027ccf67e8f42f4020be2f6498e993e99d505ca0ed8cb7
2025-11-07T06:53:37.6333326Z   Stored in directory: /home/runner/.cache/pip/wheels/e0/0e/4f/d05459bd6c032918f86bd309746acde7feb03f950fbf09d280
2025-11-07T06:53:37.6372969Z   Building wheel for peewee (pyproject.toml): started
2025-11-07T06:53:51.1321531Z   Building wheel for peewee (pyproject.toml): finished with status 'done'
2025-11-07T06:53:51.1340594Z   Created wheel for peewee: filename=peewee-3.18.3-cp38-cp38-linux_x86_64.whl size=1028065 sha256=10ff49ad179bb8a3fff3b9eabcfcd820664a06165cb405dbb723a82d4ae220b7
2025-11-07T06:53:51.1342539Z   Stored in directory: /home/runner/.cache/pip/wheels/46/8e/da/4f9ae322db4ceb47655ecb7ecd88b4047402332c374bd52379
2025-11-07T06:53:51.1368159Z Successfully built multitasking peewee
2025-11-07T06:53:51.4893975Z Installing collected packages: pytz, pydub, peewee, passlib, multitasking, zipp, wrapt, websockets, uvloop, urllib3, tzdata, typing-extensions, tqdm, tomlkit, soupsieve, sniffio, six, shellingham, semantic-version, ruff, pyyaml, python-multipart, python-dotenv, pyparsing, PyJWT, pygments, pycparser, protobuf, platformdirs, pillow, packaging, orjson, numpy, narwhals, mypy-extensions, mdurl, markupsafe, kiwisolver, idna, httptools, hf-xet, h11, fsspec, frozendict, fonttools, filelock, ffmpy, cycler, click, charset_normalizer, certifi, bcrypt, annotated-doc, aiofiles, uvicorn, typing-inspect, requests, python-dateutil, pydantic-core, plotly, marshmallow, markdown-it-py, jinja2, importlib-resources, httpcore, exceptiongroup, deprecated, contourpy, cffi, beautifulsoup4, annotated-types, rich, pydantic, pandas, matplotlib, limits, huggingface-hub, dataclasses-json, curl_cffi, anyio, yfinance, watchfiles, typer, starlette, slowapi, httpx, gradio-client, fastapi, gradio
2025-11-07T06:54:03.9840617Z Successfully installed PyJWT-2.9.0 aiofiles-23.2.1 annotated-doc-0.0.3 annotated-types-0.7.0 anyio-4.5.2 bcrypt-5.0.0 beautifulsoup4-4.14.2 certifi-2025.10.5 cffi-1.17.1 charset_normalizer-3.4.4 click-8.1.8 contourpy-1.1.1 curl_cffi-0.9.0 cycler-0.12.1 dataclasses-json-0.6.7 deprecated-1.3.1 exceptiongroup-1.3.0 fastapi-0.121.0 ffmpy-0.5.0 filelock-3.16.1 fonttools-4.57.0 frozendict-2.4.6 fsspec-2025.3.0 gradio-4.44.1 gradio-client-1.3.0 h11-0.16.0 hf-xet-1.2.0 httpcore-1.0.9 httptools-0.6.4 httpx-0.28.1 huggingface-hub-0.36.0 idna-3.11 importlib-resources-6.4.5 jinja2-3.1.6 kiwisolver-1.4.7 limits-3.13.0 markdown-it-py-3.0.0 markupsafe-2.1.5 marshmallow-3.22.0 matplotlib-3.7.5 mdurl-0.1.2 multitasking-0.0.12 mypy-extensions-1.1.0 narwhals-1.42.1 numpy-1.24.4 orjson-3.10.15 packaging-24.2 pandas-2.0.3 passlib-1.7.4 peewee-3.18.3 pillow-10.4.0 platformdirs-4.3.6 plotly-6.4.0 protobuf-5.29.5 pycparser-2.23 pydantic-2.10.6 pydantic-core-2.27.2 pydub-0.25.1 pygments-2.19.2 pyparsing-3.1.4 python-dateutil-2.9.0.post0 python-dotenv-1.0.1 python-multipart-0.0.20 pytz-2025.2 pyyaml-6.0.3 requests-2.32.4 rich-14.2.0 ruff-0.14.4 semantic-version-2.10.0 shellingham-1.5.4 six-1.17.0 slowapi-0.1.9 sniffio-1.3.1 soupsieve-2.7 starlette-0.44.0 tomlkit-0.12.0 tqdm-4.67.1 typer-0.20.0 typing-extensions-4.13.2 typing-inspect-0.9.0 tzdata-2025.2 urllib3-2.2.3 uvicorn-0.33.0 uvloop-0.22.1 watchfiles-0.24.0 websockets-12.0 wrapt-2.0.1 yfinance-0.2.59 zipp-3.20.2
2025-11-07T06:54:04.8001796Z Collecting pytest>=7.0.0 (from -r requirements-dev.txt (line 2))
2025-11-07T06:54:04.8098633Z   Downloading pytest-8.3.5-py3-none-any.whl.metadata (7.6 kB)
2025-11-07T06:54:04.8283812Z Collecting pytest-cov>=4.0.0 (from -r requirements-dev.txt (line 3))
2025-11-07T06:54:04.8321555Z   Downloading pytest_cov-5.0.0-py3-none-any.whl.metadata (27 kB)
2025-11-07T06:54:04.8638169Z Collecting pytest-asyncio>=0.21.0 (from -r requirements-dev.txt (line 4))
2025-11-07T06:54:04.8688202Z   Downloading pytest_asyncio-0.24.0-py3-none-any.whl.metadata (3.9 kB)
2025-11-07T06:54:04.8923564Z Collecting flake8>=6.0.0 (from -r requirements-dev.txt (line 5))
2025-11-07T06:54:04.8967085Z   Downloading flake8-7.1.2-py2.py3-none-any.whl.metadata (3.8 kB)
2025-11-07T06:54:04.9366713Z Collecting pylint>=2.17.0 (from -r requirements-dev.txt (line 6))
2025-11-07T06:54:04.9416492Z   Downloading pylint-3.2.7-py3-none-any.whl.metadata (12 kB)
2025-11-07T06:54:05.0468943Z Collecting mypy>=1.0.0 (from -r requirements-dev.txt (line 7))
2025-11-07T06:54:05.0517149Z   Downloading mypy-1.14.1-cp38-cp38-manylinux_2_17_x86_64.manylinux2014_x86_64.manylinux_2_28_x86_64.whl.metadata (2.1 kB)
2025-11-07T06:54:05.0984681Z Collecting black>=23.0.0 (from -r requirements-dev.txt (line 8))
2025-11-07T06:54:05.1030722Z   Downloading black-24.8.0-cp38-cp38-manylinux_2_17_x86_64.manylinux2014_x86_64.manylinux_2_28_x86_64.whl.metadata (78 kB)
2025-11-07T06:54:05.1407469Z Collecting isort>=5.12.0 (from -r requirements-dev.txt (line 9))
2025-11-07T06:54:05.1447342Z   Downloading isort-5.13.2-py3-none-any.whl.metadata (12 kB)
2025-11-07T06:54:05.1817348Z Collecting pre-commit>=3.0.0 (from -r requirements-dev.txt (line 10))
2025-11-07T06:54:05.1864984Z   Downloading pre_commit-3.5.0-py2.py3-none-any.whl.metadata (1.3 kB)
2025-11-07T06:54:05.1915239Z Requirement already satisfied: exceptiongroup>=1.0.0rc8 in /opt/hostedtoolcache/Python/3.8.18/x64/lib/python3.8/site-packages (from pytest>=7.0.0->-r requirements-dev.txt (line 2)) (1.3.0)
2025-11-07T06:54:05.1988594Z Collecting iniconfig (from pytest>=7.0.0->-r requirements-dev.txt (line 2))
2025-11-07T06:54:05.2027681Z   Downloading iniconfig-2.1.0-py3-none-any.whl.metadata (2.7 kB)
2025-11-07T06:54:05.2057429Z Requirement already satisfied: packaging in /opt/hostedtoolcache/Python/3.8.18/x64/lib/python3.8/site-packages (from pytest>=7.0.0->-r requirements-dev.txt (line 2)) (24.2)
2025-11-07T06:54:05.2157052Z Collecting pluggy<2,>=1.5 (from pytest>=7.0.0->-r requirements-dev.txt (line 2))
2025-11-07T06:54:05.2192854Z   Downloading pluggy-1.5.0-py3-none-any.whl.metadata (4.8 kB)
2025-11-07T06:54:05.2398823Z Collecting tomli>=1 (from pytest>=7.0.0->-r requirements-dev.txt (line 2))
2025-11-07T06:54:05.2437336Z   Downloading tomli-2.3.0-py3-none-any.whl.metadata (10 kB)
2025-11-07T06:54:05.6153192Z Collecting coverage>=5.2.1 (from coverage[toml]>=5.2.1->pytest-cov>=4.0.0->-r requirements-dev.txt (line 3))
2025-11-07T06:54:05.6238948Z   Downloading coverage-7.6.1-cp38-cp38-manylinux_2_5_x86_64.manylinux1_x86_64.manylinux_2_17_x86_64.manylinux2014_x86_64.whl.metadata (8.3 kB)
2025-11-07T06:54:05.6528070Z Collecting mccabe<0.8.0,>=0.7.0 (from flake8>=6.0.0->-r requirements-dev.txt (line 5))
2025-11-07T06:54:05.6566646Z   Downloading mccabe-0.7.0-py2.py3-none-any.whl.metadata (5.0 kB)
2025-11-07T06:54:05.6700450Z Collecting pycodestyle<2.13.0,>=2.12.0 (from flake8>=6.0.0->-r requirements-dev.txt (line 5))
2025-11-07T06:54:05.6737112Z   Downloading pycodestyle-2.12.1-py2.py3-none-any.whl.metadata (4.5 kB)
2025-11-07T06:54:05.6875080Z Collecting pyflakes<3.3.0,>=3.2.0 (from flake8>=6.0.0->-r requirements-dev.txt (line 5))
2025-11-07T06:54:05.6912969Z   Downloading pyflakes-3.2.0-py2.py3-none-any.whl.metadata (3.5 kB)
2025-11-07T06:54:05.6961803Z Requirement already satisfied: platformdirs>=2.2.0 in /opt/hostedtoolcache/Python/3.8.18/x64/lib/python3.8/site-packages (from pylint>=2.17.0->-r requirements-dev.txt (line 6)) (4.3.6)
2025-11-07T06:54:05.7358645Z Collecting astroid<=3.3.0-dev0,>=3.2.4 (from pylint>=2.17.0->-r requirements-dev.txt (line 6))
2025-11-07T06:54:05.7403990Z   Downloading astroid-3.2.4-py3-none-any.whl.metadata (4.5 kB)
2025-11-07T06:54:05.7624352Z Requirement already satisfied: tomlkit>=0.10.1 in /opt/hostedtoolcache/Python/3.8.18/x64/lib/python3.8/site-packages (from pylint>=2.17.0->-r requirements-dev.txt (line 6)) (0.12.0)
2025-11-07T06:54:05.7630863Z Requirement already satisfied: typing-extensions>=3.10.0 in /opt/hostedtoolcache/Python/3.8.18/x64/lib/python3.8/site-packages (from pylint>=2.17.0->-r requirements-dev.txt (line 6)) (4.13.2)
2025-11-07T06:54:05.7747865Z Collecting dill>=0.2 (from pylint>=2.17.0->-r requirements-dev.txt (line 6))
2025-11-07T06:54:05.7785637Z   Downloading dill-0.4.0-py3-none-any.whl.metadata (10 kB)
2025-11-07T06:54:05.7862339Z Requirement already satisfied: mypy-extensions>=1.0.0 in /opt/hostedtoolcache/Python/3.8.18/x64/lib/python3.8/site-packages (from mypy>=1.0.0->-r requirements-dev.txt (line 7)) (1.1.0)
2025-11-07T06:54:05.7881318Z Requirement already satisfied: click>=8.0.0 in /opt/hostedtoolcache/Python/3.8.18/x64/lib/python3.8/site-packages (from black>=23.0.0->-r requirements-dev.txt (line 8)) (8.1.8)
2025-11-07T06:54:05.7983868Z Collecting pathspec>=0.9.0 (from black>=23.0.0->-r requirements-dev.txt (line 8))
2025-11-07T06:54:05.8020339Z   Downloading pathspec-0.12.1-py3-none-any.whl.metadata (21 kB)
2025-11-07T06:54:05.8169538Z Collecting cfgv>=2.0.0 (from pre-commit>=3.0.0->-r requirements-dev.txt (line 10))
2025-11-07T06:54:05.8206256Z   Downloading cfgv-3.4.0-py2.py3-none-any.whl.metadata (8.5 kB)
2025-11-07T06:54:05.8635506Z Collecting identify>=1.0.0 (from pre-commit>=3.0.0->-r requirements-dev.txt (line 10))
2025-11-07T06:54:05.8684255Z   Downloading identify-2.6.1-py2.py3-none-any.whl.metadata (4.4 kB)
2025-11-07T06:54:05.8851457Z Collecting nodeenv>=0.11.1 (from pre-commit>=3.0.0->-r requirements-dev.txt (line 10))
2025-11-07T06:54:05.8892585Z   Downloading nodeenv-1.9.1-py2.py3-none-any.whl.metadata (21 kB)
2025-11-07T06:54:05.8929656Z Requirement already satisfied: pyyaml>=5.1 in /opt/hostedtoolcache/Python/3.8.18/x64/lib/python3.8/site-packages (from pre-commit>=3.0.0->-r requirements-dev.txt (line 10)) (6.0.3)
2025-11-07T06:54:05.9373908Z Collecting virtualenv>=20.10.0 (from pre-commit>=3.0.0->-r requirements-dev.txt (line 10))
2025-11-07T06:54:05.9412108Z   Downloading virtualenv-20.35.4-py3-none-any.whl.metadata (4.6 kB)
2025-11-07T06:54:05.9825314Z Collecting distlib<1,>=0.3.7 (from virtualenv>=20.10.0->pre-commit>=3.0.0->-r requirements-dev.txt (line 10))
2025-11-07T06:54:05.9863031Z   Downloading distlib-0.4.0-py2.py3-none-any.whl.metadata (5.2 kB)
2025-11-07T06:54:05.9894392Z Requirement already satisfied: filelock<4,>=3.12.2 in /opt/hostedtoolcache/Python/3.8.18/x64/lib/python3.8/site-packages (from virtualenv>=20.10.0->pre-commit>=3.0.0->-r requirements-dev.txt (line 10)) (3.16.1)
2025-11-07T06:54:06.0001932Z Downloading pytest-8.3.5-py3-none-any.whl (343 kB)
2025-11-07T06:54:06.0076431Z Downloading pytest_cov-5.0.0-py3-none-any.whl (21 kB)
2025-11-07T06:54:06.0139976Z Downloading pytest_asyncio-0.24.0-py3-none-any.whl (18 kB)
2025-11-07T06:54:06.0208168Z Downloading flake8-7.1.2-py2.py3-none-any.whl (57 kB)
2025-11-07T06:54:06.0280521Z Downloading pylint-3.2.7-py3-none-any.whl (519 kB)
2025-11-07T06:54:06.0376843Z Downloading mypy-1.14.1-cp38-cp38-manylinux_2_17_x86_64.manylinux2014_x86_64.manylinux_2_28_x86_64.whl (12.8 MB)
2025-11-07T06:54:06.1166700Z    ━━━━━━━━━━━━━━━━━━━━━━━━━━━━━━━━━━━━━━━━ 12.8/12.8 MB 165.5 MB/s eta 0:00:00
2025-11-07T06:54:06.1231587Z Downloading black-24.8.0-cp38-cp38-manylinux_2_17_x86_64.manylinux2014_x86_64.manylinux_2_28_x86_64.whl (1.7 MB)
2025-11-07T06:54:06.1339610Z    ━━━━━━━━━━━━━━━━━━━━━━━━━━━━━━━━━━━━━━━━ 1.7/1.7 MB 186.5 MB/s eta 0:00:00
2025-11-07T06:54:06.1375997Z Downloading isort-5.13.2-py3-none-any.whl (92 kB)
2025-11-07T06:54:06.1437046Z Downloading pre_commit-3.5.0-py2.py3-none-any.whl (203 kB)
2025-11-07T06:54:06.1519051Z Downloading astroid-3.2.4-py3-none-any.whl (276 kB)
2025-11-07T06:54:06.1581834Z Downloading cfgv-3.4.0-py2.py3-none-any.whl (7.2 kB)
2025-11-07T06:54:06.1648856Z Downloading coverage-7.6.1-cp38-cp38-manylinux_2_5_x86_64.manylinux1_x86_64.manylinux_2_17_x86_64.manylinux2014_x86_64.whl (235 kB)
2025-11-07T06:54:06.1714262Z Downloading dill-0.4.0-py3-none-any.whl (119 kB)
2025-11-07T06:54:06.1773200Z Downloading identify-2.6.1-py2.py3-none-any.whl (98 kB)
2025-11-07T06:54:06.1834983Z Downloading mccabe-0.7.0-py2.py3-none-any.whl (7.3 kB)
2025-11-07T06:54:06.1889061Z Downloading nodeenv-1.9.1-py2.py3-none-any.whl (22 kB)
2025-11-07T06:54:06.1942046Z Downloading pathspec-0.12.1-py3-none-any.whl (31 kB)
2025-11-07T06:54:06.1998030Z Downloading pluggy-1.5.0-py3-none-any.whl (20 kB)
2025-11-07T06:54:06.2052368Z Downloading pycodestyle-2.12.1-py2.py3-none-any.whl (31 kB)
2025-11-07T06:54:06.2107263Z Downloading pyflakes-3.2.0-py2.py3-none-any.whl (62 kB)
2025-11-07T06:54:06.2215121Z Downloading tomli-2.3.0-py3-none-any.whl (14 kB)
2025-11-07T06:54:06.2271459Z Downloading virtualenv-20.35.4-py3-none-any.whl (6.0 MB)
2025-11-07T06:54:06.2534817Z    ━━━━━━━━━━━━━━━━━━━━━━━━━━━━━━━━━━━━━━━━ 6.0/6.0 MB 247.4 MB/s eta 0:00:00
2025-11-07T06:54:06.2577420Z Downloading iniconfig-2.1.0-py3-none-any.whl (6.0 kB)
2025-11-07T06:54:06.2634010Z Downloading distlib-0.4.0-py2.py3-none-any.whl (469 kB)
2025-11-07T06:54:06.6290714Z Installing collected packages: distlib, virtualenv, tomli, pyflakes, pycodestyle, pluggy, pathspec, nodeenv, mccabe, isort, iniconfig, identify, dill, coverage, cfgv, astroid, pytest, pylint, pre-commit, mypy, flake8, black, pytest-cov, pytest-asyncio
2025-11-07T06:54:08.9158579Z Successfully installed astroid-3.2.4 black-24.8.0 cfgv-3.4.0 coverage-7.6.1 dill-0.4.0 distlib-0.4.0 flake8-7.1.2 identify-2.6.1 iniconfig-2.1.0 isort-5.13.2 mccabe-0.7.0 mypy-1.14.1 nodeenv-1.9.1 pathspec-0.12.1 pluggy-1.5.0 pre-commit-3.5.0 pycodestyle-2.12.1 pyflakes-3.2.0 pylint-3.2.7 pytest-8.3.5 pytest-asyncio-0.24.0 pytest-cov-5.0.0 tomli-2.3.0 virtualenv-20.35.4
2025-11-07T06:54:09.0114948Z ##[group]Run set -euo pipefail
2025-11-07T06:54:09.0115218Z [36;1mset -euo pipefail[0m
2025-11-07T06:54:09.0115571Z [36;1meval "flake8 . --count --select=E9,F63,F7,F82 --show-source --statistics && \[0m
2025-11-07T06:54:09.0115953Z [36;1mflake8 . --count --statistics && \[0m
2025-11-07T06:54:09.0116210Z [36;1mblack --check --diff . && \[0m
2025-11-07T06:54:09.0116451Z [36;1misort --check-only --diff . && \[0m
2025-11-07T06:54:09.0116880Z [36;1mpylint src/ --fail-under=7.0 && \[0m
2025-11-07T06:54:09.0117208Z [36;1mpytest --cov=src --cov-report=xml --cov-report=term-missing -v[0m
2025-11-07T06:54:09.0117521Z [36;1m"[0m
2025-11-07T06:54:09.0150850Z shell: /usr/bin/bash --noprofile --norc -e -o pipefail {0}
2025-11-07T06:54:09.0151358Z env:
2025-11-07T06:54:09.0151606Z   pythonLocation: /opt/hostedtoolcache/Python/3.8.18/x64
2025-11-07T06:54:09.0151984Z   PKG_CONFIG_PATH: /opt/hostedtoolcache/Python/3.8.18/x64/lib/pkgconfig
2025-11-07T06:54:09.0152354Z   Python_ROOT_DIR: /opt/hostedtoolcache/Python/3.8.18/x64
2025-11-07T06:54:09.0152676Z   Python2_ROOT_DIR: /opt/hostedtoolcache/Python/3.8.18/x64
2025-11-07T06:54:09.0153000Z   Python3_ROOT_DIR: /opt/hostedtoolcache/Python/3.8.18/x64
2025-11-07T06:54:09.0153340Z   LD_LIBRARY_PATH: /opt/hostedtoolcache/Python/3.8.18/x64/lib
2025-11-07T06:54:09.0153634Z ##[endgroup]
2025-11-07T06:54:09.7119100Z 0
2025-11-07T06:54:10.3298114Z 0
2025-11-07T06:54:11.0051906Z All done! ✨ 🍰 ✨
2025-11-07T06:54:11.0052331Z 32 files would be left unchanged.
2025-11-07T06:54:11.2367079Z ERROR: /home/runner/work/financial-asset-relationship-db/financial-asset-relationship-db/tests/unit/test_financial_models.py Imports are incorrectly sorted and/or formatted.
2025-11-07T06:54:11.2368986Z --- /home/runner/work/financial-asset-relationship-db/financial-asset-relationship-db/tests/unit/test_financial_models.py:before	2025-11-07 06:53:15.611534
2025-11-07T06:54:11.2370666Z +++ /home/runner/work/financial-asset-relationship-db/financial-asset-relationship-db/tests/unit/test_financial_models.py:after	2025-11-07 06:54:11.194431
2025-11-07T06:54:11.2372124Z @@ -9,14 +9,7 @@
2025-11-07T06:54:11.2372378Z  
2025-11-07T06:54:11.2372610Z  import pytest
2025-11-07T06:54:11.2372808Z  
2025-11-07T06:54:11.2373032Z -from src.models.financial_models import (
2025-11-07T06:54:11.2373343Z -    Asset,
2025-11-07T06:54:11.2373528Z -    AssetClass,
2025-11-07T06:54:11.2373732Z -    Bond,
2025-11-07T06:54:11.2373923Z -    Equity,
2025-11-07T06:54:11.2374128Z -    RegulatoryActivity,
2025-11-07T06:54:11.2374364Z -    RegulatoryEvent,
2025-11-07T06:54:11.2374575Z -)
2025-11-07T06:54:11.2375043Z +from src.models.financial_models import Asset, AssetClass, Bond, Equity, RegulatoryActivity, RegulatoryEvent
2025-11-07T06:54:11.2375596Z  
2025-11-07T06:54:11.2375760Z  
2025-11-07T06:54:11.2375935Z  class TestAsset:
2025-11-07T06:54:11.2376139Z Skipped 1 files
2025-11-07T06:54:11.2488783Z ##[error]Process completed with exit code 1.
2025-11-07T06:54:11.2599495Z Post job cleanup.
2025-11-07T06:54:11.2667622Z Post job cleanup.
2025-11-07T06:54:11.3623424Z [command]/usr/bin/git version
2025-11-07T06:54:11.3667730Z git version 2.51.2
2025-11-07T06:54:11.3713199Z Temporarily overriding HOME='/home/runner/work/_temp/5f14abe2-c778-44b1-bbc3-517189390c02' before making global git config changes
2025-11-07T06:54:11.3714587Z Adding repository directory to the temporary git global config as a safe directory
2025-11-07T06:54:11.3719758Z [command]/usr/bin/git config --global --add safe.directory /home/runner/work/financial-asset-relationship-db/financial-asset-relationship-db
2025-11-07T06:54:11.3755208Z [command]/usr/bin/git config --local --name-only --get-regexp core\.sshCommand
2025-11-07T06:54:11.3787714Z [command]/usr/bin/git submodule foreach --recursive sh -c "git config --local --name-only --get-regexp 'core\.sshCommand' && git config --local --unset-all 'core.sshCommand' || :"
2025-11-07T06:54:11.4017690Z [command]/usr/bin/git config --local --name-only --get-regexp http\.https\:\/\/github\.com\/\.extraheader
2025-11-07T06:54:11.4042207Z http.https://github.com/.extraheader
2025-11-07T06:54:11.4055857Z [command]/usr/bin/git config --local --unset-all http.https://github.com/.extraheader
2025-11-07T06:54:11.4085867Z [command]/usr/bin/git submodule foreach --recursive sh -c "git config --local --name-only --get-regexp 'http\.https\:\/\/github\.com\/\.extraheader' && git config --local --unset-all 'http.https://github.com/.extraheader' || :"
2025-11-07T06:54:11.4417587Z Cleaning up orphan processes
