2025-11-07T06:53:16.3007163Z Prepare all required actions
2025-11-07T06:53:16.3009256Z Getting action download info
2025-11-07T06:53:16.4764799Z Download action repository 'actions/setup-python@v5' (SHA:a26af69be951a213d495a4c3e4e4022e16d87065)
2025-11-07T06:53:16.5674972Z Download action repository 'actions/setup-node@v4' (SHA:49933ea5288caeca8642d1e84afbd3f7d6820020)
2025-11-07T06:53:16.7031053Z ##[group]Run ./.github/actions/ci-common
2025-11-07T06:53:16.7032127Z with:
2025-11-07T06:53:16.7032830Z   language: python
2025-11-07T06:53:16.7033673Z   python-version: 3.12
2025-11-07T06:53:16.7034737Z   dependency-paths: requirements.txt
requirements-dev.txt

2025-11-07T06:53:16.7037113Z   install: python -m pip install --upgrade pip && \
pip install -r requirements.txt && \
pip install -r requirements-dev.txt

2025-11-07T06:53:16.7041107Z   test: flake8 . --count --select=E9,F63,F7,F82 --show-source --statistics && \
flake8 . --count --statistics && \
black --check --diff . && \
isort --check-only --diff . && \
pylint src/ --fail-under=7.0 && \
pytest --cov=src --cov-report=xml --cov-report=term-missing -v

2025-11-07T06:53:16.7044280Z   working-directory: .
2025-11-07T06:53:16.7045072Z ##[endgroup]
2025-11-07T06:53:16.7281657Z ##[group]Run actions/setup-python@v5
2025-11-07T06:53:16.7282701Z with:
2025-11-07T06:53:16.7283418Z   python-version: 3.12
2025-11-07T06:53:16.7284219Z   cache: pip
2025-11-07T06:53:16.7285260Z   cache-dependency-path: requirements.txt
requirements-dev.txt

2025-11-07T06:53:16.7286710Z   check-latest: false
2025-11-07T06:53:16.7287768Z   token: ***
2025-11-07T06:53:16.7288520Z   update-environment: true
2025-11-07T06:53:16.7289424Z   allow-prereleases: false
2025-11-07T06:53:16.7290335Z   freethreaded: false
2025-11-07T06:53:16.7291130Z ##[endgroup]
2025-11-07T06:53:16.9053345Z ##[group]Installed versions
2025-11-07T06:53:16.9182345Z Successfully set up CPython (3.12.12)
2025-11-07T06:53:16.9185221Z ##[endgroup]
2025-11-07T06:53:16.9788881Z [command]/opt/hostedtoolcache/Python/3.12.12/x64/bin/pip cache dir
2025-11-07T06:53:20.0857675Z /home/runner/.cache/pip
2025-11-07T06:53:20.2463542Z pip cache is not found
2025-11-07T06:53:20.2610305Z ##[group]Run set -euo pipefail
2025-11-07T06:53:20.2610712Z [36;1mset -euo pipefail[0m
2025-11-07T06:53:20.2611025Z [36;1meval "python -m pip install --upgrade pip && \[0m
2025-11-07T06:53:20.2611380Z [36;1mpip install -r requirements.txt && \[0m
2025-11-07T06:53:20.2611672Z [36;1mpip install -r requirements-dev.txt[0m
2025-11-07T06:53:20.2611915Z [36;1m"[0m
2025-11-07T06:53:20.2652212Z shell: /usr/bin/bash --noprofile --norc -e -o pipefail {0}
2025-11-07T06:53:20.2652584Z env:
2025-11-07T06:53:20.2652841Z   pythonLocation: /opt/hostedtoolcache/Python/3.12.12/x64
2025-11-07T06:53:20.2653279Z   PKG_CONFIG_PATH: /opt/hostedtoolcache/Python/3.12.12/x64/lib/pkgconfig
2025-11-07T06:53:20.2653730Z   Python_ROOT_DIR: /opt/hostedtoolcache/Python/3.12.12/x64
2025-11-07T06:53:20.2654094Z   Python2_ROOT_DIR: /opt/hostedtoolcache/Python/3.12.12/x64
2025-11-07T06:53:20.2654458Z   Python3_ROOT_DIR: /opt/hostedtoolcache/Python/3.12.12/x64
2025-11-07T06:53:20.2654863Z   LD_LIBRARY_PATH: /opt/hostedtoolcache/Python/3.12.12/x64/lib
2025-11-07T06:53:20.2655159Z ##[endgroup]
2025-11-07T06:53:22.4729061Z Requirement already satisfied: pip in /opt/hostedtoolcache/Python/3.12.12/x64/lib/python3.12/site-packages (25.3)
2025-11-07T06:53:23.3068544Z Collecting gradio>=4.0.0 (from -r requirements.txt (line 1))
2025-11-07T06:53:23.3977566Z   Downloading gradio-5.49.1-py3-none-any.whl.metadata (16 kB)
2025-11-07T06:53:23.4618323Z Collecting plotly>=5.0.0 (from -r requirements.txt (line 2))
2025-11-07T06:53:23.4761723Z   Downloading plotly-6.4.0-py3-none-any.whl.metadata (8.5 kB)
2025-11-07T06:53:23.6643100Z Collecting numpy>=1.21.0 (from -r requirements.txt (line 3))
2025-11-07T06:53:23.6789360Z   Downloading numpy-2.3.4-cp312-cp312-manylinux_2_27_x86_64.manylinux_2_28_x86_64.whl.metadata (62 kB)
2025-11-07T06:53:23.7282893Z Collecting dataclasses-json>=0.5.7 (from -r requirements.txt (line 4))
2025-11-07T06:53:23.7425364Z   Downloading dataclasses_json-0.6.7-py3-none-any.whl.metadata (25 kB)
2025-11-07T06:53:23.7763481Z Collecting yfinance>=0.2.0 (from -r requirements.txt (line 5))
2025-11-07T06:53:23.7909444Z   Downloading yfinance-0.2.66-py2.py3-none-any.whl.metadata (6.0 kB)
2025-11-07T06:53:23.8214332Z Collecting requests>=2.28.0 (from -r requirements.txt (line 6))
2025-11-07T06:53:23.8359322Z   Downloading requests-2.32.5-py3-none-any.whl.metadata (4.9 kB)
2025-11-07T06:53:23.9499851Z Collecting pandas>=1.5.0 (from -r requirements.txt (line 7))
2025-11-07T06:53:23.9647632Z   Downloading pandas-2.3.3-cp312-cp312-manylinux_2_24_x86_64.manylinux_2_28_x86_64.whl.metadata (91 kB)
2025-11-07T06:53:24.0545767Z Collecting fastapi>=0.104.0 (from -r requirements.txt (line 8))
2025-11-07T06:53:24.0689125Z   Downloading fastapi-0.121.0-py3-none-any.whl.metadata (28 kB)
2025-11-07T06:53:24.1042211Z Collecting uvicorn>=0.24.0 (from uvicorn[standard]>=0.24.0->-r requirements.txt (line 9))
2025-11-07T06:53:24.1185490Z   Downloading uvicorn-0.38.0-py3-none-any.whl.metadata (6.8 kB)
2025-11-07T06:53:24.2366145Z Collecting pydantic>=2.4.0 (from -r requirements.txt (line 10))
2025-11-07T06:53:24.2511254Z   Downloading pydantic-2.12.4-py3-none-any.whl.metadata (89 kB)
2025-11-07T06:53:24.2745630Z Collecting PyJWT>=2.8.0 (from -r requirements.txt (line 12))
2025-11-07T06:53:24.2890184Z   Downloading PyJWT-2.10.1-py3-none-any.whl.metadata (4.0 kB)
2025-11-07T06:53:24.3038958Z Collecting passlib>=1.7.4 (from passlib[bcrypt]>=1.7.4->-r requirements.txt (line 13))
2025-11-07T06:53:24.3182200Z   Downloading passlib-1.7.4-py2.py3-none-any.whl.metadata (1.7 kB)
2025-11-07T06:53:24.3310965Z Collecting slowapi>=0.1.4 (from -r requirements.txt (line 14))
2025-11-07T06:53:24.3451305Z   Downloading slowapi-0.1.9-py3-none-any.whl.metadata (3.0 kB)
2025-11-07T06:53:24.3661692Z Collecting httpx>=0.24.0 (from -r requirements.txt (line 16))
2025-11-07T06:53:24.3803735Z   Downloading httpx-0.28.1-py3-none-any.whl.metadata (7.1 kB)
2025-11-07T06:53:24.3970662Z Collecting aiofiles<25.0,>=22.0 (from gradio>=4.0.0->-r requirements.txt (line 1))
2025-11-07T06:53:24.4111735Z   Downloading aiofiles-24.1.0-py3-none-any.whl.metadata (10 kB)
2025-11-07T06:53:24.4340693Z Collecting anyio<5.0,>=3.0 (from gradio>=4.0.0->-r requirements.txt (line 1))
2025-11-07T06:53:24.4482940Z   Downloading anyio-4.11.0-py3-none-any.whl.metadata (4.1 kB)
2025-11-07T06:53:24.4835337Z Collecting brotli>=1.1.0 (from gradio>=4.0.0->-r requirements.txt (line 1))
2025-11-07T06:53:24.4977036Z   Downloading brotli-1.2.0-cp312-cp312-manylinux2014_x86_64.manylinux_2_17_x86_64.whl.metadata (6.1 kB)
2025-11-07T06:53:24.5297923Z Collecting ffmpy (from gradio>=4.0.0->-r requirements.txt (line 1))
2025-11-07T06:53:24.5437734Z   Downloading ffmpy-0.6.4-py3-none-any.whl.metadata (2.9 kB)
2025-11-07T06:53:24.5700201Z Collecting gradio-client==1.13.3 (from gradio>=4.0.0->-r requirements.txt (line 1))
2025-11-07T06:53:24.5840260Z   Downloading gradio_client-1.13.3-py3-none-any.whl.metadata (7.1 kB)
2025-11-07T06:53:24.5992460Z Collecting groovy~=0.1 (from gradio>=4.0.0->-r requirements.txt (line 1))
2025-11-07T06:53:24.6130550Z   Downloading groovy-0.1.2-py3-none-any.whl.metadata (6.1 kB)
2025-11-07T06:53:24.6905605Z Collecting huggingface-hub<2.0,>=0.33.5 (from gradio>=4.0.0->-r requirements.txt (line 1))
2025-11-07T06:53:24.7047929Z   Downloading huggingface_hub-1.1.2-py3-none-any.whl.metadata (13 kB)
2025-11-07T06:53:24.7395002Z Collecting jinja2<4.0 (from gradio>=4.0.0->-r requirements.txt (line 1))
2025-11-07T06:53:24.7536782Z   Downloading jinja2-3.1.6-py3-none-any.whl.metadata (2.9 kB)
2025-11-07T06:53:24.8099402Z Collecting markupsafe<4.0,>=2.0 (from gradio>=4.0.0->-r requirements.txt (line 1))
2025-11-07T06:53:24.8245070Z   Downloading markupsafe-3.0.3-cp312-cp312-manylinux2014_x86_64.manylinux_2_17_x86_64.manylinux_2_28_x86_64.whl.metadata (2.7 kB)
2025-11-07T06:53:25.0810403Z Collecting orjson~=3.0 (from gradio>=4.0.0->-r requirements.txt (line 1))
2025-11-07T06:53:25.0952430Z   Downloading orjson-3.11.4-cp312-cp312-manylinux_2_17_x86_64.manylinux2014_x86_64.whl.metadata (41 kB)
2025-11-07T06:53:25.1177005Z Collecting packaging (from gradio>=4.0.0->-r requirements.txt (line 1))
2025-11-07T06:53:25.1316667Z   Downloading packaging-25.0-py3-none-any.whl.metadata (3.3 kB)
2025-11-07T06:53:25.2982535Z Collecting pillow<12.0,>=8.0 (from gradio>=4.0.0->-r requirements.txt (line 1))
2025-11-07T06:53:25.3127689Z   Downloading pillow-11.3.0-cp312-cp312-manylinux_2_27_x86_64.manylinux_2_28_x86_64.whl.metadata (9.0 kB)
2025-11-07T06:53:25.3383496Z Collecting pydantic>=2.4.0 (from -r requirements.txt (line 10))
2025-11-07T06:53:25.3526087Z   Downloading pydantic-2.11.10-py3-none-any.whl.metadata (68 kB)
2025-11-07T06:53:25.3746953Z Collecting pydub (from gradio>=4.0.0->-r requirements.txt (line 1))
2025-11-07T06:53:25.3887263Z   Downloading pydub-0.25.1-py2.py3-none-any.whl.metadata (1.4 kB)
2025-11-07T06:53:25.4011944Z Collecting python-multipart>=0.0.18 (from gradio>=4.0.0->-r requirements.txt (line 1))
2025-11-07T06:53:25.4152850Z   Downloading python_multipart-0.0.20-py3-none-any.whl.metadata (1.8 kB)
2025-11-07T06:53:25.4535624Z Collecting pyyaml<7.0,>=5.0 (from gradio>=4.0.0->-r requirements.txt (line 1))
2025-11-07T06:53:25.4677401Z   Downloading pyyaml-6.0.3-cp312-cp312-manylinux2014_x86_64.manylinux_2_17_x86_64.manylinux_2_28_x86_64.whl.metadata (2.4 kB)
2025-11-07T06:53:25.8523931Z Collecting ruff>=0.9.3 (from gradio>=4.0.0->-r requirements.txt (line 1))
2025-11-07T06:53:25.8667396Z   Downloading ruff-0.14.4-py3-none-manylinux_2_17_x86_64.manylinux2014_x86_64.whl.metadata (25 kB)
2025-11-07T06:53:25.8826925Z Collecting safehttpx<0.2.0,>=0.1.6 (from gradio>=4.0.0->-r requirements.txt (line 1))
2025-11-07T06:53:25.8965726Z   Downloading safehttpx-0.1.7-py3-none-any.whl.metadata (4.2 kB)
2025-11-07T06:53:25.9156761Z Collecting semantic-version~=2.0 (from gradio>=4.0.0->-r requirements.txt (line 1))
2025-11-07T06:53:25.9300392Z   Downloading semantic_version-2.10.0-py2.py3-none-any.whl.metadata (9.7 kB)
2025-11-07T06:53:25.9655142Z Collecting starlette<1.0,>=0.40.0 (from gradio>=4.0.0->-r requirements.txt (line 1))
2025-11-07T06:53:25.9798376Z   Downloading starlette-0.50.0-py3-none-any.whl.metadata (6.3 kB)
2025-11-07T06:53:25.9990878Z Collecting tomlkit<0.14.0,>=0.12.0 (from gradio>=4.0.0->-r requirements.txt (line 1))
2025-11-07T06:53:26.0131654Z   Downloading tomlkit-0.13.3-py3-none-any.whl.metadata (2.8 kB)
2025-11-07T06:53:26.0377384Z Collecting typer<1.0,>=0.12 (from gradio>=4.0.0->-r requirements.txt (line 1))
2025-11-07T06:53:26.0517333Z   Downloading typer-0.20.0-py3-none-any.whl.metadata (16 kB)
2025-11-07T06:53:26.0745829Z Collecting typing-extensions~=4.0 (from gradio>=4.0.0->-r requirements.txt (line 1))
2025-11-07T06:53:26.0887086Z   Downloading typing_extensions-4.15.0-py3-none-any.whl.metadata (3.3 kB)
2025-11-07T06:53:26.1271548Z Collecting fsspec (from gradio-client==1.13.3->gradio>=4.0.0->-r requirements.txt (line 1))
2025-11-07T06:53:26.1411962Z   Downloading fsspec-2025.10.0-py3-none-any.whl.metadata (10 kB)
2025-11-07T06:53:26.2643708Z Collecting websockets<16.0,>=13.0 (from gradio-client==1.13.3->gradio>=4.0.0->-r requirements.txt (line 1))
2025-11-07T06:53:26.2789310Z   Downloading websockets-15.0.1-cp312-cp312-manylinux_2_5_x86_64.manylinux1_x86_64.manylinux_2_17_x86_64.manylinux2014_x86_64.whl.metadata (6.8 kB)
2025-11-07T06:53:26.3046646Z Collecting python-dateutil>=2.8.2 (from pandas>=1.5.0->-r requirements.txt (line 7))
2025-11-07T06:53:26.3186715Z   Downloading python_dateutil-2.9.0.post0-py2.py3-none-any.whl.metadata (8.4 kB)
2025-11-07T06:53:26.3584244Z Collecting pytz>=2020.1 (from pandas>=1.5.0->-r requirements.txt (line 7))
2025-11-07T06:53:26.3729322Z   Downloading pytz-2025.2-py2.py3-none-any.whl.metadata (22 kB)
2025-11-07T06:53:26.3893391Z Collecting tzdata>=2022.7 (from pandas>=1.5.0->-r requirements.txt (line 7))
2025-11-07T06:53:26.4036208Z   Downloading tzdata-2025.2-py2.py3-none-any.whl.metadata (1.4 kB)
2025-11-07T06:53:26.4255612Z Collecting starlette<1.0,>=0.40.0 (from gradio>=4.0.0->-r requirements.txt (line 1))
2025-11-07T06:53:26.4398398Z   Downloading starlette-0.49.3-py3-none-any.whl.metadata (6.4 kB)
2025-11-07T06:53:26.5063211Z Collecting annotated-doc>=0.0.2 (from fastapi>=0.104.0->-r requirements.txt (line 8))
2025-11-07T06:53:26.5203421Z   Downloading annotated_doc-0.0.3-py3-none-any.whl.metadata (6.6 kB)
2025-11-07T06:53:26.5325677Z Collecting annotated-types>=0.6.0 (from pydantic>=2.4.0->-r requirements.txt (line 10))
2025-11-07T06:53:26.5462872Z   Downloading annotated_types-0.7.0-py3-none-any.whl.metadata (15 kB)
2025-11-07T06:53:27.2463004Z Collecting pydantic-core==2.33.2 (from pydantic>=2.4.0->-r requirements.txt (line 10))
2025-11-07T06:53:27.2606208Z   Downloading pydantic_core-2.33.2-cp312-cp312-manylinux_2_17_x86_64.manylinux2014_x86_64.whl.metadata (6.8 kB)
2025-11-07T06:53:27.2797161Z Collecting typing-inspection>=0.4.0 (from pydantic>=2.4.0->-r requirements.txt (line 10))
2025-11-07T06:53:27.2937075Z   Downloading typing_inspection-0.4.2-py3-none-any.whl.metadata (2.6 kB)
2025-11-07T06:53:27.3253090Z Collecting certifi (from httpx>=0.24.0->-r requirements.txt (line 16))
2025-11-07T06:53:27.3394787Z   Downloading certifi-2025.10.5-py3-none-any.whl.metadata (2.5 kB)
2025-11-07T06:53:27.3607311Z Collecting httpcore==1.* (from httpx>=0.24.0->-r requirements.txt (line 16))
2025-11-07T06:53:27.3747358Z   Downloading httpcore-1.0.9-py3-none-any.whl.metadata (21 kB)
2025-11-07T06:53:27.3916786Z Collecting idna (from httpx>=0.24.0->-r requirements.txt (line 16))
2025-11-07T06:53:27.4055144Z   Downloading idna-3.11-py3-none-any.whl.metadata (8.4 kB)
2025-11-07T06:53:27.4223681Z Collecting sniffio>=1.1 (from anyio<5.0,>=3.0->gradio>=4.0.0->-r requirements.txt (line 1))
2025-11-07T06:53:27.4362077Z   Downloading sniffio-1.3.1-py3-none-any.whl.metadata (3.9 kB)
2025-11-07T06:53:27.4565256Z Collecting h11>=0.16 (from httpcore==1.*->httpx>=0.24.0->-r requirements.txt (line 16))
2025-11-07T06:53:27.4703523Z   Downloading h11-0.16.0-py3-none-any.whl.metadata (8.3 kB)
2025-11-07T06:53:27.4926250Z Collecting filelock (from huggingface-hub<2.0,>=0.33.5->gradio>=4.0.0->-r requirements.txt (line 1))
2025-11-07T06:53:27.5067066Z   Downloading filelock-3.20.0-py3-none-any.whl.metadata (2.1 kB)
2025-11-07T06:53:27.5497242Z Collecting hf-xet<2.0.0,>=1.2.0 (from huggingface-hub<2.0,>=0.33.5->gradio>=4.0.0->-r requirements.txt (line 1))
2025-11-07T06:53:27.5638476Z   Downloading hf_xet-1.2.0-cp37-abi3-manylinux_2_17_x86_64.manylinux2014_x86_64.whl.metadata (4.9 kB)
2025-11-07T06:53:27.5905225Z Collecting shellingham (from huggingface-hub<2.0,>=0.33.5->gradio>=4.0.0->-r requirements.txt (line 1))
2025-11-07T06:53:27.6044617Z   Downloading shellingham-1.5.4-py2.py3-none-any.whl.metadata (3.5 kB)
2025-11-07T06:53:27.6399610Z Collecting tqdm>=4.42.1 (from huggingface-hub<2.0,>=0.33.5->gradio>=4.0.0->-r requirements.txt (line 1))
2025-11-07T06:53:27.6539985Z   Downloading tqdm-4.67.1-py3-none-any.whl.metadata (57 kB)
2025-11-07T06:53:27.6766072Z Collecting typer-slim (from huggingface-hub<2.0,>=0.33.5->gradio>=4.0.0->-r requirements.txt (line 1))
2025-11-07T06:53:27.6904640Z   Downloading typer_slim-0.20.0-py3-none-any.whl.metadata (16 kB)
2025-11-07T06:53:27.7453513Z Collecting click>=8.0.0 (from typer<1.0,>=0.12->gradio>=4.0.0->-r requirements.txt (line 1))
2025-11-07T06:53:27.7595076Z   Downloading click-8.3.0-py3-none-any.whl.metadata (2.6 kB)
2025-11-07T06:53:27.8745042Z Collecting rich>=10.11.0 (from typer<1.0,>=0.12->gradio>=4.0.0->-r requirements.txt (line 1))
2025-11-07T06:53:27.8894080Z   Downloading rich-14.2.0-py3-none-any.whl.metadata (18 kB)
2025-11-07T06:53:27.9421636Z Collecting narwhals>=1.15.1 (from plotly>=5.0.0->-r requirements.txt (line 2))
2025-11-07T06:53:27.9563306Z   Downloading narwhals-2.10.2-py3-none-any.whl.metadata (11 kB)
2025-11-07T06:53:28.0074808Z Collecting marshmallow<4.0.0,>=3.18.0 (from dataclasses-json>=0.5.7->-r requirements.txt (line 4))
2025-11-07T06:53:28.0215808Z   Downloading marshmallow-3.26.1-py3-none-any.whl.metadata (7.3 kB)
2025-11-07T06:53:28.0359593Z Collecting typing-inspect<1,>=0.4.0 (from dataclasses-json>=0.5.7->-r requirements.txt (line 4))
2025-11-07T06:53:28.0497471Z   Downloading typing_inspect-0.9.0-py3-none-any.whl.metadata (1.5 kB)
2025-11-07T06:53:28.0684673Z Collecting mypy-extensions>=0.3.0 (from typing-inspect<1,>=0.4.0->dataclasses-json>=0.5.7->-r requirements.txt (line 4))
2025-11-07T06:53:28.0825848Z   Downloading mypy_extensions-1.1.0-py3-none-any.whl.metadata (1.1 kB)
2025-11-07T06:53:28.1284141Z Collecting multitasking>=0.0.7 (from yfinance>=0.2.0->-r requirements.txt (line 5))
2025-11-07T06:53:28.1432298Z   Downloading multitasking-0.0.12.tar.gz (19 kB)
2025-11-07T06:53:28.1516765Z   Installing build dependencies: started
2025-11-07T06:53:29.2224202Z   Installing build dependencies: finished with status 'done'
2025-11-07T06:53:29.2230838Z   Getting requirements to build wheel: started
2025-11-07T06:53:29.6739511Z   Getting requirements to build wheel: finished with status 'done'
2025-11-07T06:53:29.6748360Z   Preparing metadata (pyproject.toml): started
2025-11-07T06:53:29.8827712Z   Preparing metadata (pyproject.toml): finished with status 'done'
2025-11-07T06:53:29.9030950Z Collecting platformdirs>=2.0.0 (from yfinance>=0.2.0->-r requirements.txt (line 5))
2025-11-07T06:53:29.9173958Z   Downloading platformdirs-4.5.0-py3-none-any.whl.metadata (12 kB)
2025-11-07T06:53:29.9675448Z Collecting frozendict>=2.3.4 (from yfinance>=0.2.0->-r requirements.txt (line 5))
2025-11-07T06:53:29.9820956Z   Downloading frozendict-2.4.6-py312-none-any.whl.metadata (23 kB)
2025-11-07T06:53:30.0057692Z Collecting peewee>=3.16.2 (from yfinance>=0.2.0->-r requirements.txt (line 5))
2025-11-07T06:53:30.0199272Z   Downloading peewee-3.18.3.tar.gz (3.0 MB)
2025-11-07T06:53:30.0786067Z      ━━━━━━━━━━━━━━━━━━━━━━━━━━━━━━━━━━━━━━━━ 3.0/3.0 MB 65.0 MB/s  0:00:00
2025-11-07T06:53:30.2436010Z   Installing build dependencies: started
2025-11-07T06:53:31.1191877Z   Installing build dependencies: finished with status 'done'
2025-11-07T06:53:31.1197975Z   Getting requirements to build wheel: started
2025-11-07T06:53:32.6729959Z   Getting requirements to build wheel: finished with status 'done'
2025-11-07T06:53:32.6739093Z   Preparing metadata (pyproject.toml): started
2025-11-07T06:53:32.9085612Z   Preparing metadata (pyproject.toml): finished with status 'done'
2025-11-07T06:53:32.9257147Z Collecting beautifulsoup4>=4.11.1 (from yfinance>=0.2.0->-r requirements.txt (line 5))
2025-11-07T06:53:32.9396290Z   Downloading beautifulsoup4-4.14.2-py3-none-any.whl.metadata (3.8 kB)
2025-11-07T06:53:32.9881575Z Collecting curl_cffi>=0.7 (from yfinance>=0.2.0->-r requirements.txt (line 5))
2025-11-07T06:53:33.0032521Z   Downloading curl_cffi-0.13.0-cp39-abi3-manylinux_2_17_x86_64.manylinux2014_x86_64.whl.metadata (13 kB)
2025-11-07T06:53:33.1697314Z Collecting protobuf>=3.19.0 (from yfinance>=0.2.0->-r requirements.txt (line 5))
2025-11-07T06:53:33.1838121Z   Downloading protobuf-6.33.0-cp39-abi3-manylinux2014_x86_64.whl.metadata (593 bytes)
2025-11-07T06:53:33.2684856Z Collecting charset_normalizer<4,>=2 (from requests>=2.28.0->-r requirements.txt (line 6))
2025-11-07T06:53:33.2826852Z   Downloading charset_normalizer-3.4.4-cp312-cp312-manylinux2014_x86_64.manylinux_2_17_x86_64.manylinux_2_28_x86_64.whl.metadata (37 kB)
2025-11-07T06:53:33.3188595Z Collecting urllib3<3,>=1.21.1 (from requests>=2.28.0->-r requirements.txt (line 6))
2025-11-07T06:53:33.3327406Z   Downloading urllib3-2.5.0-py3-none-any.whl.metadata (6.5 kB)
2025-11-07T06:53:33.3819809Z Collecting limits>=2.3 (from slowapi>=0.1.4->-r requirements.txt (line 14))
2025-11-07T06:53:33.3959119Z   Downloading limits-5.6.0-py3-none-any.whl.metadata (10 kB)
2025-11-07T06:53:33.4207666Z Collecting soupsieve>1.2 (from beautifulsoup4>=4.11.1->yfinance>=0.2.0->-r requirements.txt (line 5))
2025-11-07T06:53:33.4346096Z   Downloading soupsieve-2.8-py3-none-any.whl.metadata (4.6 kB)
2025-11-07T06:53:33.5517994Z Collecting cffi>=1.12.0 (from curl_cffi>=0.7->yfinance>=0.2.0->-r requirements.txt (line 5))
2025-11-07T06:53:33.5659545Z   Downloading cffi-2.0.0-cp312-cp312-manylinux2014_x86_64.manylinux_2_17_x86_64.whl.metadata (2.6 kB)
2025-11-07T06:53:33.5848488Z Collecting pycparser (from cffi>=1.12.0->curl_cffi>=0.7->yfinance>=0.2.0->-r requirements.txt (line 5))
2025-11-07T06:53:33.5985613Z   Downloading pycparser-2.23-py3-none-any.whl.metadata (993 bytes)
2025-11-07T06:53:33.6212432Z Collecting deprecated>=1.2 (from limits>=2.3->slowapi>=0.1.4->-r requirements.txt (line 14))
2025-11-07T06:53:33.6348959Z   Downloading deprecated-1.3.1-py2.py3-none-any.whl.metadata (5.9 kB)
2025-11-07T06:53:33.7795828Z Collecting wrapt<3,>=1.10 (from deprecated>=1.2->limits>=2.3->slowapi>=0.1.4->-r requirements.txt (line 14))
2025-11-07T06:53:33.7937004Z   Downloading wrapt-2.0.1-cp312-cp312-manylinux1_x86_64.manylinux_2_28_x86_64.manylinux_2_5_x86_64.whl.metadata (9.0 kB)
2025-11-07T06:53:33.9311460Z Collecting bcrypt>=3.1.0 (from passlib[bcrypt]>=1.7.4->-r requirements.txt (line 13))
2025-11-07T06:53:33.9457343Z   Downloading bcrypt-5.0.0-cp39-abi3-manylinux_2_34_x86_64.whl.metadata (10 kB)
2025-11-07T06:53:33.9695508Z Collecting six>=1.5 (from python-dateutil>=2.8.2->pandas>=1.5.0->-r requirements.txt (line 7))
2025-11-07T06:53:33.9834807Z   Downloading six-1.17.0-py2.py3-none-any.whl.metadata (1.7 kB)
2025-11-07T06:53:34.0038672Z Collecting markdown-it-py>=2.2.0 (from rich>=10.11.0->typer<1.0,>=0.12->gradio>=4.0.0->-r requirements.txt (line 1))
2025-11-07T06:53:34.0177205Z   Downloading markdown_it_py-4.0.0-py3-none-any.whl.metadata (7.3 kB)
2025-11-07T06:53:34.0426558Z Collecting pygments<3.0.0,>=2.13.0 (from rich>=10.11.0->typer<1.0,>=0.12->gradio>=4.0.0->-r requirements.txt (line 1))
2025-11-07T06:53:34.0564922Z   Downloading pygments-2.19.2-py3-none-any.whl.metadata (2.5 kB)
2025-11-07T06:53:34.0718510Z Collecting mdurl~=0.1 (from markdown-it-py>=2.2.0->rich>=10.11.0->typer<1.0,>=0.12->gradio>=4.0.0->-r requirements.txt (line 1))
2025-11-07T06:53:34.0855603Z   Downloading mdurl-0.1.2-py3-none-any.whl.metadata (1.6 kB)
2025-11-07T06:53:34.1497429Z Collecting httptools>=0.6.3 (from uvicorn[standard]>=0.24.0->-r requirements.txt (line 9))
2025-11-07T06:53:34.1638112Z   Downloading httptools-0.7.1-cp312-cp312-manylinux1_x86_64.manylinux_2_28_x86_64.manylinux_2_5_x86_64.whl.metadata (3.5 kB)
2025-11-07T06:53:34.1827283Z Collecting python-dotenv>=0.13 (from uvicorn[standard]>=0.24.0->-r requirements.txt (line 9))
2025-11-07T06:53:34.1965851Z   Downloading python_dotenv-1.2.1-py3-none-any.whl.metadata (25 kB)
2025-11-07T06:53:34.2399652Z Collecting uvloop>=0.15.1 (from uvicorn[standard]>=0.24.0->-r requirements.txt (line 9))
2025-11-07T06:53:34.2541896Z   Downloading uvloop-0.22.1-cp312-cp312-manylinux2014_x86_64.manylinux_2_17_x86_64.manylinux_2_28_x86_64.whl.metadata (4.9 kB)
2025-11-07T06:53:34.3332148Z Collecting watchfiles>=0.13 (from uvicorn[standard]>=0.24.0->-r requirements.txt (line 9))
2025-11-07T06:53:34.3474239Z   Downloading watchfiles-1.1.1-cp312-cp312-manylinux_2_17_x86_64.manylinux2014_x86_64.whl.metadata (4.9 kB)
2025-11-07T06:53:34.3916567Z Downloading gradio-5.49.1-py3-none-any.whl (63.5 MB)
2025-11-07T06:53:34.6691711Z    ━━━━━━━━━━━━━━━━━━━━━━━━━━━━━━━━━━━━━━━━ 63.5/63.5 MB 230.4 MB/s  0:00:00
2025-11-07T06:53:34.6833526Z Downloading gradio_client-1.13.3-py3-none-any.whl (325 kB)
2025-11-07T06:53:34.7011080Z Downloading numpy-2.3.4-cp312-cp312-manylinux_2_27_x86_64.manylinux_2_28_x86_64.whl (16.6 MB)
2025-11-07T06:53:34.7778819Z    ━━━━━━━━━━━━━━━━━━━━━━━━━━━━━━━━━━━━━━━━ 16.6/16.6 MB 222.1 MB/s  0:00:00
2025-11-07T06:53:34.7921605Z Downloading pandas-2.3.3-cp312-cp312-manylinux_2_24_x86_64.manylinux_2_28_x86_64.whl (12.4 MB)
2025-11-07T06:53:34.8472471Z    ━━━━━━━━━━━━━━━━━━━━━━━━━━━━━━━━━━━━━━━━ 12.4/12.4 MB 230.7 MB/s  0:00:00
2025-11-07T06:53:34.8612418Z Downloading fastapi-0.121.0-py3-none-any.whl (109 kB)
2025-11-07T06:53:34.8777733Z Downloading pydantic-2.11.10-py3-none-any.whl (444 kB)
2025-11-07T06:53:34.8955187Z Downloading pydantic_core-2.33.2-cp312-cp312-manylinux_2_17_x86_64.manylinux2014_x86_64.whl (2.0 MB)
2025-11-07T06:53:34.9068855Z    ━━━━━━━━━━━━━━━━━━━━━━━━━━━━━━━━━━━━━━━━ 2.0/2.0 MB 195.3 MB/s  0:00:00
2025-11-07T06:53:34.9207044Z Downloading httpx-0.28.1-py3-none-any.whl (73 kB)
2025-11-07T06:53:34.9367366Z Downloading aiofiles-24.1.0-py3-none-any.whl (15 kB)
2025-11-07T06:53:34.9525662Z Downloading anyio-4.11.0-py3-none-any.whl (109 kB)
2025-11-07T06:53:34.9686193Z Downloading groovy-0.1.2-py3-none-any.whl (14 kB)
2025-11-07T06:53:34.9845241Z Downloading httpcore-1.0.9-py3-none-any.whl (78 kB)
2025-11-07T06:53:35.0007582Z Downloading huggingface_hub-1.1.2-py3-none-any.whl (514 kB)
2025-11-07T06:53:35.0189889Z Downloading hf_xet-1.2.0-cp37-abi3-manylinux_2_17_x86_64.manylinux2014_x86_64.whl (3.3 MB)
2025-11-07T06:53:35.0349579Z    ━━━━━━━━━━━━━━━━━━━━━━━━━━━━━━━━━━━━━━━━ 3.3/3.3 MB 228.7 MB/s  0:00:00
2025-11-07T06:53:35.0489487Z Downloading jinja2-3.1.6-py3-none-any.whl (134 kB)
2025-11-07T06:53:35.0655879Z Downloading markupsafe-3.0.3-cp312-cp312-manylinux2014_x86_64.manylinux_2_17_x86_64.manylinux_2_28_x86_64.whl (22 kB)
2025-11-07T06:53:35.0822426Z Downloading orjson-3.11.4-cp312-cp312-manylinux_2_17_x86_64.manylinux2014_x86_64.whl (136 kB)
2025-11-07T06:53:35.0987782Z Downloading pillow-11.3.0-cp312-cp312-manylinux_2_27_x86_64.manylinux_2_28_x86_64.whl (6.6 MB)
2025-11-07T06:53:35.1299601Z    ━━━━━━━━━━━━━━━━━━━━━━━━━━━━━━━━━━━━━━━━ 6.6/6.6 MB 226.4 MB/s  0:00:00
2025-11-07T06:53:35.1441507Z Downloading pyyaml-6.0.3-cp312-cp312-manylinux2014_x86_64.manylinux_2_17_x86_64.manylinux_2_28_x86_64.whl (807 kB)
2025-11-07T06:53:35.1524246Z    ━━━━━━━━━━━━━━━━━━━━━━━━━━━━━━━━━━━━━━━━ 807.9/807.9 kB 95.1 MB/s  0:00:00
2025-11-07T06:53:35.1664242Z Downloading safehttpx-0.1.7-py3-none-any.whl (9.0 kB)
2025-11-07T06:53:35.1827304Z Downloading semantic_version-2.10.0-py2.py3-none-any.whl (15 kB)
2025-11-07T06:53:35.1991817Z Downloading starlette-0.49.3-py3-none-any.whl (74 kB)
2025-11-07T06:53:35.2155201Z Downloading tomlkit-0.13.3-py3-none-any.whl (38 kB)
2025-11-07T06:53:35.2314802Z Downloading typer-0.20.0-py3-none-any.whl (47 kB)
2025-11-07T06:53:35.2477416Z Downloading typing_extensions-4.15.0-py3-none-any.whl (44 kB)
2025-11-07T06:53:35.2639657Z Downloading websockets-15.0.1-cp312-cp312-manylinux_2_5_x86_64.manylinux1_x86_64.manylinux_2_17_x86_64.manylinux2014_x86_64.whl (182 kB)
2025-11-07T06:53:35.2805350Z Downloading plotly-6.4.0-py3-none-any.whl (9.9 MB)
2025-11-07T06:53:35.3280718Z    ━━━━━━━━━━━━━━━━━━━━━━━━━━━━━━━━━━━━━━━━ 9.9/9.9 MB 214.4 MB/s  0:00:00
2025-11-07T06:53:35.3419589Z Downloading dataclasses_json-0.6.7-py3-none-any.whl (28 kB)
2025-11-07T06:53:35.3576287Z Downloading marshmallow-3.26.1-py3-none-any.whl (50 kB)
2025-11-07T06:53:35.3733525Z Downloading typing_inspect-0.9.0-py3-none-any.whl (8.8 kB)
2025-11-07T06:53:35.3891559Z Downloading yfinance-0.2.66-py2.py3-none-any.whl (123 kB)
2025-11-07T06:53:35.4053379Z Downloading requests-2.32.5-py3-none-any.whl (64 kB)
2025-11-07T06:53:35.4213881Z Downloading charset_normalizer-3.4.4-cp312-cp312-manylinux2014_x86_64.manylinux_2_17_x86_64.manylinux_2_28_x86_64.whl (153 kB)
2025-11-07T06:53:35.4377011Z Downloading idna-3.11-py3-none-any.whl (71 kB)
2025-11-07T06:53:35.4542085Z Downloading urllib3-2.5.0-py3-none-any.whl (129 kB)
2025-11-07T06:53:35.4706771Z Downloading uvicorn-0.38.0-py3-none-any.whl (68 kB)
2025-11-07T06:53:35.4871804Z Downloading PyJWT-2.10.1-py3-none-any.whl (22 kB)
2025-11-07T06:53:35.5032569Z Downloading passlib-1.7.4-py2.py3-none-any.whl (525 kB)
2025-11-07T06:53:35.5092802Z    ━━━━━━━━━━━━━━━━━━━━━━━━━━━━━━━━━━━━━━━━ 525.6/525.6 kB 74.0 MB/s  0:00:00
2025-11-07T06:53:35.5231925Z Downloading slowapi-0.1.9-py3-none-any.whl (14 kB)
2025-11-07T06:53:35.5392649Z Downloading annotated_doc-0.0.3-py3-none-any.whl (5.5 kB)
2025-11-07T06:53:35.5549839Z Downloading annotated_types-0.7.0-py3-none-any.whl (13 kB)
2025-11-07T06:53:35.5709017Z Downloading beautifulsoup4-4.14.2-py3-none-any.whl (106 kB)
2025-11-07T06:53:35.5874705Z Downloading brotli-1.2.0-cp312-cp312-manylinux2014_x86_64.manylinux_2_17_x86_64.whl (1.4 MB)
2025-11-07T06:53:35.5972485Z    ━━━━━━━━━━━━━━━━━━━━━━━━━━━━━━━━━━━━━━━━ 1.4/1.4 MB 159.8 MB/s  0:00:00
2025-11-07T06:53:35.6114595Z Downloading certifi-2025.10.5-py3-none-any.whl (163 kB)
2025-11-07T06:53:35.6281796Z Downloading click-8.3.0-py3-none-any.whl (107 kB)
2025-11-07T06:53:35.6445083Z Downloading curl_cffi-0.13.0-cp39-abi3-manylinux_2_17_x86_64.manylinux2014_x86_64.whl (8.3 MB)
2025-11-07T06:53:35.6852197Z    ━━━━━━━━━━━━━━━━━━━━━━━━━━━━━━━━━━━━━━━━ 8.3/8.3 MB 213.7 MB/s  0:00:00
2025-11-07T06:53:35.6995138Z Downloading cffi-2.0.0-cp312-cp312-manylinux2014_x86_64.manylinux_2_17_x86_64.whl (219 kB)
2025-11-07T06:53:35.7178198Z Downloading frozendict-2.4.6-py312-none-any.whl (16 kB)
2025-11-07T06:53:35.7336920Z Downloading fsspec-2025.10.0-py3-none-any.whl (200 kB)
2025-11-07T06:53:35.7503930Z Downloading h11-0.16.0-py3-none-any.whl (37 kB)
2025-11-07T06:53:35.7663121Z Downloading limits-5.6.0-py3-none-any.whl (60 kB)
2025-11-07T06:53:35.7824175Z Downloading deprecated-1.3.1-py2.py3-none-any.whl (11 kB)
2025-11-07T06:53:35.7984586Z Downloading wrapt-2.0.1-cp312-cp312-manylinux1_x86_64.manylinux_2_28_x86_64.manylinux_2_5_x86_64.whl (121 kB)
2025-11-07T06:53:35.8149670Z Downloading mypy_extensions-1.1.0-py3-none-any.whl (5.0 kB)
2025-11-07T06:53:35.8307568Z Downloading narwhals-2.10.2-py3-none-any.whl (419 kB)
2025-11-07T06:53:35.8482174Z Downloading packaging-25.0-py3-none-any.whl (66 kB)
2025-11-07T06:53:35.8650289Z Downloading bcrypt-5.0.0-cp39-abi3-manylinux_2_34_x86_64.whl (278 kB)
2025-11-07T06:53:35.8846256Z Downloading platformdirs-4.5.0-py3-none-any.whl (18 kB)
2025-11-07T06:53:35.9023688Z Downloading protobuf-6.33.0-cp39-abi3-manylinux2014_x86_64.whl (323 kB)
2025-11-07T06:53:35.9372543Z Downloading python_dateutil-2.9.0.post0-py2.py3-none-any.whl (229 kB)
2025-11-07T06:53:36.2383876Z Downloading python_multipart-0.0.20-py3-none-any.whl (24 kB)
2025-11-07T06:53:36.2547466Z Downloading pytz-2025.2-py2.py3-none-any.whl (509 kB)
2025-11-07T06:53:36.2726857Z Downloading rich-14.2.0-py3-none-any.whl (243 kB)
2025-11-07T06:53:36.2903100Z Downloading pygments-2.19.2-py3-none-any.whl (1.2 MB)
2025-11-07T06:53:36.2988621Z    ━━━━━━━━━━━━━━━━━━━━━━━━━━━━━━━━━━━━━━━━ 1.2/1.2 MB 156.5 MB/s  0:00:00
2025-11-07T06:53:36.3130278Z Downloading markdown_it_py-4.0.0-py3-none-any.whl (87 kB)
2025-11-07T06:53:36.3296983Z Downloading mdurl-0.1.2-py3-none-any.whl (10.0 kB)
2025-11-07T06:53:36.3462057Z Downloading ruff-0.14.4-py3-none-manylinux_2_17_x86_64.manylinux2014_x86_64.whl (13.4 MB)
2025-11-07T06:53:36.4135131Z    ━━━━━━━━━━━━━━━━━━━━━━━━━━━━━━━━━━━━━━━━ 13.4/13.4 MB 203.6 MB/s  0:00:00
2025-11-07T06:53:36.4272949Z Downloading shellingham-1.5.4-py2.py3-none-any.whl (9.8 kB)
2025-11-07T06:53:36.4430919Z Downloading six-1.17.0-py2.py3-none-any.whl (11 kB)
2025-11-07T06:53:36.4586730Z Downloading sniffio-1.3.1-py3-none-any.whl (10 kB)
2025-11-07T06:53:36.4745330Z Downloading soupsieve-2.8-py3-none-any.whl (36 kB)
2025-11-07T06:53:36.4907471Z Downloading tqdm-4.67.1-py3-none-any.whl (78 kB)
2025-11-07T06:53:36.5068585Z Downloading typing_inspection-0.4.2-py3-none-any.whl (14 kB)
2025-11-07T06:53:36.5229127Z Downloading tzdata-2025.2-py2.py3-none-any.whl (347 kB)
2025-11-07T06:53:36.5405580Z Downloading httptools-0.7.1-cp312-cp312-manylinux1_x86_64.manylinux_2_28_x86_64.manylinux_2_5_x86_64.whl (517 kB)
2025-11-07T06:53:36.5582499Z Downloading python_dotenv-1.2.1-py3-none-any.whl (21 kB)
2025-11-07T06:53:36.5749691Z Downloading uvloop-0.22.1-cp312-cp312-manylinux2014_x86_64.manylinux_2_17_x86_64.manylinux_2_28_x86_64.whl (4.4 MB)
2025-11-07T06:53:36.5987335Z    ━━━━━━━━━━━━━━━━━━━━━━━━━━━━━━━━━━━━━━━━ 4.4/4.4 MB 214.1 MB/s  0:00:00
2025-11-07T06:53:36.6130409Z Downloading watchfiles-1.1.1-cp312-cp312-manylinux_2_17_x86_64.manylinux2014_x86_64.whl (456 kB)
2025-11-07T06:53:36.6304915Z Downloading ffmpy-0.6.4-py3-none-any.whl (5.6 kB)
2025-11-07T06:53:36.6461625Z Downloading filelock-3.20.0-py3-none-any.whl (16 kB)
2025-11-07T06:53:36.6621494Z Downloading pycparser-2.23-py3-none-any.whl (118 kB)
2025-11-07T06:53:36.6784470Z Downloading pydub-0.25.1-py2.py3-none-any.whl (32 kB)
2025-11-07T06:53:36.6952073Z Downloading typer_slim-0.20.0-py3-none-any.whl (47 kB)
2025-11-07T06:53:36.9104825Z Building wheels for collected packages: multitasking, peewee
2025-11-07T06:53:36.9113727Z   Building wheel for multitasking (pyproject.toml): started
2025-11-07T06:53:37.1341016Z   Building wheel for multitasking (pyproject.toml): finished with status 'done'
2025-11-07T06:53:37.1346494Z   Created wheel for multitasking: filename=multitasking-0.0.12-py3-none-any.whl size=15636 sha256=d2ca187ab55ffc2fd4b0c2716d7e00166405f15985197a25b6d1dc7e6248bb83
2025-11-07T06:53:37.1348489Z   Stored in directory: /home/runner/.cache/pip/wheels/cc/bd/6f/664d62c99327abeef7d86489e6631cbf45b56fbf7ef1d6ef00
2025-11-07T06:53:37.1383481Z   Building wheel for peewee (pyproject.toml): started
2025-11-07T06:53:51.2073201Z   Building wheel for peewee (pyproject.toml): finished with status 'done'
2025-11-07T06:53:51.2087616Z   Created wheel for peewee: filename=peewee-3.18.3-cp312-cp312-linux_x86_64.whl size=1047039 sha256=ad7e9728da6d9c51d6cd537ac588c9c933fdd654ba3afc5e43ad1d7c2f1e827b
2025-11-07T06:53:51.2089495Z   Stored in directory: /home/runner/.cache/pip/wheels/e2/48/b6/675a31c56e50b8b343e1ffbb1d9209f0d95025e2cfa0bbeeed
2025-11-07T06:53:51.2112661Z Successfully built multitasking peewee
2025-11-07T06:53:51.4086264Z Installing collected packages: pytz, pydub, peewee, passlib, multitasking, brotli, wrapt, websockets, uvloop, urllib3, tzdata, typing-extensions, tqdm, tomlkit, soupsieve, sniffio, six, shellingham, semantic-version, ruff, pyyaml, python-multipart, python-dotenv, PyJWT, pygments, pycparser, protobuf, platformdirs, pillow, packaging, orjson, numpy, narwhals, mypy-extensions, mdurl, markupsafe, idna, httptools, hf-xet, h11, groovy, fsspec, frozendict, filelock, ffmpy, click, charset_normalizer, certifi, bcrypt, annotated-types, annotated-doc, aiofiles, uvicorn, typing-inspection, typing-inspect, typer-slim, requests, python-dateutil, pydantic-core, plotly, marshmallow, markdown-it-py, jinja2, httpcore, deprecated, cffi, beautifulsoup4, anyio, watchfiles, starlette, rich, pydantic, pandas, limits, httpx, dataclasses-json, curl_cffi, yfinance, typer, slowapi, safehttpx, huggingface-hub, fastapi, gradio-client, gradio
2025-11-07T06:54:07.9980871Z 
2025-11-07T06:54:08.0060117Z Successfully installed PyJWT-2.10.1 aiofiles-24.1.0 annotated-doc-0.0.3 annotated-types-0.7.0 anyio-4.11.0 bcrypt-5.0.0 beautifulsoup4-4.14.2 brotli-1.2.0 certifi-2025.10.5 cffi-2.0.0 charset_normalizer-3.4.4 click-8.3.0 curl_cffi-0.13.0 dataclasses-json-0.6.7 deprecated-1.3.1 fastapi-0.121.0 ffmpy-0.6.4 filelock-3.20.0 frozendict-2.4.6 fsspec-2025.10.0 gradio-5.49.1 gradio-client-1.13.3 groovy-0.1.2 h11-0.16.0 hf-xet-1.2.0 httpcore-1.0.9 httptools-0.7.1 httpx-0.28.1 huggingface-hub-1.1.2 idna-3.11 jinja2-3.1.6 limits-5.6.0 markdown-it-py-4.0.0 markupsafe-3.0.3 marshmallow-3.26.1 mdurl-0.1.2 multitasking-0.0.12 mypy-extensions-1.1.0 narwhals-2.10.2 numpy-2.3.4 orjson-3.11.4 packaging-25.0 pandas-2.3.3 passlib-1.7.4 peewee-3.18.3 pillow-11.3.0 platformdirs-4.5.0 plotly-6.4.0 protobuf-6.33.0 pycparser-2.23 pydantic-2.11.10 pydantic-core-2.33.2 pydub-0.25.1 pygments-2.19.2 python-dateutil-2.9.0.post0 python-dotenv-1.2.1 python-multipart-0.0.20 pytz-2025.2 pyyaml-6.0.3 requests-2.32.5 rich-14.2.0 ruff-0.14.4 safehttpx-0.1.7 semantic-version-2.10.0 shellingham-1.5.4 six-1.17.0 slowapi-0.1.9 sniffio-1.3.1 soupsieve-2.8 starlette-0.49.3 tomlkit-0.13.3 tqdm-4.67.1 typer-0.20.0 typer-slim-0.20.0 typing-extensions-4.15.0 typing-inspect-0.9.0 typing-inspection-0.4.2 tzdata-2025.2 urllib3-2.5.0 uvicorn-0.38.0 uvloop-0.22.1 watchfiles-1.1.1 websockets-15.0.1 wrapt-2.0.1 yfinance-0.2.66
2025-11-07T06:54:09.2741499Z Collecting pytest>=7.0.0 (from -r requirements-dev.txt (line 2))
2025-11-07T06:54:09.3772032Z   Downloading pytest-8.4.2-py3-none-any.whl.metadata (7.7 kB)
2025-11-07T06:54:09.3960726Z Collecting pytest-cov>=4.0.0 (from -r requirements-dev.txt (line 3))
2025-11-07T06:54:09.4160010Z   Downloading pytest_cov-7.0.0-py3-none-any.whl.metadata (31 kB)
2025-11-07T06:54:09.4546824Z Collecting pytest-asyncio>=0.21.0 (from -r requirements-dev.txt (line 4))
2025-11-07T06:54:09.4749255Z   Downloading pytest_asyncio-1.2.0-py3-none-any.whl.metadata (4.1 kB)
2025-11-07T06:54:09.4982750Z Collecting flake8>=6.0.0 (from -r requirements-dev.txt (line 5))
2025-11-07T06:54:09.5185111Z   Downloading flake8-7.3.0-py2.py3-none-any.whl.metadata (3.8 kB)
2025-11-07T06:54:09.5596880Z Collecting pylint>=2.17.0 (from -r requirements-dev.txt (line 6))
2025-11-07T06:54:09.5796989Z   Downloading pylint-4.0.2-py3-none-any.whl.metadata (12 kB)
2025-11-07T06:54:09.7011281Z Collecting mypy>=1.0.0 (from -r requirements-dev.txt (line 7))
2025-11-07T06:54:09.7216633Z   Downloading mypy-1.18.2-cp312-cp312-manylinux2014_x86_64.manylinux_2_17_x86_64.manylinux_2_28_x86_64.whl.metadata (2.2 kB)
2025-11-07T06:54:09.7687347Z Collecting black>=23.0.0 (from -r requirements-dev.txt (line 8))
2025-11-07T06:54:09.7890795Z   Downloading black-25.9.0-cp312-cp312-manylinux_2_17_x86_64.manylinux2014_x86_64.manylinux_2_28_x86_64.whl.metadata (83 kB)
2025-11-07T06:54:09.8447443Z Collecting isort>=5.12.0 (from -r requirements-dev.txt (line 9))
2025-11-07T06:54:09.8649437Z   Downloading isort-7.0.0-py3-none-any.whl.metadata (11 kB)
2025-11-07T06:54:09.9023280Z Collecting pre-commit>=3.0.0 (from -r requirements-dev.txt (line 10))
2025-11-07T06:54:09.9235565Z   Downloading pre_commit-4.3.0-py2.py3-none-any.whl.metadata (1.2 kB)
2025-11-07T06:54:09.9352244Z Collecting iniconfig>=1 (from pytest>=7.0.0->-r requirements-dev.txt (line 2))
2025-11-07T06:54:09.9553303Z   Downloading iniconfig-2.3.0-py3-none-any.whl.metadata (2.5 kB)
2025-11-07T06:54:09.9593275Z Requirement already satisfied: packaging>=20 in /opt/hostedtoolcache/Python/3.12.12/x64/lib/python3.12/site-packages (from pytest>=7.0.0->-r requirements-dev.txt (line 2)) (25.0)
2025-11-07T06:54:09.9694840Z Collecting pluggy<2,>=1.5 (from pytest>=7.0.0->-r requirements-dev.txt (line 2))
2025-11-07T06:54:09.9897621Z   Downloading pluggy-1.6.0-py3-none-any.whl.metadata (4.8 kB)
2025-11-07T06:54:09.9943683Z Requirement already satisfied: pygments>=2.7.2 in /opt/hostedtoolcache/Python/3.12.12/x64/lib/python3.12/site-packages (from pytest>=7.0.0->-r requirements-dev.txt (line 2)) (2.19.2)
2025-11-07T06:54:10.3180394Z Collecting coverage>=7.10.6 (from coverage[toml]>=7.10.6->pytest-cov>=4.0.0->-r requirements-dev.txt (line 3))
2025-11-07T06:54:10.3387186Z   Downloading coverage-7.11.0-cp312-cp312-manylinux1_x86_64.manylinux_2_28_x86_64.manylinux_2_5_x86_64.whl.metadata (9.0 kB)
2025-11-07T06:54:10.3576126Z Requirement already satisfied: typing-extensions>=4.12 in /opt/hostedtoolcache/Python/3.12.12/x64/lib/python3.12/site-packages (from pytest-asyncio>=0.21.0->-r requirements-dev.txt (line 4)) (4.15.0)
2025-11-07T06:54:10.3662061Z Collecting mccabe<0.8.0,>=0.7.0 (from flake8>=6.0.0->-r requirements-dev.txt (line 5))
2025-11-07T06:54:10.3861957Z   Downloading mccabe-0.7.0-py2.py3-none-any.whl.metadata (5.0 kB)
2025-11-07T06:54:10.3993575Z Collecting pycodestyle<2.15.0,>=2.14.0 (from flake8>=6.0.0->-r requirements-dev.txt (line 5))
2025-11-07T06:54:10.4201891Z   Downloading pycodestyle-2.14.0-py2.py3-none-any.whl.metadata (4.5 kB)
2025-11-07T06:54:10.4364093Z Collecting pyflakes<3.5.0,>=3.4.0 (from flake8>=6.0.0->-r requirements-dev.txt (line 5))
2025-11-07T06:54:10.4563118Z   Downloading pyflakes-3.4.0-py2.py3-none-any.whl.metadata (3.5 kB)
2025-11-07T06:54:10.5019546Z Collecting astroid<=4.1.dev0,>=4.0.1 (from pylint>=2.17.0->-r requirements-dev.txt (line 6))
2025-11-07T06:54:10.5221777Z   Downloading astroid-4.0.1-py3-none-any.whl.metadata (4.4 kB)
2025-11-07T06:54:10.5361043Z Collecting dill>=0.3.6 (from pylint>=2.17.0->-r requirements-dev.txt (line 6))
2025-11-07T06:54:10.5558332Z   Downloading dill-0.4.0-py3-none-any.whl.metadata (10 kB)
2025-11-07T06:54:10.5754759Z Requirement already satisfied: platformdirs>=2.2 in /opt/hostedtoolcache/Python/3.12.12/x64/lib/python3.12/site-packages (from pylint>=2.17.0->-r requirements-dev.txt (line 6)) (4.5.0)
2025-11-07T06:54:10.5759637Z Requirement already satisfied: tomlkit>=0.10.1 in /opt/hostedtoolcache/Python/3.12.12/x64/lib/python3.12/site-packages (from pylint>=2.17.0->-r requirements-dev.txt (line 6)) (0.13.3)
2025-11-07T06:54:10.5785430Z Requirement already satisfied: mypy_extensions>=1.0.0 in /opt/hostedtoolcache/Python/3.12.12/x64/lib/python3.12/site-packages (from mypy>=1.0.0->-r requirements-dev.txt (line 7)) (1.1.0)
2025-11-07T06:54:10.5888162Z Collecting pathspec>=0.9.0 (from mypy>=1.0.0->-r requirements-dev.txt (line 7))
2025-11-07T06:54:10.6088479Z   Downloading pathspec-0.12.1-py3-none-any.whl.metadata (21 kB)
2025-11-07T06:54:10.6146780Z Requirement already satisfied: click>=8.0.0 in /opt/hostedtoolcache/Python/3.12.12/x64/lib/python3.12/site-packages (from black>=23.0.0->-r requirements-dev.txt (line 8)) (8.3.0)
2025-11-07T06:54:10.6236961Z Collecting pytokens>=0.1.10 (from black>=23.0.0->-r requirements-dev.txt (line 8))
2025-11-07T06:54:10.6436630Z   Downloading pytokens-0.3.0-py3-none-any.whl.metadata (2.0 kB)
2025-11-07T06:54:10.6585094Z Collecting cfgv>=2.0.0 (from pre-commit>=3.0.0->-r requirements-dev.txt (line 10))
2025-11-07T06:54:10.6787362Z   Downloading cfgv-3.4.0-py2.py3-none-any.whl.metadata (8.5 kB)
2025-11-07T06:54:10.7242223Z Collecting identify>=1.0.0 (from pre-commit>=3.0.0->-r requirements-dev.txt (line 10))
2025-11-07T06:54:10.7444974Z   Downloading identify-2.6.15-py2.py3-none-any.whl.metadata (4.4 kB)
2025-11-07T06:54:10.7609342Z Collecting nodeenv>=0.11.1 (from pre-commit>=3.0.0->-r requirements-dev.txt (line 10))
2025-11-07T06:54:10.7810783Z   Downloading nodeenv-1.9.1-py2.py3-none-any.whl.metadata (21 kB)
2025-11-07T06:54:10.7877454Z Requirement already satisfied: pyyaml>=5.1 in /opt/hostedtoolcache/Python/3.12.12/x64/lib/python3.12/site-packages (from pre-commit>=3.0.0->-r requirements-dev.txt (line 10)) (6.0.3)
2025-11-07T06:54:10.8608185Z Collecting virtualenv>=20.10.0 (from pre-commit>=3.0.0->-r requirements-dev.txt (line 10))
2025-11-07T06:54:10.8807770Z   Downloading virtualenv-20.35.4-py3-none-any.whl.metadata (4.6 kB)
2025-11-07T06:54:10.9138447Z Collecting distlib<1,>=0.3.7 (from virtualenv>=20.10.0->pre-commit>=3.0.0->-r requirements-dev.txt (line 10))
2025-11-07T06:54:10.9339400Z   Downloading distlib-0.4.0-py2.py3-none-any.whl.metadata (5.2 kB)
2025-11-07T06:54:10.9378352Z Requirement already satisfied: filelock<4,>=3.12.2 in /opt/hostedtoolcache/Python/3.12.12/x64/lib/python3.12/site-packages (from virtualenv>=20.10.0->pre-commit>=3.0.0->-r requirements-dev.txt (line 10)) (3.20.0)
2025-11-07T06:54:10.9605477Z Downloading pytest-8.4.2-py3-none-any.whl (365 kB)
2025-11-07T06:54:11.0079562Z Downloading pluggy-1.6.0-py3-none-any.whl (20 kB)
2025-11-07T06:54:11.0300090Z Downloading pytest_cov-7.0.0-py3-none-any.whl (22 kB)
2025-11-07T06:54:11.0519111Z Downloading pytest_asyncio-1.2.0-py3-none-any.whl (15 kB)
2025-11-07T06:54:11.0744474Z Downloading flake8-7.3.0-py2.py3-none-any.whl (57 kB)
2025-11-07T06:54:11.0977657Z Downloading mccabe-0.7.0-py2.py3-none-any.whl (7.3 kB)
2025-11-07T06:54:11.1200721Z Downloading pycodestyle-2.14.0-py2.py3-none-any.whl (31 kB)
2025-11-07T06:54:11.1422944Z Downloading pyflakes-3.4.0-py2.py3-none-any.whl (63 kB)
2025-11-07T06:54:11.1645166Z Downloading pylint-4.0.2-py3-none-any.whl (536 kB)
2025-11-07T06:54:11.1877375Z    ━━━━━━━━━━━━━━━━━━━━━━━━━━━━━━━━━━━━━━━━ 536.0/536.0 kB 15.1 MB/s  0:00:00
2025-11-07T06:54:11.2075553Z Downloading isort-7.0.0-py3-none-any.whl (94 kB)
2025-11-07T06:54:11.2303655Z Downloading astroid-4.0.1-py3-none-any.whl (276 kB)
2025-11-07T06:54:11.2545487Z Downloading mypy-1.18.2-cp312-cp312-manylinux2014_x86_64.manylinux_2_17_x86_64.manylinux_2_28_x86_64.whl (13.3 MB)
2025-11-07T06:54:11.3514733Z    ━━━━━━━━━━━━━━━━━━━━━━━━━━━━━━━━━━━━━━━━ 13.3/13.3 MB 139.5 MB/s  0:00:00
2025-11-07T06:54:11.3720642Z Downloading black-25.9.0-cp312-cp312-manylinux_2_17_x86_64.manylinux2014_x86_64.manylinux_2_28_x86_64.whl (1.7 MB)
2025-11-07T06:54:11.3824143Z    ━━━━━━━━━━━━━━━━━━━━━━━━━━━━━━━━━━━━━━━━ 1.7/1.7 MB 183.6 MB/s  0:00:00
2025-11-07T06:54:11.4032131Z Downloading pre_commit-4.3.0-py2.py3-none-any.whl (220 kB)
2025-11-07T06:54:11.4263587Z Downloading cfgv-3.4.0-py2.py3-none-any.whl (7.2 kB)
2025-11-07T06:54:11.4486297Z Downloading coverage-7.11.0-cp312-cp312-manylinux1_x86_64.manylinux_2_28_x86_64.manylinux_2_5_x86_64.whl (250 kB)
2025-11-07T06:54:11.4713431Z Downloading dill-0.4.0-py3-none-any.whl (119 kB)
2025-11-07T06:54:11.4936618Z Downloading identify-2.6.15-py2.py3-none-any.whl (99 kB)
2025-11-07T06:54:11.5161751Z Downloading iniconfig-2.3.0-py3-none-any.whl (7.5 kB)
2025-11-07T06:54:11.5377401Z Downloading nodeenv-1.9.1-py2.py3-none-any.whl (22 kB)
2025-11-07T06:54:11.5598193Z Downloading pathspec-0.12.1-py3-none-any.whl (31 kB)
2025-11-07T06:54:11.5817437Z Downloading pytokens-0.3.0-py3-none-any.whl (12 kB)
2025-11-07T06:54:11.6045025Z Downloading virtualenv-20.35.4-py3-none-any.whl (6.0 MB)
2025-11-07T06:54:11.6399296Z    ━━━━━━━━━━━━━━━━━━━━━━━━━━━━━━━━━━━━━━━━ 6.0/6.0 MB 176.3 MB/s  0:00:00
2025-11-07T06:54:11.6602284Z Downloading distlib-0.4.0-py2.py3-none-any.whl (469 kB)
2025-11-07T06:54:11.8656100Z Installing collected packages: distlib, virtualenv, pytokens, pyflakes, pycodestyle, pluggy, pathspec, nodeenv, mccabe, isort, iniconfig, identify, dill, coverage, cfgv, astroid, pytest, pylint, pre-commit, mypy, flake8, black, pytest-cov, pytest-asyncio
2025-11-07T06:54:15.0809610Z 
2025-11-07T06:54:15.0903637Z Successfully installed astroid-4.0.1 black-25.9.0 cfgv-3.4.0 coverage-7.11.0 dill-0.4.0 distlib-0.4.0 flake8-7.3.0 identify-2.6.15 iniconfig-2.3.0 isort-7.0.0 mccabe-0.7.0 mypy-1.18.2 nodeenv-1.9.1 pathspec-0.12.1 pluggy-1.6.0 pre-commit-4.3.0 pycodestyle-2.14.0 pyflakes-3.4.0 pylint-4.0.2 pytest-8.4.2 pytest-asyncio-1.2.0 pytest-cov-7.0.0 pytokens-0.3.0 virtualenv-20.35.4
2025-11-07T06:54:15.2436273Z ##[group]Run set -euo pipefail
2025-11-07T06:54:15.2437066Z [36;1mset -euo pipefail[0m
2025-11-07T06:54:15.2437487Z [36;1meval "flake8 . --count --select=E9,F63,F7,F82 --show-source --statistics && \[0m
2025-11-07T06:54:15.2437875Z [36;1mflake8 . --count --statistics && \[0m
2025-11-07T06:54:15.2438141Z [36;1mblack --check --diff . && \[0m
2025-11-07T06:54:15.2438384Z [36;1misort --check-only --diff . && \[0m
2025-11-07T06:54:15.2438632Z [36;1mpylint src/ --fail-under=7.0 && \[0m
2025-11-07T06:54:15.2438962Z [36;1mpytest --cov=src --cov-report=xml --cov-report=term-missing -v[0m
2025-11-07T06:54:15.2439279Z [36;1m"[0m
2025-11-07T06:54:15.2472449Z shell: /usr/bin/bash --noprofile --norc -e -o pipefail {0}
2025-11-07T06:54:15.2472753Z env:
2025-11-07T06:54:15.2472987Z   pythonLocation: /opt/hostedtoolcache/Python/3.12.12/x64
2025-11-07T06:54:15.2473384Z   PKG_CONFIG_PATH: /opt/hostedtoolcache/Python/3.12.12/x64/lib/pkgconfig
2025-11-07T06:54:15.2473943Z   Python_ROOT_DIR: /opt/hostedtoolcache/Python/3.12.12/x64
2025-11-07T06:54:15.2474273Z   Python2_ROOT_DIR: /opt/hostedtoolcache/Python/3.12.12/x64
2025-11-07T06:54:15.2474621Z   Python3_ROOT_DIR: /opt/hostedtoolcache/Python/3.12.12/x64
2025-11-07T06:54:15.2474966Z   LD_LIBRARY_PATH: /opt/hostedtoolcache/Python/3.12.12/x64/lib
2025-11-07T06:54:15.2475377Z ##[endgroup]
2025-11-07T06:54:16.3380145Z 0
2025-11-07T06:54:16.8566948Z 0
2025-11-07T06:54:18.5308464Z All done! ✨ 🍰 ✨
2025-11-07T06:54:18.5308914Z 32 files would be left unchanged.
2025-11-07T06:54:18.7493202Z Skipped 1 files
2025-11-07T06:54:19.1064696Z ************* Module /home/runner/work/financial-asset-relationship-db/financial-asset-relationship-db/pyproject.toml
2025-11-07T06:54:19.1066159Z pyproject.toml:1:0: E0015: Unrecognized option found: suggestion-mode (unrecognized-option)
2025-11-07T06:54:21.7062159Z ************* Module models.financial_models
2025-11-07T06:54:21.7067552Z src/models/financial_models.py:111:0: C0325: Unnecessary parens after 'not' keyword (superfluous-parens)
2025-11-07T06:54:21.7071446Z ************* Module logic.asset_graph
2025-11-07T06:54:21.7074139Z src/logic/asset_graph.py:109:0: C0301: Line too long (123/120) (line-too-long)
2025-11-07T06:54:21.7076300Z src/logic/asset_graph.py:5:0: E0401: Unable to import 'src.models.financial_models' (import-error)
2025-11-07T06:54:21.7083856Z src/logic/asset_graph.py:33:4: R0917: Too many positional arguments (6/5) (too-many-positional-arguments)
2025-11-07T06:54:21.7085042Z src/logic/asset_graph.py:91:46: W1114: Positional arguments appear to be out of order (arguments-out-of-order)
2025-11-07T06:54:21.7086050Z src/logic/asset_graph.py:231:27: W0612: Unused variable 'rel_type' (unused-variable)
2025-11-07T06:54:21.7087102Z src/logic/asset_graph.py:231:37: W0612: Unused variable 'strength' (unused-variable)
2025-11-07T06:54:21.7087765Z ************* Module reports.schema_report
2025-11-07T06:54:21.7088402Z src/reports/schema_report.py:89:0: C0301: Line too long (140/120) (line-too-long)
2025-11-07T06:54:21.7089405Z src/reports/schema_report.py:1:0: E0401: Unable to import 'src.logic.asset_graph' (import-error)
2025-11-07T06:54:21.7090161Z ************* Module visualizations.graph_2d_visuals
2025-11-07T06:54:21.7090959Z src/visualizations/graph_2d_visuals.py:11:0: E0401: Unable to import 'src.logic.asset_graph' (import-error)
2025-11-07T06:54:21.7092208Z src/visualizations/graph_2d_visuals.py:14:0: R0917: Too many positional arguments (10/5) (too-many-positional-arguments)
2025-11-07T06:54:21.7093381Z src/visualizations/graph_2d_visuals.py:14:0: R0914: Too many local variables (24/20) (too-many-locals)
2025-11-07T06:54:21.7094851Z src/visualizations/graph_2d_visuals.py:93:19: R1735: Consider using '{"size": node_sizes, "color": colors, "line": dict(width=2, color='black'), ... }' instead of a call to 'dict'. (use-dict-literal)
2025-11-07T06:54:21.7096698Z src/visualizations/graph_2d_visuals.py:93:60: R1735: Consider using '{"width": 2, "color": 'black'}' instead of a call to 'dict'. (use-dict-literal)
2025-11-07T06:54:21.7098155Z src/visualizations/graph_2d_visuals.py:96:21: R1735: Consider using '{"size": 10, "color": 'white'}' instead of a call to 'dict'. (use-dict-literal)
2025-11-07T06:54:21.7100330Z src/visualizations/graph_2d_visuals.py:106:14: R1735: Consider using '{"text": '📈 2D Asset Relationship Network', "x": 0.5, "font": dict(size=20, color='#2C3E50'), ... }' instead of a call to 'dict'. (use-dict-literal)
2025-11-07T06:54:21.7102097Z src/visualizations/graph_2d_visuals.py:106:74: R1735: Consider using '{"size": 20, "color": '#2C3E50'}' instead of a call to 'dict'. (use-dict-literal)
2025-11-07T06:54:21.7103537Z src/visualizations/graph_2d_visuals.py:109:15: R1735: Consider using '{"b": 40, "l": 40, "r": 40, "t": 80}' instead of a call to 'dict'. (use-dict-literal)
2025-11-07T06:54:21.7105536Z src/visualizations/graph_2d_visuals.py:111:12: R1735: Consider using '{"text": f'Network Layout: {layout_type.title()} | Assets: {len(asset_ids)} | Relationships: {sum((len(rels) for rels in graph.relationships.values()))}', ... }' instead of a call to 'dict'. (use-dict-literal)
2025-11-07T06:54:21.7108321Z src/visualizations/graph_2d_visuals.py:121:21: R1735: Consider using '{"size": 12, "color": '#7F8C8D'}' instead of a call to 'dict'. (use-dict-literal)
2025-11-07T06:54:21.7110338Z src/visualizations/graph_2d_visuals.py:124:14: R1735: Consider using '{"showgrid": False, "zeroline": False, "showticklabels": False, "title": '', ... }' instead of a call to 'dict'. (use-dict-literal)
2025-11-07T06:54:21.7112317Z src/visualizations/graph_2d_visuals.py:125:14: R1735: Consider using '{"showgrid": False, "zeroline": False, "showticklabels": False, "title": '', ... }' instead of a call to 'dict'. (use-dict-literal)
2025-11-07T06:54:21.7139542Z src/visualizations/graph_2d_visuals.py:128:13: R1735: Consider using '{"family": 'Arial, sans-serif', "size": 12}' instead of a call to 'dict'. (use-dict-literal)
2025-11-07T06:54:21.7141308Z src/visualizations/graph_2d_visuals.py:129:15: R1735: Consider using '{"orientation": 'h', "yanchor": 'bottom', "y": 1.02, "xanchor": 'right', ... }' instead of a call to 'dict'. (use-dict-literal)
2025-11-07T06:54:21.7142901Z src/visualizations/graph_2d_visuals.py:129:90: R1735: Consider using '{"size": 10}' instead of a call to 'dict'. (use-dict-literal)
2025-11-07T06:54:21.7144017Z src/visualizations/graph_2d_visuals.py:172:18: W0612: Unused variable 'z3d' (unused-variable)
2025-11-07T06:54:21.7145106Z src/visualizations/graph_2d_visuals.py:179:0: R0917: Too many positional arguments (11/5) (too-many-positional-arguments)
2025-11-07T06:54:21.7146225Z src/visualizations/graph_2d_visuals.py:179:0: R0914: Too many local variables (34/20) (too-many-locals)
2025-11-07T06:54:21.7147776Z src/visualizations/graph_2d_visuals.py:266:21: R1735: Consider using '{"color": color, "width": line_width, "dash": line_dash}' instead of a call to 'dict'. (use-dict-literal)
2025-11-07T06:54:21.7149183Z src/visualizations/graph_2d_visuals.py:182:4: W0613: Unused argument 'asset_ids' (unused-argument)
2025-11-07T06:54:21.7150125Z ************* Module visualizations.formulaic_visuals
2025-11-07T06:54:21.7150973Z src/visualizations/formulaic_visuals.py:7:0: E0401: Unable to import 'src.analysis.formulaic_analysis' (import-error)
2025-11-07T06:54:21.7152170Z src/visualizations/formulaic_visuals.py:25:4: R0914: Too many local variables (29/20) (too-many-locals)
2025-11-07T06:54:21.7153682Z src/visualizations/formulaic_visuals.py:59:27: R1735: Consider using '{"colors": [self.color_scheme.get(cat, '#CCCCCC') for cat in categories.keys()], ... }' instead of a call to 'dict'. (use-dict-literal)
2025-11-07T06:54:21.7179176Z src/visualizations/formulaic_visuals.py:77:27: R1735: Consider using '{"color": colors}' instead of a call to 'dict'. (use-dict-literal)
2025-11-07T06:54:21.7180513Z src/visualizations/formulaic_visuals.py:125:29: R1735: Consider using '{"title": 'Correlation'}' instead of a call to 'dict'. (use-dict-literal)
2025-11-07T06:54:21.7181930Z src/visualizations/formulaic_visuals.py:142:27: R1735: Consider using '{"color": 'lightblue'}' instead of a call to 'dict'. (use-dict-literal)
2025-11-07T06:54:21.7183350Z src/visualizations/formulaic_visuals.py:158:55: R1735: Consider using '{"color": 'lightgreen'}' instead of a call to 'dict'. (use-dict-literal)
2025-11-07T06:54:21.7184959Z src/visualizations/formulaic_visuals.py:177:27: R1735: Consider using '{"values": list(table_data.keys()), "fill_color": 'paleturquoise'}' instead of a call to 'dict'. (use-dict-literal)
2025-11-07T06:54:21.7186863Z src/visualizations/formulaic_visuals.py:178:103: R1735: Consider using '{"size": 10}' instead of a call to 'dict'. (use-dict-literal)
2025-11-07T06:54:21.7188582Z src/visualizations/formulaic_visuals.py:180:26: R1735: Consider using '{"values": list(table_data.values()), "fill_color": 'lavender', "align": 'left', ... }' instead of a call to 'dict'. (use-dict-literal)
2025-11-07T06:54:21.7190311Z src/visualizations/formulaic_visuals.py:184:29: R1735: Consider using '{"size": 9}' instead of a call to 'dict'. (use-dict-literal)
2025-11-07T06:54:21.7193017Z src/visualizations/formulaic_visuals.py:194:18: R1735: Consider using '{"text": '📊 Financial Formulaic Analysis Dashboard', "x": 0.5, "font": dict(size=20, color='#2C3E50'), ... }' instead of a call to 'dict'. (use-dict-literal)
2025-11-07T06:54:21.7195210Z src/visualizations/formulaic_visuals.py:194:87: R1735: Consider using '{"size": 20, "color": '#2C3E50'}' instead of a call to 'dict'. (use-dict-literal)
2025-11-07T06:54:21.7207192Z src/visualizations/formulaic_visuals.py:199:17: R1735: Consider using '{"family": 'Arial, sans-serif', "size": 10}' instead of a call to 'dict'. (use-dict-literal)
2025-11-07T06:54:21.7208956Z src/visualizations/formulaic_visuals.py:231:17: R1735: Consider using '{"size": 12, "family": 'Arial, sans-serif'}' instead of a call to 'dict'. (use-dict-literal)
2025-11-07T06:54:21.7210559Z src/visualizations/formulaic_visuals.py:240:18: R1735: Consider using '{"visible": False}' instead of a call to 'dict'. (use-dict-literal)
2025-11-07T06:54:21.7212064Z src/visualizations/formulaic_visuals.py:241:18: R1735: Consider using '{"visible": False}' instead of a call to 'dict'. (use-dict-literal)
2025-11-07T06:54:21.7213528Z src/visualizations/formulaic_visuals.py:245:19: R1735: Consider using '{"l": 50, "r": 50, "t": 80, "b": 50}' instead of a call to 'dict'. (use-dict-literal)
2025-11-07T06:54:21.7214850Z src/visualizations/formulaic_visuals.py:250:4: R0914: Too many local variables (21/20) (too-many-locals)
2025-11-07T06:54:21.7216134Z src/visualizations/formulaic_visuals.py:263:21: R1735: Consider using '{"size": 16}' instead of a call to 'dict'. (use-dict-literal)
2025-11-07T06:54:21.7217853Z src/visualizations/formulaic_visuals.py:303:25: R1735: Consider using '{"color": color, "width": width}' instead of a call to 'dict'. (use-dict-literal)
2025-11-07T06:54:21.7219634Z src/visualizations/formulaic_visuals.py:319:19: R1735: Consider using '{"size": 30, "color": 'lightblue', "line": dict(width=2, color='darkblue'), ... }' instead of a call to 'dict'. (use-dict-literal)
2025-11-07T06:54:21.7221402Z src/visualizations/formulaic_visuals.py:319:57: R1735: Consider using '{"width": 2, "color": 'darkblue'}' instead of a call to 'dict'. (use-dict-literal)
2025-11-07T06:54:21.7222835Z src/visualizations/formulaic_visuals.py:332:19: R1735: Consider using '{"b": 20, "l": 5, "r": 5, "t": 40}' instead of a call to 'dict'. (use-dict-literal)
2025-11-07T06:54:22.0003549Z src/visualizations/formulaic_visuals.py:334:16: R1735: Consider using '{"text": 'Node size represents asset importance<br>Line thickness represents correlation strength', ... }' instead of a call to 'dict'. (use-dict-literal)
2025-11-07T06:54:22.0005057Z src/visualizations/formulaic_visuals.py:342:25: R1735: Consider using '{"size": 10}' instead of a call to 'dict'. (use-dict-literal)
2025-11-07T06:54:22.0006236Z src/visualizations/formulaic_visuals.py:345:18: R1735: Consider using '{"showgrid": False, "zeroline": False, "showticklabels": False}' instead of a call to 'dict'. (use-dict-literal)
2025-11-07T06:54:22.0007758Z src/visualizations/formulaic_visuals.py:346:18: R1735: Consider using '{"showgrid": False, "zeroline": False, "showticklabels": False}' instead of a call to 'dict'. (use-dict-literal)
2025-11-07T06:54:22.0008962Z src/visualizations/formulaic_visuals.py:383:23: R1735: Consider using '{"color": 'lightcoral'}' instead of a call to 'dict'. (use-dict-literal)
2025-11-07T06:54:22.0010149Z src/visualizations/formulaic_visuals.py:395:23: R1735: Consider using '{"color": 'lightblue'}' instead of a call to 'dict'. (use-dict-literal)
2025-11-07T06:54:22.0011107Z src/visualizations/formulaic_visuals.py:403:18: R1735: Consider using '{"title": 'Category'}' instead of a call to 'dict'. (use-dict-literal)
2025-11-07T06:54:22.0012078Z src/visualizations/formulaic_visuals.py:404:18: R1735: Consider using '{"title": 'Average R-squared', "side": 'left'}' instead of a call to 'dict'. (use-dict-literal)
2025-11-07T06:54:22.0013653Z src/visualizations/formulaic_visuals.py:405:19: R1735: Consider using '{"title": 'Number of Formulas', "side": 'right', "overlaying": 'y', ... }' instead of a call to 'dict'. (use-dict-literal)
2025-11-07T06:54:22.0014670Z src/visualizations/formulaic_visuals.py:409:19: R1735: Consider using '{"x": 0.7, "y": 1}' instead of a call to 'dict'. (use-dict-literal)
2025-11-07T06:54:22.0016978Z ************* Module visualizations.metric_visuals
2025-11-07T06:54:22.0017778Z src/visualizations/metric_visuals.py:6:0: E0401: Unable to import 'src.logic.asset_graph' (import-error)
2025-11-07T06:54:22.0018547Z ************* Module visualizations.graph_visuals
2025-11-07T06:54:22.0019198Z src/visualizations/graph_visuals.py:167:0: C0301: Line too long (137/120) (line-too-long)
2025-11-07T06:54:22.0020097Z src/visualizations/graph_visuals.py:456:0: C0301: Line too long (137/120) (line-too-long)
2025-11-07T06:54:22.0021090Z src/visualizations/graph_visuals.py:6:0: E0401: Unable to import 'src.logic.asset_graph' (import-error)
2025-11-07T06:54:22.0022608Z src/visualizations/graph_visuals.py:34:19: R1735: Consider using '{"size": 15, "color": colors, "opacity": 0.9, "line": dict(color='rgba(0,0,0,0.8)', width=2), ... }' instead of a call to 'dict'. (use-dict-literal)
2025-11-07T06:54:22.0024314Z src/visualizations/graph_visuals.py:38:21: R1735: Consider using '{"color": 'rgba(0,0,0,0.8)', "width": 2}' instead of a call to 'dict'. (use-dict-literal)
2025-11-07T06:54:22.0025839Z src/visualizations/graph_visuals.py:45:21: R1735: Consider using '{"size": 12, "color": 'black'}' instead of a call to 'dict'. (use-dict-literal)
2025-11-07T06:54:22.0027393Z src/visualizations/graph_visuals.py:58:14: R1735: Consider using '{"xaxis": dict(title='Dimension 1', showgrid=True, gridcolor='rgba(200, 200, 200, 0.3)'), ... }' instead of a call to 'dict'. (use-dict-literal)
2025-11-07T06:54:22.0028491Z src/visualizations/graph_visuals.py:59:18: R1735: Consider using '{"title": 'Dimension 1', "showgrid": True, "gridcolor": 'rgba(200, 200, 200, 0.3)', ... }' instead of a call to 'dict'. (use-dict-literal)
2025-11-07T06:54:22.0029550Z src/visualizations/graph_visuals.py:60:18: R1735: Consider using '{"title": 'Dimension 2', "showgrid": True, "gridcolor": 'rgba(200, 200, 200, 0.3)', ... }' instead of a call to 'dict'. (use-dict-literal)
2025-11-07T06:54:22.0030573Z src/visualizations/graph_visuals.py:61:18: R1735: Consider using '{"title": 'Dimension 3', "showgrid": True, "gridcolor": 'rgba(200, 200, 200, 0.3)', ... }' instead of a call to 'dict'. (use-dict-literal)
2025-11-07T06:54:22.0031474Z src/visualizations/graph_visuals.py:63:19: R1735: Consider using '{"eye": dict(x=1.5, y=1.5, z=1.5)}' instead of a call to 'dict'. (use-dict-literal)
2025-11-07T06:54:22.0032216Z src/visualizations/graph_visuals.py:63:28: R1735: Consider using '{"x": 1.5, "y": 1.5, "z": 1.5}' instead of a call to 'dict'. (use-dict-literal)
2025-11-07T06:54:22.0033071Z src/visualizations/graph_visuals.py:69:15: R1735: Consider using '{"x": 0.02, "y": 0.98, "bgcolor": 'rgba(255, 255, 255, 0.8)', "bordercolor": 'rgba(0, 0, 0, 0.3)', ... }' instead of a call to 'dict'. (use-dict-literal)
2025-11-07T06:54:22.0033857Z src/visualizations/graph_visuals.py:77:0: R0914: Too many local variables (35/20) (too-many-locals)
2025-11-07T06:54:22.0034604Z src/visualizations/graph_visuals.py:186:21: R1735: Consider using '{"color": color, "width": line_width, "dash": line_dash}' instead of a call to 'dict'. (use-dict-literal)
2025-11-07T06:54:22.0035346Z src/visualizations/graph_visuals.py:77:0: R0912: Too many branches (17/15) (too-many-branches)
2025-11-07T06:54:22.0035921Z src/visualizations/graph_visuals.py:102:54: W0612: Unused variable 'reverse_strength' (unused-variable)
2025-11-07T06:54:22.0036766Z src/visualizations/graph_visuals.py:198:0: R0914: Too many local variables (21/20) (too-many-locals)
2025-11-07T06:54:22.0037609Z src/visualizations/graph_visuals.py:248:19: R1735: Consider using '{"symbol": 'diamond', "size": 8, "color": 'rgba(255, 0, 0, 0.8)', "line": dict(color='red', width=1), ... }' instead of a call to 'dict'. (use-dict-literal)
2025-11-07T06:54:22.0038783Z src/visualizations/graph_visuals.py:252:21: R1735: Consider using '{"color": 'red', "width": 1}' instead of a call to 'dict'. (use-dict-literal)
2025-11-07T06:54:22.0039458Z src/visualizations/graph_visuals.py:209:33: W0612: Unused variable 'strength' (unused-variable)
2025-11-07T06:54:22.0040146Z src/visualizations/graph_visuals.py:216:54: W0612: Unused variable 'reverse_strength' (unused-variable)
2025-11-07T06:54:22.0040795Z src/visualizations/graph_visuals.py:264:0: R0917: Too many positional arguments (10/5) (too-many-positional-arguments)
2025-11-07T06:54:22.0041678Z src/visualizations/graph_visuals.py:317:19: R1735: Consider using '{"size": 15, "color": colors, "opacity": 0.9, "line": dict(color='rgba(0,0,0,0.8)', width=2), ... }' instead of a call to 'dict'. (use-dict-literal)
2025-11-07T06:54:22.0042617Z src/visualizations/graph_visuals.py:318:57: R1735: Consider using '{"color": 'rgba(0,0,0,0.8)', "width": 2}' instead of a call to 'dict'. (use-dict-literal)
2025-11-07T06:54:22.0043412Z src/visualizations/graph_visuals.py:324:21: R1735: Consider using '{"size": 12, "color": 'black'}' instead of a call to 'dict'. (use-dict-literal)
2025-11-07T06:54:22.0044354Z src/visualizations/graph_visuals.py:340:14: R1735: Consider using '{"xaxis": dict(title='Dimension 1', showgrid=True, gridcolor='rgba(200, 200, 200, 0.3)'), ... }' instead of a call to 'dict'. (use-dict-literal)
2025-11-07T06:54:22.0045415Z src/visualizations/graph_visuals.py:341:18: R1735: Consider using '{"title": 'Dimension 1', "showgrid": True, "gridcolor": 'rgba(200, 200, 200, 0.3)', ... }' instead of a call to 'dict'. (use-dict-literal)
2025-11-07T06:54:22.0046588Z src/visualizations/graph_visuals.py:342:18: R1735: Consider using '{"title": 'Dimension 2', "showgrid": True, "gridcolor": 'rgba(200, 200, 200, 0.3)', ... }' instead of a call to 'dict'. (use-dict-literal)
2025-11-07T06:54:22.0047612Z src/visualizations/graph_visuals.py:343:18: R1735: Consider using '{"title": 'Dimension 3', "showgrid": True, "gridcolor": 'rgba(200, 200, 200, 0.3)', ... }' instead of a call to 'dict'. (use-dict-literal)
2025-11-07T06:54:22.0048513Z src/visualizations/graph_visuals.py:345:19: R1735: Consider using '{"eye": dict(x=1.5, y=1.5, z=1.5)}' instead of a call to 'dict'. (use-dict-literal)
2025-11-07T06:54:22.0049254Z src/visualizations/graph_visuals.py:345:28: R1735: Consider using '{"x": 1.5, "y": 1.5, "z": 1.5}' instead of a call to 'dict'. (use-dict-literal)
2025-11-07T06:54:22.0050101Z src/visualizations/graph_visuals.py:351:15: R1735: Consider using '{"x": 0.02, "y": 0.98, "bgcolor": 'rgba(255, 255, 255, 0.8)', "bordercolor": 'rgba(0, 0, 0, 0.3)', ... }' instead of a call to 'dict'. (use-dict-literal)
2025-11-07T06:54:22.0050883Z src/visualizations/graph_visuals.py:359:0: R0914: Too many local variables (36/20) (too-many-locals)
2025-11-07T06:54:22.0051634Z src/visualizations/graph_visuals.py:475:21: R1735: Consider using '{"color": color, "width": line_width, "dash": line_dash}' instead of a call to 'dict'. (use-dict-literal)
2025-11-07T06:54:22.0052365Z src/visualizations/graph_visuals.py:359:0: R0912: Too many branches (19/15) (too-many-branches)
2025-11-07T06:54:22.0052924Z src/visualizations/graph_visuals.py:359:0: R0915: Too many statements (53/50) (too-many-statements)
2025-11-07T06:54:22.0053502Z src/visualizations/graph_visuals.py:392:54: W0612: Unused variable 'reverse_strength' (unused-variable)
2025-11-07T06:54:22.0053930Z ************* Module data.database
2025-11-07T06:54:22.0054325Z src/data/database.py:51:15: W0718: Catching too general exception Exception (broad-exception-caught)
2025-11-07T06:54:22.0054997Z src/data/database.py:32:12: C0415: Import outside toplevel (supabase.Client, supabase.create_client) (import-outside-toplevel)
2025-11-07T06:54:22.0055594Z src/data/database.py:51:8: W0612: Unused variable 'e' (unused-variable)
2025-11-07T06:54:22.0056076Z src/data/database.py:74:15: W0718: Catching too general exception Exception (broad-exception-caught)
2025-11-07T06:54:22.0056880Z src/data/database.py:58:12: C0415: Import outside toplevel (psycopg2) (import-outside-toplevel)
2025-11-07T06:54:22.0057451Z src/data/database.py:111:15: W0718: Catching too general exception Exception (broad-exception-caught)
2025-11-07T06:54:26.1783823Z src/data/database.py:95:12: R1705: Unnecessary "elif" after "return", remove the leading "el" from "elif" (no-else-return)
2025-11-07T06:54:26.1785297Z src/data/database.py:112:12: W1203: Use lazy % formatting in logging functions (logging-fstring-interpolation)
2025-11-07T06:54:26.1786561Z src/data/database.py:88:4: R1710: Either all return statements in a function should return an expression, or none of them should. (inconsistent-return-statements)
2025-11-07T06:54:26.1787349Z ************* Module data.sample_data
2025-11-07T06:54:26.1787834Z src/data/sample_data.py:3:0: E0401: Unable to import 'src.logic.asset_graph' (import-error)
2025-11-07T06:54:26.1788521Z src/data/sample_data.py:4:0: E0401: Unable to import 'src.models.financial_models' (import-error)
2025-11-07T06:54:26.1789198Z src/data/sample_data.py:17:0: R0914: Too many local variables (29/20) (too-many-locals)
2025-11-07T06:54:26.1789902Z src/data/sample_data.py:346:8: W1203: Use lazy % formatting in logging functions (logging-fstring-interpolation)
2025-11-07T06:54:26.1790775Z src/data/sample_data.py:349:8: W1203: Use lazy % formatting in logging functions (logging-fstring-interpolation)
2025-11-07T06:54:26.1791601Z src/data/sample_data.py:358:8: W1203: Use lazy % formatting in logging functions (logging-fstring-interpolation)
2025-11-07T06:54:26.1792145Z ************* Module data.real_data_fetcher
2025-11-07T06:54:26.1792568Z src/data/real_data_fetcher.py:52:0: C0301: Line too long (148/120) (line-too-long)
2025-11-07T06:54:26.1793179Z src/data/real_data_fetcher.py:6:0: E0401: Unable to import 'src.logic.asset_graph' (import-error)
2025-11-07T06:54:26.1793871Z src/data/real_data_fetcher.py:7:0: E0401: Unable to import 'src.models.financial_models' (import-error)
2025-11-07T06:54:26.1794611Z src/data/real_data_fetcher.py:56:15: W0718: Catching too general exception Exception (broad-exception-caught)
2025-11-07T06:54:26.1795400Z src/data/real_data_fetcher.py:51:12: W1203: Use lazy % formatting in logging functions (logging-fstring-interpolation)
2025-11-07T06:54:26.1796209Z src/data/real_data_fetcher.py:57:12: W1203: Use lazy % formatting in logging functions (logging-fstring-interpolation)
2025-11-07T06:54:26.1797058Z src/data/real_data_fetcher.py:60:12: E0401: Unable to import 'src.data.sample_data' (import-error)
2025-11-07T06:54:26.1797888Z src/data/real_data_fetcher.py:60:12: C0415: Import outside toplevel (src.data.sample_data.create_sample_database) (import-outside-toplevel)
2025-11-07T06:54:26.1798771Z src/data/real_data_fetcher.py:102:19: W0718: Catching too general exception Exception (broad-exception-caught)
2025-11-07T06:54:26.1799566Z src/data/real_data_fetcher.py:81:20: W1203: Use lazy % formatting in logging functions (logging-fstring-interpolation)
2025-11-07T06:54:26.1800384Z src/data/real_data_fetcher.py:100:16: W1203: Use lazy % formatting in logging functions (logging-fstring-interpolation)
2025-11-07T06:54:26.1801209Z src/data/real_data_fetcher.py:103:16: W1203: Use lazy % formatting in logging functions (logging-fstring-interpolation)
2025-11-07T06:54:26.1801945Z src/data/real_data_fetcher.py:146:19: W0718: Catching too general exception Exception (broad-exception-caught)
2025-11-07T06:54:26.1802581Z src/data/real_data_fetcher.py:125:20: W1203: Use lazy % formatting in logging functions (logging-fstring-interpolation)
2025-11-07T06:54:26.1803225Z src/data/real_data_fetcher.py:144:16: W1203: Use lazy % formatting in logging functions (logging-fstring-interpolation)
2025-11-07T06:54:26.1803863Z src/data/real_data_fetcher.py:147:16: W1203: Use lazy % formatting in logging functions (logging-fstring-interpolation)
2025-11-07T06:54:26.1804478Z src/data/real_data_fetcher.py:190:19: W0718: Catching too general exception Exception (broad-exception-caught)
2025-11-07T06:54:26.1805275Z src/data/real_data_fetcher.py:167:20: W1203: Use lazy % formatting in logging functions (logging-fstring-interpolation)
2025-11-07T06:54:26.1805906Z src/data/real_data_fetcher.py:188:16: W1203: Use lazy % formatting in logging functions (logging-fstring-interpolation)
2025-11-07T06:54:26.1806662Z src/data/real_data_fetcher.py:191:16: W1203: Use lazy % formatting in logging functions (logging-fstring-interpolation)
2025-11-07T06:54:26.1807420Z src/data/real_data_fetcher.py:230:19: W0718: Catching too general exception Exception (broad-exception-caught)
2025-11-07T06:54:26.1808038Z src/data/real_data_fetcher.py:211:20: W1203: Use lazy % formatting in logging functions (logging-fstring-interpolation)
2025-11-07T06:54:26.1808683Z src/data/real_data_fetcher.py:228:16: W1203: Use lazy % formatting in logging functions (logging-fstring-interpolation)
2025-11-07T06:54:26.1809323Z src/data/real_data_fetcher.py:231:16: W1203: Use lazy % formatting in logging functions (logging-fstring-interpolation)
2025-11-07T06:54:26.1809780Z ************* Module analysis.formulaic_analysis
2025-11-07T06:54:26.1810190Z src/analysis/formulaic_analysis.py:442:0: C0301: Line too long (124/120) (line-too-long)
2025-11-07T06:54:26.1810697Z src/analysis/formulaic_analysis.py:452:0: C0301: Line too long (130/120) (line-too-long)
2025-11-07T06:54:26.1811196Z src/analysis/formulaic_analysis.py:581:0: C0301: Line too long (128/120) (line-too-long)
2025-11-07T06:54:26.1811681Z src/analysis/formulaic_analysis.py:630:0: C0301: Line too long (136/120) (line-too-long)
2025-11-07T06:54:26.1812226Z src/analysis/formulaic_analysis.py:5:0: E0401: Unable to import 'src.logic.asset_graph' (import-error)
2025-11-07T06:54:26.1812846Z src/analysis/formulaic_analysis.py:6:0: E0401: Unable to import 'src.models.financial_models' (import-error)
2025-11-07T06:54:26.1813424Z src/analysis/formulaic_analysis.py:471:39: W0613: Unused argument 'graph' (unused-argument)
2025-11-07T06:54:26.1814103Z src/analysis/formulaic_analysis.py:478:8: C0200: Consider using enumerate instead of iterating with range and len (consider-using-enumerate)
2025-11-07T06:54:26.1814783Z src/analysis/formulaic_analysis.py:494:41: W0613: Unused argument 'graph' (unused-argument)
2025-11-07T06:54:26.1815301Z src/analysis/formulaic_analysis.py:513:53: W0613: Unused argument 'graph' (unused-argument)
2025-11-07T06:54:26.1815806Z src/analysis/formulaic_analysis.py:525:53: W0613: Unused argument 'graph' (unused-argument)
2025-11-07T06:54:26.1816451Z src/analysis/formulaic_analysis.py:548:69: W0613: Unused argument 'assets_data' (unused-argument)
2025-11-07T06:54:26.1816863Z ************* Module analysis.__init__
2025-11-07T06:54:26.1817156Z src/analysis/__init__.py:1:0: R0801: Similar lines in 2 files
2025-11-07T06:54:26.1817482Z ==visualizations.graph_2d_visuals:[208:215]
2025-11-07T06:54:26.1817746Z ==visualizations.graph_visuals:[141:148]
2025-11-07T06:54:26.1817985Z         "same_sector": "#FF6B6B",
2025-11-07T06:54:26.1818211Z         "market_cap_similar": "#4ECDC4",
2025-11-07T06:54:26.1818438Z         "correlation": "#45B7D1",
2025-11-07T06:54:26.1818686Z         "corporate_bond_to_equity": "#96CEB4",
2025-11-07T06:54:26.1818928Z         "commodity_currency": "#FFEAA7",
2025-11-07T06:54:26.1819161Z         "income_comparison": "#DDA0DD",
2025-11-07T06:54:26.1819422Z         "regulatory_impact": "#98D8C8", (duplicate-code)
2025-11-07T06:54:26.1819754Z src/analysis/__init__.py:1:0: R0801: Similar lines in 2 files
2025-11-07T06:54:26.1820064Z ==visualizations.graph_2d_visuals:[264:271]
2025-11-07T06:54:26.1820314Z ==visualizations.graph_visuals:[184:191]
2025-11-07T06:54:26.1820548Z                 mode="lines",
2025-11-07T06:54:26.1820805Z                 line=dict(color=color, width=line_width, dash=line_dash),
2025-11-07T06:54:26.1821113Z                 hovertext=hover_texts,
2025-11-07T06:54:26.1821390Z                 hoverinfo="text",
2025-11-07T06:54:26.1821597Z                 name=trace_name,
2025-11-07T06:54:26.1821801Z                 visible=True,
2025-11-07T06:54:26.1822170Z                 legendgroup=rel_type, (duplicate-code)
2025-11-07T06:54:26.1822485Z src/analysis/__init__.py:1:0: R0801: Similar lines in 2 files
2025-11-07T06:54:26.1822801Z ==visualizations.formulaic_visuals:[335:341]
2025-11-07T06:54:26.1823068Z ==visualizations.graph_2d_visuals:[113:119]
2025-11-07T06:54:26.1823309Z                     showarrow=False,
2025-11-07T06:54:26.1823644Z                     xref="paper",
2025-11-07T06:54:26.1823852Z                     yref="paper",
2025-11-07T06:54:26.1824050Z                     x=0.005,
2025-11-07T06:54:26.1824282Z                     y=-0.002,
2025-11-07T06:54:26.1824501Z                     xanchor="left", (duplicate-code)
2025-11-07T06:54:26.1824686Z 
2025-11-07T06:54:26.1824766Z -----------------------------------
2025-11-07T06:54:26.1824996Z Your code has been rated at 8.20/10
2025-11-07T06:54:26.1825151Z 
2025-11-07T06:54:27.1230742Z ============================= test session starts ==============================
2025-11-07T06:54:27.1231742Z platform linux -- Python 3.12.12, pytest-8.4.2, pluggy-1.6.0 -- /opt/hostedtoolcache/Python/3.12.12/x64/bin/python
2025-11-07T06:54:27.1232466Z cachedir: .pytest_cache
2025-11-07T06:54:27.1233045Z rootdir: /home/runner/work/financial-asset-relationship-db/financial-asset-relationship-db
2025-11-07T06:54:27.1233708Z configfile: pyproject.toml
2025-11-07T06:54:27.1234018Z testpaths: tests
2025-11-07T06:54:27.1234342Z plugins: anyio-4.11.0, asyncio-1.2.0, cov-7.0.0
2025-11-07T06:54:27.1235106Z asyncio: mode=Mode.STRICT, debug=False, asyncio_default_fixture_loop_scope=None, asyncio_default_test_loop_scope=function
2025-11-07T06:54:31.1473646Z collecting ... collected 186 items
2025-11-07T06:54:31.1474006Z 
2025-11-07T06:54:34.6257169Z tests/integration/test_api_integration.py::TestCompleteAPIFlow::test_full_data_retrieval_flow PASSED [  0%]
2025-11-07T06:54:34.6319478Z tests/integration/test_api_integration.py::TestCompleteAPIFlow::test_metrics_consistency PASSED [  1%]
2025-11-07T06:54:34.6384788Z tests/integration/test_api_integration.py::TestCompleteAPIFlow::test_visualization_data_consistency PASSED [  1%]
2025-11-07T06:54:34.6672342Z tests/integration/test_api_integration.py::TestCompleteAPIFlow::test_filter_combinations PASSED [  2%]
2025-11-07T06:54:34.6777837Z tests/integration/test_api_integration.py::TestDataIntegrity::test_asset_detail_matches_list PASSED [  2%]
2025-11-07T06:54:34.7080727Z tests/integration/test_api_integration.py::TestDataIntegrity::test_relationship_bidirectionality PASSED [  3%]
2025-11-07T06:54:34.7186200Z tests/integration/test_api_integration.py::TestPerformance::test_response_times PASSED [  3%]
2025-11-07T06:54:34.7483533Z tests/integration/test_api_integration.py::TestPerformance::test_concurrent_requests PASSED [  4%]
2025-11-07T06:54:34.7519454Z tests/integration/test_api_integration.py::TestErrorRecovery::test_invalid_endpoints_return_404 PASSED [  4%]
2025-11-07T06:54:34.7555730Z tests/integration/test_api_integration.py::TestErrorRecovery::test_invalid_asset_id_returns_404 PASSED [  5%]
2025-11-07T06:54:34.7596745Z tests/integration/test_api_integration.py::TestErrorRecovery::test_malformed_requests PASSED [  5%]
2025-11-07T06:54:34.7641347Z tests/unit/test_api.py::TestRootAndHealth::test_root_endpoint PASSED     [  6%]
2025-11-07T06:54:34.7676542Z tests/unit/test_api.py::TestRootAndHealth::test_health_check_endpoint PASSED [  6%]
2025-11-07T06:54:34.7744146Z tests/unit/test_api.py::TestCORSValidation::test_validate_origin_localhost_http_dev PASSED [  7%]
2025-11-07T06:54:34.7774466Z tests/unit/test_api.py::TestCORSValidation::test_validate_origin_localhost_https_always PASSED [  8%]
2025-11-07T06:54:34.7798072Z tests/unit/test_api.py::TestCORSValidation::test_validate_origin_vercel_urls PASSED [  8%]
2025-11-07T06:54:34.7828906Z tests/unit/test_api.py::TestCORSValidation::test_validate_origin_https_domains PASSED [  9%]
2025-11-07T06:54:34.7849216Z tests/unit/test_api.py::TestCORSValidation::test_validate_origin_invalid PASSED [  9%]
2025-11-07T06:54:34.7936129Z tests/unit/test_api.py::TestAssetsEndpoint::test_get_all_assets PASSED   [ 10%]
2025-11-07T06:54:34.7983711Z tests/unit/test_api.py::TestAssetsEndpoint::test_filter_by_asset_class PASSED [ 10%]
2025-11-07T06:54:34.8032431Z tests/unit/test_api.py::TestAssetsEndpoint::test_filter_by_sector PASSED [ 11%]
2025-11-07T06:54:34.8598729Z tests/unit/test_api.py::TestAssetsEndpoint::test_filter_combined PASSED  [ 11%]
2025-11-07T06:54:34.8644179Z tests/unit/test_api.py::TestAssetsEndpoint::test_assets_additional_fields PASSED [ 12%]
2025-11-07T06:54:34.8699137Z tests/unit/test_api.py::TestAssetsEndpoint::test_assets_error_handling PASSED [ 12%]
2025-11-07T06:54:34.8740489Z tests/unit/test_api.py::TestAssetDetailEndpoint::test_get_asset_detail_success PASSED [ 13%]
2025-11-07T06:54:34.8780752Z tests/unit/test_api.py::TestAssetDetailEndpoint::test_get_asset_detail_not_found PASSED [ 13%]
2025-11-07T06:54:34.8824297Z tests/unit/test_api.py::TestAssetDetailEndpoint::test_get_bond_detail_with_issuer PASSED [ 14%]
2025-11-07T06:54:34.8864984Z tests/unit/test_api.py::TestRelationshipsEndpoint::test_get_asset_relationships PASSED [ 15%]
2025-11-07T06:54:34.8907549Z tests/unit/test_api.py::TestRelationshipsEndpoint::test_get_asset_relationships_not_found PASSED [ 15%]
2025-11-07T06:54:34.8949432Z tests/unit/test_api.py::TestRelationshipsEndpoint::test_get_all_relationships PASSED [ 16%]
2025-11-07T06:54:34.8991433Z tests/unit/test_api.py::TestMetricsEndpoint::test_get_metrics PASSED     [ 16%]
2025-11-07T06:54:34.9034196Z tests/unit/test_api.py::TestMetricsEndpoint::test_metrics_asset_class_distribution PASSED [ 17%]
2025-11-07T06:54:34.9080181Z tests/unit/test_api.py::TestVisualizationEndpoint::test_get_visualization_data PASSED [ 17%]
2025-11-07T06:54:34.9124106Z tests/unit/test_api.py::TestVisualizationEndpoint::test_visualization_node_structure PASSED [ 18%]
2025-11-07T06:54:34.9167569Z tests/unit/test_api.py::TestVisualizationEndpoint::test_visualization_edge_structure PASSED [ 18%]
2025-11-07T06:54:34.9204821Z tests/unit/test_api.py::TestMetadataEndpoints::test_get_asset_classes PASSED [ 19%]
2025-11-07T06:54:34.9247722Z tests/unit/test_api.py::TestMetadataEndpoints::test_get_sectors PASSED   [ 19%]
2025-11-07T06:54:34.9305363Z tests/unit/test_api.py::TestEdgeCases::test_empty_graph PASSED           [ 20%]
2025-11-07T06:54:34.9345072Z tests/unit/test_api.py::TestEdgeCases::test_special_characters_in_asset_id PASSED [ 20%]
2025-11-07T06:54:34.9386957Z tests/unit/test_api.py::TestEdgeCases::test_filter_no_matches PASSED     [ 21%]
2025-11-07T06:54:34.9516160Z tests/unit/test_api.py::TestConcurrency::test_multiple_concurrent_requests PASSED [ 22%]
2025-11-07T06:54:34.9561753Z tests/unit/test_api.py::TestResponseValidation::test_asset_response_schema PASSED [ 22%]
2025-11-07T06:54:34.9602713Z tests/unit/test_api.py::TestResponseValidation::test_relationship_response_schema PASSED [ 23%]
2025-11-07T06:54:34.9672231Z tests/unit/test_api.py::TestRealDataFetcherFallback::test_real_data_fetcher_complete_failure_fallback PASSED [ 23%]
2025-11-07T06:54:34.9699512Z tests/unit/test_api.py::TestRealDataFetcherFallback::test_real_data_fetcher_partial_fetch_success PASSED [ 24%]
2025-11-07T06:54:34.9741162Z tests/unit/test_api.py::TestRealDataFetcherFallback::test_fetcher_falls_back_on_unhandled_exception PASSED [ 24%]
2025-11-07T06:54:34.9781208Z tests/unit/test_api.py::TestRealDataFetcherFallback::test_real_data_fetcher_empty_history_graceful_handling PASSED [ 25%]
2025-11-07T06:54:34.9832438Z tests/unit/test_api.py::TestRealDataFetcherFallback::test_real_data_fetcher_logs_fallback_on_exception PASSED [ 25%]
2025-11-07T06:54:34.9871423Z tests/unit/test_api.py::TestRealDataFetcherFallback::test_individual_asset_class_fetch_failures_logged PASSED [ 26%]
2025-11-07T06:54:34.9895792Z tests/unit/test_api_main.py::TestValidateOrigin::test_validate_origin_http_localhost_development PASSED [ 26%]
2025-11-07T06:54:34.9919465Z tests/unit/test_api_main.py::TestValidateOrigin::test_validate_origin_http_localhost_production PASSED [ 27%]
2025-11-07T06:54:34.9931255Z tests/unit/test_api_main.py::TestValidateOrigin::test_validate_origin_https_localhost PASSED [ 27%]
2025-11-07T06:54:34.9943167Z tests/unit/test_api_main.py::TestValidateOrigin::test_validate_origin_vercel_urls PASSED [ 28%]
2025-11-07T06:54:34.9954960Z tests/unit/test_api_main.py::TestValidateOrigin::test_validate_origin_https_valid_domains PASSED [ 29%]
2025-11-07T06:54:34.9966819Z tests/unit/test_api_main.py::TestValidateOrigin::test_validate_origin_invalid_schemes PASSED [ 29%]
2025-11-07T06:54:34.9978683Z tests/unit/test_api_main.py::TestValidateOrigin::test_validate_origin_malformed_urls PASSED [ 30%]
2025-11-07T06:54:34.9991416Z tests/unit/test_api_main.py::TestGraphInitialization::test_graph_initialization PASSED [ 30%]
2025-11-07T06:54:35.0002646Z tests/unit/test_api_main.py::TestGraphInitialization::test_graph_singleton PASSED [ 31%]
2025-11-07T06:54:35.0014311Z tests/unit/test_api_main.py::TestPydanticModels::test_asset_response_model_valid PASSED [ 31%]
2025-11-07T06:54:35.0026139Z tests/unit/test_api_main.py::TestPydanticModels::test_asset_response_model_optional_fields PASSED [ 32%]
2025-11-07T06:54:35.0038115Z tests/unit/test_api_main.py::TestPydanticModels::test_relationship_response_model PASSED [ 32%]
2025-11-07T06:54:35.0050446Z tests/unit/test_api_main.py::TestPydanticModels::test_metrics_response_model PASSED [ 33%]
2025-11-07T06:54:35.0062460Z tests/unit/test_api_main.py::TestPydanticModels::test_visualization_data_response_model PASSED [ 33%]
2025-11-07T06:54:35.0108983Z tests/unit/test_api_main.py::TestAPIEndpoints::test_root_endpoint PASSED [ 34%]
2025-11-07T06:54:35.0144899Z tests/unit/test_api_main.py::TestAPIEndpoints::test_health_check_endpoint PASSED [ 34%]
2025-11-07T06:54:35.0183761Z tests/unit/test_api_main.py::TestAPIEndpoints::test_get_assets_all PASSED [ 35%]
2025-11-07T06:54:35.0223846Z tests/unit/test_api_main.py::TestAPIEndpoints::test_get_assets_filter_by_class PASSED [ 36%]
2025-11-07T06:54:35.0261966Z tests/unit/test_api_main.py::TestAPIEndpoints::test_get_assets_filter_by_sector PASSED [ 36%]
2025-11-07T06:54:35.0299328Z tests/unit/test_api_main.py::TestAPIEndpoints::test_get_assets_filter_by_class_and_sector PASSED [ 37%]
2025-11-07T06:54:35.0359910Z tests/unit/test_api_main.py::TestAPIEndpoints::test_get_asset_detail_valid PASSED [ 37%]
2025-11-07T06:54:35.0394873Z tests/unit/test_api_main.py::TestAPIEndpoints::test_get_asset_detail_not_found PASSED [ 38%]
2025-11-07T06:54:35.0454110Z tests/unit/test_api_main.py::TestAPIEndpoints::test_get_asset_relationships_valid PASSED [ 38%]
2025-11-07T06:54:35.0490891Z tests/unit/test_api_main.py::TestAPIEndpoints::test_get_asset_relationships_not_found PASSED [ 39%]
2025-11-07T06:54:35.0529029Z tests/unit/test_api_main.py::TestAPIEndpoints::test_get_all_relationships PASSED [ 39%]
2025-11-07T06:54:35.0564475Z tests/unit/test_api_main.py::TestAPIEndpoints::test_get_metrics PASSED   [ 40%]
2025-11-07T06:54:35.0605191Z tests/unit/test_api_main.py::TestAPIEndpoints::test_get_visualization_data PASSED [ 40%]
2025-11-07T06:54:35.0642431Z tests/unit/test_api_main.py::TestAPIEndpoints::test_get_asset_classes PASSED [ 41%]
2025-11-07T06:54:35.0679770Z tests/unit/test_api_main.py::TestAPIEndpoints::test_get_sectors PASSED   [ 41%]
2025-11-07T06:54:35.0726638Z tests/unit/test_api_main.py::TestErrorHandling::test_get_assets_server_error PASSED [ 42%]
2025-11-07T06:54:35.0773392Z tests/unit/test_api_main.py::TestErrorHandling::test_get_metrics_server_error PASSED [ 43%]
2025-11-07T06:54:35.0843843Z tests/unit/test_api_main.py::TestErrorHandling::test_invalid_http_methods PASSED [ 43%]
2025-11-07T06:54:35.0879866Z tests/unit/test_api_main.py::TestCORSConfiguration::test_cors_headers_present PASSED [ 44%]
2025-11-07T06:54:35.0927214Z tests/unit/test_api_main.py::TestCORSConfiguration::test_cors_allows_development_origins PASSED [ 44%]
2025-11-07T06:54:35.0963484Z tests/unit/test_api_main.py::TestAdditionalFields::test_equity_additional_fields PASSED [ 45%]
2025-11-07T06:54:35.0999802Z tests/unit/test_api_main.py::TestAdditionalFields::test_bond_additional_fields PASSED [ 45%]
2025-11-07T06:54:35.1040064Z tests/unit/test_api_main.py::TestVisualizationDataProcessing::test_visualization_coordinate_types PASSED [ 46%]
2025-11-07T06:54:35.1080993Z tests/unit/test_api_main.py::TestVisualizationDataProcessing::test_visualization_node_defaults PASSED [ 46%]
2025-11-07T06:54:35.1121043Z tests/unit/test_api_main.py::TestVisualizationDataProcessing::test_visualization_edge_defaults PASSED [ 47%]
2025-11-07T06:54:35.1200859Z tests/unit/test_api_main.py::TestIntegrationScenarios::test_full_workflow_asset_exploration PASSED [ 47%]
2025-11-07T06:54:35.1262404Z tests/unit/test_api_main.py::TestIntegrationScenarios::test_full_workflow_visualization_and_metrics PASSED [ 48%]
2025-11-07T06:54:35.1345675Z tests/unit/test_api_main.py::TestIntegrationScenarios::test_filter_refinement_workflow PASSED [ 48%]
2025-11-07T06:54:35.1359890Z tests/unit/test_asset_graph.py::TestAssetRelationshipGraph::test_empty_graph_initialization PASSED [ 49%]
2025-11-07T06:54:35.1374681Z tests/unit/test_asset_graph.py::TestAssetRelationshipGraph::test_add_single_asset PASSED [ 50%]
2025-11-07T06:54:35.1393360Z tests/unit/test_asset_graph.py::TestAssetRelationshipGraph::test_add_multiple_assets PASSED [ 50%]
2025-11-07T06:54:35.1411599Z tests/unit/test_asset_graph.py::TestAssetRelationshipGraph::test_add_relationship PASSED [ 51%]
2025-11-07T06:54:35.1429623Z tests/unit/test_asset_graph.py::TestAssetRelationshipGraph::test_add_bidirectional_relationship PASSED [ 51%]
2025-11-07T06:54:35.1444708Z tests/unit/test_asset_graph.py::TestAssetRelationshipGraph::test_relationship_strength_clamping PASSED [ 52%]
2025-11-07T06:54:35.1463656Z tests/unit/test_asset_graph.py::TestAssetRelationshipGraph::test_add_regulatory_event PASSED [ 52%]
2025-11-07T06:54:35.1482061Z tests/unit/test_asset_graph.py::TestAssetRelationshipGraph::test_build_relationships PASSED [ 53%]
2025-11-07T06:54:35.1502050Z tests/unit/test_asset_graph.py::TestAssetRelationshipGraph::test_calculate_metrics PASSED [ 53%]
2025-11-07T06:54:35.1514623Z tests/unit/test_asset_graph.py::TestAssetRelationshipGraph::test_same_sector_relationship PASSED [ 54%]
2025-11-07T06:54:35.1527412Z tests/unit/test_asset_graph.py::TestAssetRelationshipGraph::test_corporate_bond_relationship PASSED [ 54%]
2025-11-07T06:54:35.1546251Z tests/unit/test_asset_graph.py::TestAssetRelationshipGraph::test_get_3d_visualization_data PASSED [ 55%]
2025-11-07T06:54:35.1605713Z tests/unit/test_asset_graph.py::TestAssetRelationshipGraph::test_positions_persistence PASSED [ 55%]
2025-11-07T06:54:35.1623790Z tests/unit/test_asset_graph.py::TestAssetRelationshipGraph::test_deduplication PASSED [ 56%]
2025-11-07T06:54:35.1637052Z tests/unit/test_config_validation.py::TestVercelConfig::test_vercel_config_valid_json PASSED [ 56%]
2025-11-07T06:54:35.1651403Z tests/unit/test_config_validation.py::TestVercelConfig::test_vercel_config_has_builds PASSED [ 57%]
2025-11-07T06:54:35.1665403Z tests/unit/test_config_validation.py::TestVercelConfig::test_vercel_config_has_routes PASSED [ 58%]
2025-11-07T06:54:35.1679727Z tests/unit/test_config_validation.py::TestVercelConfig::test_vercel_build_python_backend PASSED [ 58%]
2025-11-07T06:54:35.1693744Z tests/unit/test_config_validation.py::TestVercelConfig::test_vercel_build_nextjs_frontend PASSED [ 59%]
2025-11-07T06:54:35.1707708Z tests/unit/test_config_validation.py::TestVercelConfig::test_vercel_routes_api_routing PASSED [ 59%]
2025-11-07T06:54:35.1721492Z tests/unit/test_config_validation.py::TestVercelConfig::test_vercel_routes_frontend_routing PASSED [ 60%]
2025-11-07T06:54:35.1735242Z tests/unit/test_config_validation.py::TestVercelConfig::test_vercel_lambda_size_reasonable PASSED [ 60%]
2025-11-07T06:54:35.1747636Z tests/unit/test_config_validation.py::TestNextConfig::test_next_config_exists PASSED [ 61%]
2025-11-07T06:54:35.1761617Z tests/unit/test_config_validation.py::TestNextConfig::test_next_config_has_module_exports PASSED [ 61%]
2025-11-07T06:54:35.1775235Z tests/unit/test_config_validation.py::TestNextConfig::test_next_config_has_react_strict_mode PASSED [ 62%]
2025-11-07T06:54:35.1789445Z tests/unit/test_config_validation.py::TestNextConfig::test_next_config_has_env_configuration PASSED [ 62%]
2025-11-07T06:54:35.1802205Z tests/unit/test_config_validation.py::TestPackageJson::test_package_json_valid_json PASSED [ 63%]
2025-11-07T06:54:35.1816090Z tests/unit/test_config_validation.py::TestPackageJson::test_package_json_has_required_fields PASSED [ 63%]
2025-11-07T06:54:35.1830597Z tests/unit/test_config_validation.py::TestPackageJson::test_package_json_has_build_scripts PASSED [ 64%]
2025-11-07T06:54:35.1844574Z tests/unit/test_config_validation.py::TestPackageJson::test_package_json_has_react_dependencies PASSED [ 65%]
2025-11-07T06:54:35.1858495Z tests/unit/test_config_validation.py::TestPackageJson::test_package_json_has_visualization_deps PASSED [ 65%]
2025-11-07T06:54:35.1872149Z tests/unit/test_config_validation.py::TestPackageJson::test_package_json_has_axios PASSED [ 66%]
2025-11-07T06:54:35.1885868Z tests/unit/test_config_validation.py::TestPackageJson::test_package_json_has_typescript_deps PASSED [ 66%]
2025-11-07T06:54:35.1909406Z tests/unit/test_config_validation.py::TestPackageJson::test_package_json_version_format PASSED [ 67%]
2025-11-07T06:54:35.1922216Z tests/unit/test_config_validation.py::TestTSConfig::test_tsconfig_valid_json PASSED [ 67%]
2025-11-07T06:54:35.1936076Z tests/unit/test_config_validation.py::TestTSConfig::test_tsconfig_has_compiler_options PASSED [ 68%]
2025-11-07T06:54:35.1950192Z tests/unit/test_config_validation.py::TestTSConfig::test_tsconfig_strict_mode_enabled PASSED [ 68%]
2025-11-07T06:54:35.1963910Z tests/unit/test_config_validation.py::TestTSConfig::test_tsconfig_has_jsx_configuration PASSED [ 69%]
2025-11-07T06:54:35.1977438Z tests/unit/test_config_validation.py::TestTSConfig::test_tsconfig_module_resolution PASSED [ 69%]
2025-11-07T06:54:35.1991629Z tests/unit/test_config_validation.py::TestTSConfig::test_tsconfig_has_path_mapping PASSED [ 70%]
2025-11-07T06:54:35.2003576Z tests/unit/test_config_validation.py::TestTailwindConfig::test_tailwind_config_exists PASSED [ 70%]
2025-11-07T06:54:35.2017292Z tests/unit/test_config_validation.py::TestTailwindConfig::test_tailwind_config_has_module_exports PASSED [ 71%]
2025-11-07T06:54:35.2031323Z tests/unit/test_config_validation.py::TestTailwindConfig::test_tailwind_config_has_content_paths PASSED [ 72%]
2025-11-07T06:54:35.2045049Z tests/unit/test_config_validation.py::TestTailwindConfig::test_tailwind_config_includes_app_directory PASSED [ 72%]
2025-11-07T06:54:35.2057639Z tests/unit/test_config_validation.py::TestEnvExample::test_env_example_exists PASSED [ 73%]
2025-11-07T06:54:35.2071514Z tests/unit/test_config_validation.py::TestEnvExample::test_env_example_has_api_url PASSED [ 73%]
2025-11-07T06:54:35.2085058Z tests/unit/test_config_validation.py::TestEnvExample::test_env_example_has_cors_config PASSED [ 74%]
2025-11-07T06:54:35.2098936Z tests/unit/test_config_validation.py::TestEnvExample::test_env_example_has_comments PASSED [ 74%]
2025-11-07T06:54:35.2112698Z tests/unit/test_config_validation.py::TestEnvExample::test_env_example_no_real_secrets PASSED [ 75%]
2025-11-07T06:54:35.2124673Z tests/unit/test_config_validation.py::TestGitignore::test_gitignore_exists PASSED [ 75%]
2025-11-07T06:54:35.2138290Z tests/unit/test_config_validation.py::TestGitignore::test_gitignore_excludes_node_modules PASSED [ 76%]
2025-11-07T06:54:35.2151845Z tests/unit/test_config_validation.py::TestGitignore::test_gitignore_excludes_next_artifacts PASSED [ 76%]
2025-11-07T06:54:35.2165443Z tests/unit/test_config_validation.py::TestGitignore::test_gitignore_excludes_env_files PASSED [ 77%]
2025-11-07T06:54:35.2179164Z tests/unit/test_config_validation.py::TestGitignore::test_gitignore_excludes_vercel PASSED [ 77%]
2025-11-07T06:54:35.2192811Z tests/unit/test_config_validation.py::TestGitignore::test_gitignore_excludes_python_artifacts PASSED [ 78%]
2025-11-07T06:54:35.2204756Z tests/unit/test_config_validation.py::TestRequirementsTxt::test_requirements_exists PASSED [ 79%]
2025-11-07T06:54:35.2218984Z tests/unit/test_config_validation.py::TestRequirementsTxt::test_requirements_has_fastapi PASSED [ 79%]
2025-11-07T06:54:35.2232717Z tests/unit/test_config_validation.py::TestRequirementsTxt::test_requirements_has_uvicorn PASSED [ 80%]
2025-11-07T06:54:35.2246574Z tests/unit/test_config_validation.py::TestRequirementsTxt::test_requirements_has_pydantic PASSED [ 80%]
2025-11-07T06:54:35.2261161Z tests/unit/test_config_validation.py::TestRequirementsTxt::test_requirements_has_version_constraints PASSED [ 81%]
2025-11-07T06:54:35.2274836Z tests/unit/test_config_validation.py::TestPostCSSConfig::test_postcss_config_has_tailwindcss PASSED [ 81%]
2025-11-07T06:54:35.2288537Z tests/unit/test_config_validation.py::TestPostCSSConfig::test_postcss_config_has_autoprefixer PASSED [ 82%]
2025-11-07T06:54:35.2301163Z tests/unit/test_config_validation.py::TestConfigurationConsistency::test_api_url_consistency PASSED [ 82%]
2025-11-07T06:54:35.2315908Z tests/unit/test_config_validation.py::TestConfigurationConsistency::test_package_json_and_tsconfig_consistency PASSED [ 83%]
2025-11-07T06:54:35.2331482Z tests/unit/test_config_validation.py::TestConfigurationConsistency::test_frontend_build_configuration_matches PASSED [ 83%]
2025-11-07T06:54:35.2343704Z tests/unit/test_dev_scripts.py::TestVercelConfiguration::test_vercel_json_exists PASSED [ 84%]
2025-11-07T06:54:35.2356308Z tests/unit/test_dev_scripts.py::TestVercelConfiguration::test_vercel_json_valid PASSED [ 84%]
2025-11-07T06:54:35.2369217Z tests/unit/test_dev_scripts.py::TestVercelConfiguration::test_vercel_builds_configuration PASSED [ 85%]
2025-11-07T06:54:35.2381750Z tests/unit/test_dev_scripts.py::TestVercelConfiguration::test_vercel_routes_configuration PASSED [ 86%]
2025-11-07T06:54:35.2393583Z tests/unit/test_dev_scripts.py::TestEnvironmentConfiguration::test_env_example_exists PASSED [ 86%]
2025-11-07T06:54:35.2405726Z tests/unit/test_dev_scripts.py::TestEnvironmentConfiguration::test_env_example_has_required_vars PASSED [ 87%]
2025-11-07T06:54:35.2418437Z tests/unit/test_dev_scripts.py::TestGitIgnore::test_gitignore_excludes_build_artifacts PASSED [ 87%]
2025-11-07T06:54:35.2431910Z tests/unit/test_dev_scripts.py::TestDocumentationFiles::test_documentation_exists[README.md] PASSED [ 88%]
2025-11-07T06:54:35.2444941Z tests/unit/test_dev_scripts.py::TestDocumentationFiles::test_documentation_exists[DEPLOYMENT.md] PASSED [ 88%]
2025-11-07T06:54:35.2458178Z tests/unit/test_dev_scripts.py::TestDocumentationFiles::test_documentation_exists[INTEGRATION_SUMMARY.md] PASSED [ 89%]
2025-11-07T06:54:35.2471077Z tests/unit/test_dev_scripts.py::TestDocumentationFiles::test_documentation_exists[ARCHITECTURE.md] PASSED [ 89%]
2025-11-07T06:54:35.2483968Z tests/unit/test_dev_scripts.py::TestDocumentationFiles::test_documentation_exists[QUICK_START.md] PASSED [ 90%]
2025-11-07T06:54:35.2496929Z tests/unit/test_dev_scripts.py::TestDocumentationFiles::test_documentation_exists[UI_COMPARISON.md] PASSED [ 90%]
2025-11-07T06:54:35.2509958Z tests/unit/test_dev_scripts.py::TestDocumentationFiles::test_documentation_exists[VERCEL_DEPLOYMENT_CHECKLIST.md] PASSED [ 91%]
2025-11-07T06:54:35.2524702Z tests/unit/test_dev_scripts.py::TestDocumentationFiles::test_readme_has_quick_start PASSED [ 91%]
2025-11-07T06:54:35.2537211Z tests/unit/test_financial_models.py::TestAsset::test_asset_creation PASSED [ 92%]
2025-11-07T06:54:35.2564049Z tests/unit/test_financial_models.py::TestAsset::test_asset_invalid_id PASSED [ 93%]
2025-11-07T06:54:35.2590941Z tests/unit/test_financial_models.py::TestAsset::test_asset_invalid_price PASSED [ 93%]
2025-11-07T06:54:35.2619818Z tests/unit/test_financial_models.py::TestAsset::test_asset_invalid_currency PASSED [ 94%]
2025-11-07T06:54:35.2650953Z tests/unit/test_financial_models.py::TestAsset::test_asset_invalid_market_cap PASSED [ 94%]
2025-11-07T06:54:35.2663629Z tests/unit/test_financial_models.py::TestEquity::test_equity_creation PASSED [ 95%]
2025-11-07T06:54:35.2675226Z tests/unit/test_financial_models.py::TestEquity::test_equity_optional_fields PASSED [ 95%]
2025-11-07T06:54:35.2688487Z tests/unit/test_financial_models.py::TestBond::test_bond_creation PASSED [ 96%]
2025-11-07T06:54:35.2700145Z tests/unit/test_financial_models.py::TestBond::test_bond_optional_fields PASSED [ 96%]
2025-11-07T06:54:35.2712823Z tests/unit/test_financial_models.py::TestCommodity::test_commodity_creation PASSED [ 97%]
2025-11-07T06:54:35.2725327Z tests/unit/test_financial_models.py::TestCurrency::test_currency_creation PASSED [ 97%]
2025-11-07T06:54:35.2738475Z tests/unit/test_financial_models.py::TestRegulatoryEvent::test_event_creation PASSED [ 98%]
2025-11-07T06:54:35.2769051Z tests/unit/test_financial_models.py::TestRegulatoryEvent::test_event_invalid_impact_score PASSED [ 98%]
2025-11-07T06:54:35.2793865Z tests/unit/test_financial_models.py::TestRegulatoryEvent::test_event_invalid_date PASSED [ 99%]
2025-11-07T06:54:35.9289123Z tests/unit/test_financial_models.py::TestRegulatoryEvent::test_event_empty_description PASSED [100%]
2025-11-07T06:54:35.9289885Z 
2025-11-07T06:54:35.9290091Z =============================== warnings summary ===============================
2025-11-07T06:54:35.9290838Z ../../../../../opt/hostedtoolcache/Python/3.12.12/x64/lib/python3.12/site-packages/passlib/utils/__init__.py:854
2025-11-07T06:54:35.9292205Z   /opt/hostedtoolcache/Python/3.12.12/x64/lib/python3.12/site-packages/passlib/utils/__init__.py:854: DeprecationWarning: 'crypt' is deprecated and slated for removal in Python 3.13
2025-11-07T06:54:35.9293307Z     from crypt import crypt as _crypt
2025-11-07T06:54:35.9293509Z 
2025-11-07T06:54:35.9294042Z -- Docs: https://docs.pytest.org/en/stable/how-to/capture-warnings.html
2025-11-07T06:54:35.9294470Z ================================ tests coverage ================================
2025-11-07T06:54:35.9294871Z _______________ coverage: platform linux, python 3.12.12-final-0 _______________
2025-11-07T06:54:35.9295161Z 
2025-11-07T06:54:35.9295277Z Name                                 Stmts   Miss  Cover   Missing
2025-11-07T06:54:35.9295611Z ------------------------------------------------------------------
2025-11-07T06:54:35.9295960Z src/analysis/__init__.py                 0      0   100%
2025-11-07T06:54:35.9296591Z src/analysis/formulaic_analysis.py     254    254     0%   1-643
2025-11-07T06:54:35.9297022Z src/data/real_data_fetcher.py          119      2    98%   282-283
2025-11-07T06:54:35.9297430Z src/data/sample_data.py                 47      3    94%   357-359
2025-11-07T06:54:35.9297852Z src/logic/asset_graph.py               153     23    85%   55, 57, 111, 229, 242-286
2025-11-07T06:54:35.9298310Z src/models/financial_models.py          83      4    95%   43, 45, 108, 110
2025-11-07T06:54:35.9298716Z ------------------------------------------------------------------
2025-11-07T06:54:35.9299030Z TOTAL                                  656    286    56%
2025-11-07T06:54:35.9299320Z Coverage HTML written to dir htmlcov
2025-11-07T06:54:35.9299590Z Coverage XML written to file coverage.xml
2025-11-07T06:54:35.9299910Z ======================== 186 passed, 1 warning in 8.51s ========================
