2025-11-07T06:53:15.6565744Z Prepare all required actions
2025-11-07T06:53:15.6566935Z Getting action download info
2025-11-07T06:53:15.8317726Z Download action repository 'actions/setup-python@v5' (SHA:a26af69be951a213d495a4c3e4e4022e16d87065)
2025-11-07T06:53:15.9681818Z Download action repository 'actions/setup-node@v4' (SHA:49933ea5288caeca8642d1e84afbd3f7d6820020)
2025-11-07T06:53:16.1469145Z ##[group]Run ./.github/actions/ci-common
2025-11-07T06:53:16.1470190Z with:
2025-11-07T06:53:16.1470882Z   language: python
2025-11-07T06:53:16.1471870Z   python-version: 3.8
2025-11-07T06:53:16.1472924Z   dependency-paths: requirements.txt
requirements-dev.txt

2025-11-07T06:53:16.1474968Z   install: python -m pip install --upgrade pip && \
pip install -r requirements.txt && \
pip install -r requirements-dev.txt

2025-11-07T06:53:16.1478806Z   test: flake8 . --count --select=E9,F63,F7,F82 --show-source --statistics && \
flake8 . --count --statistics && \
black --check --diff . && \
isort --check-only --diff . && \
pylint src/ --fail-under=7.0 && \
pytest --cov=src --cov-report=xml --cov-report=term-missing -v

2025-11-07T06:53:16.1482047Z   working-directory: .
2025-11-07T06:53:16.1482848Z ##[endgroup]
2025-11-07T06:53:16.1708152Z ##[group]Run actions/setup-python@v5
2025-11-07T06:53:16.1709145Z with:
2025-11-07T06:53:16.1709855Z   python-version: 3.8
2025-11-07T06:53:16.1710644Z   cache: pip
2025-11-07T06:53:16.1711894Z   cache-dependency-path: requirements.txt
requirements-dev.txt

2025-11-07T06:53:16.1713160Z   check-latest: false
2025-11-07T06:53:16.1714197Z   token: ***
2025-11-07T06:53:16.1714949Z   update-environment: true
2025-11-07T06:53:16.1715845Z   allow-prereleases: false
2025-11-07T06:53:16.1716723Z   freethreaded: false
2025-11-07T06:53:16.1717508Z ##[endgroup]
2025-11-07T06:53:16.3405259Z ##[group]Installed versions
2025-11-07T06:53:16.4445240Z Version 3.8 was not found in the local cache
2025-11-07T06:53:16.9256899Z Version 3.8 is available for downloading
2025-11-07T06:53:16.9259296Z Download from "https://github.com/actions/python-versions/releases/download/3.8.18-12303122501/python-3.8.18-linux-24.04-x64.tar.gz"
2025-11-07T06:53:17.5150568Z Extract downloaded archive
2025-11-07T06:53:17.5260183Z [command]/usr/bin/tar xz --warning=no-unknown-keyword --overwrite -C /home/runner/work/_temp/5a6019d2-c362-493b-ad14-117caac27d45 -f /home/runner/work/_temp/3f79a879-1998-4c5e-9d6f-7b914a6d0431
2025-11-07T06:53:18.8372047Z Execute installation script
2025-11-07T06:53:18.8465559Z Check if Python hostedtoolcache folder exist...
2025-11-07T06:53:18.8466049Z Create Python 3.8.18 folder
2025-11-07T06:53:18.8488199Z Copy Python binaries to hostedtoolcache folder
2025-11-07T06:53:19.3377610Z Create additional symlinks (Required for the UsePythonVersion Azure Pipelines task and the setup-python GitHub Action)
2025-11-07T06:53:19.3419536Z Upgrading pip...
2025-11-07T06:53:21.1673971Z Looking in links: /tmp/tmpodsfc9p4
2025-11-07T06:53:21.1678281Z Requirement already satisfied: setuptools in /opt/hostedtoolcache/Python/3.8.18/x64/lib/python3.8/site-packages (56.0.0)
2025-11-07T06:53:21.1683166Z Requirement already satisfied: pip in /opt/hostedtoolcache/Python/3.8.18/x64/lib/python3.8/site-packages (23.0.1)
2025-11-07T06:53:22.2589814Z Collecting pip
2025-11-07T06:53:22.3016173Z Downloading pip-25.0.1-py3-none-any.whl (1.8 MB)
2025-11-07T06:53:22.3378809Z ━━━━━━━━━━━━━━━━━━━━━━━━━━━━━━━━━━━━━━━━ 1.8/1.8 MB 55.3 MB/s eta 0:00:00
2025-11-07T06:53:22.3379700Z 
2025-11-07T06:53:22.3732129Z Installing collected packages: pip
2025-11-07T06:53:22.3733258Z Attempting uninstall: pip
2025-11-07T06:53:22.3739788Z Found existing installation: pip 23.0.1
2025-11-07T06:53:22.5557409Z Uninstalling pip-23.0.1:
2025-11-07T06:53:22.5630521Z Successfully uninstalled pip-23.0.1
2025-11-07T06:53:23.2877569Z Successfully installed pip-25.0.1
2025-11-07T06:53:23.3399324Z Create complete file
2025-11-07T06:53:23.3443751Z Successfully set up CPython (3.8.18)
2025-11-07T06:53:23.3444537Z ##[endgroup]
2025-11-07T06:53:23.3686352Z [command]/opt/hostedtoolcache/Python/3.8.18/x64/bin/pip cache dir
2025-11-07T06:53:23.5284591Z /home/runner/.cache/pip
2025-11-07T06:53:23.6283128Z pip cache is not found
2025-11-07T06:53:23.6493170Z ##[group]Run set -euo pipefail
2025-11-07T06:53:23.6493527Z [36;1mset -euo pipefail[0m
2025-11-07T06:53:23.6493882Z [36;1meval "python -m pip install --upgrade pip && \[0m
2025-11-07T06:53:23.6494220Z [36;1mpip install -r requirements.txt && \[0m
2025-11-07T06:53:23.6494509Z [36;1mpip install -r requirements-dev.txt[0m
2025-11-07T06:53:23.6494750Z [36;1m"[0m
2025-11-07T06:53:23.6533100Z shell: /usr/bin/bash --noprofile --norc -e -o pipefail {0}
2025-11-07T06:53:23.6533449Z env:
2025-11-07T06:53:23.6533703Z   pythonLocation: /opt/hostedtoolcache/Python/3.8.18/x64
2025-11-07T06:53:23.6534125Z   PKG_CONFIG_PATH: /opt/hostedtoolcache/Python/3.8.18/x64/lib/pkgconfig
2025-11-07T06:53:23.6534518Z   Python_ROOT_DIR: /opt/hostedtoolcache/Python/3.8.18/x64
2025-11-07T06:53:23.6534845Z   Python2_ROOT_DIR: /opt/hostedtoolcache/Python/3.8.18/x64
2025-11-07T06:53:23.6535192Z   Python3_ROOT_DIR: /opt/hostedtoolcache/Python/3.8.18/x64
2025-11-07T06:53:23.6535522Z   LD_LIBRARY_PATH: /opt/hostedtoolcache/Python/3.8.18/x64/lib
2025-11-07T06:53:23.6535828Z ##[endgroup]
2025-11-07T06:53:24.0215429Z Requirement already satisfied: pip in /opt/hostedtoolcache/Python/3.8.18/x64/lib/python3.8/site-packages (25.0.1)
2025-11-07T06:53:24.6470253Z Collecting gradio>=4.0.0 (from -r requirements.txt (line 1))
2025-11-07T06:53:24.6617520Z   Downloading gradio-4.44.1-py3-none-any.whl.metadata (15 kB)
2025-11-07T06:53:24.7098879Z Collecting plotly>=5.0.0 (from -r requirements.txt (line 2))
2025-11-07T06:53:24.7137294Z   Downloading plotly-6.4.0-py3-none-any.whl.metadata (8.5 kB)
2025-11-07T06:53:24.9030394Z Collecting numpy>=1.21.0 (from -r requirements.txt (line 3))
2025-11-07T06:53:24.9097747Z   Downloading numpy-1.24.4-cp38-cp38-manylinux_2_17_x86_64.manylinux2014_x86_64.whl.metadata (5.6 kB)
2025-11-07T06:53:24.9349125Z Collecting dataclasses-json>=0.5.7 (from -r requirements.txt (line 4))
2025-11-07T06:53:24.9386197Z   Downloading dataclasses_json-0.6.7-py3-none-any.whl.metadata (25 kB)
2025-11-07T06:53:24.9714261Z Collecting yfinance>=0.2.0 (from -r requirements.txt (line 5))
2025-11-07T06:53:24.9752936Z   Downloading yfinance-0.2.66-py2.py3-none-any.whl.metadata (6.0 kB)
2025-11-07T06:53:25.0061478Z Collecting requests>=2.28.0 (from -r requirements.txt (line 6))
2025-11-07T06:53:25.0100833Z   Downloading requests-2.32.4-py3-none-any.whl.metadata (4.9 kB)
2025-11-07T06:53:25.1296538Z Collecting pandas>=1.5.0 (from -r requirements.txt (line 7))
2025-11-07T06:53:25.1350213Z   Downloading pandas-2.0.3-cp38-cp38-manylinux_2_17_x86_64.manylinux2014_x86_64.whl.metadata (18 kB)
2025-11-07T06:53:25.2352126Z Collecting fastapi>=0.104.0 (from -r requirements.txt (line 8))
2025-11-07T06:53:25.2392734Z   Downloading fastapi-0.121.0-py3-none-any.whl.metadata (28 kB)
2025-11-07T06:53:25.2756305Z Collecting uvicorn>=0.24.0 (from uvicorn[standard]>=0.24.0->-r requirements.txt (line 9))
2025-11-07T06:53:25.2793713Z   Downloading uvicorn-0.33.0-py3-none-any.whl.metadata (6.6 kB)
2025-11-07T06:53:25.3970501Z Collecting pydantic>=2.4.0 (from -r requirements.txt (line 10))
2025-11-07T06:53:25.4009904Z   Downloading pydantic-2.10.6-py3-none-any.whl.metadata (30 kB)
2025-11-07T06:53:25.4240022Z Collecting PyJWT>=2.8.0 (from -r requirements.txt (line 12))
2025-11-07T06:53:25.4276741Z   Downloading PyJWT-2.9.0-py3-none-any.whl.metadata (3.0 kB)
2025-11-07T06:53:25.4422086Z Collecting passlib>=1.7.4 (from passlib[bcrypt]>=1.7.4->-r requirements.txt (line 13))
2025-11-07T06:53:25.4460845Z   Downloading passlib-1.7.4-py2.py3-none-any.whl.metadata (1.7 kB)
2025-11-07T06:53:25.4592549Z Collecting slowapi>=0.1.4 (from -r requirements.txt (line 14))
2025-11-07T06:53:25.4629045Z   Downloading slowapi-0.1.9-py3-none-any.whl.metadata (3.0 kB)
2025-11-07T06:53:25.4840388Z Collecting httpx>=0.24.0 (from -r requirements.txt (line 16))
2025-11-07T06:53:25.4879164Z   Downloading httpx-0.28.1-py3-none-any.whl.metadata (7.1 kB)
2025-11-07T06:53:25.5059888Z Collecting aiofiles<24.0,>=22.0 (from gradio>=4.0.0->-r requirements.txt (line 1))
2025-11-07T06:53:25.5096950Z   Downloading aiofiles-23.2.1-py3-none-any.whl.metadata (9.7 kB)
2025-11-07T06:53:25.5323530Z Collecting anyio<5.0,>=3.0 (from gradio>=4.0.0->-r requirements.txt (line 1))
2025-11-07T06:53:25.5359047Z   Downloading anyio-4.5.2-py3-none-any.whl.metadata (4.7 kB)
2025-11-07T06:53:25.5754342Z Collecting ffmpy (from gradio>=4.0.0->-r requirements.txt (line 1))
2025-11-07T06:53:25.5802911Z   Downloading ffmpy-0.5.0-py3-none-any.whl.metadata (3.0 kB)
2025-11-07T06:53:25.6062602Z Collecting gradio-client==1.3.0 (from gradio>=4.0.0->-r requirements.txt (line 1))
2025-11-07T06:53:25.6105182Z   Downloading gradio_client-1.3.0-py3-none-any.whl.metadata (7.1 kB)
2025-11-07T06:53:25.6618477Z Collecting huggingface-hub>=0.19.3 (from gradio>=4.0.0->-r requirements.txt (line 1))
2025-11-07T06:53:25.6655092Z   Downloading huggingface_hub-0.36.0-py3-none-any.whl.metadata (14 kB)
2025-11-07T06:53:25.7322740Z Collecting importlib-resources<7.0,>=1.3 (from gradio>=4.0.0->-r requirements.txt (line 1))
2025-11-07T06:53:25.7358710Z   Downloading importlib_resources-6.4.5-py3-none-any.whl.metadata (4.0 kB)
2025-11-07T06:53:25.7567025Z Collecting jinja2<4.0 (from gradio>=4.0.0->-r requirements.txt (line 1))
2025-11-07T06:53:25.7603781Z   Downloading jinja2-3.1.6-py3-none-any.whl.metadata (2.9 kB)
2025-11-07T06:53:25.8145457Z Collecting markupsafe~=2.0 (from gradio>=4.0.0->-r requirements.txt (line 1))
2025-11-07T06:53:25.8184728Z   Downloading MarkupSafe-2.1.5-cp38-cp38-manylinux_2_17_x86_64.manylinux2014_x86_64.whl.metadata (3.0 kB)
2025-11-07T06:53:25.9780494Z Collecting matplotlib~=3.0 (from gradio>=4.0.0->-r requirements.txt (line 1))
2025-11-07T06:53:25.9830733Z   Downloading matplotlib-3.7.5-cp38-cp38-manylinux_2_12_x86_64.manylinux2010_x86_64.whl.metadata (5.7 kB)
2025-11-07T06:53:26.2627054Z Collecting orjson~=3.0 (from gradio>=4.0.0->-r requirements.txt (line 1))
2025-11-07T06:53:26.2672251Z   Downloading orjson-3.10.15-cp38-cp38-manylinux_2_17_x86_64.manylinux2014_x86_64.whl.metadata (41 kB)
2025-11-07T06:53:26.2867598Z Collecting packaging (from gradio>=4.0.0->-r requirements.txt (line 1))
2025-11-07T06:53:26.2903608Z   Downloading packaging-25.0-py3-none-any.whl.metadata (3.3 kB)
2025-11-07T06:53:26.4966324Z Collecting pillow<11.0,>=8.0 (from gradio>=4.0.0->-r requirements.txt (line 1))
2025-11-07T06:53:26.5030876Z   Downloading pillow-10.4.0-cp38-cp38-manylinux_2_28_x86_64.whl.metadata (9.2 kB)
2025-11-07T06:53:26.5392140Z Collecting pydub (from gradio>=4.0.0->-r requirements.txt (line 1))
2025-11-07T06:53:26.5429431Z   Downloading pydub-0.25.1-py2.py3-none-any.whl.metadata (1.4 kB)
2025-11-07T06:53:26.5558277Z Collecting python-multipart>=0.0.9 (from gradio>=4.0.0->-r requirements.txt (line 1))
2025-11-07T06:53:26.5596423Z   Downloading python_multipart-0.0.20-py3-none-any.whl.metadata (1.8 kB)
2025-11-07T06:53:26.5979323Z Collecting pyyaml<7.0,>=5.0 (from gradio>=4.0.0->-r requirements.txt (line 1))
2025-11-07T06:53:26.6018608Z   Downloading PyYAML-6.0.3-cp38-cp38-manylinux2014_x86_64.manylinux_2_17_x86_64.manylinux_2_28_x86_64.whl.metadata (2.1 kB)
2025-11-07T06:53:26.9556861Z Collecting ruff>=0.2.2 (from gradio>=4.0.0->-r requirements.txt (line 1))
2025-11-07T06:53:26.9598816Z   Downloading ruff-0.14.4-py3-none-manylinux_2_17_x86_64.manylinux2014_x86_64.whl.metadata (25 kB)
2025-11-07T06:53:26.9780220Z Collecting semantic-version~=2.0 (from gradio>=4.0.0->-r requirements.txt (line 1))
2025-11-07T06:53:26.9818802Z   Downloading semantic_version-2.10.0-py2.py3-none-any.whl.metadata (9.7 kB)
2025-11-07T06:53:27.0022982Z Collecting tomlkit==0.12.0 (from gradio>=4.0.0->-r requirements.txt (line 1))
2025-11-07T06:53:27.0071898Z   Downloading tomlkit-0.12.0-py3-none-any.whl.metadata (2.7 kB)
2025-11-07T06:53:27.0600260Z Collecting typer<1.0,>=0.12 (from gradio>=4.0.0->-r requirements.txt (line 1))
2025-11-07T06:53:27.0643122Z   Downloading typer-0.20.0-py3-none-any.whl.metadata (16 kB)
2025-11-07T06:53:27.0880710Z Collecting typing-extensions~=4.0 (from gradio>=4.0.0->-r requirements.txt (line 1))
2025-11-07T06:53:27.0918308Z   Downloading typing_extensions-4.13.2-py3-none-any.whl.metadata (3.0 kB)
2025-11-07T06:53:27.1196366Z Collecting urllib3~=2.0 (from gradio>=4.0.0->-r requirements.txt (line 1))
2025-11-07T06:53:27.1233478Z   Downloading urllib3-2.2.3-py3-none-any.whl.metadata (6.5 kB)
2025-11-07T06:53:27.1592330Z Collecting fsspec (from gradio-client==1.3.0->gradio>=4.0.0->-r requirements.txt (line 1))
2025-11-07T06:53:27.1629324Z   Downloading fsspec-2025.3.0-py3-none-any.whl.metadata (11 kB)
2025-11-07T06:53:27.2958277Z Collecting websockets<13.0,>=10.0 (from gradio-client==1.3.0->gradio>=4.0.0->-r requirements.txt (line 1))
2025-11-07T06:53:27.3020591Z   Downloading websockets-12.0-cp38-cp38-manylinux_2_5_x86_64.manylinux1_x86_64.manylinux_2_17_x86_64.manylinux2014_x86_64.whl.metadata (6.6 kB)
2025-11-07T06:53:27.3821954Z Collecting narwhals>=1.15.1 (from plotly>=5.0.0->-r requirements.txt (line 2))
2025-11-07T06:53:27.3883738Z   Downloading narwhals-1.42.1-py3-none-any.whl.metadata (11 kB)
2025-11-07T06:53:27.4594123Z Collecting marshmallow<4.0.0,>=3.18.0 (from dataclasses-json>=0.5.7->-r requirements.txt (line 4))
2025-11-07T06:53:27.4636898Z   Downloading marshmallow-3.22.0-py3-none-any.whl.metadata (7.2 kB)
2025-11-07T06:53:27.5490727Z Collecting typing-inspect<1,>=0.4.0 (from dataclasses-json>=0.5.7->-r requirements.txt (line 4))
2025-11-07T06:53:27.5527775Z   Downloading typing_inspect-0.9.0-py3-none-any.whl.metadata (1.5 kB)
2025-11-07T06:53:27.6318750Z Collecting multitasking>=0.0.7 (from yfinance>=0.2.0->-r requirements.txt (line 5))
2025-11-07T06:53:27.6366257Z   Downloading multitasking-0.0.12.tar.gz (19 kB)
2025-11-07T06:53:27.6867824Z   Installing build dependencies: started
2025-11-07T06:53:28.9332378Z   Installing build dependencies: finished with status 'done'
2025-11-07T06:53:28.9342630Z   Getting requirements to build wheel: started
2025-11-07T06:53:29.1126504Z   Getting requirements to build wheel: finished with status 'done'
2025-11-07T06:53:29.1141511Z   Preparing metadata (pyproject.toml): started
2025-11-07T06:53:29.2933401Z   Preparing metadata (pyproject.toml): finished with status 'done'
2025-11-07T06:53:29.3157197Z Collecting platformdirs>=2.0.0 (from yfinance>=0.2.0->-r requirements.txt (line 5))
2025-11-07T06:53:29.3197251Z   Downloading platformdirs-4.3.6-py3-none-any.whl.metadata (11 kB)
2025-11-07T06:53:29.3651803Z Collecting pytz>=2022.5 (from yfinance>=0.2.0->-r requirements.txt (line 5))
2025-11-07T06:53:29.3692094Z   Downloading pytz-2025.2-py2.py3-none-any.whl.metadata (22 kB)
2025-11-07T06:53:29.4119232Z Collecting frozendict>=2.3.4 (from yfinance>=0.2.0->-r requirements.txt (line 5))
2025-11-07T06:53:29.4173035Z   Downloading frozendict-2.4.6-cp38-cp38-manylinux_2_17_x86_64.manylinux2014_x86_64.whl.metadata (23 kB)
2025-11-07T06:53:29.4414481Z Collecting peewee>=3.16.2 (from yfinance>=0.2.0->-r requirements.txt (line 5))
2025-11-07T06:53:29.4454591Z   Downloading peewee-3.18.3.tar.gz (3.0 MB)
2025-11-07T06:53:29.4660279Z      ━━━━━━━━━━━━━━━━━━━━━━━━━━━━━━━━━━━━━━━━ 3.0/3.0 MB 175.3 MB/s eta 0:00:00
2025-11-07T06:53:29.6477132Z   Installing build dependencies: started
2025-11-07T06:53:31.1076834Z   Installing build dependencies: finished with status 'done'
2025-11-07T06:53:31.1086720Z   Getting requirements to build wheel: started
2025-11-07T06:53:32.6617630Z   Getting requirements to build wheel: finished with status 'done'
2025-11-07T06:53:32.6631105Z   Preparing metadata (pyproject.toml): started
2025-11-07T06:53:32.8869279Z   Preparing metadata (pyproject.toml): finished with status 'done'
2025-11-07T06:53:32.9084555Z Collecting beautifulsoup4>=4.11.1 (from yfinance>=0.2.0->-r requirements.txt (line 5))
2025-11-07T06:53:32.9122161Z   Downloading beautifulsoup4-4.14.2-py3-none-any.whl.metadata (3.8 kB)
2025-11-07T06:53:32.9693148Z Collecting curl_cffi>=0.7 (from yfinance>=0.2.0->-r requirements.txt (line 5))
2025-11-07T06:53:32.9754348Z   Downloading curl_cffi-0.9.0-cp38-abi3-manylinux_2_17_x86_64.manylinux2014_x86_64.whl.metadata (13 kB)
2025-11-07T06:53:33.2080032Z Collecting protobuf>=3.19.0 (from yfinance>=0.2.0->-r requirements.txt (line 5))
2025-11-07T06:53:33.2127563Z   Downloading protobuf-5.29.5-cp38-abi3-manylinux2014_x86_64.whl.metadata (592 bytes)
2025-11-07T06:53:33.2202786Z INFO: pip is looking at multiple versions of yfinance to determine which version is compatible with other requirements. This could take a while.
2025-11-07T06:53:33.2207708Z Collecting yfinance>=0.2.0 (from -r requirements.txt (line 5))
2025-11-07T06:53:33.2258600Z   Downloading yfinance-0.2.65-py2.py3-none-any.whl.metadata (5.8 kB)
2025-11-07T06:53:33.2368842Z   Downloading yfinance-0.2.64-py2.py3-none-any.whl.metadata (5.8 kB)
2025-11-07T06:53:33.2494958Z   Downloading yfinance-0.2.63-py2.py3-none-any.whl.metadata (5.8 kB)
2025-11-07T06:53:33.2602907Z   Downloading yfinance-0.2.62-py2.py3-none-any.whl.metadata (5.8 kB)
2025-11-07T06:53:33.2703164Z   Downloading yfinance-0.2.61-py2.py3-none-any.whl.metadata (5.8 kB)
2025-11-07T06:53:33.2808038Z   Downloading yfinance-0.2.60-py2.py3-none-any.whl.metadata (5.8 kB)
2025-11-07T06:53:33.2909224Z   Downloading yfinance-0.2.59-py2.py3-none-any.whl.metadata (5.7 kB)
2025-11-07T06:53:33.3985346Z Collecting charset_normalizer<4,>=2 (from requests>=2.28.0->-r requirements.txt (line 6))
2025-11-07T06:53:33.4025723Z   Downloading charset_normalizer-3.4.4-cp38-cp38-manylinux2014_x86_64.manylinux_2_17_x86_64.manylinux_2_28_x86_64.whl.metadata (37 kB)
2025-11-07T06:53:33.4194175Z Collecting idna<4,>=2.5 (from requests>=2.28.0->-r requirements.txt (line 6))
2025-11-07T06:53:33.4232162Z   Downloading idna-3.11-py3-none-any.whl.metadata (8.4 kB)
2025-11-07T06:53:33.4585711Z Collecting certifi>=2017.4.17 (from requests>=2.28.0->-r requirements.txt (line 6))
2025-11-07T06:53:33.4624049Z   Downloading certifi-2025.10.5-py3-none-any.whl.metadata (2.5 kB)
2025-11-07T06:53:33.4786869Z Collecting python-dateutil>=2.8.2 (from pandas>=1.5.0->-r requirements.txt (line 7))
2025-11-07T06:53:33.4824251Z   Downloading python_dateutil-2.9.0.post0-py2.py3-none-any.whl.metadata (8.4 kB)
2025-11-07T06:53:33.5041824Z Collecting tzdata>=2022.1 (from pandas>=1.5.0->-r requirements.txt (line 7))
2025-11-07T06:53:33.5079900Z   Downloading tzdata-2025.2-py2.py3-none-any.whl.metadata (1.4 kB)
2025-11-07T06:53:33.5566361Z Collecting starlette<0.50.0,>=0.40.0 (from fastapi>=0.104.0->-r requirements.txt (line 8))
2025-11-07T06:53:33.5604453Z   Downloading starlette-0.44.0-py3-none-any.whl.metadata (6.3 kB)
2025-11-07T06:53:33.6008967Z Collecting annotated-doc>=0.0.2 (from fastapi>=0.104.0->-r requirements.txt (line 8))
2025-11-07T06:53:33.6049258Z   Downloading annotated_doc-0.0.3-py3-none-any.whl.metadata (6.6 kB)
2025-11-07T06:53:33.6256325Z Collecting click>=7.0 (from uvicorn>=0.24.0->uvicorn[standard]>=0.24.0->-r requirements.txt (line 9))
2025-11-07T06:53:33.6293300Z   Downloading click-8.1.8-py3-none-any.whl.metadata (2.3 kB)
2025-11-07T06:53:33.6418908Z Collecting h11>=0.8 (from uvicorn>=0.24.0->uvicorn[standard]>=0.24.0->-r requirements.txt (line 9))
2025-11-07T06:53:33.6456707Z   Downloading h11-0.16.0-py3-none-any.whl.metadata (8.3 kB)
2025-11-07T06:53:33.6657469Z Collecting annotated-types>=0.6.0 (from pydantic>=2.4.0->-r requirements.txt (line 10))
2025-11-07T06:53:33.6696507Z   Downloading annotated_types-0.7.0-py3-none-any.whl.metadata (15 kB)
2025-11-07T06:53:34.3978606Z Collecting pydantic-core==2.27.2 (from pydantic>=2.4.0->-r requirements.txt (line 10))
2025-11-07T06:53:34.4026802Z   Downloading pydantic_core-2.27.2-cp38-cp38-manylinux_2_17_x86_64.manylinux2014_x86_64.whl.metadata (6.6 kB)
2025-11-07T06:53:34.4452965Z Collecting limits>=2.3 (from slowapi>=0.1.4->-r requirements.txt (line 14))
2025-11-07T06:53:34.4505065Z   Downloading limits-3.13.0-py3-none-any.whl.metadata (7.2 kB)
2025-11-07T06:53:34.4832608Z Collecting httpcore==1.* (from httpx>=0.24.0->-r requirements.txt (line 16))
2025-11-07T06:53:34.4869863Z   Downloading httpcore-1.0.9-py3-none-any.whl.metadata (21 kB)
2025-11-07T06:53:34.5934140Z Collecting bcrypt>=3.1.0 (from passlib[bcrypt]>=1.7.4->-r requirements.txt (line 13))
2025-11-07T06:53:34.5990059Z   Downloading bcrypt-5.0.0-cp38-abi3-manylinux_2_34_x86_64.whl.metadata (10 kB)
2025-11-07T06:53:34.6344929Z Collecting httptools>=0.6.3 (from uvicorn[standard]>=0.24.0->-r requirements.txt (line 9))
2025-11-07T06:53:34.6397447Z   Downloading httptools-0.6.4-cp38-cp38-manylinux_2_5_x86_64.manylinux1_x86_64.manylinux_2_17_x86_64.manylinux2014_x86_64.whl.metadata (3.6 kB)
2025-11-07T06:53:34.6578689Z Collecting python-dotenv>=0.13 (from uvicorn[standard]>=0.24.0->-r requirements.txt (line 9))
2025-11-07T06:53:34.6616278Z   Downloading python_dotenv-1.0.1-py3-none-any.whl.metadata (23 kB)
2025-11-07T06:53:34.7110363Z Collecting uvloop!=0.15.0,!=0.15.1,>=0.14.0 (from uvicorn[standard]>=0.24.0->-r requirements.txt (line 9))
2025-11-07T06:53:34.7164030Z   Downloading uvloop-0.22.1-cp38-cp38-manylinux2014_x86_64.manylinux_2_17_x86_64.manylinux_2_28_x86_64.whl.metadata (4.9 kB)
2025-11-07T06:53:34.8002164Z Collecting watchfiles>=0.13 (from uvicorn[standard]>=0.24.0->-r requirements.txt (line 9))
2025-11-07T06:53:34.8059022Z   Downloading watchfiles-0.24.0-cp38-cp38-manylinux_2_17_x86_64.manylinux2014_x86_64.whl.metadata (4.9 kB)
2025-11-07T06:53:34.8319247Z Collecting sniffio>=1.1 (from anyio<5.0,>=3.0->gradio>=4.0.0->-r requirements.txt (line 1))
2025-11-07T06:53:34.8358066Z   Downloading sniffio-1.3.1-py3-none-any.whl.metadata (3.9 kB)
2025-11-07T06:53:34.8494281Z Collecting exceptiongroup>=1.0.2 (from anyio<5.0,>=3.0->gradio>=4.0.0->-r requirements.txt (line 1))
2025-11-07T06:53:34.8532939Z   Downloading exceptiongroup-1.3.0-py3-none-any.whl.metadata (6.7 kB)
2025-11-07T06:53:34.8789961Z Collecting soupsieve>1.2 (from beautifulsoup4>=4.11.1->yfinance>=0.2.0->-r requirements.txt (line 5))
2025-11-07T06:53:34.8826471Z   Downloading soupsieve-2.7-py3-none-any.whl.metadata (4.6 kB)
2025-11-07T06:53:34.9919060Z Collecting cffi>=1.12.0 (from curl_cffi>=0.7->yfinance>=0.2.0->-r requirements.txt (line 5))
2025-11-07T06:53:34.9961321Z   Downloading cffi-1.17.1-cp38-cp38-manylinux_2_17_x86_64.manylinux2014_x86_64.whl.metadata (1.5 kB)
2025-11-07T06:53:35.0292095Z Collecting filelock (from huggingface-hub>=0.19.3->gradio>=4.0.0->-r requirements.txt (line 1))
2025-11-07T06:53:35.0337926Z   Downloading filelock-3.16.1-py3-none-any.whl.metadata (2.9 kB)
2025-11-07T06:53:35.0828490Z Collecting tqdm>=4.42.1 (from huggingface-hub>=0.19.3->gradio>=4.0.0->-r requirements.txt (line 1))
2025-11-07T06:53:35.0868836Z   Downloading tqdm-4.67.1-py3-none-any.whl.metadata (57 kB)
2025-11-07T06:53:35.1338095Z Collecting hf-xet<2.0.0,>=1.1.3 (from huggingface-hub>=0.19.3->gradio>=4.0.0->-r requirements.txt (line 1))
2025-11-07T06:53:35.1377883Z   Downloading hf_xet-1.2.0-cp37-abi3-manylinux_2_17_x86_64.manylinux2014_x86_64.whl.metadata (4.9 kB)
2025-11-07T06:53:35.1624118Z Collecting zipp>=3.1.0 (from importlib-resources<7.0,>=1.3->gradio>=4.0.0->-r requirements.txt (line 1))
2025-11-07T06:53:35.1660693Z   Downloading zipp-3.20.2-py3-none-any.whl.metadata (3.7 kB)
2025-11-07T06:53:35.1928555Z Collecting deprecated>=1.2 (from limits>=2.3->slowapi>=0.1.4->-r requirements.txt (line 14))
2025-11-07T06:53:35.1965895Z   Downloading deprecated-1.3.1-py2.py3-none-any.whl.metadata (5.9 kB)
2025-11-07T06:53:35.2061924Z Collecting packaging (from gradio>=4.0.0->-r requirements.txt (line 1))
2025-11-07T06:53:35.2103722Z   Downloading packaging-24.2-py3-none-any.whl.metadata (3.2 kB)
2025-11-07T06:53:35.2883041Z Collecting contourpy>=1.0.1 (from matplotlib~=3.0->gradio>=4.0.0->-r requirements.txt (line 1))
2025-11-07T06:53:35.2935571Z   Downloading contourpy-1.1.1-cp38-cp38-manylinux_2_17_x86_64.manylinux2014_x86_64.whl.metadata (5.9 kB)
2025-11-07T06:53:35.3099715Z Collecting cycler>=0.10 (from matplotlib~=3.0->gradio>=4.0.0->-r requirements.txt (line 1))
2025-11-07T06:53:35.3137401Z   Downloading cycler-0.12.1-py3-none-any.whl.metadata (3.8 kB)
2025-11-07T06:53:35.5299551Z Collecting fonttools>=4.22.0 (from matplotlib~=3.0->gradio>=4.0.0->-r requirements.txt (line 1))
2025-11-07T06:53:35.5359369Z   Downloading fonttools-4.57.0-cp38-cp38-manylinux_2_17_x86_64.manylinux2014_x86_64.whl.metadata (102 kB)
2025-11-07T06:53:35.6109797Z Collecting kiwisolver>=1.0.1 (from matplotlib~=3.0->gradio>=4.0.0->-r requirements.txt (line 1))
2025-11-07T06:53:35.6161397Z   Downloading kiwisolver-1.4.7-cp38-cp38-manylinux_2_5_x86_64.manylinux1_x86_64.whl.metadata (6.3 kB)
2025-11-07T06:53:35.6750020Z Collecting pyparsing>=2.3.1 (from matplotlib~=3.0->gradio>=4.0.0->-r requirements.txt (line 1))
2025-11-07T06:53:35.6807113Z   Downloading pyparsing-3.1.4-py3-none-any.whl.metadata (5.1 kB)
2025-11-07T06:53:35.7257586Z Collecting six>=1.5 (from python-dateutil>=2.8.2->pandas>=1.5.0->-r requirements.txt (line 7))
2025-11-07T06:53:35.7296176Z   Downloading six-1.17.0-py2.py3-none-any.whl.metadata (1.7 kB)
2025-11-07T06:53:35.7782081Z Collecting shellingham>=1.3.0 (from typer<1.0,>=0.12->gradio>=4.0.0->-r requirements.txt (line 1))
2025-11-07T06:53:35.7820468Z   Downloading shellingham-1.5.4-py2.py3-none-any.whl.metadata (3.5 kB)
2025-11-07T06:53:35.8266494Z Collecting rich>=10.11.0 (from typer<1.0,>=0.12->gradio>=4.0.0->-r requirements.txt (line 1))
2025-11-07T06:53:35.8304095Z   Downloading rich-14.2.0-py3-none-any.whl.metadata (18 kB)
2025-11-07T06:53:35.8490515Z Collecting mypy-extensions>=0.3.0 (from typing-inspect<1,>=0.4.0->dataclasses-json>=0.5.7->-r requirements.txt (line 4))
2025-11-07T06:53:35.8528381Z   Downloading mypy_extensions-1.1.0-py3-none-any.whl.metadata (1.1 kB)
2025-11-07T06:53:35.8886813Z Collecting pycparser (from cffi>=1.12.0->curl_cffi>=0.7->yfinance>=0.2.0->-r requirements.txt (line 5))
2025-11-07T06:53:35.8940319Z   Downloading pycparser-2.23-py3-none-any.whl.metadata (993 bytes)
2025-11-07T06:53:36.0512182Z Collecting wrapt<3,>=1.10 (from deprecated>=1.2->limits>=2.3->slowapi>=0.1.4->-r requirements.txt (line 14))
2025-11-07T06:53:36.0562714Z   Downloading wrapt-2.0.1-cp38-cp38-manylinux1_x86_64.manylinux_2_28_x86_64.manylinux_2_5_x86_64.whl.metadata (9.0 kB)
2025-11-07T06:53:36.0961421Z Collecting markdown-it-py>=2.2.0 (from rich>=10.11.0->typer<1.0,>=0.12->gradio>=4.0.0->-r requirements.txt (line 1))
2025-11-07T06:53:36.1000756Z   Downloading markdown_it_py-3.0.0-py3-none-any.whl.metadata (6.9 kB)
2025-11-07T06:53:36.1276217Z Collecting pygments<3.0.0,>=2.13.0 (from rich>=10.11.0->typer<1.0,>=0.12->gradio>=4.0.0->-r requirements.txt (line 1))
2025-11-07T06:53:36.1316021Z   Downloading pygments-2.19.2-py3-none-any.whl.metadata (2.5 kB)
2025-11-07T06:53:36.1658604Z Collecting mdurl~=0.1 (from markdown-it-py>=2.2.0->rich>=10.11.0->typer<1.0,>=0.12->gradio>=4.0.0->-r requirements.txt (line 1))
2025-11-07T06:53:36.1695715Z   Downloading mdurl-0.1.2-py3-none-any.whl.metadata (1.6 kB)
2025-11-07T06:53:36.1930196Z Downloading gradio-4.44.1-py3-none-any.whl (18.1 MB)
2025-11-07T06:53:36.2792931Z    ━━━━━━━━━━━━━━━━━━━━━━━━━━━━━━━━━━━━━━━━ 18.1/18.1 MB 216.4 MB/s eta 0:00:00
2025-11-07T06:53:36.2891632Z Downloading gradio_client-1.3.0-py3-none-any.whl (318 kB)
2025-11-07T06:53:36.2968135Z Downloading tomlkit-0.12.0-py3-none-any.whl (37 kB)
2025-11-07T06:53:36.3029056Z Downloading plotly-6.4.0-py3-none-any.whl (9.9 MB)
2025-11-07T06:53:36.3474645Z    ━━━━━━━━━━━━━━━━━━━━━━━━━━━━━━━━━━━━━━━━ 9.9/9.9 MB 231.7 MB/s eta 0:00:00
2025-11-07T06:53:36.3517899Z Downloading numpy-1.24.4-cp38-cp38-manylinux_2_17_x86_64.manylinux2014_x86_64.whl (17.3 MB)
2025-11-07T06:53:36.4192149Z    ━━━━━━━━━━━━━━━━━━━━━━━━━━━━━━━━━━━━━━━━ 17.3/17.3 MB 266.4 MB/s eta 0:00:00
2025-11-07T06:53:36.4232985Z Downloading dataclasses_json-0.6.7-py3-none-any.whl (28 kB)
2025-11-07T06:53:36.4306378Z Downloading yfinance-0.2.59-py2.py3-none-any.whl (117 kB)
2025-11-07T06:53:36.4367045Z Downloading requests-2.32.4-py3-none-any.whl (64 kB)
2025-11-07T06:53:36.4427496Z Downloading pandas-2.0.3-cp38-cp38-manylinux_2_17_x86_64.manylinux2014_x86_64.whl (12.4 MB)
2025-11-07T06:53:36.4916012Z    ━━━━━━━━━━━━━━━━━━━━━━━━━━━━━━━━━━━━━━━━ 12.4/12.4 MB 264.5 MB/s eta 0:00:00
2025-11-07T06:53:36.4959159Z Downloading fastapi-0.121.0-py3-none-any.whl (109 kB)
2025-11-07T06:53:36.5020587Z Downloading uvicorn-0.33.0-py3-none-any.whl (62 kB)
2025-11-07T06:53:36.5079562Z Downloading pydantic-2.10.6-py3-none-any.whl (431 kB)
2025-11-07T06:53:36.5152134Z Downloading pydantic_core-2.27.2-cp38-cp38-manylinux_2_17_x86_64.manylinux2014_x86_64.whl (2.0 MB)
2025-11-07T06:53:36.5284142Z    ━━━━━━━━━━━━━━━━━━━━━━━━━━━━━━━━━━━━━━━━ 2.0/2.0 MB 189.0 MB/s eta 0:00:00
2025-11-07T06:53:36.5320249Z Downloading PyJWT-2.9.0-py3-none-any.whl (22 kB)
2025-11-07T06:53:36.5377109Z Downloading passlib-1.7.4-py2.py3-none-any.whl (525 kB)
2025-11-07T06:53:36.5435279Z    ━━━━━━━━━━━━━━━━━━━━━━━━━━━━━━━━━━━━━━━━ 525.6/525.6 kB 83.3 MB/s eta 0:00:00
2025-11-07T06:53:36.5472290Z Downloading slowapi-0.1.9-py3-none-any.whl (14 kB)
2025-11-07T06:53:36.5526385Z Downloading httpx-0.28.1-py3-none-any.whl (73 kB)
2025-11-07T06:53:36.5585627Z Downloading httpcore-1.0.9-py3-none-any.whl (78 kB)
2025-11-07T06:53:36.5644760Z Downloading aiofiles-23.2.1-py3-none-any.whl (15 kB)
2025-11-07T06:53:36.5699494Z Downloading annotated_doc-0.0.3-py3-none-any.whl (5.5 kB)
2025-11-07T06:53:36.5755785Z Downloading annotated_types-0.7.0-py3-none-any.whl (13 kB)
2025-11-07T06:53:36.5813817Z Downloading anyio-4.5.2-py3-none-any.whl (89 kB)
2025-11-07T06:53:36.5887213Z Downloading bcrypt-5.0.0-cp38-abi3-manylinux_2_34_x86_64.whl (277 kB)
2025-11-07T06:53:36.5953485Z Downloading beautifulsoup4-4.14.2-py3-none-any.whl (106 kB)
2025-11-07T06:53:36.6020333Z Downloading certifi-2025.10.5-py3-none-any.whl (163 kB)
2025-11-07T06:53:36.6082678Z Downloading charset_normalizer-3.4.4-cp38-cp38-manylinux2014_x86_64.manylinux_2_17_x86_64.manylinux_2_28_x86_64.whl (147 kB)
2025-11-07T06:53:36.6162577Z Downloading click-8.1.8-py3-none-any.whl (98 kB)
2025-11-07T06:53:36.6236787Z Downloading curl_cffi-0.9.0-cp38-abi3-manylinux_2_17_x86_64.manylinux2014_x86_64.whl (7.4 MB)
2025-11-07T06:53:36.6695545Z    ━━━━━━━━━━━━━━━━━━━━━━━━━━━━━━━━━━━━━━━━ 7.4/7.4 MB 165.1 MB/s eta 0:00:00
2025-11-07T06:53:36.6734607Z Downloading frozendict-2.4.6-cp38-cp38-manylinux_2_17_x86_64.manylinux2014_x86_64.whl (115 kB)
2025-11-07T06:53:36.6793381Z Downloading h11-0.16.0-py3-none-any.whl (37 kB)
2025-11-07T06:53:36.6855152Z Downloading httptools-0.6.4-cp38-cp38-manylinux_2_5_x86_64.manylinux1_x86_64.manylinux_2_17_x86_64.manylinux2014_x86_64.whl (453 kB)
2025-11-07T06:53:36.6928795Z Downloading huggingface_hub-0.36.0-py3-none-any.whl (566 kB)
2025-11-07T06:53:36.6991397Z    ━━━━━━━━━━━━━━━━━━━━━━━━━━━━━━━━━━━━━━━━ 566.1/566.1 kB 89.2 MB/s eta 0:00:00
2025-11-07T06:53:36.7029294Z Downloading idna-3.11-py3-none-any.whl (71 kB)
2025-11-07T06:53:36.7089462Z Downloading importlib_resources-6.4.5-py3-none-any.whl (36 kB)
2025-11-07T06:53:36.7148921Z Downloading jinja2-3.1.6-py3-none-any.whl (134 kB)
2025-11-07T06:53:36.7207943Z Downloading limits-3.13.0-py3-none-any.whl (45 kB)
2025-11-07T06:53:36.7265350Z Downloading MarkupSafe-2.1.5-cp38-cp38-manylinux_2_17_x86_64.manylinux2014_x86_64.whl (26 kB)
2025-11-07T06:53:36.7329670Z Downloading marshmallow-3.22.0-py3-none-any.whl (49 kB)
2025-11-07T06:53:36.7427723Z Downloading matplotlib-3.7.5-cp38-cp38-manylinux_2_12_x86_64.manylinux2010_x86_64.whl (9.2 MB)
2025-11-07T06:53:36.7894949Z    ━━━━━━━━━━━━━━━━━━━━━━━━━━━━━━━━━━━━━━━━ 9.2/9.2 MB 203.7 MB/s eta 0:00:00
2025-11-07T06:53:36.7936799Z Downloading narwhals-1.42.1-py3-none-any.whl (359 kB)
2025-11-07T06:53:36.8023074Z Downloading orjson-3.10.15-cp38-cp38-manylinux_2_17_x86_64.manylinux2014_x86_64.whl (130 kB)
2025-11-07T06:53:36.8085948Z Downloading packaging-24.2-py3-none-any.whl (65 kB)
2025-11-07T06:53:36.8144154Z Downloading pillow-10.4.0-cp38-cp38-manylinux_2_28_x86_64.whl (4.5 MB)
2025-11-07T06:53:36.8369845Z    ━━━━━━━━━━━━━━━━━━━━━━━━━━━━━━━━━━━━━━━━ 4.5/4.5 MB 215.5 MB/s eta 0:00:00
2025-11-07T06:53:36.8408286Z Downloading platformdirs-4.3.6-py3-none-any.whl (18 kB)
2025-11-07T06:53:36.8468787Z Downloading protobuf-5.29.5-cp38-abi3-manylinux2014_x86_64.whl (319 kB)
2025-11-07T06:53:36.8538220Z Downloading python_dateutil-2.9.0.post0-py2.py3-none-any.whl (229 kB)
2025-11-07T06:53:36.8599404Z Downloading python_dotenv-1.0.1-py3-none-any.whl (19 kB)
2025-11-07T06:53:36.8655736Z Downloading python_multipart-0.0.20-py3-none-any.whl (24 kB)
2025-11-07T06:53:36.8714634Z Downloading pytz-2025.2-py2.py3-none-any.whl (509 kB)
2025-11-07T06:53:36.8787909Z Downloading PyYAML-6.0.3-cp38-cp38-manylinux2014_x86_64.manylinux_2_17_x86_64.manylinux_2_28_x86_64.whl (806 kB)
2025-11-07T06:53:36.8861410Z    ━━━━━━━━━━━━━━━━━━━━━━━━━━━━━━━━━━━━━━━ 806.0/806.0 kB 129.8 MB/s eta 0:00:00
2025-11-07T06:53:36.8930130Z Downloading ruff-0.14.4-py3-none-manylinux_2_17_x86_64.manylinux2014_x86_64.whl (13.4 MB)
2025-11-07T06:53:36.9489260Z    ━━━━━━━━━━━━━━━━━━━━━━━━━━━━━━━━━━━━━━━━ 13.4/13.4 MB 250.6 MB/s eta 0:00:00
2025-11-07T06:53:36.9526593Z Downloading semantic_version-2.10.0-py2.py3-none-any.whl (15 kB)
2025-11-07T06:53:36.9580886Z Downloading starlette-0.44.0-py3-none-any.whl (73 kB)
2025-11-07T06:53:36.9637378Z Downloading typer-0.20.0-py3-none-any.whl (47 kB)
2025-11-07T06:53:36.9693206Z Downloading typing_extensions-4.13.2-py3-none-any.whl (45 kB)
2025-11-07T06:53:36.9755946Z Downloading typing_inspect-0.9.0-py3-none-any.whl (8.8 kB)
2025-11-07T06:53:36.9811356Z Downloading tzdata-2025.2-py2.py3-none-any.whl (347 kB)
2025-11-07T06:53:36.9877707Z Downloading urllib3-2.2.3-py3-none-any.whl (126 kB)
2025-11-07T06:53:36.9947079Z Downloading uvloop-0.22.1-cp38-cp38-manylinux2014_x86_64.manylinux_2_17_x86_64.manylinux_2_28_x86_64.whl (4.2 MB)
2025-11-07T06:53:37.0184003Z    ━━━━━━━━━━━━━━━━━━━━━━━━━━━━━━━━━━━━━━━━ 4.2/4.2 MB 189.3 MB/s eta 0:00:00
2025-11-07T06:53:37.0229212Z Downloading watchfiles-0.24.0-cp38-cp38-manylinux_2_17_x86_64.manylinux2014_x86_64.whl (426 kB)
2025-11-07T06:53:37.0314904Z Downloading websockets-12.0-cp38-cp38-manylinux_2_5_x86_64.manylinux1_x86_64.manylinux_2_17_x86_64.manylinux2014_x86_64.whl (130 kB)
2025-11-07T06:53:37.0378409Z Downloading ffmpy-0.5.0-py3-none-any.whl (6.0 kB)
2025-11-07T06:53:37.0433574Z Downloading pydub-0.25.1-py2.py3-none-any.whl (32 kB)
2025-11-07T06:53:37.0489621Z Downloading cffi-1.17.1-cp38-cp38-manylinux_2_17_x86_64.manylinux2014_x86_64.whl (446 kB)
2025-11-07T06:53:37.0591381Z Downloading contourpy-1.1.1-cp38-cp38-manylinux_2_17_x86_64.manylinux2014_x86_64.whl (301 kB)
2025-11-07T06:53:37.0657090Z Downloading cycler-0.12.1-py3-none-any.whl (8.3 kB)
2025-11-07T06:53:37.0715562Z Downloading deprecated-1.3.1-py2.py3-none-any.whl (11 kB)
2025-11-07T06:53:37.0768727Z Downloading exceptiongroup-1.3.0-py3-none-any.whl (16 kB)
2025-11-07T06:53:37.0856874Z Downloading fonttools-4.57.0-cp38-cp38-manylinux_2_17_x86_64.manylinux2014_x86_64.whl (4.7 MB)
2025-11-07T06:53:37.1099196Z    ━━━━━━━━━━━━━━━━━━━━━━━━━━━━━━━━━━━━━━━━ 4.7/4.7 MB 206.1 MB/s eta 0:00:00
2025-11-07T06:53:37.1135330Z Downloading fsspec-2025.3.0-py3-none-any.whl (193 kB)
2025-11-07T06:53:37.1196680Z Downloading hf_xet-1.2.0-cp37-abi3-manylinux_2_17_x86_64.manylinux2014_x86_64.whl (3.3 MB)
2025-11-07T06:53:37.1349578Z    ━━━━━━━━━━━━━━━━━━━━━━━━━━━━━━━━━━━━━━━━ 3.3/3.3 MB 242.7 MB/s eta 0:00:00
2025-11-07T06:53:37.1407004Z Downloading kiwisolver-1.4.7-cp38-cp38-manylinux_2_5_x86_64.manylinux1_x86_64.whl (1.2 MB)
2025-11-07T06:53:37.1489238Z    ━━━━━━━━━━━━━━━━━━━━━━━━━━━━━━━━━━━━━━━━ 1.2/1.2 MB 164.2 MB/s eta 0:00:00
2025-11-07T06:53:37.1525303Z Downloading mypy_extensions-1.1.0-py3-none-any.whl (5.0 kB)
2025-11-07T06:53:37.1578968Z Downloading pyparsing-3.1.4-py3-none-any.whl (104 kB)
2025-11-07T06:53:37.1646465Z Downloading rich-14.2.0-py3-none-any.whl (243 kB)
2025-11-07T06:53:37.1709433Z Downloading shellingham-1.5.4-py2.py3-none-any.whl (9.8 kB)
2025-11-07T06:53:37.1765937Z Downloading six-1.17.0-py2.py3-none-any.whl (11 kB)
2025-11-07T06:53:37.1824271Z Downloading sniffio-1.3.1-py3-none-any.whl (10 kB)
2025-11-07T06:53:37.1878189Z Downloading soupsieve-2.7-py3-none-any.whl (36 kB)
2025-11-07T06:53:37.1936195Z Downloading tqdm-4.67.1-py3-none-any.whl (78 kB)
2025-11-07T06:53:37.2000167Z Downloading zipp-3.20.2-py3-none-any.whl (9.2 kB)
2025-11-07T06:53:37.2055829Z Downloading filelock-3.16.1-py3-none-any.whl (16 kB)
2025-11-07T06:53:37.2111206Z Downloading markdown_it_py-3.0.0-py3-none-any.whl (87 kB)
2025-11-07T06:53:37.2171304Z Downloading pygments-2.19.2-py3-none-any.whl (1.2 MB)
2025-11-07T06:53:37.2257513Z    ━━━━━━━━━━━━━━━━━━━━━━━━━━━━━━━━━━━━━━━━ 1.2/1.2 MB 165.1 MB/s eta 0:00:00
2025-11-07T06:53:37.2294923Z Downloading wrapt-2.0.1-cp38-cp38-manylinux1_x86_64.manylinux_2_28_x86_64.manylinux_2_5_x86_64.whl (118 kB)
2025-11-07T06:53:37.2354433Z Downloading pycparser-2.23-py3-none-any.whl (118 kB)
2025-11-07T06:53:37.2411443Z Downloading mdurl-0.1.2-py3-none-any.whl (10.0 kB)
2025-11-07T06:53:37.4320621Z Building wheels for collected packages: multitasking, peewee
2025-11-07T06:53:37.4331969Z   Building wheel for multitasking (pyproject.toml): started
2025-11-07T06:53:37.6320854Z   Building wheel for multitasking (pyproject.toml): finished with status 'done'
2025-11-07T06:53:37.6330560Z   Created wheel for multitasking: filename=multitasking-0.0.12-py3-none-any.whl size=15548 sha256=cd6f76649ca5674da8027ccf67e8f42f4020be2f6498e993e99d505ca0ed8cb7
2025-11-07T06:53:37.6333312Z   Stored in directory: /home/runner/.cache/pip/wheels/e0/0e/4f/d05459bd6c032918f86bd309746acde7feb03f950fbf09d280
2025-11-07T06:53:37.6372950Z   Building wheel for peewee (pyproject.toml): started
2025-11-07T06:53:51.1321483Z   Building wheel for peewee (pyproject.toml): finished with status 'done'
2025-11-07T06:53:51.1340577Z   Created wheel for peewee: filename=peewee-3.18.3-cp38-cp38-linux_x86_64.whl size=1028065 sha256=10ff49ad179bb8a3fff3b9eabcfcd820664a06165cb405dbb723a82d4ae220b7
2025-11-07T06:53:51.1342533Z   Stored in directory: /home/runner/.cache/pip/wheels/46/8e/da/4f9ae322db4ceb47655ecb7ecd88b4047402332c374bd52379
2025-11-07T06:53:51.1368141Z Successfully built multitasking peewee
2025-11-07T06:53:51.4893890Z Installing collected packages: pytz, pydub, peewee, passlib, multitasking, zipp, wrapt, websockets, uvloop, urllib3, tzdata, typing-extensions, tqdm, tomlkit, soupsieve, sniffio, six, shellingham, semantic-version, ruff, pyyaml, python-multipart, python-dotenv, pyparsing, PyJWT, pygments, pycparser, protobuf, platformdirs, pillow, packaging, orjson, numpy, narwhals, mypy-extensions, mdurl, markupsafe, kiwisolver, idna, httptools, hf-xet, h11, fsspec, frozendict, fonttools, filelock, ffmpy, cycler, click, charset_normalizer, certifi, bcrypt, annotated-doc, aiofiles, uvicorn, typing-inspect, requests, python-dateutil, pydantic-core, plotly, marshmallow, markdown-it-py, jinja2, importlib-resources, httpcore, exceptiongroup, deprecated, contourpy, cffi, beautifulsoup4, annotated-types, rich, pydantic, pandas, matplotlib, limits, huggingface-hub, dataclasses-json, curl_cffi, anyio, yfinance, watchfiles, typer, starlette, slowapi, httpx, gradio-client, fastapi, gradio
2025-11-07T06:54:03.9840211Z Successfully installed PyJWT-2.9.0 aiofiles-23.2.1 annotated-doc-0.0.3 annotated-types-0.7.0 anyio-4.5.2 bcrypt-5.0.0 beautifulsoup4-4.14.2 certifi-2025.10.5 cffi-1.17.1 charset_normalizer-3.4.4 click-8.1.8 contourpy-1.1.1 curl_cffi-0.9.0 cycler-0.12.1 dataclasses-json-0.6.7 deprecated-1.3.1 exceptiongroup-1.3.0 fastapi-0.121.0 ffmpy-0.5.0 filelock-3.16.1 fonttools-4.57.0 frozendict-2.4.6 fsspec-2025.3.0 gradio-4.44.1 gradio-client-1.3.0 h11-0.16.0 hf-xet-1.2.0 httpcore-1.0.9 httptools-0.6.4 httpx-0.28.1 huggingface-hub-0.36.0 idna-3.11 importlib-resources-6.4.5 jinja2-3.1.6 kiwisolver-1.4.7 limits-3.13.0 markdown-it-py-3.0.0 markupsafe-2.1.5 marshmallow-3.22.0 matplotlib-3.7.5 mdurl-0.1.2 multitasking-0.0.12 mypy-extensions-1.1.0 narwhals-1.42.1 numpy-1.24.4 orjson-3.10.15 packaging-24.2 pandas-2.0.3 passlib-1.7.4 peewee-3.18.3 pillow-10.4.0 platformdirs-4.3.6 plotly-6.4.0 protobuf-5.29.5 pycparser-2.23 pydantic-2.10.6 pydantic-core-2.27.2 pydub-0.25.1 pygments-2.19.2 pyparsing-3.1.4 python-dateutil-2.9.0.post0 python-dotenv-1.0.1 python-multipart-0.0.20 pytz-2025.2 pyyaml-6.0.3 requests-2.32.4 rich-14.2.0 ruff-0.14.4 semantic-version-2.10.0 shellingham-1.5.4 six-1.17.0 slowapi-0.1.9 sniffio-1.3.1 soupsieve-2.7 starlette-0.44.0 tomlkit-0.12.0 tqdm-4.67.1 typer-0.20.0 typing-extensions-4.13.2 typing-inspect-0.9.0 tzdata-2025.2 urllib3-2.2.3 uvicorn-0.33.0 uvloop-0.22.1 watchfiles-0.24.0 websockets-12.0 wrapt-2.0.1 yfinance-0.2.59 zipp-3.20.2
2025-11-07T06:54:04.8001752Z Collecting pytest>=7.0.0 (from -r requirements-dev.txt (line 2))
2025-11-07T06:54:04.8098623Z   Downloading pytest-8.3.5-py3-none-any.whl.metadata (7.6 kB)
2025-11-07T06:54:04.8283799Z Collecting pytest-cov>=4.0.0 (from -r requirements-dev.txt (line 3))
2025-11-07T06:54:04.8321548Z   Downloading pytest_cov-5.0.0-py3-none-any.whl.metadata (27 kB)
2025-11-07T06:54:04.8638147Z Collecting pytest-asyncio>=0.21.0 (from -r requirements-dev.txt (line 4))
2025-11-07T06:54:04.8688194Z   Downloading pytest_asyncio-0.24.0-py3-none-any.whl.metadata (3.9 kB)
2025-11-07T06:54:04.8923549Z Collecting flake8>=6.0.0 (from -r requirements-dev.txt (line 5))
2025-11-07T06:54:04.8967054Z   Downloading flake8-7.1.2-py2.py3-none-any.whl.metadata (3.8 kB)
2025-11-07T06:54:04.9366700Z Collecting pylint>=2.17.0 (from -r requirements-dev.txt (line 6))
2025-11-07T06:54:04.9416484Z   Downloading pylint-3.2.7-py3-none-any.whl.metadata (12 kB)
2025-11-07T06:54:05.0468915Z Collecting mypy>=1.0.0 (from -r requirements-dev.txt (line 7))
2025-11-07T06:54:05.0517132Z   Downloading mypy-1.14.1-cp38-cp38-manylinux_2_17_x86_64.manylinux2014_x86_64.manylinux_2_28_x86_64.whl.metadata (2.1 kB)
2025-11-07T06:54:05.0984662Z Collecting black>=23.0.0 (from -r requirements-dev.txt (line 8))
2025-11-07T06:54:05.1030703Z   Downloading black-24.8.0-cp38-cp38-manylinux_2_17_x86_64.manylinux2014_x86_64.manylinux_2_28_x86_64.whl.metadata (78 kB)
2025-11-07T06:54:05.1407450Z Collecting isort>=5.12.0 (from -r requirements-dev.txt (line 9))
2025-11-07T06:54:05.1447325Z   Downloading isort-5.13.2-py3-none-any.whl.metadata (12 kB)
2025-11-07T06:54:05.1817330Z Collecting pre-commit>=3.0.0 (from -r requirements-dev.txt (line 10))
2025-11-07T06:54:05.1864936Z   Downloading pre_commit-3.5.0-py2.py3-none-any.whl.metadata (1.3 kB)
2025-11-07T06:54:05.1915210Z Requirement already satisfied: exceptiongroup>=1.0.0rc8 in /opt/hostedtoolcache/Python/3.8.18/x64/lib/python3.8/site-packages (from pytest>=7.0.0->-r requirements-dev.txt (line 2)) (1.3.0)
2025-11-07T06:54:05.1988579Z Collecting iniconfig (from pytest>=7.0.0->-r requirements-dev.txt (line 2))
2025-11-07T06:54:05.2027672Z   Downloading iniconfig-2.1.0-py3-none-any.whl.metadata (2.7 kB)
2025-11-07T06:54:05.2057419Z Requirement already satisfied: packaging in /opt/hostedtoolcache/Python/3.8.18/x64/lib/python3.8/site-packages (from pytest>=7.0.0->-r requirements-dev.txt (line 2)) (24.2)
2025-11-07T06:54:05.2157040Z Collecting pluggy<2,>=1.5 (from pytest>=7.0.0->-r requirements-dev.txt (line 2))
2025-11-07T06:54:05.2192847Z   Downloading pluggy-1.5.0-py3-none-any.whl.metadata (4.8 kB)
2025-11-07T06:54:05.2398811Z Collecting tomli>=1 (from pytest>=7.0.0->-r requirements-dev.txt (line 2))
2025-11-07T06:54:05.2437049Z   Downloading tomli-2.3.0-py3-none-any.whl.metadata (10 kB)
2025-11-07T06:54:05.6153147Z Collecting coverage>=5.2.1 (from coverage[toml]>=5.2.1->pytest-cov>=4.0.0->-r requirements-dev.txt (line 3))
2025-11-07T06:54:05.6238928Z   Downloading coverage-7.6.1-cp38-cp38-manylinux_2_5_x86_64.manylinux1_x86_64.manylinux_2_17_x86_64.manylinux2014_x86_64.whl.metadata (8.3 kB)
2025-11-07T06:54:05.6528052Z Collecting mccabe<0.8.0,>=0.7.0 (from flake8>=6.0.0->-r requirements-dev.txt (line 5))
2025-11-07T06:54:05.6566628Z   Downloading mccabe-0.7.0-py2.py3-none-any.whl.metadata (5.0 kB)
2025-11-07T06:54:05.6700439Z Collecting pycodestyle<2.13.0,>=2.12.0 (from flake8>=6.0.0->-r requirements-dev.txt (line 5))
2025-11-07T06:54:05.6737100Z   Downloading pycodestyle-2.12.1-py2.py3-none-any.whl.metadata (4.5 kB)
2025-11-07T06:54:05.6875064Z Collecting pyflakes<3.3.0,>=3.2.0 (from flake8>=6.0.0->-r requirements-dev.txt (line 5))
2025-11-07T06:54:05.6912929Z   Downloading pyflakes-3.2.0-py2.py3-none-any.whl.metadata (3.5 kB)
2025-11-07T06:54:05.6961784Z Requirement already satisfied: platformdirs>=2.2.0 in /opt/hostedtoolcache/Python/3.8.18/x64/lib/python3.8/site-packages (from pylint>=2.17.0->-r requirements-dev.txt (line 6)) (4.3.6)
2025-11-07T06:54:05.7358627Z Collecting astroid<=3.3.0-dev0,>=3.2.4 (from pylint>=2.17.0->-r requirements-dev.txt (line 6))
2025-11-07T06:54:05.7403974Z   Downloading astroid-3.2.4-py3-none-any.whl.metadata (4.5 kB)
2025-11-07T06:54:05.7624338Z Requirement already satisfied: tomlkit>=0.10.1 in /opt/hostedtoolcache/Python/3.8.18/x64/lib/python3.8/site-packages (from pylint>=2.17.0->-r requirements-dev.txt (line 6)) (0.12.0)
2025-11-07T06:54:05.7630856Z Requirement already satisfied: typing-extensions>=3.10.0 in /opt/hostedtoolcache/Python/3.8.18/x64/lib/python3.8/site-packages (from pylint>=2.17.0->-r requirements-dev.txt (line 6)) (4.13.2)
2025-11-07T06:54:05.7747851Z Collecting dill>=0.2 (from pylint>=2.17.0->-r requirements-dev.txt (line 6))
2025-11-07T06:54:05.7785616Z   Downloading dill-0.4.0-py3-none-any.whl.metadata (10 kB)
2025-11-07T06:54:05.7862325Z Requirement already satisfied: mypy-extensions>=1.0.0 in /opt/hostedtoolcache/Python/3.8.18/x64/lib/python3.8/site-packages (from mypy>=1.0.0->-r requirements-dev.txt (line 7)) (1.1.0)
2025-11-07T06:54:05.7881308Z Requirement already satisfied: click>=8.0.0 in /opt/hostedtoolcache/Python/3.8.18/x64/lib/python3.8/site-packages (from black>=23.0.0->-r requirements-dev.txt (line 8)) (8.1.8)
2025-11-07T06:54:05.7983856Z Collecting pathspec>=0.9.0 (from black>=23.0.0->-r requirements-dev.txt (line 8))
2025-11-07T06:54:05.8020327Z   Downloading pathspec-0.12.1-py3-none-any.whl.metadata (21 kB)
2025-11-07T06:54:05.8169525Z Collecting cfgv>=2.0.0 (from pre-commit>=3.0.0->-r requirements-dev.txt (line 10))
2025-11-07T06:54:05.8206248Z   Downloading cfgv-3.4.0-py2.py3-none-any.whl.metadata (8.5 kB)
2025-11-07T06:54:05.8635491Z Collecting identify>=1.0.0 (from pre-commit>=3.0.0->-r requirements-dev.txt (line 10))
2025-11-07T06:54:05.8684226Z   Downloading identify-2.6.1-py2.py3-none-any.whl.metadata (4.4 kB)
2025-11-07T06:54:05.8851444Z Collecting nodeenv>=0.11.1 (from pre-commit>=3.0.0->-r requirements-dev.txt (line 10))
2025-11-07T06:54:05.8892577Z   Downloading nodeenv-1.9.1-py2.py3-none-any.whl.metadata (21 kB)
2025-11-07T06:54:05.8929644Z Requirement already satisfied: pyyaml>=5.1 in /opt/hostedtoolcache/Python/3.8.18/x64/lib/python3.8/site-packages (from pre-commit>=3.0.0->-r requirements-dev.txt (line 10)) (6.0.3)
2025-11-07T06:54:05.9373887Z Collecting virtualenv>=20.10.0 (from pre-commit>=3.0.0->-r requirements-dev.txt (line 10))
2025-11-07T06:54:05.9412098Z   Downloading virtualenv-20.35.4-py3-none-any.whl.metadata (4.6 kB)
2025-11-07T06:54:05.9825295Z Collecting distlib<1,>=0.3.7 (from virtualenv>=20.10.0->pre-commit>=3.0.0->-r requirements-dev.txt (line 10))
2025-11-07T06:54:05.9863014Z   Downloading distlib-0.4.0-py2.py3-none-any.whl.metadata (5.2 kB)
2025-11-07T06:54:05.9894088Z Requirement already satisfied: filelock<4,>=3.12.2 in /opt/hostedtoolcache/Python/3.8.18/x64/lib/python3.8/site-packages (from virtualenv>=20.10.0->pre-commit>=3.0.0->-r requirements-dev.txt (line 10)) (3.16.1)
2025-11-07T06:54:06.0001903Z Downloading pytest-8.3.5-py3-none-any.whl (343 kB)
2025-11-07T06:54:06.0076413Z Downloading pytest_cov-5.0.0-py3-none-any.whl (21 kB)
2025-11-07T06:54:06.0139960Z Downloading pytest_asyncio-0.24.0-py3-none-any.whl (18 kB)
2025-11-07T06:54:06.0208152Z Downloading flake8-7.1.2-py2.py3-none-any.whl (57 kB)
2025-11-07T06:54:06.0280495Z Downloading pylint-3.2.7-py3-none-any.whl (519 kB)
2025-11-07T06:54:06.0376827Z Downloading mypy-1.14.1-cp38-cp38-manylinux_2_17_x86_64.manylinux2014_x86_64.manylinux_2_28_x86_64.whl (12.8 MB)
2025-11-07T06:54:06.1166624Z    ━━━━━━━━━━━━━━━━━━━━━━━━━━━━━━━━━━━━━━━━ 12.8/12.8 MB 165.5 MB/s eta 0:00:00
2025-11-07T06:54:06.1231569Z Downloading black-24.8.0-cp38-cp38-manylinux_2_17_x86_64.manylinux2014_x86_64.manylinux_2_28_x86_64.whl (1.7 MB)
2025-11-07T06:54:06.1339556Z    ━━━━━━━━━━━━━━━━━━━━━━━━━━━━━━━━━━━━━━━━ 1.7/1.7 MB 186.5 MB/s eta 0:00:00
2025-11-07T06:54:06.1375971Z Downloading isort-5.13.2-py3-none-any.whl (92 kB)
2025-11-07T06:54:06.1437029Z Downloading pre_commit-3.5.0-py2.py3-none-any.whl (203 kB)
2025-11-07T06:54:06.1519036Z Downloading astroid-3.2.4-py3-none-any.whl (276 kB)
2025-11-07T06:54:06.1581809Z Downloading cfgv-3.4.0-py2.py3-none-any.whl (7.2 kB)
2025-11-07T06:54:06.1648836Z Downloading coverage-7.6.1-cp38-cp38-manylinux_2_5_x86_64.manylinux1_x86_64.manylinux_2_17_x86_64.manylinux2014_x86_64.whl (235 kB)
2025-11-07T06:54:06.1714245Z Downloading dill-0.4.0-py3-none-any.whl (119 kB)
2025-11-07T06:54:06.1773184Z Downloading identify-2.6.1-py2.py3-none-any.whl (98 kB)
2025-11-07T06:54:06.1834957Z Downloading mccabe-0.7.0-py2.py3-none-any.whl (7.3 kB)
2025-11-07T06:54:06.1889044Z Downloading nodeenv-1.9.1-py2.py3-none-any.whl (22 kB)
2025-11-07T06:54:06.1942022Z Downloading pathspec-0.12.1-py3-none-any.whl (31 kB)
2025-11-07T06:54:06.1998014Z Downloading pluggy-1.5.0-py3-none-any.whl (20 kB)
2025-11-07T06:54:06.2052326Z Downloading pycodestyle-2.12.1-py2.py3-none-any.whl (31 kB)
2025-11-07T06:54:06.2107246Z Downloading pyflakes-3.2.0-py2.py3-none-any.whl (62 kB)
2025-11-07T06:54:06.2215104Z Downloading tomli-2.3.0-py3-none-any.whl (14 kB)
2025-11-07T06:54:06.2271443Z Downloading virtualenv-20.35.4-py3-none-any.whl (6.0 MB)
2025-11-07T06:54:06.2534779Z    ━━━━━━━━━━━━━━━━━━━━━━━━━━━━━━━━━━━━━━━━ 6.0/6.0 MB 247.4 MB/s eta 0:00:00
2025-11-07T06:54:06.2577403Z Downloading iniconfig-2.1.0-py3-none-any.whl (6.0 kB)
2025-11-07T06:54:06.2633994Z Downloading distlib-0.4.0-py2.py3-none-any.whl (469 kB)
2025-11-07T06:54:06.6290667Z Installing collected packages: distlib, virtualenv, tomli, pyflakes, pycodestyle, pluggy, pathspec, nodeenv, mccabe, isort, iniconfig, identify, dill, coverage, cfgv, astroid, pytest, pylint, pre-commit, mypy, flake8, black, pytest-cov, pytest-asyncio
2025-11-07T06:54:08.9158495Z Successfully installed astroid-3.2.4 black-24.8.0 cfgv-3.4.0 coverage-7.6.1 dill-0.4.0 distlib-0.4.0 flake8-7.1.2 identify-2.6.1 iniconfig-2.1.0 isort-5.13.2 mccabe-0.7.0 mypy-1.14.1 nodeenv-1.9.1 pathspec-0.12.1 pluggy-1.5.0 pre-commit-3.5.0 pycodestyle-2.12.1 pyflakes-3.2.0 pylint-3.2.7 pytest-8.3.5 pytest-asyncio-0.24.0 pytest-cov-5.0.0 tomli-2.3.0 virtualenv-20.35.4
2025-11-07T06:54:09.0114933Z ##[group]Run set -euo pipefail
2025-11-07T06:54:09.0115216Z [36;1mset -euo pipefail[0m
2025-11-07T06:54:09.0115568Z [36;1meval "flake8 . --count --select=E9,F63,F7,F82 --show-source --statistics && \[0m
2025-11-07T06:54:09.0115951Z [36;1mflake8 . --count --statistics && \[0m
2025-11-07T06:54:09.0116208Z [36;1mblack --check --diff . && \[0m
2025-11-07T06:54:09.0116449Z [36;1misort --check-only --diff . && \[0m
2025-11-07T06:54:09.0116877Z [36;1mpylint src/ --fail-under=7.0 && \[0m
2025-11-07T06:54:09.0117205Z [36;1mpytest --cov=src --cov-report=xml --cov-report=term-missing -v[0m
2025-11-07T06:54:09.0117518Z [36;1m"[0m
2025-11-07T06:54:09.0150678Z shell: /usr/bin/bash --noprofile --norc -e -o pipefail {0}
2025-11-07T06:54:09.0151354Z env:
2025-11-07T06:54:09.0151604Z   pythonLocation: /opt/hostedtoolcache/Python/3.8.18/x64
2025-11-07T06:54:09.0151982Z   PKG_CONFIG_PATH: /opt/hostedtoolcache/Python/3.8.18/x64/lib/pkgconfig
2025-11-07T06:54:09.0152352Z   Python_ROOT_DIR: /opt/hostedtoolcache/Python/3.8.18/x64
2025-11-07T06:54:09.0152674Z   Python2_ROOT_DIR: /opt/hostedtoolcache/Python/3.8.18/x64
2025-11-07T06:54:09.0152998Z   Python3_ROOT_DIR: /opt/hostedtoolcache/Python/3.8.18/x64
2025-11-07T06:54:09.0153338Z   LD_LIBRARY_PATH: /opt/hostedtoolcache/Python/3.8.18/x64/lib
2025-11-07T06:54:09.0153632Z ##[endgroup]
2025-11-07T06:54:09.7119046Z 0
2025-11-07T06:54:10.3298060Z 0
2025-11-07T06:54:11.0051858Z All done! ✨ 🍰 ✨
2025-11-07T06:54:11.0052325Z 32 files would be left unchanged.
2025-11-07T06:54:11.2367030Z ERROR: /home/runner/work/financial-asset-relationship-db/financial-asset-relationship-db/tests/unit/test_financial_models.py Imports are incorrectly sorted and/or formatted.
2025-11-07T06:54:11.2368949Z --- /home/runner/work/financial-asset-relationship-db/financial-asset-relationship-db/tests/unit/test_financial_models.py:before	2025-11-07 06:53:15.611534
2025-11-07T06:54:11.2370662Z +++ /home/runner/work/financial-asset-relationship-db/financial-asset-relationship-db/tests/unit/test_financial_models.py:after	2025-11-07 06:54:11.194431
2025-11-07T06:54:11.2372118Z @@ -9,14 +9,7 @@
2025-11-07T06:54:11.2372374Z  
2025-11-07T06:54:11.2372605Z  import pytest
2025-11-07T06:54:11.2372806Z  
2025-11-07T06:54:11.2373029Z -from src.models.financial_models import (
2025-11-07T06:54:11.2373329Z -    Asset,
2025-11-07T06:54:11.2373526Z -    AssetClass,
2025-11-07T06:54:11.2373730Z -    Bond,
2025-11-07T06:54:11.2373921Z -    Equity,
2025-11-07T06:54:11.2374126Z -    RegulatoryActivity,
2025-11-07T06:54:11.2374362Z -    RegulatoryEvent,
2025-11-07T06:54:11.2374573Z -)
2025-11-07T06:54:11.2375039Z +from src.models.financial_models import Asset, AssetClass, Bond, Equity, RegulatoryActivity, RegulatoryEvent
2025-11-07T06:54:11.2375585Z  
2025-11-07T06:54:11.2375758Z  
2025-11-07T06:54:11.2375933Z  class TestAsset:
2025-11-07T06:54:11.2376137Z Skipped 1 files
2025-11-07T06:54:11.2488753Z ##[error]Process completed with exit code 1.
